Resolving dependencies...
Downloading packages...
  _fe_analyzer_shared 91.0.0 (92.0.0 available)
  _flutterfire_internals 1.3.59 (1.3.63 available)
  analyzer 8.4.0 (9.0.0 available)
  characters 1.4.0 (1.4.1 available)
  connectivity_plus 5.0.2 (7.0.0 available)
  connectivity_plus_platform_interface 1.2.4 (2.0.1 available)
  cross_file 0.3.4+2 (0.3.5 available)
  device_info_plus 10.1.2 (12.2.0 available)
  emoji_picker_flutter 3.1.0 (4.3.0 available)
  file_picker 8.3.7 (10.3.3 available)
  file_selector_macos 0.9.4+3 (0.9.4+5 available)
  firebase_core 3.15.2 (4.2.0 available)
  firebase_core_platform_interface 6.0.0 (6.0.2 available)
  firebase_core_web 2.24.1 (3.2.0 available)
  firebase_messaging 15.2.10 (16.0.3 available)
  firebase_messaging_platform_interface 4.6.10 (4.7.3 available)
  firebase_messaging_web 3.10.10 (4.0.3 available)
  flutter_lints 5.0.0 (6.0.0 available)
  flutter_local_notifications 18.0.1 (19.5.0 available)
  flutter_local_notifications_linux 5.0.0 (6.0.0 available)
  flutter_local_notifications_platform_interface 8.0.0 (9.1.0 available)
  flutter_plugin_android_lifecycle 2.0.28 (2.0.32 available)
  flutter_secure_storage_linux 1.2.3 (2.0.1 available)
  flutter_secure_storage_macos 3.1.3 (4.0.0 available)
  flutter_secure_storage_platform_interface 1.1.2 (2.0.1 available)
  flutter_secure_storage_web 1.2.1 (2.0.0 available)
  flutter_secure_storage_windows 3.1.2 (4.0.0 available)
  flutter_stripe 11.5.0 (12.1.0 available)
  flutter_svg 2.0.9 (2.2.1 available)
  flutter_webrtc 0.9.48+hotfix.1 (1.2.0 available)
  freezed_annotation 2.4.4 (3.1.0 available)
  google_sign_in 6.3.0 (7.2.0 available)
  google_sign_in_android 6.2.1 (7.2.2 available)
  google_sign_in_ios 5.9.0 (6.2.2 available)
  google_sign_in_platform_interface 2.5.0 (3.1.0 available)
  google_sign_in_web 0.12.4+4 (1.1.0 available)
  http 1.4.0 (1.5.0 available)
  image_cropper 8.1.0 (11.0.0 available)
  image_cropper_for_web 6.1.0 (7.0.0 available)
  image_cropper_platform_interface 7.2.0 (8.0.0 available)
  image_picker 1.1.2 (1.2.0 available)
  image_picker_android 0.8.12+23 (0.8.13+7 available)
  image_picker_for_web 3.0.6 (3.1.0 available)
  image_picker_ios 0.8.12+2 (0.8.13+1 available)
  image_picker_linux 0.2.1+2 (0.2.2 available)
  image_picker_macos 0.2.1+2 (0.2.2+1 available)
  image_picker_platform_interface 2.10.1 (2.11.1 available)
  image_picker_windows 0.2.1+1 (0.2.2 available)
  intl 0.19.0 (0.20.2 available)
  js 0.6.7 (0.7.2 available)
  leak_tracker 11.0.1 (11.0.2 available)
  lints 5.1.1 (6.0.0 available)
  lottie 3.3.1 (3.3.2 available)
  material_color_utilities 0.11.1 (0.13.0 available)
  meta 1.16.0 (1.17.0 available)
  path_provider_android 2.2.17 (2.2.20 available)
  path_provider_foundation 2.4.1 (2.4.3 available)
  permission_handler 11.4.0 (12.0.1 available)
  permission_handler_android 12.1.0 (13.0.1 available)
  petitparser 6.1.0 (7.0.1 available)
  photo_view 0.14.0 (0.15.0 available)
  record 6.1.1 (6.1.2 available)
  record_android 1.4.3 (1.4.4 available)
  record_ios 1.1.3 (1.1.4 available)
  record_web 1.2.0 (1.2.1 available)
  share_plus 10.1.4 (12.0.1 available)
  share_plus_platform_interface 5.0.2 (6.1.0 available)
  shared_preferences_android 2.4.10 (2.4.15 available)
  shared_preferences_foundation 2.5.4 (2.5.5 available)
  sign_in_with_apple 6.1.4 (7.0.1 available)
  sign_in_with_apple_platform_interface 1.1.0 (2.0.0 available)
  sign_in_with_apple_web 2.1.1 (3.0.0 available)
  stripe_android 11.5.0 (12.1.0 available)
  stripe_ios 11.5.0 (12.1.0 available)
  stripe_platform_interface 11.5.0 (12.1.0 available)
  test_api 0.7.6 (0.7.7 available)
  uni_links 0.5.1 (discontinued replaced by app_links)
  url_launcher_android 6.3.23 (6.3.24 available)
  url_launcher_ios 6.3.4 (6.3.5 available)
  url_launcher_macos 3.2.3 (3.2.4 available)
  vector_graphics 1.1.10+1 (1.1.19 available)
  vector_graphics_codec 1.1.10+1 (1.1.13 available)
  vector_graphics_compiler 1.1.10+1 (1.1.19 available)
  vm_service 15.0.0 (15.0.2 available)
  webview_flutter_wkwebview 3.23.1 (3.23.2 available)
  win32 5.14.0 (5.15.0 available)
  win32_registry 1.1.5 (2.1.0 available)
  xml 6.5.0 (6.6.1 available)
Got dependencies!
1 package is discontinued.
87 packages have newer versions incompatible with dependency constraints.
Try `flutter pub outdated` for more information.
00:00 +0: loading E:/1 - laravel/1 - LGBTinder/LGBTinder-flutter/test/api/api_integration_test.dart
flutter : Error: Couldn't resolve the package 'integration_test' in 'package:integration_test/integration_test.dart'.
At C:\Users\Abolfazl\AppData\Local\Temp\ps-script-ce828f89-66e1-4747-b38b-12db3855a8e3.ps1:86 char:54
+ ... der\LGBTinder-flutter"; flutter test --reporter expanded 2>&1 | Tee-O ...
+                             ~~~~~~~~~~~~~~~~~~~~~~~~~~~~~~~~~~~~~
    + CategoryInfo          : NotSpecified: (Error: Couldn't...ion_test.dart'.:String) [], RemoteException
    + FullyQualifiedErrorId : NativeCommandError
 
Error: Couldn't resolve the package 'lgbtinder' in 'package:lgbtinder/main.dart'.
test/api/api_integration_test.dart:2:8: Error: Not found: 'package:integration_test/integration_test.dart'
import 'package:integration_test/integration_test.dart';
       ^
test/api/api_integration_test.dart:3:8: Error: Not found: 'package:lgbtinder/main.dart'
import 'package:lgbtinder/main.dart' as app;
       ^
/C:/Users/Abolfazl/AppData/Local/Temp/flutter_tools.3bbc4712/flutter_test_listener.bdb7887c/listener.dart:21:21: 
Error: Undefined name 'main'.
  await Future(test.main);
                    ^^^^
test/api/api_integration_test.dart:16:5: Error: Undefined name 'IntegrationTestWidgetsFlutterBinding'.
    IntegrationTestWidgetsFlutterBinding.ensureInitialized();
    ^^^^^^^^^^^^^^^^^^^^^^^^^^^^^^^^^^^^
test/api/api_integration_test.dart:20:11: Error: Method not found: 'main'.
      app.main();
          ^^^^
test/api/api_integration_test.dart:35:11: Error: Method not found: 'main'.
      app.main();
          ^^^^
test/api/api_integration_test.dart:50:11: Error: Method not found: 'main'.
      app.main();
          ^^^^
test/api/api_integration_test.dart:62:11: Error: Method not found: 'main'.
      app.main();
          ^^^^
test/api/api_integration_test.dart:77:11: Error: Method not found: 'main'.
      app.main();
          ^^^^
test/api/api_integration_test.dart:99:43: Error: Couldn't find constructor 'Key'.
  await tester.enterText(find.byKey(const Key('first_name_field')), 'John');
                                          ^^^
test/api/api_integration_test.dart:100:43: Error: Couldn't find constructor 'Key'.
  await tester.enterText(find.byKey(const Key('last_name_field')), 'Doe');
                                          ^^^
test/api/api_integration_test.dart:101:43: Error: Couldn't find constructor 'Key'.
  await tester.enterText(find.byKey(const Key('email_field')), 'john.doe@example.com');
                                          ^^^
test/api/api_integration_test.dart:102:43: Error: Couldn't find constructor 'Key'.
  await tester.enterText(find.byKey(const Key('password_field')), 'password123');
                                          ^^^
test/api/api_integration_test.dart:103:43: Error: Couldn't find constructor 'Key'.
  await tester.enterText(find.byKey(const Key('referral_code_field')), 'ABC123');
                                          ^^^
test/api/api_integration_test.dart:106:37: Error: Couldn't find constructor 'Key'.
  await tester.tap(find.byKey(const Key('register_button')));
                                    ^^^
test/api/api_integration_test.dart:120:43: Error: Couldn't find constructor 'Key'.
  await tester.enterText(find.byKey(const Key('verification_code_field')), '123456');
                                          ^^^
test/api/api_integration_test.dart:123:37: Error: Couldn't find constructor 'Key'.
  await tester.tap(find.byKey(const Key('verify_button')));
                                    ^^^
test/api/api_integration_test.dart:137:43: Error: Couldn't find constructor 'Key'.
  await tester.enterText(find.byKey(const Key('profile_bio_field')), 'Love traveling and music!');
                                          ^^^
test/api/api_integration_test.dart:138:43: Error: Couldn't find constructor 'Key'.
  await tester.enterText(find.byKey(const Key('height_field')), '175');
                                          ^^^
test/api/api_integration_test.dart:139:43: Error: Couldn't find constructor 'Key'.
  await tester.enterText(find.byKey(const Key('weight_field')), '70');
                                          ^^^
test/api/api_integration_test.dart:142:37: Error: Couldn't find constructor 'Key'.
  await tester.tap(find.byKey(const Key('country_dropdown')));
                                    ^^^
test/api/api_integration_test.dart:147:37: Error: Couldn't find constructor 'Key'.
  await tester.tap(find.byKey(const Key('city_dropdown')));
                                    ^^^
test/api/api_integration_test.dart:153:37: Error: Couldn't find constructor 'Key'.
  await tester.tap(find.byKey(const Key('gender_dropdown')));
                                    ^^^
test/api/api_integration_test.dart:159:37: Error: Couldn't find constructor 'Key'.
  await tester.tap(find.byKey(const Key('birth_date_field')));
                                    ^^^
test/api/api_integration_test.dart:168:38: Error: Couldn't find constructor 'Key'.
  await tester.drag(find.byKey(const Key('min_age_slider')), const Offset(50, 0));
                                     ^^^
test/api/api_integration_test.dart:169:38: Error: Couldn't find constructor 'Key'.
  await tester.drag(find.byKey(const Key('max_age_slider')), const Offset(100, 0));
                                     ^^^
test/api/api_integration_test.dart:173:37: Error: Couldn't find constructor 'Key'.
  await tester.tap(find.byKey(const Key('smoke_checkbox')));
                                    ^^^
test/api/api_integration_test.dart:174:37: Error: Couldn't find constructor 'Key'.
  await tester.tap(find.byKey(const Key('drink_checkbox')));
                                    ^^^
test/api/api_integration_test.dart:175:37: Error: Couldn't find constructor 'Key'.
  await tester.tap(find.byKey(const Key('gym_checkbox')));
                                    ^^^
test/api/api_integration_test.dart:185:37: Error: Couldn't find constructor 'Key'.
  await tester.tap(find.byKey(const Key('preferred_genders_dropdown')));
                                    ^^^
test/api/api_integration_test.dart:196:37: Error: Couldn't find constructor 'Key'.
  await tester.tap(find.byKey(const Key('complete_profile_button')));
                                    ^^^
test/api/api_integration_test.dart:209:37: Error: Couldn't find constructor 'Key'.
  await tester.tap(find.byKey(const Key('country_dropdown')));
                                    ^^^
test/api/api_integration_test.dart:225:37: Error: Couldn't find constructor 'Key'.
  await tester.tap(find.byKey(const Key('city_dropdown')));
                                    ^^^
test/api/api_integration_test.dart:257:37: Error: Couldn't find constructor 'Key'.
  await tester.tap(find.byKey(const Key('profile_tab')));
                                    ^^^
test/api/api_integration_test.dart:261:37: Error: Couldn't find constructor 'Key'.
  await tester.tap(find.byKey(const Key('edit_profile_button')));
                                    ^^^
test/api/api_integration_test.dart:265:43: Error: Couldn't find constructor 'Key'.
  await tester.enterText(find.byKey(const Key('profile_bio_field')), 'Updated bio text');
                                          ^^^
test/api/api_integration_test.dart:268:43: Error: Couldn't find constructor 'Key'.
  await tester.enterText(find.byKey(const Key('height_field')), '180');
                                          ^^^
test/api/api_integration_test.dart:269:43: Error: Couldn't find constructor 'Key'.
  await tester.enterText(find.byKey(const Key('weight_field')), '75');
                                          ^^^
test/api/api_integration_test.dart:272:38: Error: Couldn't find constructor 'Key'.
  await tester.drag(find.byKey(const Key('min_age_slider')), const Offset(60, 0));
                                     ^^^
test/api/api_integration_test.dart:273:38: Error: Couldn't find constructor 'Key'.
  await tester.drag(find.byKey(const Key('max_age_slider')), const Offset(120, 0));
                                     ^^^
test/api/api_integration_test.dart:277:37: Error: Couldn't find constructor 'Key'.
  await tester.tap(find.byKey(const Key('save_profile_button')));
                                    ^^^
test/api/api_integration_test.dart:287:37: Error: Couldn't find constructor 'Key'.
  await tester.tap(find.byKey(const Key('profile_tab')));
                                    ^^^
test/api/api_integration_test.dart:291:37: Error: Couldn't find constructor 'Key'.
  await tester.tap(find.byKey(const Key('profile_picture')));
00:00 +0 -1: loading E:/1 - laravel/1 - LGBTinder/LGBTinder-flutter/test/api/api_integration_test.dart [E]
  Failed to load "E:/1 - laravel/1 - LGBTinder/LGBTinder-flutter/test/api/api_integration_test.dart":
  Compilation failed for testPath=E:/1 - laravel/1 - LGBTinder/LGBTinder-flutter/test/api/api_integration_test.dart: Error: Couldn't resolve the package 'integration_test' in 'package:integration_test/integration_test.dart'.
  Error: Couldn't resolve the package 'lgbtinder' in 'package:lgbtinder/main.dart'.
  test/api/api_integration_test.dart:2:8: Error: Not found: 'package:integration_test/integration_test.dart'
  import 'package:integration_test/integration_test.dart';
         ^
  test/api/api_integration_test.dart:3:8: Error: Not found: 'package:lgbtinder/main.dart'
  import 'package:lgbtinder/main.dart' as app;
         ^
  /C:/Users/Abolfazl/AppData/Local/Temp/flutter_tools.3bbc4712/flutter_test_listener.bdb7887c/listener.dart:21:21: Error: Undefined name 'main'.
    await Future(test.main);
                      ^^^^
  test/api/api_integration_test.dart:16:5: Error: Undefined name 'IntegrationTestWidgetsFlutterBinding'.
      IntegrationTestWidgetsFlutterBinding.ensureInitialized();
      ^^^^^^^^^^^^^^^^^^^^^^^^^^^^^^^^^^^^
  test/api/api_integration_test.dart:20:11: Error: Method not found: 'main'.
        app.main();
            ^^^^
  test/api/api_integration_test.dart:35:11: Error: Method not found: 'main'.
        app.main();
            ^^^^
  test/api/api_integration_test.dart:50:11: Error: Method not found: 'main'.
        app.main();
            ^^^^
  test/api/api_integration_test.dart:62:11: Error: Method not found: 'main'.
        app.main();
            ^^^^
  test/api/api_integration_test.dart:77:11: Error: Method not found: 'main'.
        app.main();
            ^^^^
  test/api/api_integration_test.dart:99:43: Error: Couldn't find constructor 'Key'.
    await tester.enterText(find.byKey(const Key('first_name_field')), 'John');
                                            ^^^
  test/api/api_integration_test.dart:100:43: Error: Couldn't find constructor 'Key'.
    await tester.enterText(find.byKey(const Key('last_name_field')), 'Doe');
                                            ^^^
  test/api/api_integration_test.dart:101:43: Error: Couldn't find constructor 'Key'.
    await tester.enterText(find.byKey(const Key('email_field')), 'john.doe@example.com');
                                            ^^^
  test/api/api_integration_test.dart:102:43: Error: Couldn't find constructor 'Key'.
    await tester.enterText(find.byKey(const Key('password_field')), 'password123');
                                            ^^^
  test/api/api_integration_test.dart:103:43: Error: Couldn't find constructor 'Key'.
    await tester.enterText(find.byKey(const Key('referral_code_field')), 'ABC123');
                                            ^^^
  test/api/api_integration_test.dart:106:37: Error: Couldn't find constructor 'Key'.
    await tester.tap(find.byKey(const Key('register_button')));
                                      ^^^
  test/api/api_integration_test.dart:120:43: Error: Couldn't find constructor 'Key'.
    await tester.enterText(find.byKey(const Key('verification_code_field')), '123456');
                                            ^^^
  test/api/api_integration_test.dart:123:37: Error: Couldn't find constructor 'Key'.
    await tester.tap(find.byKey(const Key('verify_button')));
                                    ^^^
test/api/api_integration_test.dart:299:37: Error: Couldn't find constructor 'Key'.
  await tester.tap(find.byKey(const Key('take_picture_button')));
                                    ^^^
test/api/api_integration_test.dart:303:37: Error: Couldn't find constructor 'Key'.
  await tester.tap(find.byKey(const Key('confirm_picture_button')));
                                    ^^^
test/api/api_integration_test.dart:313:37: Error: Couldn't find constructor 'Key'.
  await tester.tap(find.byKey(const Key('discovery_tab')));
                                    ^^^
test/api/api_integration_test.dart:317:37: Error: Couldn't find constructor 'Key'.
  await tester.tap(find.byKey(const Key('like_button')));
                                    ^^^
test/api/api_integration_test.dart:328:39: Error: Couldn't find constructor 'Key'.
    await tester.tap(find.byKey(const Key('like_button')));
                                      ^^^
test/api/api_integration_test.dart:338:41: Error: Couldn't find constructor 'Key'.
      await tester.tap(find.byKey(const Key('close_match_dialog')));
                                        ^^^
test/api/api_integration_test.dart:348:37: Error: Couldn't find constructor 'Key'.
  await tester.tap(find.byKey(const Key('matches_tab')));
                                    ^^^
test/api/api_integration_test.dart:352:37: Error: Couldn't find constructor 'Key'.
  await tester.tap(find.byKey(const Key('match_item')));
                                    ^^^
test/api/api_integration_test.dart:356:43: Error: Couldn't find constructor 'Key'.
  await tester.enterText(find.byKey(const Key('message_input')), 'Hey! How are you?');
                                          ^^^
test/api/api_integration_test.dart:357:37: Error: Couldn't find constructor 'Key'.
  await tester.tap(find.byKey(const Key('send_message_button')));
                                    ^^^
test/api/api_integration_test.dart:371:37: Error: Couldn't find constructor 'Key'.
  await tester.tap(find.byKey(const Key('like_button')));
                                    ^^^
test/api/api_integration_test.dart:386:43: Error: Couldn't find constructor 'Key'.
  await tester.enterText(find.byKey(const Key('email_field')), 'invalid-email');
                                          ^^^
test/api/api_integration_test.dart:387:43: Error: Couldn't find constructor 'Key'.
  await tester.enterText(find.byKey(const Key('password_field')), '123');
                                          ^^^
test/api/api_integration_test.dart:388:37: Error: Couldn't find constructor 'Key'.
  await tester.tap(find.byKey(const Key('register_button')));
                                    ^^^
test/api/api_integration_test.dart:400:39: Error: Couldn't find constructor 'Key'.
    await tester.tap(find.byKey(const Key('like_button')));
                                      ^^^
                                      ^^^
  test/api/api_integration_test.dart:137:43: Error: Couldn't find constructor 'Key'.
    await tester.enterText(find.byKey(const Key('profile_bio_field')), 'Love traveling and music!');
                                            ^^^
  test/api/api_integration_test.dart:138:43: Error: Couldn't find constructor 'Key'.
    await tester.enterText(find.byKey(const Key('height_field')), '175');
                                            ^^^
  test/api/api_integration_test.dart:139:43: Error: Couldn't find constructor 'Key'.
    await tester.enterText(find.byKey(const Key('weight_field')), '70');
                                            ^^^
  test/api/api_integration_test.dart:142:37: Error: Couldn't find constructor 'Key'.
    await tester.tap(find.byKey(const Key('country_dropdown')));
                                      ^^^
  test/api/api_integration_test.dart:147:37: Error: Couldn't find constructor 'Key'.
    await tester.tap(find.byKey(const Key('city_dropdown')));
                                      ^^^
  test/api/api_integration_test.dart:153:37: Error: Couldn't find constructor 'Key'.
    await tester.tap(find.byKey(const Key('gender_dropdown')));
                                      ^^^
  test/api/api_integration_test.dart:159:37: Error: Couldn't find constructor 'Key'.
    await tester.tap(find.byKey(const Key('birth_date_field')));
                                      ^^^
  test/api/api_integration_test.dart:168:38: Error: Couldn't find constructor 'Key'.
    await tester.drag(find.byKey(const Key('min_age_slider')), const Offset(50, 0));
                                       ^^^
  test/api/api_integration_test.dart:169:38: Error: Couldn't find constructor 'Key'.
    await tester.drag(find.byKey(const Key('max_age_slider')), const Offset(100, 0));
                                       ^^^
  test/api/api_integration_test.dart:173:37: Error: Couldn't find constructor 'Key'.
    await tester.tap(find.byKey(const Key('smoke_checkbox')));
                                      ^^^
  test/api/api_integration_test.dart:174:37: Error: Couldn't find constructor 'Key'.
    await tester.tap(find.byKey(const Key('drink_checkbox')));
                                      ^^^
  test/api/api_integration_test.dart:175:37: Error: Couldn't find constructor 'Key'.
    await tester.tap(find.byKey(const Key('gym_checkbox')));
                                      ^^^
  test/api/api_integration_test.dart:185:37: Error: Couldn't find constructor 'Key'.
    await tester.tap(find.byKey(const Key('preferred_genders_dropdown')));
                                      ^^^
  test/api/api_integration_test.dart:196:37: Error: Couldn't find constructor 'Key'.
    await tester.tap(find.byKey(const Key('complete_profile_button')));
                                      ^^^
  test/api/api_integration_test.dart:209:37: Error: Couldn't find constructor 'Key'.
    await tester.tap(find.byKey(const Key('country_dropdown')));
                                      ^^^
  test/api/api_integration_test.dart:225:37: Error: Couldn't find constructor 'Key'.
    await tester.tap(find.byKey(const Key('city_dropdown')));
                                      ^^^
  test/api/api_integration_test.dart:257:37: Error: Couldn't find constructor 'Key'.
    await tester.tap(find.byKey(const Key('profile_tab')));
                                      ^^^
  test/api/api_integration_test.dart:261:37: Error: Couldn't find constructor 'Key'.
    await tester.tap(find.byKey(const Key('edit_profile_button')));
                                      ^^^
  test/api/api_integration_test.dart:265:43: Error: Couldn't find constructor 'Key'.
    await tester.enterText(find.byKey(const Key('profile_bio_field')), 'Updated bio text');
                                            ^^^
  test/api/api_integration_test.dart:268:43: Error: Couldn't find constructor 'Key'.
    await tester.enterText(find.byKey(const Key('height_field')), '180');
                                            ^^^
  test/api/api_integration_test.dart:269:43: Error: Couldn't find constructor 'Key'.
    await tester.enterText(find.byKey(const Key('weight_field')), '75');
                                            ^^^
  test/api/api_integration_test.dart:272:38: Error: Couldn't find constructor 'Key'.
    await tester.drag(find.byKey(const Key('min_age_slider')), const Offset(60, 0));
                                       ^^^
  test/api/api_integration_test.dart:273:38: Error: Couldn't find constructor 'Key'.
    await tester.drag(find.byKey(const Key('max_age_slider')), const Offset(120, 0));
                                       ^^^
  test/api/api_integration_test.dart:277:37: Error: Couldn't find constructor 'Key'.
    await tester.tap(find.byKey(const Key('save_profile_button')));
                                      ^^^
  test/api/api_integration_test.dart:287:37: Error: Couldn't find constructor 'Key'.
    await tester.tap(find.byKey(const Key('profile_tab')));
                                      ^^^
  test/api/api_integration_test.dart:291:37: Error: Couldn't find constructor 'Key'.
    await tester.tap(find.byKey(const Key('profile_picture')));
                                      ^^^
  test/api/api_integration_test.dart:299:37: Error: Couldn't find constructor 'Key'.
    await tester.tap(find.byKey(const Key('take_picture_button')));
                                      ^^^
  test/api/api_integration_test.dart:303:37: Error: Couldn't find constructor 'Key'.
    await tester.tap(find.byKey(const Key('confirm_picture_button')));
                                      ^^^
  test/api/api_integration_test.dart:313:37: Error: Couldn't find constructor 'Key'.
    await tester.tap(find.byKey(const Key('discovery_tab')));
                                      ^^^
  test/api/api_integration_test.dart:317:37: Error: Couldn't find constructor 'Key'.
    await tester.tap(find.byKey(const Key('like_button')));
                                      ^^^
  test/api/api_integration_test.dart:328:39: Error: Couldn't find constructor 'Key'.
      await tester.tap(find.byKey(const Key('like_button')));
                                        ^^^
  test/api/api_integration_test.dart:338:41: Error: Couldn't find constructor 'Key'.
        await tester.tap(find.byKey(const Key('close_match_dialog')));
                                          ^^^
  test/api/api_integration_test.dart:348:37: Error: Couldn't find constructor 'Key'.
    await tester.tap(find.byKey(const Key('matches_tab')));
                                      ^^^
  test/api/api_integration_test.dart:352:37: Error: Couldn't find constructor 'Key'.
    await tester.tap(find.byKey(const Key('match_item')));
                                      ^^^
  test/api/api_integration_test.dart:356:43: Error: Couldn't find constructor 'Key'.
    await tester.enterText(find.byKey(const Key('message_input')), 'Hey! How are you?');
                                            ^^^
  test/api/api_integration_test.dart:357:37: Error: Couldn't find constructor 'Key'.
    await tester.tap(find.byKey(const Key('send_message_button')));
                                      ^^^
  test/api/api_integration_test.dart:371:37: Error: Couldn't find constructor 'Key'.
    await tester.tap(find.byKey(const Key('like_button')));
                                      ^^^
  test/api/api_integration_test.dart:386:43: Error: Couldn't find constructor 'Key'.
    await tester.enterText(find.byKey(const Key('email_field')), 'invalid-email');
                                            ^^^
  test/api/api_integration_test.dart:387:43: Error: Couldn't find constructor 'Key'.
    await tester.enterText(find.byKey(const Key('password_field')), '123');
                                            ^^^
  test/api/api_integration_test.dart:388:37: Error: Couldn't find constructor 'Key'.
    await tester.tap(find.byKey(const Key('register_button')));
                                      ^^^
  test/api/api_integration_test.dart:400:39: Error: Couldn't find constructor 'Key'.
      await tester.tap(find.byKey(const Key('like_button')));
                                        ^^^
  .
  Error: The Dart compiler exited unexpectedly.
  package:flutter_tools/src/base/common.dart 34:3  throwToolExit
  package:flutter_tools/src/compile.dart 910:11    DefaultResidentCompiler._compile.<fn>
  dart:async/zone.dart 1538:47                     _rootRunUnary
  dart:async/zone.dart 1429:19                     _CustomZone.runUnary
  dart:async/future_impl.dart 948:45               Future._propagateToListeners.handleValueCallback
  dart:async/future_impl.dart 977:13               Future._propagateToListeners
  dart:async/future_impl.dart 862:9                Future._propagateToListeners
  dart:async/future_impl.dart 720:5                Future._completeWithValue
  dart:async/future_impl.dart 804:7                Future._asyncCompleteWithValue.<fn>
  dart:async/zone.dart 1525:13                     _rootRun
  dart:async/zone.dart 1422:19                     _CustomZone.run
  dart:async/zone.dart 1321:7                      _CustomZone.runGuarded
  dart:async/zone.dart 1362:23                     _CustomZone.bindCallbackGuarded.<fn>
  dart:async/schedule_microtask.dart 40:35         _microtaskLoop
  dart:async/schedule_microtask.dart 49:5          _startMicrotaskLoop
  dart:isolate-patch/isolate_patch.dart 127:13     _runPendingImmediateCallback
  dart:isolate-patch/isolate_patch.dart 194:5      _RawReceivePort._handleMessage
  
Error: Couldn't resolve the package 'lgbtinder' in 'package:lgbtinder/models/api_models/auth_models.dart'.
Error: Couldn't resolve the package 'lgbtinder' in 'package:lgbtinder/models/api_models/reference_data_models.dart'.
Error: Couldn't resolve the package 'lgbtinder' in 'package:lgbtinder/models/api_models/user_models.dart'.
Error: Couldn't resolve the package 'lgbtinder' in 'package:lgbtinder/models/api_models/matching_models.dart'.
Error: Couldn't resolve the package 'lgbtinder' in 'package:lgbtinder/models/api_models/chat_models.dart'.
Error: Couldn't resolve the package 'lgbtinder' in 'package:lgbtinder/models/api_models/profile_models.dart'.
Error: Couldn't resolve the package 'lgbtinder' in 'package:lgbtinder/models/api_models/common_models.dart'.
test/api/api_models_test.dart:2:8: Error: Not found: 'package:lgbtinder/models/api_models/auth_models.dart'
import 'package:lgbtinder/models/api_models/auth_models.dart';
       ^
test/api/api_models_test.dart:3:8: Error: Not found: 'package:lgbtinder/models/api_models/reference_data_models.dart'
import 'package:lgbtinder/models/api_models/reference_data_models.dart';
       ^
test/api/api_models_test.dart:4:8: Error: Not found: 'package:lgbtinder/models/api_models/user_models.dart'
import 'package:lgbtinder/models/api_models/user_models.dart';
       ^
test/api/api_models_test.dart:5:8: Error: Not found: 'package:lgbtinder/models/api_models/matching_models.dart'
import 'package:lgbtinder/models/api_models/matching_models.dart';
       ^
test/api/api_models_test.dart:6:8: Error: Not found: 'package:lgbtinder/models/api_models/chat_models.dart'
import 'package:lgbtinder/models/api_models/chat_models.dart';
       ^
test/api/api_models_test.dart:7:8: Error: Not found: 'package:lgbtinder/models/api_models/profile_models.dart'
import 'package:lgbtinder/models/api_models/profile_models.dart';
       ^
test/api/api_models_test.dart:8:8: Error: Not found: 'package:lgbtinder/models/api_models/common_models.dart'
import 'package:lgbtinder/models/api_models/common_models.dart';
       ^
/C:/Users/Abolfazl/AppData/Local/Temp/flutter_tools.3bbc4712/flutter_test_listener.b5bf4853/listener.dart:21:21: 
Error: Undefined name 'main'.
  await Future(test.main);
                    ^^^^
test/api/api_models_test.dart:24:23: Error: Method not found: 'RegisterRequest'.
      final request = RegisterRequest(
                      ^^^^^^^^^^^^^^^
test/api/api_models_test.dart:33:24: Error: Undefined name 'RegisterRequest'.
      final fromJson = RegisterRequest.fromJson(json);
                       ^^^^^^^^^^^^^^^
test/api/api_models_test.dart:55:24: Error: Undefined name 'RegisterResponse'.
      final response = RegisterResponse.fromJson(responseData);
                       ^^^^^^^^^^^^^^^^
test/api/api_models_test.dart:74:24: Error: Undefined name 'RegisterResponse'.
      final response = RegisterResponse.fromJson(responseData);
                       ^^^^^^^^^^^^^^^^
test/api/api_models_test.dart:83:23: Error: Method not found: 'CheckUserStateRequest'.
      final request = CheckUserStateRequest(email: 'john.doe@example.com');
                      ^^^^^^^^^^^^^^^^^^^^^
test/api/api_models_test.dart:90:23: Error: Method not found: 'VerifyEmailRequest'.
      final request = VerifyEmailRequest(
                      ^^^^^^^^^^^^^^^^^^
test/api/api_models_test.dart:101:23: Error: Method not found: 'CompleteProfileRequest'.
      final request = CompleteProfileRequest(
                      ^^^^^^^^^^^^^^^^^^^^^^
test/api/api_models_test.dart:153:23: Error: Method not found: 'Country'.
      final country = Country(
                      ^^^^^^^
test/api/api_models_test.dart:161:24: Error: Undefined name 'Country'.
      final fromJson = Country.fromJson(json);
                       ^^^^^^^
test/api/api_models_test.dart:170:20: Error: Method not found: 'City'.
      final city = City(
                   ^^^^
test/api/api_models_test.dart:177:24: Error: Undefined name 'City'.
      final fromJson = City.fromJson(json);
                       ^^^^
test/api/api_models_test.dart:185:22: Error: Method not found: 'Gender'.
      final gender = Gender(
                     ^^^^^^
test/api/api_models_test.dart:192:24: Error: Undefined name 'Gender'.
      final fromJson = Gender.fromJson(json);
                       ^^^^^^
test/api/api_models_test.dart:200:20: Error: Method not found: 'ReferenceDataItem'.
      final item = ReferenceDataItem(
                   ^^^^^^^^^^^^^^^^^
test/api/api_models_test.dart:207:24: Error: Undefined name 'ReferenceDataItem'.
      final fromJson = ReferenceDataItem.fromJson(json);
                       ^^^^^^^^^^^^^^^^^
test/api/api_models_test.dart:233:24: Error: Undefined name 'CountriesResponse'.
      final response = CountriesResponse.fromJson(responseData);
                       ^^^^^^^^^^^^^^^^^
test/api/api_models_test.dart:246:21: Error: Method not found: 'UserImage'.
      final image = UserImage(
                    ^^^^^^^^^
test/api/api_models_test.dart:254:24: Error: Undefined name 'UserImage'.
      final fromJson = UserImage.fromJson(json);
                       ^^^^^^^^^
test/api/api_models_test.dart:263:23: Error: Method not found: 'UserProfile'.
      final profile = UserProfile(
                      ^^^^^^^^^^^
test/api/api_models_test.dart:300:9: Error: Method not found: 'UserImage'.
        UserImage(id: 1, url: 'https://example.com/image1.jpg', isPrimary: false, order: 1),
        ^^^^^^^^^
test/api/api_models_test.dart:301:9: Error: Method not found: 'UserImage'.
        UserImage(id: 2, url: 'https://example.com/image2.jpg', isPrimary: true, order: 2),
        ^^^^^^^^^
test/api/api_models_test.dart:302:9: Error: Method not found: 'UserImage'.
        UserImage(id: 3, url: 'https://example.com/image3.jpg', isPrimary: false, order: 3),
        ^^^^^^^^^
test/api/api_models_test.dart:305:23: Error: Method not found: 'UserProfile'.
      final profile = UserProfile(
                      ^^^^^^^^^^^
test/api/api_models_test.dart:343:23: Error: Method not found: 'LikeUserRequest'.
      final request = LikeUserRequest(targetUserId: 2);
                      ^^^^^^^^^^^^^^^
test/api/api_models_test.dart:350:24: Error: Method not found: 'LikeData'.
      final likeData = LikeData(
                       ^^^^^^^^
test/api/api_models_test.dart:360:24: Error: Undefined name 'LikeData'.
      final fromJson = LikeData.fromJson(json);
                       ^^^^^^^^
test/api/api_models_test.dart:371:25: Error: Method not found: 'MatchUser'.
      final matchUser = MatchUser(
                        ^^^^^^^^^
test/api/api_models_test.dart:381:24: Error: Undefined name 'MatchUser'.
      final fromJson = MatchUser.fromJson(json);
                       ^^^^^^^^^
test/api/api_models_test.dart:392:14: Error: Undefined name 'LikeStatus'.
      expect(LikeStatus.pending.value, equals('pending'));
             ^^^^^^^^^^
test/api/api_models_test.dart:393:14: Error: Undefined name 'LikeStatus'.
      expect(LikeStatus.matched.value, equals('matched'));
             ^^^^^^^^^^
test/api/api_models_test.dart:394:14: Error: Undefined name 'LikeStatus'.
      expect(LikeStatus.rejected.value, equals('rejected'));
             ^^^^^^^^^^
test/api/api_models_test.dart:396:14: Error: Undefined name 'LikeStatusExtension'.
      expect(LikeStatusExtension.fromString('pending'), equals(LikeStatus.pending));
             ^^^^^^^^^^^^^^^^^^^
test/api/api_models_test.dart:396:64: Error: Undefined name 'LikeStatus'.
      expect(LikeStatusExtension.fromString('pending'), equals(LikeStatus.pending));
                                                               ^^^^^^^^^^
test/api/api_models_test.dart:397:14: Error: Undefined name 'LikeStatusExtension'.
      expect(LikeStatusExtension.fromString('matched'), equals(LikeStatus.matched));
             ^^^^^^^^^^^^^^^^^^^
test/api/api_models_test.dart:397:64: Error: Undefined name 'LikeStatus'.
      expect(LikeStatusExtension.fromString('matched'), equals(LikeStatus.matched));
                                                               ^^^^^^^^^^
test/api/api_models_test.dart:398:14: Error: Undefined name 'LikeStatusExtension'.
      expect(LikeStatusExtension.fromString('rejected'), equals(LikeStatus.rejected));
             ^^^^^^^^^^^^^^^^^^^
test/api/api_models_test.dart:398:65: Error: Undefined name 'LikeStatus'.
      expect(LikeStatusExtension.fromString('rejected'), equals(LikeStatus.rejected));
                                                                ^^^^^^^^^^
test/api/api_models_test.dart:402:24: Error: Method not found: 'LikeData'.
      final likeData = LikeData(
                       ^^^^^^^^
test/api/api_models_test.dart:411:14: Error: Undefined name 'MatchingHelper'.
      expect(MatchingHelper.isMatch(likeData), isTrue);
             ^^^^^^^^^^^^^^
test/api/api_models_test.dart:412:14: Error: Undefined name 'MatchingHelper'.
      expect(MatchingHelper.isLikePending(likeData), isFalse);
             ^^^^^^^^^^^^^^
test/api/api_models_test.dart:423:22: Error: Undefined name 'MessageType'.
        messageType: MessageType.text,
                     ^^^^^^^^^^^
test/api/api_models_test.dart:420:23: Error: Method not found: 'SendMessageRequest'.
      final request = SendMessageRequest(
                      ^^^^^^^^^^^^^^^^^^
test/api/api_models_test.dart:439:22: Error: Undefined name 'MessageType'.
        messageType: MessageType.text,
                     ^^^^^^^^^^^
test/api/api_models_test.dart:434:23: Error: Method not found: 'MessageData'.
      final message = MessageData(
                      ^^^^^^^^^^^
test/api/api_models_test.dart:445:24: Error: Undefined name 'MessageData'.
      final fromJson = MessageData.fromJson(json);
                       ^^^^^^^^^^^
test/api/api_models_test.dart:451:43: Error: Undefined name 'MessageType'.
      expect(fromJson.messageType, equals(MessageType.text));
                                          ^^^^^^^^^^^
test/api/api_models_test.dart:457:26: Error: Method not found: 'PaginationData'.
      final pagination = PaginationData(
                         ^^^^^^^^^^^^^^
test/api/api_models_test.dart:473:14: Error: Undefined name 'MessageType'.
      expect(MessageType.text.value, equals('text'));
             ^^^^^^^^^^^
test/api/api_models_test.dart:474:14: Error: Undefined name 'MessageType'.
      expect(MessageType.image.value, equals('image'));
             ^^^^^^^^^^^
test/api/api_models_test.dart:475:14: Error: Undefined name 'MessageType'.
      expect(MessageType.video.value, equals('video'));
             ^^^^^^^^^^^
test/api/api_models_test.dart:477:14: Error: Undefined name 'MessageTypeExtension'.
      expect(MessageTypeExtension.fromString('text'), equals(MessageType.text));
             ^^^^^^^^^^^^^^^^^^^^
test/api/api_models_test.dart:477:62: Error: Undefined name 'MessageType'.
      expect(MessageTypeExtension.fromString('text'), equals(MessageType.text));
                                                             ^^^^^^^^^^^
test/api/api_models_test.dart:478:14: Error: Undefined name 'MessageTypeExtension'.
      expect(MessageTypeExtension.fromString('image'), equals(MessageType.image));
             ^^^^^^^^^^^^^^^^^^^^
test/api/api_models_test.dart:478:63: Error: Undefined name 'MessageType'.
      expect(MessageTypeExtension.fromString('image'), equals(MessageType.image));
                                                              ^^^^^^^^^^^
test/api/api_models_test.dart:479:14: Error: Undefined name 'MessageTypeExtension'.
      expect(MessageTypeExtension.fromString('video'), equals(MessageType.video));
             ^^^^^^^^^^^^^^^^^^^^
test/api/api_models_test.dart:479:63: Error: Undefined name 'MessageType'.
      expect(MessageTypeExtension.fromString('video'), equals(MessageType.video));
                                                              ^^^^^^^^^^^
test/api/api_models_test.dart:488:22: Error: Undefined name 'MessageType'.
        messageType: MessageType.text,
                     ^^^^^^^^^^^
test/api/api_models_test.dart:483:23: Error: Method not found: 'MessageData'.
      final message = MessageData(
                      ^^^^^^^^^^^
test/api/api_models_test.dart:493:14: Error: Undefined name 'ChatHelper'.
      expect(ChatHelper.isFromCurrentUser(message, 1), isTrue);
             ^^^^^^^^^^
test/api/api_models_test.dart:494:14: Error: Undefined name 'ChatHelper'.
      expect(ChatHelper.isToCurrentUser(message, 2), isTrue);
             ^^^^^^^^^^
test/api/api_models_test.dart:495:14: Error: Undefined name 'ChatHelper'.
      expect(ChatHelper.isMessageRead(message), isFalse);
             ^^^^^^^^^^
test/api/api_models_test.dart:496:14: Error: Undefined name 'ChatHelper'.
      expect(ChatHelper.isMessageUnread(message), isTrue);
             ^^^^^^^^^^
test/api/api_models_test.dart:504:23: Error: Method not found: 'UpdateProfileRequest'.
      final request = UpdateProfileRequest(
                      ^^^^^^^^^^^^^^^^^^^^
test/api/api_models_test.dart:528:31: Error: Method not found: 'UpdateProfileRequest'.
      final requestWithData = UpdateProfileRequest(
                              ^^^^^^^^^^^^^^^^^^^^
test/api/api_models_test.dart:533:34: Error: Method not found: 'UpdateProfileRequest'.
      final requestWithoutData = UpdateProfileRequest();
                                 ^^^^^^^^^^^^^^^^^^^^
test/api/api_models_test.dart:542:14: Error: Undefined name 'UploadProfilePictureRequest'.
      expect(UploadProfilePictureRequest, isA<Type>());
             ^^^^^^^^^^^^^^^^^^^^^^^^^^^
test/api/api_models_test.dart:546:14: Error: Undefined name 'ProfileHelper'.
      expect(ProfileHelper.isValidProfileBio('Valid bio'), isTrue);
             ^^^^^^^^^^^^^
test/api/api_models_test.dart:547:14: Error: Undefined name 'ProfileHelper'.
      expect(ProfileHelper.isValidProfileBio(''), isFalse);
             ^^^^^^^^^^^^^
test/api/api_models_test.dart:548:14: Error: Undefined name 'ProfileHelper'.
      expect(ProfileHelper.isValidProfileBio(null), isTrue); // Optional field
             ^^^^^^^^^^^^^
test/api/api_models_test.dart:550:14: Error: Undefined name 'ProfileHelper'.
      expect(ProfileHelper.isValidHeight(175), isTrue);
             ^^^^^^^^^^^^^
test/api/api_models_test.dart:551:14: Error: Undefined name 'ProfileHelper'.
      expect(ProfileHelper.isValidHeight(50), isFalse); // Too short
             ^^^^^^^^^^^^^
test/api/api_models_test.dart:552:14: Error: Undefined name 'ProfileHelper'.
      expect(ProfileHelper.isValidHeight(300), isFalse); // Too tall
             ^^^^^^^^^^^^^
test/api/api_models_test.dart:554:14: Error: Undefined name 'ProfileHelper'.
      expect(ProfileHelper.isValidWeight(70), isTrue);
             ^^^^^^^^^^^^^
test/api/api_models_test.dart:555:14: Error: Undefined name 'ProfileHelper'.
      expect(ProfileHelper.isValidWeight(20), isFalse); // Too light
             ^^^^^^^^^^^^^
test/api/api_models_test.dart:556:14: Error: Undefined name 'ProfileHelper'.
      expect(ProfileHelper.isValidWeight(250), isFalse); // Too heavy
             ^^^^^^^^^^^^^
test/api/api_models_test.dart:558:14: Error: Undefined name 'ProfileHelper'.
      expect(ProfileHelper.isValidAgePreference(21, 35), isTrue);
             ^^^^^^^^^^^^^
test/api/api_models_test.dart:559:14: Error: Undefined name 'ProfileHelper'.
      expect(ProfileHelper.isValidAgePreference(17, 35), isFalse); // Too young
             ^^^^^^^^^^^^^
test/api/api_models_test.dart:560:14: Error: Undefined name 'ProfileHelper'.
      expect(ProfileHelper.isValidAgePreference(21, 101), isFalse); // Too old
             ^^^^^^^^^^^^^
test/api/api_models_test.dart:561:14: Error: Undefined name 'ProfileHelper'.
      expect(ProfileHelper.isValidAgePreference(35, 21), isFalse); // Min > Max
             ^^^^^^^^^^^^^
test/api/api_models_test.dart:578:21: Error: Undefined name 'ApiErrorResponse'.
      final error = ApiErrorResponse.fromJson(errorData);
                    ^^^^^^^^^^^^^^^^
test/api/api_models_test.dart:594:23: Error: Undefined name 'ApiSuccessResponse'.
      final success = ApiSuccessResponse.fromJson(
                      ^^^^^^^^^^^^^^^^^^
test/api/api_models_test.dart:613:25: Error: Undefined name 'RateLimitResponse'.
      final rateLimit = RateLimitResponse.fromJson(rateLimitData);
                        ^^^^^^^^^^^^^^^^^
test/api/api_models_test.dart:630:21: Error: Undefined name 'WebSocketEvent'.
      final event = WebSocketEvent.fromJson(eventData);
                    ^^^^^^^^^^^^^^
test/api/api_models_test.dart:632:34: Error: Undefined name 'WebSocketEventType'.
      expect(event.event, equals(WebSocketEventType.messageReceived));
                                 ^^^^^^^^^^^^^^^^^^
test/api/api_models_test.dart:639:14: Error: Undefined name 'ApiUtils'.
      expect(ApiUtils.isSuccessStatusCode(200), isTrue);
             ^^^^^^^^
test/api/api_models_test.dart:640:14: Error: Undefined name 'ApiUtils'.
      expect(ApiUtils.isSuccessStatusCode(201), isTrue);
             ^^^^^^^^
test/api/api_models_test.dart:641:14: Error: Undefined name 'ApiUtils'.
      expect(ApiUtils.isClientErrorStatusCode(400), isTrue);
             ^^^^^^^^
test/api/api_models_test.dart:642:14: Error: Undefined name 'ApiUtils'.
      expect(ApiUtils.isClientErrorStatusCode(404), isTrue);
             ^^^^^^^^
test/api/api_models_test.dart:643:14: Error: Undefined name 'ApiUtils'.
      expect(ApiUtils.isServerErrorStatusCode(500), isTrue);
             ^^^^^^^^
test/api/api_models_test.dart:644:14: Error: Undefined name 'ApiUtils'.
      expect(ApiUtils.isServerErrorStatusCode(503), isTrue);
             ^^^^^^^^
test/api/api_models_test.dart:646:14: Error: Undefined name 'ApiUtils'.
      expect(ApiUtils.getApiResponseStatus(200), equals(ApiResponseStatus.success));
             ^^^^^^^^
test/api/api_models_test.dart:646:57: Error: Undefined name 'ApiResponseStatus'.
      expect(ApiUtils.getApiResponseStatus(200), equals(ApiResponseStatus.success));
                                                        ^^^^^^^^^^^^^^^^^
test/api/api_models_test.dart:647:14: Error: Undefined name 'ApiUtils'.
      expect(ApiUtils.getApiResponseStatus(401), equals(ApiResponseStatus.unauthorized));
             ^^^^^^^^
test/api/api_models_test.dart:647:57: Error: Undefined name 'ApiResponseStatus'.
      expect(ApiUtils.getApiResponseStatus(401), equals(ApiResponseStatus.unauthorized));
                                                        ^^^^^^^^^^^^^^^^^
test/api/api_models_test.dart:648:14: Error: Undefined name 'ApiUtils'.
      expect(ApiUtils.getApiResponseStatus(403), equals(ApiResponseStatus.forbidden));
             ^^^^^^^^
test/api/api_models_test.dart:648:57: Error: Undefined name 'ApiResponseStatus'.
      expect(ApiUtils.getApiResponseStatus(403), equals(ApiResponseStatus.forbidden));
                                                        ^^^^^^^^^^^^^^^^^
test/api/api_models_test.dart:649:14: Error: Undefined name 'ApiUtils'.
      expect(ApiUtils.getApiResponseStatus(404), equals(ApiResponseStatus.notFound));
             ^^^^^^^^
test/api/api_models_test.dart:649:57: Error: Undefined name 'ApiResponseStatus'.
      expect(ApiUtils.getApiResponseStatus(404), equals(ApiResponseStatus.notFound));
                                                        ^^^^^^^^^^^^^^^^^
test/api/api_models_test.dart:650:14: Error: Undefined name 'ApiUtils'.
      expect(ApiUtils.getApiResponseStatus(422), equals(ApiResponseStatus.validationError));
             ^^^^^^^^
test/api/api_models_test.dart:650:57: Error: Undefined name 'ApiResponseStatus'.
      expect(ApiUtils.getApiResponseStatus(422), equals(ApiResponseStatus.validationError));
                                                        ^^^^^^^^^^^^^^^^^
test/api/api_models_test.dart:651:14: Error: Undefined name 'ApiUtils'.
      expect(ApiUtils.getApiResponseStatus(429), equals(ApiResponseStatus.rateLimited));
             ^^^^^^^^
test/api/api_models_test.dart:651:57: Error: Undefined name 'ApiResponseStatus'.
      expect(ApiUtils.getApiResponseStatus(429), equals(ApiResponseStatus.rateLimited));
                                                        ^^^^^^^^^^^^^^^^^
test/api/api_models_test.dart:652:14: Error: Undefined name 'ApiUtils'.
      expect(ApiUtils.getApiResponseStatus(500), equals(ApiResponseStatus.serverError));
             ^^^^^^^^
test/api/api_models_test.dart:652:57: Error: Undefined name 'ApiResponseStatus'.
      expect(ApiUtils.getApiResponseStatus(500), equals(ApiResponseStatus.serverError));
                                                        ^^^^^^^^^^^^^^^^^
test/api/api_models_test.dart:654:14: Error: Undefined name 'ApiUtils'.
      expect(ApiUtils.isValidEmail('test@example.com'), isTrue);
             ^^^^^^^^
test/api/api_models_test.dart:655:14: Error: Undefined name 'ApiUtils'.
      expect(ApiUtils.isValidEmail('invalid-email'), isFalse);
             ^^^^^^^^
test/api/api_models_test.dart:657:14: Error: Undefined name 'ApiUtils'.
      expect(ApiUtils.isValidPassword('Password123'), isTrue);
             ^^^^^^^^
test/api/api_models_test.dart:658:14: Error: Undefined name 'ApiUtils'.
      expect(ApiUtils.isValidPassword('weak'), isFalse);
             ^^^^^^^^
test/api/api_models_test.dart:660:14: Error: Undefined name 'ApiUtils'.
      expect(ApiUtils.sanitizeString('  hello   world  '), equals('hello world'));
             ^^^^^^^^
00:00 +0 -2: loading E:/1 - laravel/1 - LGBTinder/LGBTinder-flutter/test/api/api_models_test.dart [E]
  Failed to load "E:/1 - laravel/1 - LGBTinder/LGBTinder-flutter/test/api/api_models_test.dart":
  Compilation failed for testPath=E:/1 - laravel/1 - LGBTinder/LGBTinder-flutter/test/api/api_models_test.dart: Error: Couldn't resolve the package 'lgbtinder' in 'package:lgbtinder/models/api_models/auth_models.dart'.
  Error: Couldn't resolve the package 'lgbtinder' in 'package:lgbtinder/models/api_models/reference_data_models.dart'.
  Error: Couldn't resolve the package 'lgbtinder' in 'package:lgbtinder/models/api_models/user_models.dart'.
  Error: Couldn't resolve the package 'lgbtinder' in 'package:lgbtinder/models/api_models/matching_models.dart'.
  Error: Couldn't resolve the package 'lgbtinder' in 'package:lgbtinder/models/api_models/chat_models.dart'.
  Error: Couldn't resolve the package 'lgbtinder' in 'package:lgbtinder/models/api_models/profile_models.dart'.
  Error: Couldn't resolve the package 'lgbtinder' in 'package:lgbtinder/models/api_models/common_models.dart'.
  test/api/api_models_test.dart:2:8: Error: Not found: 'package:lgbtinder/models/api_models/auth_models.dart'
  import 'package:lgbtinder/models/api_models/auth_models.dart';
         ^
  test/api/api_models_test.dart:3:8: Error: Not found: 'package:lgbtinder/models/api_models/reference_data_models.dart'
  import 'package:lgbtinder/models/api_models/reference_data_models.dart';
         ^
  test/api/api_models_test.dart:4:8: Error: Not found: 'package:lgbtinder/models/api_models/user_models.dart'
  import 'package:lgbtinder/models/api_models/user_models.dart';
         ^
  test/api/api_models_test.dart:5:8: Error: Not found: 'package:lgbtinder/models/api_models/matching_models.dart'
  import 'package:lgbtinder/models/api_models/matching_models.dart';
         ^
  test/api/api_models_test.dart:6:8: Error: Not found: 'package:lgbtinder/models/api_models/chat_models.dart'
  import 'package:lgbtinder/models/api_models/chat_models.dart';
         ^
  test/api/api_models_test.dart:7:8: Error: Not found: 'package:lgbtinder/models/api_models/profile_models.dart'
  import 'package:lgbtinder/models/api_models/profile_models.dart';
         ^
  test/api/api_models_test.dart:8:8: Error: Not found: 'package:lgbtinder/models/api_models/common_models.dart'
  import 'package:lgbtinder/models/api_models/common_models.dart';
         ^
  /C:/Users/Abolfazl/AppData/Local/Temp/flutter_tools.3bbc4712/flutter_test_listener.b5bf4853/listener.dart:21:21: Error: Undefined name 'main'.
    await Future(test.main);
                      ^^^^
  test/api/api_models_test.dart:24:23: Error: Method not found: 'RegisterRequest'.
        final request = RegisterRequest(
                        ^^^^^^^^^^^^^^^
  test/api/api_models_test.dart:33:24: Error: Undefined name 'RegisterRequest'.
        final fromJson = RegisterRequest.fromJson(json);
                         ^^^^^^^^^^^^^^^
  test/api/api_models_test.dart:55:24: Error: Undefined name 'RegisterResponse'.
        final response = RegisterResponse.fromJson(responseData);
                         ^^^^^^^^^^^^^^^^
  test/api/api_models_test.dart:74:24: Error: Undefined name 'RegisterResponse'.
        final response = RegisterResponse.fromJson(responseData);
                         ^^^^^^^^^^^^^^^^
  test/api/api_models_test.dart:83:23: Error: Method not found: 'CheckUserStateRequest'.
        final request = CheckUserStateRequest(email: 'john.doe@example.com');
                        ^^^^^^^^^^^^^^^^^^^^^
  test/api/api_models_test.dart:90:23: Error: Method not found: 'VerifyEmailRequest'.
        final request = VerifyEmailRequest(
                        ^^^^^^^^^^^^^^^^^^
  test/api/api_models_test.dart:101:23: Error: Method not found: 'CompleteProfileRequest'.
        final request = CompleteProfileRequest(
                        ^^^^^^^^^^^^^^^^^^^^^^
  test/api/api_models_test.dart:153:23: Error: Method not found: 'Country'.
        final country = Country(
                        ^^^^^^^
  test/api/api_models_test.dart:161:24: Error: Undefined name 'Country'.
        final fromJson = Country.fromJson(json);
                         ^^^^^^^
  test/api/api_models_test.dart:170:20: Error: Method not found: 'City'.
        final city = City(
                     ^^^^
  test/api/api_models_test.dart:177:24: Error: Undefined name 'City'.
        final fromJson = City.fromJson(json);
                         ^^^^
  test/api/api_models_test.dart:185:22: Error: Method not found: 'Gender'.
        final gender = Gender(
                       ^^^^^^
  test/api/api_models_test.dart:192:24: Error: Undefined name 'Gender'.
        final fromJson = Gender.fromJson(json);
                         ^^^^^^
  test/api/api_models_test.dart:200:20: Error: Method not found: 'ReferenceDataItem'.
        final item = ReferenceDataItem(
                     ^^^^^^^^^^^^^^^^^
  test/api/api_models_test.dart:207:24: Error: Undefined name 'ReferenceDataItem'.
        final fromJson = ReferenceDataItem.fromJson(json);
                         ^^^^^^^^^^^^^^^^^
  test/api/api_models_test.dart:233:24: Error: Undefined name 'CountriesResponse'.
        final response = CountriesResponse.fromJson(responseData);
                         ^^^^^^^^^^^^^^^^^
  test/api/api_models_test.dart:246:21: Error: Method not found: 'UserImage'.
        final image = UserImage(
                      ^^^^^^^^^
  test/api/api_models_test.dart:254:24: Error: Undefined name 'UserImage'.
        final fromJson = UserImage.fromJson(json);
                         ^^^^^^^^^
  test/api/api_models_test.dart:263:23: Error: Method not found: 'UserProfile'.
        final profile = UserProfile(
                        ^^^^^^^^^^^
  test/api/api_models_test.dart:300:9: Error: Method not found: 'UserImage'.
          UserImage(id: 1, url: 'https://example.com/image1.jpg', isPrimary: false, order: 1),
          ^^^^^^^^^
  test/api/api_models_test.dart:301:9: Error: Method not found: 'UserImage'.
          UserImage(id: 2, url: 'https://example.com/image2.jpg', isPrimary: true, order: 2),
          ^^^^^^^^^
  test/api/api_models_test.dart:302:9: Error: Method not found: 'UserImage'.
          UserImage(id: 3, url: 'https://example.com/image3.jpg', isPrimary: false, order: 3),
          ^^^^^^^^^
  test/api/api_models_test.dart:305:23: Error: Method not found: 'UserProfile'.
        final profile = UserProfile(
                        ^^^^^^^^^^^
  test/api/api_models_test.dart:343:23: Error: Method not found: 'LikeUserRequest'.
        final request = LikeUserRequest(targetUserId: 2);
                        ^^^^^^^^^^^^^^^
  test/api/api_models_test.dart:350:24: Error: Method not found: 'LikeData'.
        final likeData = LikeData(
                         ^^^^^^^^
  test/api/api_models_test.dart:360:24: Error: Undefined name 'LikeData'.
        final fromJson = LikeData.fromJson(json);
                         ^^^^^^^^
  test/api/api_models_test.dart:371:25: Error: Method not found: 'MatchUser'.
        final matchUser = MatchUser(
                          ^^^^^^^^^
  test/api/api_models_test.dart:381:24: Error: Undefined name 'MatchUser'.
        final fromJson = MatchUser.fromJson(json);
                         ^^^^^^^^^
  test/api/api_models_test.dart:392:14: Error: Undefined name 'LikeStatus'.
        expect(LikeStatus.pending.value, equals('pending'));
               ^^^^^^^^^^
  test/api/api_models_test.dart:393:14: Error: Undefined name 'LikeStatus'.
        expect(LikeStatus.matched.value, equals('matched'));
               ^^^^^^^^^^
  test/api/api_models_test.dart:394:14: Error: Undefined name 'LikeStatus'.
        expect(LikeStatus.rejected.value, equals('rejected'));
               ^^^^^^^^^^
  test/api/api_models_test.dart:396:14: Error: Undefined name 'LikeStatusExtension'.
        expect(LikeStatusExtension.fromString('pending'), equals(LikeStatus.pending));
               ^^^^^^^^^^^^^^^^^^^
  test/api/api_models_test.dart:396:64: Error: Undefined name 'LikeStatus'.
        expect(LikeStatusExtension.fromString('pending'), equals(LikeStatus.pending));
                                                                 ^^^^^^^^^^
  test/api/api_models_test.dart:397:14: Error: Undefined name 'LikeStatusExtension'.
        expect(LikeStatusExtension.fromString('matched'), equals(LikeStatus.matched));
               ^^^^^^^^^^^^^^^^^^^
  test/api/api_models_test.dart:397:64: Error: Undefined name 'LikeStatus'.
        expect(LikeStatusExtension.fromString('matched'), equals(LikeStatus.matched));
                                                                 ^^^^^^^^^^
  test/api/api_models_test.dart:398:14: Error: Undefined name 'LikeStatusExtension'.
        expect(LikeStatusExtension.fromString('rejected'), equals(LikeStatus.rejected));
               ^^^^^^^^^^^^^^^^^^^
  test/api/api_models_test.dart:398:65: Error: Undefined name 'LikeStatus'.
        expect(LikeStatusExtension.fromString('rejected'), equals(LikeStatus.rejected));
                                                                  ^^^^^^^^^^
  test/api/api_models_test.dart:402:24: Error: Method not found: 'LikeData'.
        final likeData = LikeData(
                         ^^^^^^^^
  test/api/api_models_test.dart:411:14: Error: Undefined name 'MatchingHelper'.
        expect(MatchingHelper.isMatch(likeData), isTrue);
               ^^^^^^^^^^^^^^
  test/api/api_models_test.dart:412:14: Error: Undefined name 'MatchingHelper'.
        expect(MatchingHelper.isLikePending(likeData), isFalse);
               ^^^^^^^^^^^^^^
  test/api/api_models_test.dart:423:22: Error: Undefined name 'MessageType'.
          messageType: MessageType.text,
                       ^^^^^^^^^^^
  test/api/api_models_test.dart:420:23: Error: Method not found: 'SendMessageRequest'.
        final request = SendMessageRequest(
                        ^^^^^^^^^^^^^^^^^^
  test/api/api_models_test.dart:439:22: Error: Undefined name 'MessageType'.
          messageType: MessageType.text,
                       ^^^^^^^^^^^
  test/api/api_models_test.dart:434:23: Error: Method not found: 'MessageData'.
        final message = MessageData(
                        ^^^^^^^^^^^
  test/api/api_models_test.dart:445:24: Error: Undefined name 'MessageData'.
        final fromJson = MessageData.fromJson(json);
                         ^^^^^^^^^^^
  test/api/api_models_test.dart:451:43: Error: Undefined name 'MessageType'.
        expect(fromJson.messageType, equals(MessageType.text));
                                            ^^^^^^^^^^^
  test/api/api_models_test.dart:457:26: Error: Method not found: 'PaginationData'.
        final pagination = PaginationData(
                           ^^^^^^^^^^^^^^
  test/api/api_models_test.dart:473:14: Error: Undefined name 'MessageType'.
        expect(MessageType.text.value, equals('text'));
               ^^^^^^^^^^^
  test/api/api_models_test.dart:474:14: Error: Undefined name 'MessageType'.
        expect(MessageType.image.value, equals('image'));
               ^^^^^^^^^^^
  test/api/api_models_test.dart:475:14: Error: Undefined name 'MessageType'.
        expect(MessageType.video.value, equals('video'));
               ^^^^^^^^^^^
  test/api/api_models_test.dart:477:14: Error: Undefined name 'MessageTypeExtension'.
        expect(MessageTypeExtension.fromString('text'), equals(MessageType.text));
               ^^^^^^^^^^^^^^^^^^^^
  test/api/api_models_test.dart:477:62: Error: Undefined name 'MessageType'.
        expect(MessageTypeExtension.fromString('text'), equals(MessageType.text));
                                                               ^^^^^^^^^^^
  test/api/api_models_test.dart:478:14: Error: Undefined name 'MessageTypeExtension'.
        expect(MessageTypeExtension.fromString('image'), equals(MessageType.image));
               ^^^^^^^^^^^^^^^^^^^^
  test/api/api_models_test.dart:478:63: Error: Undefined name 'MessageType'.
        expect(MessageTypeExtension.fromString('image'), equals(MessageType.image));
                                                                ^^^^^^^^^^^
  test/api/api_models_test.dart:479:14: Error: Undefined name 'MessageTypeExtension'.
        expect(MessageTypeExtension.fromString('video'), equals(MessageType.video));
               ^^^^^^^^^^^^^^^^^^^^
  test/api/api_models_test.dart:479:63: Error: Undefined name 'MessageType'.
        expect(MessageTypeExtension.fromString('video'), equals(MessageType.video));
                                                                ^^^^^^^^^^^
  test/api/api_models_test.dart:488:22: Error: Undefined name 'MessageType'.
          messageType: MessageType.text,
                       ^^^^^^^^^^^
  test/api/api_models_test.dart:483:23: Error: Method not found: 'MessageData'.
        final message = MessageData(
                        ^^^^^^^^^^^
  test/api/api_models_test.dart:493:14: Error: Undefined name 'ChatHelper'.
        expect(ChatHelper.isFromCurrentUser(message, 1), isTrue);
               ^^^^^^^^^^
  test/api/api_models_test.dart:494:14: Error: Undefined name 'ChatHelper'.
        expect(ChatHelper.isToCurrentUser(message, 2), isTrue);
               ^^^^^^^^^^
  test/api/api_models_test.dart:495:14: Error: Undefined name 'ChatHelper'.
        expect(ChatHelper.isMessageRead(message), isFalse);
               ^^^^^^^^^^
  test/api/api_models_test.dart:496:14: Error: Undefined name 'ChatHelper'.
        expect(ChatHelper.isMessageUnread(message), isTrue);
               ^^^^^^^^^^
  test/api/api_models_test.dart:504:23: Error: Method not found: 'UpdateProfileRequest'.
        final request = UpdateProfileRequest(
                        ^^^^^^^^^^^^^^^^^^^^
  test/api/api_models_test.dart:528:31: Error: Method not found: 'UpdateProfileRequest'.
        final requestWithData = UpdateProfileRequest(
                                ^^^^^^^^^^^^^^^^^^^^
  test/api/api_models_test.dart:533:34: Error: Method not found: 'UpdateProfileRequest'.
        final requestWithoutData = UpdateProfileRequest();
                                   ^^^^^^^^^^^^^^^^^^^^
  test/api/api_models_test.dart:542:14: Error: Undefined name 'UploadProfilePictureRequest'.
        expect(UploadProfilePictureRequest, isA<Type>());
               ^^^^^^^^^^^^^^^^^^^^^^^^^^^
  test/api/api_models_test.dart:546:14: Error: Undefined name 'ProfileHelper'.
        expect(ProfileHelper.isValidProfileBio('Valid bio'), isTrue);
               ^^^^^^^^^^^^^
  test/api/api_models_test.dart:547:14: Error: Undefined name 'ProfileHelper'.
        expect(ProfileHelper.isValidProfileBio(''), isFalse);
               ^^^^^^^^^^^^^
  test/api/api_models_test.dart:548:14: Error: Undefined name 'ProfileHelper'.
        expect(ProfileHelper.isValidProfileBio(null), isTrue); // Optional field
               ^^^^^^^^^^^^^
  test/api/api_models_test.dart:550:14: Error: Undefined name 'ProfileHelper'.
        expect(ProfileHelper.isValidHeight(175), isTrue);
               ^^^^^^^^^^^^^
  test/api/api_models_test.dart:551:14: Error: Undefined name 'ProfileHelper'.
        expect(ProfileHelper.isValidHeight(50), isFalse); // Too short
               ^^^^^^^^^^^^^
  test/api/api_models_test.dart:552:14: Error: Undefined name 'ProfileHelper'.
        expect(ProfileHelper.isValidHeight(300), isFalse); // Too tall
               ^^^^^^^^^^^^^
  test/api/api_models_test.dart:554:14: Error: Undefined name 'ProfileHelper'.
        expect(ProfileHelper.isValidWeight(70), isTrue);
               ^^^^^^^^^^^^^
  test/api/api_models_test.dart:555:14: Error: Undefined name 'ProfileHelper'.
        expect(ProfileHelper.isValidWeight(20), isFalse); // Too light
               ^^^^^^^^^^^^^
  test/api/api_models_test.dart:556:14: Error: Undefined name 'ProfileHelper'.
        expect(ProfileHelper.isValidWeight(250), isFalse); // Too heavy
               ^^^^^^^^^^^^^
  test/api/api_models_test.dart:558:14: Error: Undefined name 'ProfileHelper'.
        expect(ProfileHelper.isValidAgePreference(21, 35), isTrue);
               ^^^^^^^^^^^^^
  test/api/api_models_test.dart:559:14: Error: Undefined name 'ProfileHelper'.
        expect(ProfileHelper.isValidAgePreference(17, 35), isFalse); // Too young
               ^^^^^^^^^^^^^
  test/api/api_models_test.dart:560:14: Error: Undefined name 'ProfileHelper'.
        expect(ProfileHelper.isValidAgePreference(21, 101), isFalse); // Too old
               ^^^^^^^^^^^^^
  test/api/api_models_test.dart:561:14: Error: Undefined name 'ProfileHelper'.
        expect(ProfileHelper.isValidAgePreference(35, 21), isFalse); // Min > Max
               ^^^^^^^^^^^^^
  test/api/api_models_test.dart:578:21: Error: Undefined name 'ApiErrorResponse'.
        final error = ApiErrorResponse.fromJson(errorData);
                      ^^^^^^^^^^^^^^^^
  test/api/api_models_test.dart:594:23: Error: Undefined name 'ApiSuccessResponse'.
        final success = ApiSuccessResponse.fromJson(
                        ^^^^^^^^^^^^^^^^^^
  test/api/api_models_test.dart:613:25: Error: Undefined name 'RateLimitResponse'.
        final rateLimit = RateLimitResponse.fromJson(rateLimitData);
                          ^^^^^^^^^^^^^^^^^
  test/api/api_models_test.dart:630:21: Error: Undefined name 'WebSocketEvent'.
        final event = WebSocketEvent.fromJson(eventData);
                      ^^^^^^^^^^^^^^
  test/api/api_models_test.dart:632:34: Error: Undefined name 'WebSocketEventType'.
        expect(event.event, equals(WebSocketEventType.messageReceived));
                                   ^^^^^^^^^^^^^^^^^^
  test/api/api_models_test.dart:639:14: Error: Undefined name 'ApiUtils'.
        expect(ApiUtils.isSuccessStatusCode(200), isTrue);
               ^^^^^^^^
  test/api/api_models_test.dart:640:14: Error: Undefined name 'ApiUtils'.
        expect(ApiUtils.isSuccessStatusCode(201), isTrue);
               ^^^^^^^^
  test/api/api_models_test.dart:641:14: Error: Undefined name 'ApiUtils'.
        expect(ApiUtils.isClientErrorStatusCode(400), isTrue);
               ^^^^^^^^
  test/api/api_models_test.dart:642:14: Error: Undefined name 'ApiUtils'.
        expect(ApiUtils.isClientErrorStatusCode(404), isTrue);
               ^^^^^^^^
  test/api/api_models_test.dart:643:14: Error: Undefined name 'ApiUtils'.
        expect(ApiUtils.isServerErrorStatusCode(500), isTrue);
               ^^^^^^^^
  test/api/api_models_test.dart:644:14: Error: Undefined name 'ApiUtils'.
        expect(ApiUtils.isServerErrorStatusCode(503), isTrue);
               ^^^^^^^^
  test/api/api_models_test.dart:646:14: Error: Undefined name 'ApiUtils'.
        expect(ApiUtils.getApiResponseStatus(200), equals(ApiResponseStatus.success));
               ^^^^^^^^
  test/api/api_models_test.dart:646:57: Error: Undefined name 'ApiResponseStatus'.
        expect(ApiUtils.getApiResponseStatus(200), equals(ApiResponseStatus.success));
                                                          ^^^^^^^^^^^^^^^^^
  test/api/api_models_test.dart:647:14: Error: Undefined name 'ApiUtils'.
        expect(ApiUtils.getApiResponseStatus(401), equals(ApiResponseStatus.unauthorized));
               ^^^^^^^^
  test/api/api_models_test.dart:647:57: Error: Undefined name 'ApiResponseStatus'.
        expect(ApiUtils.getApiResponseStatus(401), equals(ApiResponseStatus.unauthorized));
                                                          ^^^^^^^^^^^^^^^^^
  test/api/api_models_test.dart:648:14: Error: Undefined name 'ApiUtils'.
        expect(ApiUtils.getApiResponseStatus(403), equals(ApiResponseStatus.forbidden));
               ^^^^^^^^
  test/api/api_models_test.dart:648:57: Error: Undefined name 'ApiResponseStatus'.
        expect(ApiUtils.getApiResponseStatus(403), equals(ApiResponseStatus.forbidden));
                                                          ^^^^^^^^^^^^^^^^^
  test/api/api_models_test.dart:649:14: Error: Undefined name 'ApiUtils'.
        expect(ApiUtils.getApiResponseStatus(404), equals(ApiResponseStatus.notFound));
               ^^^^^^^^
  test/api/api_models_test.dart:649:57: Error: Undefined name 'ApiResponseStatus'.
        expect(ApiUtils.getApiResponseStatus(404), equals(ApiResponseStatus.notFound));
                                                          ^^^^^^^^^^^^^^^^^
  test/api/api_models_test.dart:650:14: Error: Undefined name 'ApiUtils'.
        expect(ApiUtils.getApiResponseStatus(422), equals(ApiResponseStatus.validationError));
               ^^^^^^^^
  test/api/api_models_test.dart:650:57: Error: Undefined name 'ApiResponseStatus'.
        expect(ApiUtils.getApiResponseStatus(422), equals(ApiResponseStatus.validationError));
                                                          ^^^^^^^^^^^^^^^^^
  test/api/api_models_test.dart:651:14: Error: Undefined name 'ApiUtils'.
        expect(ApiUtils.getApiResponseStatus(429), equals(ApiResponseStatus.rateLimited));
               ^^^^^^^^
  test/api/api_models_test.dart:651:57: Error: Undefined name 'ApiResponseStatus'.
        expect(ApiUtils.getApiResponseStatus(429), equals(ApiResponseStatus.rateLimited));
                                                          ^^^^^^^^^^^^^^^^^
  test/api/api_models_test.dart:652:14: Error: Undefined name 'ApiUtils'.
        expect(ApiUtils.getApiResponseStatus(500), equals(ApiResponseStatus.serverError));
               ^^^^^^^^
  test/api/api_models_test.dart:652:57: Error: Undefined name 'ApiResponseStatus'.
        expect(ApiUtils.getApiResponseStatus(500), equals(ApiResponseStatus.serverError));
                                                          ^^^^^^^^^^^^^^^^^
  test/api/api_models_test.dart:654:14: Error: Undefined name 'ApiUtils'.
        expect(ApiUtils.isValidEmail('test@example.com'), isTrue);
               ^^^^^^^^
  test/api/api_models_test.dart:655:14: Error: Undefined name 'ApiUtils'.
        expect(ApiUtils.isValidEmail('invalid-email'), isFalse);
               ^^^^^^^^
  test/api/api_models_test.dart:657:14: Error: Undefined name 'ApiUtils'.
        expect(ApiUtils.isValidPassword('Password123'), isTrue);
               ^^^^^^^^
  test/api/api_models_test.dart:658:14: Error: Undefined name 'ApiUtils'.
        expect(ApiUtils.isValidPassword('weak'), isFalse);
               ^^^^^^^^
  test/api/api_models_test.dart:660:14: Error: Undefined name 'ApiUtils'.
        expect(ApiUtils.sanitizeString('  hello   world  '), equals('hello world'));
               ^^^^^^^^
  .
00:00 +0 -2: loading E:/1 - laravel/1 - LGBTinder/LGBTinder-flutter/test/api/api_integration_test.dart [E]
  Error: The Dart compiler exited unexpectedly.
  package:flutter_tools/src/base/common.dart 34:3  throwToolExit
  package:flutter_tools/src/compile.dart 910:11    DefaultResidentCompiler._compile.<fn>
  dart:async/zone.dart 1538:47                     _rootRunUnary
  dart:async/zone.dart 1429:19                     _CustomZone.runUnary
  dart:async/future_impl.dart 948:45               Future._propagateToListeners.handleValueCallback
  dart:async/future_impl.dart 977:13               Future._propagateToListeners
  dart:async/future_impl.dart 862:9                Future._propagateToListeners
  dart:async/future_impl.dart 720:5                Future._completeWithValue
  dart:async/future_impl.dart 804:7                Future._asyncCompleteWithValue.<fn>
  dart:async/zone.dart 1525:13                     _rootRun
  dart:async/zone.dart 1422:19                     _CustomZone.run
  dart:async/zone.dart 1321:7                      _CustomZone.runGuarded
  dart:async/zone.dart 1362:23                     _CustomZone.bindCallbackGuarded.<fn>
  dart:async/schedule_microtask.dart 40:35         _microtaskLoop
  dart:async/schedule_microtask.dart 49:5          _startMicrotaskLoop
  dart:isolate-patch/isolate_patch.dart 127:13     _runPendingImmediateCallback
  dart:isolate-patch/isolate_patch.dart 194:5      _RawReceivePort._handleMessage
  
Error: Couldn't resolve the package 'lgbtinder' in 'package:lgbtinder/services/api_services/auth_api_service.dart'.
Error: Couldn't resolve the package 'lgbtinder' in 
'package:lgbtinder/services/api_services/reference_data_api_service.dart'.
Error: Couldn't resolve the package 'lgbtinder' in 'package:lgbtinder/services/api_services/user_api_service.dart'.
Error: Couldn't resolve the package 'lgbtinder' in 'package:lgbtinder/services/api_services/matching_api_service.dart'.
Error: Couldn't resolve the package 'lgbtinder' in 'package:lgbtinder/services/api_services/chat_api_service.dart'.
Error: Couldn't resolve the package 'lgbtinder' in 'package:lgbtinder/services/api_services/profile_api_service.dart'.
Error: Couldn't resolve the package 'lgbtinder' in 'package:lgbtinder/models/api_models/auth_models.dart'.
Error: Couldn't resolve the package 'lgbtinder' in 'package:lgbtinder/models/api_models/reference_data_models.dart'.
Error: Couldn't resolve the package 'lgbtinder' in 'package:lgbtinder/models/api_models/user_models.dart'.
Error: Couldn't resolve the package 'lgbtinder' in 'package:lgbtinder/models/api_models/matching_models.dart'.
Error: Couldn't resolve the package 'lgbtinder' in 'package:lgbtinder/models/api_models/chat_models.dart'.
Error: Couldn't resolve the package 'lgbtinder' in 'package:lgbtinder/models/api_models/profile_models.dart'.
test/api/api_services_test.dart:5:8: Error: Not found: 'package:lgbtinder/services/api_services/auth_api_service.dart'
import 'package:lgbtinder/services/api_services/auth_api_service.dart';
       ^
test/api/api_services_test.dart:6:8: Error: Not found: 
'package:lgbtinder/services/api_services/reference_data_api_service.dart'
import 'package:lgbtinder/services/api_services/reference_data_api_service.dart';
       ^
test/api/api_services_test.dart:7:8: Error: Not found: 'package:lgbtinder/services/api_services/user_api_service.dart'
import 'package:lgbtinder/services/api_services/user_api_service.dart';
       ^
test/api/api_services_test.dart:8:8: Error: Not found: 
'package:lgbtinder/services/api_services/matching_api_service.dart'
import 'package:lgbtinder/services/api_services/matching_api_service.dart';
       ^
test/api/api_services_test.dart:9:8: Error: Not found: 'package:lgbtinder/services/api_services/chat_api_service.dart'
import 'package:lgbtinder/services/api_services/chat_api_service.dart';
       ^
test/api/api_services_test.dart:10:8: Error: Not found: 
'package:lgbtinder/services/api_services/profile_api_service.dart'
import 'package:lgbtinder/services/api_services/profile_api_service.dart';
       ^
test/api/api_services_test.dart:11:8: Error: Not found: 'package:lgbtinder/models/api_models/auth_models.dart'
import 'package:lgbtinder/models/api_models/auth_models.dart';
       ^
test/api/api_services_test.dart:12:8: Error: Not found: 
'package:lgbtinder/models/api_models/reference_data_models.dart'
import 'package:lgbtinder/models/api_models/reference_data_models.dart';
       ^
test/api/api_services_test.dart:13:8: Error: Not found: 'package:lgbtinder/models/api_models/user_models.dart'
import 'package:lgbtinder/models/api_models/user_models.dart';
       ^
test/api/api_services_test.dart:14:8: Error: Not found: 'package:lgbtinder/models/api_models/matching_models.dart'
import 'package:lgbtinder/models/api_models/matching_models.dart';
       ^
test/api/api_services_test.dart:15:8: Error: Not found: 'package:lgbtinder/models/api_models/chat_models.dart'
import 'package:lgbtinder/models/api_models/chat_models.dart';
       ^
test/api/api_services_test.dart:16:8: Error: Not found: 'package:lgbtinder/models/api_models/profile_models.dart'
import 'package:lgbtinder/models/api_models/profile_models.dart';
       ^
test/api/api_services_test.dart:18:8: Error: Error when reading 'test/api/api_services_test.mocks.dart': The system 
cannot find the file specified.

import 'api_services_test.mocks.dart';
       ^
test/api/api_services_test.dart:23:10: Error: 'MockClient' isn't a type.
    late MockClient mockClient;
         ^^^^^^^^^^
test/api/api_services_test.dart:26:20: Error: Method not found: 'MockClient'.
      mockClient = MockClient();
                   ^^^^^^^^^^
test/api/api_services_test.dart:40:10: Error: 'MockClient' isn't a type.
    late MockClient mockClient;
         ^^^^^^^^^^
test/api/api_services_test.dart:43:20: Error: Method not found: 'MockClient'.
      mockClient = MockClient();
                   ^^^^^^^^^^
test/api/api_services_test.dart:48:23: Error: Method not found: 'RegisterRequest'.
      final request = RegisterRequest(
                      ^^^^^^^^^^^^^^^
test/api/api_services_test.dart:76:30: Error: Undefined name 'AuthApiService'.
      final response = await AuthApiService.register(request);
                             ^^^^^^^^^^^^^^
test/api/api_services_test.dart:88:23: Error: Method not found: 'RegisterRequest'.
      final request = RegisterRequest(
                      ^^^^^^^^^^^^^^^
test/api/api_services_test.dart:113:30: Error: Undefined name 'AuthApiService'.
      final response = await AuthApiService.register(request);
                             ^^^^^^^^^^^^^^
test/api/api_services_test.dart:124:23: Error: Method not found: 'CheckUserStateRequest'.
      final request = CheckUserStateRequest(email: 'john.doe@example.com');
                      ^^^^^^^^^^^^^^^^^^^^^
test/api/api_services_test.dart:146:30: Error: Undefined name 'AuthApiService'.
      final response = await AuthApiService.checkUserState(request);
                             ^^^^^^^^^^^^^^
test/api/api_services_test.dart:158:23: Error: Method not found: 'VerifyEmailRequest'.
      final request = VerifyEmailRequest(
                      ^^^^^^^^^^^^^^^^^^
test/api/api_services_test.dart:184:30: Error: Undefined name 'AuthApiService'.
      final response = await AuthApiService.verifyEmail(request);
                             ^^^^^^^^^^^^^^
test/api/api_services_test.dart:196:23: Error: Method not found: 'CompleteProfileRequest'.
      final request = CompleteProfileRequest(
                      ^^^^^^^^^^^^^^^^^^^^^^
test/api/api_services_test.dart:259:30: Error: Undefined name 'AuthApiService'.
      final response = await AuthApiService.completeProfile(request, 'token');
                             ^^^^^^^^^^^^^^
test/api/api_services_test.dart:273:10: Error: 'MockClient' isn't a type.
    late MockClient mockClient;
         ^^^^^^^^^^
test/api/api_services_test.dart:276:20: Error: Method not found: 'MockClient'.
      mockClient = MockClient();
                   ^^^^^^^^^^
test/api/api_services_test.dart:304:31: Error: Undefined name 'ReferenceDataApiService'.
      final countries = await ReferenceDataApiService.getCountries();
                              ^^^^^^^^^^^^^^^^^^^^^^^
test/api/api_services_test.dart:337:28: Error: Undefined name 'ReferenceDataApiService'.
      final cities = await ReferenceDataApiService.getCitiesByCountry(1);
                           ^^^^^^^^^^^^^^^^^^^^^^^
test/api/api_services_test.dart:370:29: Error: Undefined name 'ReferenceDataApiService'.
      final genders = await ReferenceDataApiService.getGenders();
                            ^^^^^^^^^^^^^^^^^^^^^^^
test/api/api_services_test.dart:398:29: Error: Undefined name 'ReferenceDataApiService'.
      final allData = await ReferenceDataApiService.getAllReferenceData();
                            ^^^^^^^^^^^^^^^^^^^^^^^
test/api/api_services_test.dart:401:44: Error: 'ReferenceDataItem' isn't a type.
      expect(allData, isA<Map<String, List<ReferenceDataItem>>>());
                                           ^^^^^^^^^^^^^^^^^
test/api/api_services_test.dart:416:10: Error: 'MockClient' isn't a type.
    late MockClient mockClient;
         ^^^^^^^^^^
test/api/api_services_test.dart:419:20: Error: Method not found: 'MockClient'.
      mockClient = MockClient();
                   ^^^^^^^^^^
test/api/api_services_test.dart:462:26: Error: Undefined name 'UserApiService'.
      final user = await UserApiService.getCurrentUser('token');
                         ^^^^^^^^^^^^^^
test/api/api_services_test.dart:484:15: Error: Undefined name 'UserApiService'.
        () => UserApiService.getCurrentUser('invalid_token'),
              ^^^^^^^^^^^^^^
test/api/api_services_test.dart:493:10: Error: 'MockClient' isn't a type.
    late MockClient mockClient;
         ^^^^^^^^^^
test/api/api_services_test.dart:496:20: Error: Method not found: 'MockClient'.
      mockClient = MockClient();
                   ^^^^^^^^^^
test/api/api_services_test.dart:501:23: Error: Method not found: 'LikeUserRequest'.
      final request = LikeUserRequest(targetUserId: 2);
                      ^^^^^^^^^^^^^^^
test/api/api_services_test.dart:524:30: Error: Undefined name 'MatchingApiService'.
      final response = await MatchingApiService.likeUser(request, 'token');
                             ^^^^^^^^^^^^^^^^^^
test/api/api_services_test.dart:537:23: Error: Method not found: 'LikeUserRequest'.
      final request = LikeUserRequest(targetUserId: 2);
                      ^^^^^^^^^^^^^^^
test/api/api_services_test.dart:561:30: Error: Undefined name 'MatchingApiService'.
      final response = await MatchingApiService.likeUser(request, 'token');
                             ^^^^^^^^^^^^^^^^^^
test/api/api_services_test.dart:604:29: Error: Undefined name 'MatchingApiService'.
      final matches = await MatchingApiService.getMatches('token');
                            ^^^^^^^^^^^^^^^^^^
test/api/api_services_test.dart:618:10: Error: 'MockClient' isn't a type.
    late MockClient mockClient;
         ^^^^^^^^^^
test/api/api_services_test.dart:621:20: Error: Method not found: 'MockClient'.
      mockClient = MockClient();
                   ^^^^^^^^^^
test/api/api_services_test.dart:629:22: Error: Undefined name 'MessageType'.
        messageType: MessageType.text,
                     ^^^^^^^^^^^
test/api/api_services_test.dart:626:23: Error: Method not found: 'SendMessageRequest'.
      final request = SendMessageRequest(
                      ^^^^^^^^^^^^^^^^^^
test/api/api_services_test.dart:655:30: Error: Undefined name 'ChatApiService'.
      final response = await ChatApiService.sendMessage(request, 'token');
                             ^^^^^^^^^^^^^^
test/api/api_services_test.dart:664:49: Error: Undefined name 'MessageType'.
      expect(response.data?.messageType, equals(MessageType.text));
                                                ^^^^^^^^^^^
test/api/api_services_test.dart:710:30: Error: Undefined name 'ChatApiService'.
      final response = await ChatApiService.getChatHistory(2, 'token');
                             ^^^^^^^^^^^^^^
test/api/api_services_test.dart:723:14: Error: Undefined name 'ChatApiService'.
      expect(ChatApiService.canSendMessage(1, 2), isTrue);
             ^^^^^^^^^^^^^^
test/api/api_services_test.dart:724:14: Error: Undefined name 'ChatApiService'.
      expect(ChatApiService.canSendMessage(1, 1), isFalse);
             ^^^^^^^^^^^^^^
test/api/api_services_test.dart:726:14: Error: Undefined name 'ChatApiService'.
      expect(ChatApiService.isValidMessage('Valid message'), isTrue);
             ^^^^^^^^^^^^^^
test/api/api_services_test.dart:727:14: Error: Undefined name 'ChatApiService'.
      expect(ChatApiService.isValidMessage(''), isFalse);
             ^^^^^^^^^^^^^^
test/api/api_services_test.dart:728:14: Error: Undefined name 'ChatApiService'.
      expect(ChatApiService.isValidMessage('   '), isFalse);
             ^^^^^^^^^^^^^^
test/api/api_services_test.dart:730:14: Error: Undefined name 'ChatApiService'.
      expect(ChatApiService.getMessageCharacterCount('Hello'), equals(5));
             ^^^^^^^^^^^^^^
test/api/api_services_test.dart:731:14: Error: Undefined name 'ChatApiService'.
      expect(ChatApiService.isMessageTooLong('Short message'), isFalse);
             ^^^^^^^^^^^^^^
test/api/api_services_test.dart:732:14: Error: Undefined name 'ChatApiService'.
      expect(ChatApiService.isMessageTooLong('x' * 1001), isTrue);
             ^^^^^^^^^^^^^^
test/api/api_services_test.dart:739:10: Error: 'MockClient' isn't a type.
    late MockClient mockClient;
         ^^^^^^^^^^
test/api/api_services_test.dart:742:20: Error: Method not found: 'MockClient'.
      mockClient = MockClient();
                   ^^^^^^^^^^
test/api/api_services_test.dart:747:23: Error: Method not found: 'UpdateProfileRequest'.
      final request = UpdateProfileRequest(
                      ^^^^^^^^^^^^^^^^^^^^
test/api/api_services_test.dart:784:30: Error: Undefined name 'ProfileApiService'.
      final response = await ProfileApiService.updateProfile(request, 'token');
                             ^^^^^^^^^^^^^^^^^
test/api/api_services_test.dart:800:23: Error: Method not found: 'UpdateProfileRequest'.
      final request = UpdateProfileRequest(
                      ^^^^^^^^^^^^^^^^^^^^
test/api/api_services_test.dart:825:30: Error: Undefined name 'ProfileApiService'.
      final response = await ProfileApiService.updateProfile(request, 'token');
                             ^^^^^^^^^^^^^^^^^
test/api/api_services_test.dart:837:28: Error: Method not found: 'UpdateProfileRequest'.
      final validRequest = UpdateProfileRequest(
                           ^^^^^^^^^^^^^^^^^^^^
test/api/api_services_test.dart:845:30: Error: Method not found: 'UpdateProfileRequest'.
      final invalidRequest = UpdateProfileRequest(
                             ^^^^^^^^^^^^^^^^^^^^
test/api/api_services_test.dart:853:14: Error: Undefined name 'ProfileApiService'.
      expect(ProfileApiService.isValidProfileUpdateRequest(validRequest), isTrue);
             ^^^^^^^^^^^^^^^^^
test/api/api_services_test.dart:854:14: Error: Undefined name 'ProfileApiService'.
      expect(ProfileApiService.isValidProfileUpdateRequest(invalidRequest), isFalse);
             ^^^^^^^^^^^^^^^^^
test/api/api_services_test.dart:856:22: Error: Undefined name 'ProfileApiService'.
      final errors = ProfileApiService.validateProfileUpdateRequest(invalidRequest);
                     ^^^^^^^^^^^^^^^^^
test/api/api_services_test.dart:866:14: Error: Undefined name 'ProfileApiService'.
      expect(ProfileApiService.canUpdateProfile('valid_token'), isTrue);
             ^^^^^^^^^^^^^^^^^
test/api/api_services_test.dart:867:14: Error: Undefined name 'ProfileApiService'.
      expect(ProfileApiService.canUpdateProfile(null), isFalse);
             ^^^^^^^^^^^^^^^^^
test/api/api_services_test.dart:869:14: Error: Undefined name 'ProfileApiService'.
      expect(ProfileApiService.getProfileBioCharacterCount('Hello'), equals(5));
             ^^^^^^^^^^^^^^^^^
test/api/api_services_test.dart:870:14: Error: Undefined name 'ProfileApiService'.
      expect(ProfileApiService.getRemainingBioCharacters('Hello'), equals(495));
             ^^^^^^^^^^^^^^^^^
test/api/api_services_test.dart:871:14: Error: Undefined name 'ProfileApiService'.
      expect(ProfileApiService.isProfileBioTooLong('x' * 501), isTrue);
             ^^^^^^^^^^^^^^^^^
test/api/api_services_test.dart:873:14: Error: Undefined name 'ProfileApiService'.
      expect(ProfileApiService.formatHeight(175), equals('175cm'));
             ^^^^^^^^^^^^^^^^^
test/api/api_services_test.dart:874:14: Error: Undefined name 'ProfileApiService'.
      expect(ProfileApiService.formatWeight(70), equals('70kg'));
             ^^^^^^^^^^^^^^^^^
test/api/api_services_test.dart:875:14: Error: Undefined name 'ProfileApiService'.
      expect(ProfileApiService.formatAgePreference(21, 35), equals('21-35 years'));
             ^^^^^^^^^^^^^^^^^
test/api/api_services_test.dart:877:14: Error: Undefined name 'ProfileApiService'.
      expect(ProfileApiService.getLifestyleString(true, false, true), equals('Smokes, Gym'));
             ^^^^^^^^^^^^^^^^^
test/api/api_services_test.dart:878:14: Error: Undefined name 'ProfileApiService'.
      expect(ProfileApiService.getLifestyleString(false, false, false), equals('No lifestyle preferences set'));
             ^^^^^^^^^^^^^^^^^
00:00 +0 -3: loading E:/1 - laravel/1 - LGBTinder/LGBTinder-flutter/test/api/api_services_test.dart [E]
  Failed to load "E:/1 - laravel/1 - LGBTinder/LGBTinder-flutter/test/api/api_services_test.dart":
  Compilation failed for testPath=E:/1 - laravel/1 - LGBTinder/LGBTinder-flutter/test/api/api_services_test.dart: Error: Couldn't resolve the package 'lgbtinder' in 'package:lgbtinder/services/api_services/auth_api_service.dart'.
  Error: Couldn't resolve the package 'lgbtinder' in 'package:lgbtinder/services/api_services/reference_data_api_service.dart'.
  Error: Couldn't resolve the package 'lgbtinder' in 'package:lgbtinder/services/api_services/user_api_service.dart'.
  Error: Couldn't resolve the package 'lgbtinder' in 'package:lgbtinder/services/api_services/matching_api_service.dart'.
  Error: Couldn't resolve the package 'lgbtinder' in 'package:lgbtinder/services/api_services/chat_api_service.dart'.
  Error: Couldn't resolve the package 'lgbtinder' in 'package:lgbtinder/services/api_services/profile_api_service.dart'.
  Error: Couldn't resolve the package 'lgbtinder' in 'package:lgbtinder/models/api_models/auth_models.dart'.
  Error: Couldn't resolve the package 'lgbtinder' in 'package:lgbtinder/models/api_models/reference_data_models.dart'.
  Error: Couldn't resolve the package 'lgbtinder' in 'package:lgbtinder/models/api_models/user_models.dart'.
  Error: Couldn't resolve the package 'lgbtinder' in 'package:lgbtinder/models/api_models/matching_models.dart'.
  Error: Couldn't resolve the package 'lgbtinder' in 'package:lgbtinder/models/api_models/chat_models.dart'.
  Error: Couldn't resolve the package 'lgbtinder' in 'package:lgbtinder/models/api_models/profile_models.dart'.
  test/api/api_services_test.dart:5:8: Error: Not found: 'package:lgbtinder/services/api_services/auth_api_service.dart'
  import 'package:lgbtinder/services/api_services/auth_api_service.dart';
         ^
  test/api/api_services_test.dart:6:8: Error: Not found: 'package:lgbtinder/services/api_services/reference_data_api_service.dart'
  import 'package:lgbtinder/services/api_services/reference_data_api_service.dart';
         ^
  test/api/api_services_test.dart:7:8: Error: Not found: 'package:lgbtinder/services/api_services/user_api_service.dart'
  import 'package:lgbtinder/services/api_services/user_api_service.dart';
         ^
  test/api/api_services_test.dart:8:8: Error: Not found: 'package:lgbtinder/services/api_services/matching_api_service.dart'
  import 'package:lgbtinder/services/api_services/matching_api_service.dart';
         ^
  test/api/api_services_test.dart:9:8: Error: Not found: 'package:lgbtinder/services/api_services/chat_api_service.dart'
  import 'package:lgbtinder/services/api_services/chat_api_service.dart';
         ^
  test/api/api_services_test.dart:10:8: Error: Not found: 'package:lgbtinder/services/api_services/profile_api_service.dart'
  import 'package:lgbtinder/services/api_services/profile_api_service.dart';
         ^
  test/api/api_services_test.dart:11:8: Error: Not found: 'package:lgbtinder/models/api_models/auth_models.dart'
  import 'package:lgbtinder/models/api_models/auth_models.dart';
         ^
  test/api/api_services_test.dart:12:8: Error: Not found: 'package:lgbtinder/models/api_models/reference_data_models.dart'
  import 'package:lgbtinder/models/api_models/reference_data_models.dart';
         ^
  test/api/api_services_test.dart:13:8: Error: Not found: 'package:lgbtinder/models/api_models/user_models.dart'
  import 'package:lgbtinder/models/api_models/user_models.dart';
         ^
  test/api/api_services_test.dart:14:8: Error: Not found: 'package:lgbtinder/models/api_models/matching_models.dart'
  import 'package:lgbtinder/models/api_models/matching_models.dart';
         ^
  test/api/api_services_test.dart:15:8: Error: Not found: 'package:lgbtinder/models/api_models/chat_models.dart'
  import 'package:lgbtinder/models/api_models/chat_models.dart';
         ^
  test/api/api_services_test.dart:16:8: Error: Not found: 'package:lgbtinder/models/api_models/profile_models.dart'
  import 'package:lgbtinder/models/api_models/profile_models.dart';
         ^
  test/api/api_services_test.dart:18:8: Error: Error when reading 'test/api/api_services_test.mocks.dart': The system cannot find the file specified.
  
  import 'api_services_test.mocks.dart';
         ^
  test/api/api_services_test.dart:23:10: Error: 'MockClient' isn't a type.
      late MockClient mockClient;
           ^^^^^^^^^^
  test/api/api_services_test.dart:26:20: Error: Method not found: 'MockClient'.
        mockClient = MockClient();
                     ^^^^^^^^^^
  test/api/api_services_test.dart:40:10: Error: 'MockClient' isn't a type.
      late MockClient mockClient;
           ^^^^^^^^^^
  test/api/api_services_test.dart:43:20: Error: Method not found: 'MockClient'.
        mockClient = MockClient();
                     ^^^^^^^^^^
  test/api/api_services_test.dart:48:23: Error: Method not found: 'RegisterRequest'.
        final request = RegisterRequest(
                        ^^^^^^^^^^^^^^^
  test/api/api_services_test.dart:76:30: Error: Undefined name 'AuthApiService'.
        final response = await AuthApiService.register(request);
                               ^^^^^^^^^^^^^^
  test/api/api_services_test.dart:88:23: Error: Method not found: 'RegisterRequest'.
        final request = RegisterRequest(
                        ^^^^^^^^^^^^^^^
  test/api/api_services_test.dart:113:30: Error: Undefined name 'AuthApiService'.
        final response = await AuthApiService.register(request);
                               ^^^^^^^^^^^^^^
  test/api/api_services_test.dart:124:23: Error: Method not found: 'CheckUserStateRequest'.
        final request = CheckUserStateRequest(email: 'john.doe@example.com');
                        ^^^^^^^^^^^^^^^^^^^^^
  test/api/api_services_test.dart:146:30: Error: Undefined name 'AuthApiService'.
        final response = await AuthApiService.checkUserState(request);
                               ^^^^^^^^^^^^^^
  test/api/api_services_test.dart:158:23: Error: Method not found: 'VerifyEmailRequest'.
        final request = VerifyEmailRequest(
                        ^^^^^^^^^^^^^^^^^^
  test/api/api_services_test.dart:184:30: Error: Undefined name 'AuthApiService'.
        final response = await AuthApiService.verifyEmail(request);
                               ^^^^^^^^^^^^^^
  test/api/api_services_test.dart:196:23: Error: Method not found: 'CompleteProfileRequest'.
        final request = CompleteProfileRequest(
                        ^^^^^^^^^^^^^^^^^^^^^^
  test/api/api_services_test.dart:259:30: Error: Undefined name 'AuthApiService'.
        final response = await AuthApiService.completeProfile(request, 'token');
                               ^^^^^^^^^^^^^^
  test/api/api_services_test.dart:273:10: Error: 'MockClient' isn't a type.
      late MockClient mockClient;
           ^^^^^^^^^^
  test/api/api_services_test.dart:276:20: Error: Method not found: 'MockClient'.
        mockClient = MockClient();
                     ^^^^^^^^^^
  test/api/api_services_test.dart:304:31: Error: Undefined name 'ReferenceDataApiService'.
        final countries = await ReferenceDataApiService.getCountries();
                                ^^^^^^^^^^^^^^^^^^^^^^^
  test/api/api_services_test.dart:337:28: Error: Undefined name 'ReferenceDataApiService'.
        final cities = await ReferenceDataApiService.getCitiesByCountry(1);
                             ^^^^^^^^^^^^^^^^^^^^^^^
  test/api/api_services_test.dart:370:29: Error: Undefined name 'ReferenceDataApiService'.
        final genders = await ReferenceDataApiService.getGenders();
                              ^^^^^^^^^^^^^^^^^^^^^^^
  test/api/api_services_test.dart:398:29: Error: Undefined name 'ReferenceDataApiService'.
        final allData = await ReferenceDataApiService.getAllReferenceData();
                              ^^^^^^^^^^^^^^^^^^^^^^^
  test/api/api_services_test.dart:401:44: Error: 'ReferenceDataItem' isn't a type.
        expect(allData, isA<Map<String, List<ReferenceDataItem>>>());
                                             ^^^^^^^^^^^^^^^^^
  test/api/api_services_test.dart:416:10: Error: 'MockClient' isn't a type.
      late MockClient mockClient;
           ^^^^^^^^^^
  test/api/api_services_test.dart:419:20: Error: Method not found: 'MockClient'.
        mockClient = MockClient();
                     ^^^^^^^^^^
  test/api/api_services_test.dart:462:26: Error: Undefined name 'UserApiService'.
        final user = await UserApiService.getCurrentUser('token');
                           ^^^^^^^^^^^^^^
  test/api/api_services_test.dart:484:15: Error: Undefined name 'UserApiService'.
          () => UserApiService.getCurrentUser('invalid_token'),
                ^^^^^^^^^^^^^^
  test/api/api_services_test.dart:493:10: Error: 'MockClient' isn't a type.
      late MockClient mockClient;
           ^^^^^^^^^^
  test/api/api_services_test.dart:496:20: Error: Method not found: 'MockClient'.
        mockClient = MockClient();
                     ^^^^^^^^^^
  test/api/api_services_test.dart:501:23: Error: Method not found: 'LikeUserRequest'.
        final request = LikeUserRequest(targetUserId: 2);
                        ^^^^^^^^^^^^^^^
  test/api/api_services_test.dart:524:30: Error: Undefined name 'MatchingApiService'.
        final response = await MatchingApiService.likeUser(request, 'token');
                               ^^^^^^^^^^^^^^^^^^
  test/api/api_services_test.dart:537:23: Error: Method not found: 'LikeUserRequest'.
        final request = LikeUserRequest(targetUserId: 2);
                        ^^^^^^^^^^^^^^^
  test/api/api_services_test.dart:561:30: Error: Undefined name 'MatchingApiService'.
        final response = await MatchingApiService.likeUser(request, 'token');
                               ^^^^^^^^^^^^^^^^^^
  test/api/api_services_test.dart:604:29: Error: Undefined name 'MatchingApiService'.
        final matches = await MatchingApiService.getMatches('token');
                              ^^^^^^^^^^^^^^^^^^
  test/api/api_services_test.dart:618:10: Error: 'MockClient' isn't a type.
      late MockClient mockClient;
           ^^^^^^^^^^
  test/api/api_services_test.dart:621:20: Error: Method not found: 'MockClient'.
        mockClient = MockClient();
                     ^^^^^^^^^^
  test/api/api_services_test.dart:629:22: Error: Undefined name 'MessageType'.
          messageType: MessageType.text,
                       ^^^^^^^^^^^
  test/api/api_services_test.dart:626:23: Error: Method not found: 'SendMessageRequest'.
        final request = SendMessageRequest(
                        ^^^^^^^^^^^^^^^^^^
  test/api/api_services_test.dart:655:30: Error: Undefined name 'ChatApiService'.
        final response = await ChatApiService.sendMessage(request, 'token');
                               ^^^^^^^^^^^^^^
  test/api/api_services_test.dart:664:49: Error: Undefined name 'MessageType'.
        expect(response.data?.messageType, equals(MessageType.text));
                                                  ^^^^^^^^^^^
  test/api/api_services_test.dart:710:30: Error: Undefined name 'ChatApiService'.
        final response = await ChatApiService.getChatHistory(2, 'token');
                               ^^^^^^^^^^^^^^
  test/api/api_services_test.dart:723:14: Error: Undefined name 'ChatApiService'.
        expect(ChatApiService.canSendMessage(1, 2), isTrue);
               ^^^^^^^^^^^^^^
  test/api/api_services_test.dart:724:14: Error: Undefined name 'ChatApiService'.
        expect(ChatApiService.canSendMessage(1, 1), isFalse);
               ^^^^^^^^^^^^^^
  test/api/api_services_test.dart:726:14: Error: Undefined name 'ChatApiService'.
        expect(ChatApiService.isValidMessage('Valid message'), isTrue);
               ^^^^^^^^^^^^^^
  test/api/api_services_test.dart:727:14: Error: Undefined name 'ChatApiService'.
        expect(ChatApiService.isValidMessage(''), isFalse);
               ^^^^^^^^^^^^^^
  test/api/api_services_test.dart:728:14: Error: Undefined name 'ChatApiService'.
        expect(ChatApiService.isValidMessage('   '), isFalse);
               ^^^^^^^^^^^^^^
  test/api/api_services_test.dart:730:14: Error: Undefined name 'ChatApiService'.
        expect(ChatApiService.getMessageCharacterCount('Hello'), equals(5));
               ^^^^^^^^^^^^^^
  test/api/api_services_test.dart:731:14: Error: Undefined name 'ChatApiService'.
        expect(ChatApiService.isMessageTooLong('Short message'), isFalse);
               ^^^^^^^^^^^^^^
  test/api/api_services_test.dart:732:14: Error: Undefined name 'ChatApiService'.
        expect(ChatApiService.isMessageTooLong('x' * 1001), isTrue);
               ^^^^^^^^^^^^^^
  test/api/api_services_test.dart:739:10: Error: 'MockClient' isn't a type.
      late MockClient mockClient;
           ^^^^^^^^^^
  test/api/api_services_test.dart:742:20: Error: Method not found: 'MockClient'.
        mockClient = MockClient();
                     ^^^^^^^^^^
  test/api/api_services_test.dart:747:23: Error: Method not found: 'UpdateProfileRequest'.
        final request = UpdateProfileRequest(
                        ^^^^^^^^^^^^^^^^^^^^
  test/api/api_services_test.dart:784:30: Error: Undefined name 'ProfileApiService'.
        final response = await ProfileApiService.updateProfile(request, 'token');
                               ^^^^^^^^^^^^^^^^^
  test/api/api_services_test.dart:800:23: Error: Method not found: 'UpdateProfileRequest'.
        final request = UpdateProfileRequest(
                        ^^^^^^^^^^^^^^^^^^^^
  test/api/api_services_test.dart:825:30: Error: Undefined name 'ProfileApiService'.
        final response = await ProfileApiService.updateProfile(request, 'token');
                               ^^^^^^^^^^^^^^^^^
  test/api/api_services_test.dart:837:28: Error: Method not found: 'UpdateProfileRequest'.
        final validRequest = UpdateProfileRequest(
                             ^^^^^^^^^^^^^^^^^^^^
  test/api/api_services_test.dart:845:30: Error: Method not found: 'UpdateProfileRequest'.
        final invalidRequest = UpdateProfileRequest(
                               ^^^^^^^^^^^^^^^^^^^^
  test/api/api_services_test.dart:853:14: Error: Undefined name 'ProfileApiService'.
        expect(ProfileApiService.isValidProfileUpdateRequest(validRequest), isTrue);
               ^^^^^^^^^^^^^^^^^
  test/api/api_services_test.dart:854:14: Error: Undefined name 'ProfileApiService'.
        expect(ProfileApiService.isValidProfileUpdateRequest(invalidRequest), isFalse);
               ^^^^^^^^^^^^^^^^^
  test/api/api_services_test.dart:856:22: Error: Undefined name 'ProfileApiService'.
        final errors = ProfileApiService.validateProfileUpdateRequest(invalidRequest);
                       ^^^^^^^^^^^^^^^^^
  test/api/api_services_test.dart:866:14: Error: Undefined name 'ProfileApiService'.
        expect(ProfileApiService.canUpdateProfile('valid_token'), isTrue);
               ^^^^^^^^^^^^^^^^^
  test/api/api_services_test.dart:867:14: Error: Undefined name 'ProfileApiService'.
        expect(ProfileApiService.canUpdateProfile(null), isFalse);
               ^^^^^^^^^^^^^^^^^
  test/api/api_services_test.dart:869:14: Error: Undefined name 'ProfileApiService'.
        expect(ProfileApiService.getProfileBioCharacterCount('Hello'), equals(5));
               ^^^^^^^^^^^^^^^^^
  test/api/api_services_test.dart:870:14: Error: Undefined name 'ProfileApiService'.
        expect(ProfileApiService.getRemainingBioCharacters('Hello'), equals(495));
               ^^^^^^^^^^^^^^^^^
  test/api/api_services_test.dart:871:14: Error: Undefined name 'ProfileApiService'.
        expect(ProfileApiService.isProfileBioTooLong('x' * 501), isTrue);
               ^^^^^^^^^^^^^^^^^
  test/api/api_services_test.dart:873:14: Error: Undefined name 'ProfileApiService'.
        expect(ProfileApiService.formatHeight(175), equals('175cm'));
               ^^^^^^^^^^^^^^^^^
  test/api/api_services_test.dart:874:14: Error: Undefined name 'ProfileApiService'.
        expect(ProfileApiService.formatWeight(70), equals('70kg'));
               ^^^^^^^^^^^^^^^^^
  test/api/api_services_test.dart:875:14: Error: Undefined name 'ProfileApiService'.
        expect(ProfileApiService.formatAgePreference(21, 35), equals('21-35 years'));
               ^^^^^^^^^^^^^^^^^
  test/api/api_services_test.dart:877:14: Error: Undefined name 'ProfileApiService'.
        expect(ProfileApiService.getLifestyleString(true, false, true), equals('Smokes, Gym'));
               ^^^^^^^^^^^^^^^^^
  test/api/api_services_test.dart:878:14: Error: Undefined name 'ProfileApiService'.
        expect(ProfileApiService.getLifestyleString(false, false, false), equals('No lifestyle preferences set'));
               ^^^^^^^^^^^^^^^^^
  .
00:00 +0 -3: loading E:/1 - laravel/1 - LGBTinder/LGBTinder-flutter/test/api/api_integration_test.dart [E]
  Error: The Dart compiler exited unexpectedly.
  package:flutter_tools/src/base/common.dart 34:3  throwToolExit
  package:flutter_tools/src/compile.dart 910:11    DefaultResidentCompiler._compile.<fn>
  dart:async/zone.dart 1538:47                     _rootRunUnary
  dart:async/zone.dart 1429:19                     _CustomZone.runUnary
  dart:async/future_impl.dart 948:45               Future._propagateToListeners.handleValueCallback
  dart:async/future_impl.dart 977:13               Future._propagateToListeners
  dart:async/future_impl.dart 862:9                Future._propagateToListeners
  dart:async/future_impl.dart 720:5                Future._completeWithValue
  dart:async/future_impl.dart 804:7                Future._asyncCompleteWithValue.<fn>
  dart:async/zone.dart 1525:13                     _rootRun
  dart:async/zone.dart 1422:19                     _CustomZone.run
  dart:async/zone.dart 1321:7                      _CustomZone.runGuarded
  dart:async/zone.dart 1362:23                     _CustomZone.bindCallbackGuarded.<fn>
  dart:async/schedule_microtask.dart 40:35         _microtaskLoop
  dart:async/schedule_microtask.dart 49:5          _startMicrotaskLoop
  dart:isolate-patch/isolate_patch.dart 127:13     _runPendingImmediateCallback
  dart:isolate-patch/isolate_patch.dart 194:5      _RawReceivePort._handleMessage
  
test/api/auth_service_test.dart:26:11: Error: No named parameter with the name 'name'.
          name: 'Test User',
          ^^^^
lib/models/auth_requests.dart:103:9: Context: Found this candidate, but the arguments don't match.
  const RegisterRequest({
        ^^^^^^^^^^^^^^^
test/api/auth_service_test.dart:48:28: Error: 'AuthResponse' isn't a type.
        expect(result, isA<AuthResponse>());
                           ^^^^^^^^^^^^
test/api/auth_service_test.dart:58:17: Error: Method not found: 'jsonEncode'.
          body: jsonEncode(request.toJson()),
                ^^^^^^^^^^
test/api/auth_service_test.dart:67:11: Error: No named parameter with the name 'name'.
          name: '',
          ^^^^
lib/models/auth_requests.dart:103:9: Context: Found this candidate, but the arguments don't match.
  const RegisterRequest({
        ^^^^^^^^^^^^^^^
test/api/auth_service_test.dart:100:11: Error: No named parameter with the name 'name'.
          name: 'Test User',
          ^^^^
lib/models/auth_requests.dart:103:9: Context: Found this candidate, but the arguments don't match.
  const RegisterRequest({
        ^^^^^^^^^^^^^^^
test/api/auth_service_test.dart:147:28: Error: 'AuthResponse' isn't a type.
        expect(result, isA<AuthResponse>());
                           ^^^^^^^^^^^^
test/api/auth_service_test.dart:157:17: Error: Method not found: 'jsonEncode'.
          body: jsonEncode(request.toJson()),
                ^^^^^^^^^^
test/api/auth_service_test.dart:220:42: Error: Member not found: 'AuthService.sendVerificationEmail'.
        final result = await AuthService.sendVerificationEmail('test@example.com');
                                         ^^^^^^^^^^^^^^^^^^^^^
test/api/auth_service_test.dart:230:17: Error: Method not found: 'jsonEncode'.
          body: jsonEncode({'email': 'test@example.com'}),
                ^^^^^^^^^^
test/api/auth_service_test.dart:236:25: Error: Method not found: 'VerifyEmailRequest'.
        final request = VerifyEmailRequest(
                        ^^^^^^^^^^^^^^^^^^
test/api/auth_service_test.dart:250:42: Error: Member not found: 'AuthService.verifyEmail'.
        final result = await AuthService.verifyEmail(request);
                                         ^^^^^^^^^^^
test/api/auth_service_test.dart:260:17: Error: Method not found: 'jsonEncode'.
          body: jsonEncode(request.toJson()),
                ^^^^^^^^^^
test/api/auth_service_test.dart:266:25: Error: Method not found: 'VerifyEmailRequest'.
        final request = VerifyEmailRequest(
                        ^^^^^^^^^^^^^^^^^^
test/api/auth_service_test.dart:282:29: Error: Member not found: 'AuthService.verifyEmail'.
          () => AuthService.verifyEmail(request),
                            ^^^^^^^^^^^
test/api/auth_service_test.dart:310:17: Error: Method not found: 'jsonEncode'.
          body: jsonEncode({'email': 'test@example.com'}),
                ^^^^^^^^^^
test/api/auth_service_test.dart:316:25: Error: Method not found: 'ResetPasswordRequest'.
        final request = ResetPasswordRequest(
                        ^^^^^^^^^^^^^^^^^^^^
test/api/auth_service_test.dart:332:55: Error: Too few positional arguments: 3 required, 1 given.
        final result = await AuthService.resetPassword(request);
                                                      ^
lib/services/auth_service.dart:666:23: Context: Found this candidate, but the arguments don't match.
  static Future<bool> resetPassword(String token, String password, String passwordConfirmation) async {
                      ^^^^^^^^^^^^^
test/api/auth_service_test.dart:342:17: Error: Method not found: 'jsonEncode'.
          body: jsonEncode(request.toJson()),
                ^^^^^^^^^^
test/api/auth_service_test.dart:348:25: Error: Method not found: 'ChangePasswordRequest'.
        final request = ChangePasswordRequest(
                        ^^^^^^^^^^^^^^^^^^^^^
test/api/auth_service_test.dart:363:56: Error: Too few positional arguments: 3 required, 2 given.
        final result = await AuthService.changePassword(request, ApiTestUtils.testAccessToken);
                                                       ^
lib/services/auth_service.dart:705:23: Context: Found this candidate, but the arguments don't match.
  static Future<bool> changePassword(String currentPassword, String newPassword, String passwordConfirmation, {String? 
accessToken}) async {
                      ^^^^^^^^^^^^^^
test/api/auth_service_test.dart:373:17: Error: Method not found: 'jsonEncode'.
          body: jsonEncode(request.toJson()),
                ^^^^^^^^^^
test/api/auth_service_test.dart:379:25: Error: Method not found: 'ChangePasswordRequest'.
        final request = ChangePasswordRequest(
                        ^^^^^^^^^^^^^^^^^^^^^
test/api/auth_service_test.dart:396:43: Error: Too few positional arguments: 3 required, 2 given.
          () => AuthService.changePassword(request, ApiTestUtils.testAccessToken),
                                          ^
lib/services/auth_service.dart:705:23: Context: Found this candidate, but the arguments don't match.
  static Future<bool> changePassword(String currentPassword, String newPassword, String passwordConfirmation, {String? 
accessToken}) async {
                      ^^^^^^^^^^^^^^
test/api/auth_service_test.dart:405:25: Error: Method not found: 'RefreshTokenRequest'.
        final request = RefreshTokenRequest(
                        ^^^^^^^^^^^^^^^^^^^
test/api/auth_service_test.dart:421:42: Error: Member not found: 'AuthService.refreshToken'.
        final result = await AuthService.refreshToken(request);
                                         ^^^^^^^^^^^^
test/api/auth_service_test.dart:424:28: Error: 'TokenResponse' isn't a type.
        expect(result, isA<TokenResponse>());
                           ^^^^^^^^^^^^^
test/api/auth_service_test.dart:433:17: Error: Method not found: 'jsonEncode'.
          body: jsonEncode(request.toJson()),
                ^^^^^^^^^^
test/api/auth_service_test.dart:439:25: Error: Method not found: 'RefreshTokenRequest'.
        final request = RefreshTokenRequest(
                        ^^^^^^^^^^^^^^^^^^^
test/api/auth_service_test.dart:454:29: Error: Member not found: 'AuthService.refreshToken'.
          () => AuthService.refreshToken(request),
                            ^^^^^^^^^^^^
test/api/auth_service_test.dart:487:25: Error: Method not found: 'DeleteAccountRequest'.
        final request = DeleteAccountRequest(
                        ^^^^^^^^^^^^^^^^^^^^
test/api/auth_service_test.dart:500:55: Error: Too many positional arguments: 1 allowed, but 2 found.
Try removing the extra positional arguments.
        final result = await AuthService.deleteAccount(request, ApiTestUtils.testAccessToken);
                                                      ^
lib/services/auth_service.dart:746:23: Context: Found this candidate, but the arguments don't match.
  static Future<bool> deleteAccount(String password, {String? accessToken}) async {
                      ^^^^^^^^^^^^^
test/api/auth_service_test.dart:515:25: Error: Method not found: 'DeleteAccountRequest'.
        final request = DeleteAccountRequest(
                        ^^^^^^^^^^^^^^^^^^^^
test/api/auth_service_test.dart:530:42: Error: Too many positional arguments: 1 allowed, but 2 found.
Try removing the extra positional arguments.
          () => AuthService.deleteAccount(request, ApiTestUtils.testAccessToken),
                                         ^
lib/services/auth_service.dart:746:23: Context: Found this candidate, but the arguments don't match.
  static Future<bool> deleteAccount(String password, {String? accessToken}) async {
                      ^^^^^^^^^^^^^
test/api/auth_service_test.dart:539:25: Error: Method not found: 'SocialLoginRequest'.
        final request = SocialLoginRequest(
                        ^^^^^^^^^^^^^^^^^^
test/api/auth_service_test.dart:557:42: Error: Member not found: 'AuthService.socialLogin'.
        final result = await AuthService.socialLogin(request);
                                         ^^^^^^^^^^^
test/api/auth_service_test.dart:560:28: Error: 'AuthResponse' isn't a type.
        expect(result, isA<AuthResponse>());
                           ^^^^^^^^^^^^
test/api/auth_service_test.dart:570:17: Error: Method not found: 'jsonEncode'.
          body: jsonEncode(request.toJson()),
                ^^^^^^^^^^
test/api/auth_service_test.dart:576:25: Error: Method not found: 'SocialLoginRequest'.
        final request = SocialLoginRequest(
                        ^^^^^^^^^^^^^^^^^^
test/api/auth_service_test.dart:594:42: Error: Member not found: 'AuthService.socialLogin'.
        final result = await AuthService.socialLogin(request);
                                         ^^^^^^^^^^^
test/api/auth_service_test.dart:597:28: Error: 'AuthResponse' isn't a type.
        expect(result, isA<AuthResponse>());
                           ^^^^^^^^^^^^
test/api/auth_service_test.dart:607:17: Error: Method not found: 'jsonEncode'.
          body: jsonEncode(request.toJson()),
                ^^^^^^^^^^
test/api/auth_service_test.dart:613:25: Error: Method not found: 'SocialLoginRequest'.
        final request = SocialLoginRequest(
                        ^^^^^^^^^^^^^^^^^^
test/api/auth_service_test.dart:629:29: Error: Member not found: 'AuthService.socialLogin'.
          () => AuthService.socialLogin(request),
                            ^^^^^^^^^^^
test/api/auth_service_test.dart:669:22: Error: Method not found: 'TimeoutException'.
        )).thenThrow(TimeoutException('Request timeout', Duration(seconds: 30)));
                     ^^^^^^^^^^^^^^^^
test/api/auth_service_test.dart:674:23: Error: 'TimeoutException' isn't a type.
          throwsA(isA<TimeoutException>()),
                      ^^^^^^^^^^^^^^^^
test/api/auth_service_test.dart:689:22: Error: Method not found: 'SocketException'.
        )).thenThrow(SocketException('No internet connection'));
                     ^^^^^^^^^^^^^^^
test/api/auth_service_test.dart:694:23: Error: 'SocketException' isn't a type.
          throwsA(isA<SocketException>()),
                      ^^^^^^^^^^^^^^^
test/api/auth_service_test.dart:39:11: Error: The argument type 'Null' can't be assigned to the parameter type 'Uri'.
 - 'Uri' is from 'dart:core'.
          any,
          ^
test/api/auth_service_test.dart:49:23: Error: The getter 'user' isn't defined for the type 'RegisterResponse'.
 - 'RegisterResponse' is from 'lib/models/auth_responses.dart'.
Try correcting the name to the name of an existing getter, or defining a getter or field named 'user'.
        expect(result.user, isNotNull);
                      ^^^^
test/api/auth_service_test.dart:50:23: Error: The getter 'accessToken' isn't defined for the type 'RegisterResponse'.
 - 'RegisterResponse' is from 'lib/models/auth_responses.dart'.
Try correcting the name to the name of an existing getter, or defining a getter or field named 'accessToken'.
        expect(result.accessToken, isNotNull);
                      ^^^^^^^^^^^
test/api/auth_service_test.dart:51:23: Error: The getter 'refreshToken' isn't defined for the type 'RegisterResponse'.
 - 'RegisterResponse' is from 'lib/models/auth_responses.dart'.
Try correcting the name to the name of an existing getter, or defining a getter or field named 'refreshToken'.
        expect(result.refreshToken, isNotNull);
                      ^^^^^^^^^^^^
test/api/auth_service_test.dart:83:11: Error: The argument type 'Null' can't be assigned to the parameter type 'Uri'.
 - 'Uri' is from 'dart:core'.
          any,
          ^
test/api/auth_service_test.dart:107:11: Error: The argument type 'Null' can't be assigned to the parameter type 'Uri'.
 - 'Uri' is from 'dart:core'.
          any,
          ^
test/api/auth_service_test.dart:138:11: Error: The argument type 'Null' can't be assigned to the parameter type 'Uri'.
 - 'Uri' is from 'dart:core'.
          any,
          ^
test/api/auth_service_test.dart:169:11: Error: The argument type 'Null' can't be assigned to the parameter type 'Uri'.
 - 'Uri' is from 'dart:core'.
          any,
          ^
test/api/auth_service_test.dart:192:11: Error: The argument type 'Null' can't be assigned to the parameter type 'Uri'.
 - 'Uri' is from 'dart:core'.
          any,
          ^
test/api/auth_service_test.dart:212:11: Error: The argument type 'Null' can't be assigned to the parameter type 'Uri'.
 - 'Uri' is from 'dart:core'.
          any,
          ^
test/api/auth_service_test.dart:242:11: Error: The argument type 'Null' can't be assigned to the parameter type 'Uri'.
 - 'Uri' is from 'dart:core'.
          any,
          ^
test/api/auth_service_test.dart:272:11: Error: The argument type 'Null' can't be assigned to the parameter type 'Uri'.
 - 'Uri' is from 'dart:core'.
          any,
          ^
test/api/auth_service_test.dart:292:11: Error: The argument type 'Null' can't be assigned to the parameter type 'Uri'.
 - 'Uri' is from 'dart:core'.
          any,
          ^
test/api/auth_service_test.dart:324:11: Error: The argument type 'Null' can't be assigned to the parameter type 'Uri'.
 - 'Uri' is from 'dart:core'.
          any,
          ^
test/api/auth_service_test.dart:355:11: Error: The argument type 'Null' can't be assigned to the parameter type 'Uri'.
 - 'Uri' is from 'dart:core'.
          any,
          ^
test/api/auth_service_test.dart:386:11: Error: The argument type 'Null' can't be assigned to the parameter type 'Uri'.
 - 'Uri' is from 'dart:core'.
          any,
          ^
test/api/auth_service_test.dart:415:11: Error: The argument type 'Null' can't be assigned to the parameter type 'Uri'.
 - 'Uri' is from 'dart:core'.
          any,
          ^
test/api/auth_service_test.dart:444:11: Error: The argument type 'Null' can't be assigned to the parameter type 'Uri'.
 - 'Uri' is from 'dart:core'.
          any,
          ^
test/api/auth_service_test.dart:462:11: Error: The argument type 'Null' can't be assigned to the parameter type 'Uri'.
 - 'Uri' is from 'dart:core'.
          any,
          ^
test/api/auth_service_test.dart:493:11: Error: The argument type 'Null' can't be assigned to the parameter type 'Uri'.
 - 'Uri' is from 'dart:core'.
          any,
          ^
test/api/auth_service_test.dart:521:11: Error: The argument type 'Null' can't be assigned to the parameter type 'Uri'.
 - 'Uri' is from 'dart:core'.
          any,
          ^
test/api/auth_service_test.dart:551:11: Error: The argument type 'Null' can't be assigned to the parameter type 'Uri'.
 - 'Uri' is from 'dart:core'.
          any,
          ^
test/api/auth_service_test.dart:588:11: Error: The argument type 'Null' can't be assigned to the parameter type 'Uri'.
 - 'Uri' is from 'dart:core'.
          any,
          ^
test/api/auth_service_test.dart:619:11: Error: The argument type 'Null' can't be assigned to the parameter type 'Uri'.
 - 'Uri' is from 'dart:core'.
          any,
          ^
test/api/auth_service_test.dart:644:11: Error: The argument type 'Null' can't be assigned to the parameter type 'Uri'.
 - 'Uri' is from 'dart:core'.
          any,
          ^
test/api/auth_service_test.dart:666:11: Error: The argument type 'Null' can't be assigned to the parameter type 'Uri'.
 - 'Uri' is from 'dart:core'.
          any,
          ^
test/api/auth_service_test.dart:686:11: Error: The argument type 'Null' can't be assigned to the parameter type 'Uri'.
 - 'Uri' is from 'dart:core'.
          any,
          ^
test/api_test_utils.dart:51:13: Error: Method not found: 'jsonEncode'.
      body: jsonEncode(responseBody),
            ^^^^^^^^^^
test/api_test_utils.dart:68:13: Error: Method not found: 'jsonEncode'.
      body: jsonEncode(responseBody),
            ^^^^^^^^^^
test/api_test_utils.dart:89:13: Error: Method not found: 'jsonEncode'.
      body: jsonEncode({
            ^^^^^^^^^^
00:00 +0 -4: loading E:/1 - laravel/1 - LGBTinder/LGBTinder-flutter/test/api/auth_service_test.dart [E]
  Failed to load "E:/1 - laravel/1 - LGBTinder/LGBTinder-flutter/test/api/auth_service_test.dart":
  Compilation failed for testPath=E:/1 - laravel/1 - LGBTinder/LGBTinder-flutter/test/api/auth_service_test.dart: test/api/auth_service_test.dart:26:11: Error: No named parameter with the name 'name'.
            name: 'Test User',
            ^^^^
  lib/models/auth_requests.dart:103:9: Context: Found this candidate, but the arguments don't match.
    const RegisterRequest({
          ^^^^^^^^^^^^^^^
  test/api/auth_service_test.dart:48:28: Error: 'AuthResponse' isn't a type.
          expect(result, isA<AuthResponse>());
                             ^^^^^^^^^^^^
  test/api/auth_service_test.dart:58:17: Error: Method not found: 'jsonEncode'.
            body: jsonEncode(request.toJson()),
                  ^^^^^^^^^^
  test/api/auth_service_test.dart:67:11: Error: No named parameter with the name 'name'.
            name: '',
            ^^^^
  lib/models/auth_requests.dart:103:9: Context: Found this candidate, but the arguments don't match.
    const RegisterRequest({
          ^^^^^^^^^^^^^^^
  test/api/auth_service_test.dart:100:11: Error: No named parameter with the name 'name'.
            name: 'Test User',
            ^^^^
  lib/models/auth_requests.dart:103:9: Context: Found this candidate, but the arguments don't match.
    const RegisterRequest({
          ^^^^^^^^^^^^^^^
  test/api/auth_service_test.dart:147:28: Error: 'AuthResponse' isn't a type.
          expect(result, isA<AuthResponse>());
                             ^^^^^^^^^^^^
  test/api/auth_service_test.dart:157:17: Error: Method not found: 'jsonEncode'.
            body: jsonEncode(request.toJson()),
                  ^^^^^^^^^^
  test/api/auth_service_test.dart:220:42: Error: Member not found: 'AuthService.sendVerificationEmail'.
          final result = await AuthService.sendVerificationEmail('test@example.com');
                                           ^^^^^^^^^^^^^^^^^^^^^
  test/api/auth_service_test.dart:230:17: Error: Method not found: 'jsonEncode'.
            body: jsonEncode({'email': 'test@example.com'}),
                  ^^^^^^^^^^
  test/api/auth_service_test.dart:236:25: Error: Method not found: 'VerifyEmailRequest'.
          final request = VerifyEmailRequest(
                          ^^^^^^^^^^^^^^^^^^
  test/api/auth_service_test.dart:250:42: Error: Member not found: 'AuthService.verifyEmail'.
          final result = await AuthService.verifyEmail(request);
                                           ^^^^^^^^^^^
  test/api/auth_service_test.dart:260:17: Error: Method not found: 'jsonEncode'.
            body: jsonEncode(request.toJson()),
                  ^^^^^^^^^^
  test/api/auth_service_test.dart:266:25: Error: Method not found: 'VerifyEmailRequest'.
          final request = VerifyEmailRequest(
                          ^^^^^^^^^^^^^^^^^^
  test/api/auth_service_test.dart:282:29: Error: Member not found: 'AuthService.verifyEmail'.
            () => AuthService.verifyEmail(request),
                              ^^^^^^^^^^^
  test/api/auth_service_test.dart:310:17: Error: Method not found: 'jsonEncode'.
            body: jsonEncode({'email': 'test@example.com'}),
                  ^^^^^^^^^^
  test/api/auth_service_test.dart:316:25: Error: Method not found: 'ResetPasswordRequest'.
          final request = ResetPasswordRequest(
                          ^^^^^^^^^^^^^^^^^^^^
  test/api/auth_service_test.dart:332:55: Error: Too few positional arguments: 3 required, 1 given.
          final result = await AuthService.resetPassword(request);
                                                        ^
  lib/services/auth_service.dart:666:23: Context: Found this candidate, but the arguments don't match.
    static Future<bool> resetPassword(String token, String password, String passwordConfirmation) async {
                        ^^^^^^^^^^^^^
  test/api/auth_service_test.dart:342:17: Error: Method not found: 'jsonEncode'.
            body: jsonEncode(request.toJson()),
                  ^^^^^^^^^^
  test/api/auth_service_test.dart:348:25: Error: Method not found: 'ChangePasswordRequest'.
          final request = ChangePasswordRequest(
                          ^^^^^^^^^^^^^^^^^^^^^
  test/api/auth_service_test.dart:363:56: Error: Too few positional arguments: 3 required, 2 given.
          final result = await AuthService.changePassword(request, ApiTestUtils.testAccessToken);
                                                         ^
  lib/services/auth_service.dart:705:23: Context: Found this candidate, but the arguments don't match.
    static Future<bool> changePassword(String currentPassword, String newPassword, String passwordConfirmation, {String? accessToken}) async {
                        ^^^^^^^^^^^^^^
  test/api/auth_service_test.dart:373:17: Error: Method not found: 'jsonEncode'.
            body: jsonEncode(request.toJson()),
                  ^^^^^^^^^^
  test/api/auth_service_test.dart:379:25: Error: Method not found: 'ChangePasswordRequest'.
          final request = ChangePasswordRequest(
                          ^^^^^^^^^^^^^^^^^^^^^
  test/api/auth_service_test.dart:396:43: Error: Too few positional arguments: 3 required, 2 given.
            () => AuthService.changePassword(request, ApiTestUtils.testAccessToken),
                                            ^
  lib/services/auth_service.dart:705:23: Context: Found this candidate, but the arguments don't match.
    static Future<bool> changePassword(String currentPassword, String newPassword, String passwordConfirmation, {String? accessToken}) async {
                        ^^^^^^^^^^^^^^
  test/api/auth_service_test.dart:405:25: Error: Method not found: 'RefreshTokenRequest'.
          final request = RefreshTokenRequest(
                          ^^^^^^^^^^^^^^^^^^^
  test/api/auth_service_test.dart:421:42: Error: Member not found: 'AuthService.refreshToken'.
          final result = await AuthService.refreshToken(request);
                                           ^^^^^^^^^^^^
  test/api/auth_service_test.dart:424:28: Error: 'TokenResponse' isn't a type.
          expect(result, isA<TokenResponse>());
                             ^^^^^^^^^^^^^
  test/api/auth_service_test.dart:433:17: Error: Method not found: 'jsonEncode'.
            body: jsonEncode(request.toJson()),
                  ^^^^^^^^^^
  test/api/auth_service_test.dart:439:25: Error: Method not found: 'RefreshTokenRequest'.
          final request = RefreshTokenRequest(
                          ^^^^^^^^^^^^^^^^^^^
  test/api/auth_service_test.dart:454:29: Error: Member not found: 'AuthService.refreshToken'.
            () => AuthService.refreshToken(request),
                              ^^^^^^^^^^^^
  test/api/auth_service_test.dart:487:25: Error: Method not found: 'DeleteAccountRequest'.
          final request = DeleteAccountRequest(
                          ^^^^^^^^^^^^^^^^^^^^
  test/api/auth_service_test.dart:500:55: Error: Too many positional arguments: 1 allowed, but 2 found.
  Try removing the extra positional arguments.
          final result = await AuthService.deleteAccount(request, ApiTestUtils.testAccessToken);
                                                        ^
  lib/services/auth_service.dart:746:23: Context: Found this candidate, but the arguments don't match.
    static Future<bool> deleteAccount(String password, {String? accessToken}) async {
                        ^^^^^^^^^^^^^
  test/api/auth_service_test.dart:515:25: Error: Method not found: 'DeleteAccountRequest'.
          final request = DeleteAccountRequest(
                          ^^^^^^^^^^^^^^^^^^^^
  test/api/auth_service_test.dart:530:42: Error: Too many positional arguments: 1 allowed, but 2 found.
  Try removing the extra positional arguments.
            () => AuthService.deleteAccount(request, ApiTestUtils.testAccessToken),
                                           ^
  lib/services/auth_service.dart:746:23: Context: Found this candidate, but the arguments don't match.
    static Future<bool> deleteAccount(String password, {String? accessToken}) async {
                        ^^^^^^^^^^^^^
  test/api/auth_service_test.dart:539:25: Error: Method not found: 'SocialLoginRequest'.
          final request = SocialLoginRequest(
                          ^^^^^^^^^^^^^^^^^^
  test/api/auth_service_test.dart:557:42: Error: Member not found: 'AuthService.socialLogin'.
          final result = await AuthService.socialLogin(request);
                                           ^^^^^^^^^^^
  test/api/auth_service_test.dart:560:28: Error: 'AuthResponse' isn't a type.
          expect(result, isA<AuthResponse>());
                             ^^^^^^^^^^^^
  test/api/auth_service_test.dart:570:17: Error: Method not found: 'jsonEncode'.
            body: jsonEncode(request.toJson()),
                  ^^^^^^^^^^
  test/api/auth_service_test.dart:576:25: Error: Method not found: 'SocialLoginRequest'.
          final request = SocialLoginRequest(
                          ^^^^^^^^^^^^^^^^^^
  test/api/auth_service_test.dart:594:42: Error: Member not found: 'AuthService.socialLogin'.
          final result = await AuthService.socialLogin(request);
                                           ^^^^^^^^^^^
  test/api/auth_service_test.dart:597:28: Error: 'AuthResponse' isn't a type.
          expect(result, isA<AuthResponse>());
                             ^^^^^^^^^^^^
  test/api/auth_service_test.dart:607:17: Error: Method not found: 'jsonEncode'.
            body: jsonEncode(request.toJson()),
                  ^^^^^^^^^^
  test/api/auth_service_test.dart:613:25: Error: Method not found: 'SocialLoginRequest'.
          final request = SocialLoginRequest(
                          ^^^^^^^^^^^^^^^^^^
  test/api/auth_service_test.dart:629:29: Error: Member not found: 'AuthService.socialLogin'.
            () => AuthService.socialLogin(request),
                              ^^^^^^^^^^^
  test/api/auth_service_test.dart:669:22: Error: Method not found: 'TimeoutException'.
          )).thenThrow(TimeoutException('Request timeout', Duration(seconds: 30)));
                       ^^^^^^^^^^^^^^^^
  test/api/auth_service_test.dart:674:23: Error: 'TimeoutException' isn't a type.
            throwsA(isA<TimeoutException>()),
                        ^^^^^^^^^^^^^^^^
  test/api/auth_service_test.dart:689:22: Error: Method not found: 'SocketException'.
          )).thenThrow(SocketException('No internet connection'));
                       ^^^^^^^^^^^^^^^
  test/api/auth_service_test.dart:694:23: Error: 'SocketException' isn't a type.
            throwsA(isA<SocketException>()),
                        ^^^^^^^^^^^^^^^
  test/api/auth_service_test.dart:39:11: Error: The argument type 'Null' can't be assigned to the parameter type 'Uri'.
   - 'Uri' is from 'dart:core'.
            any,
            ^
  test/api/auth_service_test.dart:49:23: Error: The getter 'user' isn't defined for the type 'RegisterResponse'.
   - 'RegisterResponse' is from 'lib/models/auth_responses.dart'.
  Try correcting the name to the name of an existing getter, or defining a getter or field named 'user'.
          expect(result.user, isNotNull);
                        ^^^^
  test/api/auth_service_test.dart:50:23: Error: The getter 'accessToken' isn't defined for the type 'RegisterResponse'.
   - 'RegisterResponse' is from 'lib/models/auth_responses.dart'.
  Try correcting the name to the name of an existing getter, or defining a getter or field named 'accessToken'.
          expect(result.accessToken, isNotNull);
                        ^^^^^^^^^^^
  test/api/auth_service_test.dart:51:23: Error: The getter 'refreshToken' isn't defined for the type 'RegisterResponse'.
   - 'RegisterResponse' is from 'lib/models/auth_responses.dart'.
  Try correcting the name to the name of an existing getter, or defining a getter or field named 'refreshToken'.
          expect(result.refreshToken, isNotNull);
                        ^^^^^^^^^^^^
  test/api/auth_service_test.dart:83:11: Error: The argument type 'Null' can't be assigned to the parameter type 'Uri'.
   - 'Uri' is from 'dart:core'.
            any,
            ^
  test/api/auth_service_test.dart:107:11: Error: The argument type 'Null' can't be assigned to the parameter type 'Uri'.
   - 'Uri' is from 'dart:core'.
            any,
            ^
  test/api/auth_service_test.dart:138:11: Error: The argument type 'Null' can't be assigned to the parameter type 'Uri'.
   - 'Uri' is from 'dart:core'.
            any,
            ^
  test/api/auth_service_test.dart:169:11: Error: The argument type 'Null' can't be assigned to the parameter type 'Uri'.
   - 'Uri' is from 'dart:core'.
            any,
            ^
  test/api/auth_service_test.dart:192:11: Error: The argument type 'Null' can't be assigned to the parameter type 'Uri'.
   - 'Uri' is from 'dart:core'.
            any,
            ^
  test/api/auth_service_test.dart:212:11: Error: The argument type 'Null' can't be assigned to the parameter type 'Uri'.
   - 'Uri' is from 'dart:core'.
            any,
            ^
  test/api/auth_service_test.dart:242:11: Error: The argument type 'Null' can't be assigned to the parameter type 'Uri'.
   - 'Uri' is from 'dart:core'.
            any,
            ^
  test/api/auth_service_test.dart:272:11: Error: The argument type 'Null' can't be assigned to the parameter type 'Uri'.
   - 'Uri' is from 'dart:core'.
            any,
            ^
  test/api/auth_service_test.dart:292:11: Error: The argument type 'Null' can't be assigned to the parameter type 'Uri'.
   - 'Uri' is from 'dart:core'.
            any,
            ^
  test/api/auth_service_test.dart:324:11: Error: The argument type 'Null' can't be assigned to the parameter type 'Uri'.
   - 'Uri' is from 'dart:core'.
            any,
            ^
  test/api/auth_service_test.dart:355:11: Error: The argument type 'Null' can't be assigned to the parameter type 'Uri'.
   - 'Uri' is from 'dart:core'.
            any,
            ^
  test/api/auth_service_test.dart:386:11: Error: The argument type 'Null' can't be assigned to the parameter type 'Uri'.
   - 'Uri' is from 'dart:core'.
            any,
            ^
  test/api/auth_service_test.dart:415:11: Error: The argument type 'Null' can't be assigned to the parameter type 'Uri'.
   - 'Uri' is from 'dart:core'.
            any,
            ^
  test/api/auth_service_test.dart:444:11: Error: The argument type 'Null' can't be assigned to the parameter type 'Uri'.
   - 'Uri' is from 'dart:core'.
            any,
            ^
  test/api/auth_service_test.dart:462:11: Error: The argument type 'Null' can't be assigned to the parameter type 'Uri'.
   - 'Uri' is from 'dart:core'.
            any,
            ^
  test/api/auth_service_test.dart:493:11: Error: The argument type 'Null' can't be assigned to the parameter type 'Uri'.
   - 'Uri' is from 'dart:core'.
            any,
            ^
  test/api/auth_service_test.dart:521:11: Error: The argument type 'Null' can't be assigned to the parameter type 'Uri'.
   - 'Uri' is from 'dart:core'.
            any,
            ^
  test/api/auth_service_test.dart:551:11: Error: The argument type 'Null' can't be assigned to the parameter type 'Uri'.
   - 'Uri' is from 'dart:core'.
            any,
            ^
  test/api/auth_service_test.dart:588:11: Error: The argument type 'Null' can't be assigned to the parameter type 'Uri'.
   - 'Uri' is from 'dart:core'.
            any,
            ^
  test/api/auth_service_test.dart:619:11: Error: The argument type 'Null' can't be assigned to the parameter type 'Uri'.
   - 'Uri' is from 'dart:core'.
            any,
            ^
  test/api/auth_service_test.dart:644:11: Error: The argument type 'Null' can't be assigned to the parameter type 'Uri'.
   - 'Uri' is from 'dart:core'.
            any,
            ^
  test/api/auth_service_test.dart:666:11: Error: The argument type 'Null' can't be assigned to the parameter type 'Uri'.
   - 'Uri' is from 'dart:core'.
            any,
            ^
  test/api/auth_service_test.dart:686:11: Error: The argument type 'Null' can't be assigned to the parameter type 'Uri'.
   - 'Uri' is from 'dart:core'.
            any,
            ^
  test/api_test_utils.dart:51:13: Error: Method not found: 'jsonEncode'.
        body: jsonEncode(responseBody),
              ^^^^^^^^^^
  test/api_test_utils.dart:68:13: Error: Method not found: 'jsonEncode'.
        body: jsonEncode(responseBody),
              ^^^^^^^^^^
  test/api_test_utils.dart:89:13: Error: Method not found: 'jsonEncode'.
        body: jsonEncode({
              ^^^^^^^^^^
  .
00:00 +0 -4: loading E:/1 - laravel/1 - LGBTinder/LGBTinder-flutter/test/api/api_integration_test.dart [E]
  Error: The Dart compiler exited unexpectedly.
  package:flutter_tools/src/base/common.dart 34:3  throwToolExit
  package:flutter_tools/src/compile.dart 910:11    DefaultResidentCompiler._compile.<fn>
  dart:async/zone.dart 1538:47                     _rootRunUnary
  dart:async/zone.dart 1429:19                     _CustomZone.runUnary
  dart:async/future_impl.dart 948:45               Future._propagateToListeners.handleValueCallback
  dart:async/future_impl.dart 977:13               Future._propagateToListeners
  dart:async/future_impl.dart 862:9                Future._propagateToListeners
  dart:async/future_impl.dart 720:5                Future._completeWithValue
  dart:async/future_impl.dart 804:7                Future._asyncCompleteWithValue.<fn>
  dart:async/zone.dart 1525:13                     _rootRun
  dart:async/zone.dart 1422:19                     _CustomZone.run
  dart:async/zone.dart 1321:7                      _CustomZone.runGuarded
  dart:async/zone.dart 1362:23                     _CustomZone.bindCallbackGuarded.<fn>
  dart:async/schedule_microtask.dart 40:35         _microtaskLoop
  dart:async/schedule_microtask.dart 49:5          _startMicrotaskLoop
  dart:isolate-patch/isolate_patch.dart 127:13     _runPendingImmediateCallback
  dart:isolate-patch/isolate_patch.dart 194:5      _RawReceivePort._handleMessage
  
test/api/profile_service_test.dart:6:8: Error: Error when reading 'lib/models/profile_requests.dart': The system 
cannot find the file specified.

import '../../lib/models/profile_requests.dart';
       ^
test/api/profile_service_test.dart:7:8: Error: Error when reading 'lib/models/profile_responses.dart': The system 
cannot find the file specified.

import '../../lib/models/profile_responses.dart';
       ^
test/api/profile_service_test.dart:23:25: Error: Method not found: 'CreateProfileRequest'.
        final request = CreateProfileRequest(
                        ^^^^^^^^^^^^^^^^^^^^
test/api/profile_service_test.dart:42:45: Error: Member not found: 'ProfileService.createProfile'.
        final result = await ProfileService.createProfile(request, ApiTestUtils.testAccessToken);
                                            ^^^^^^^^^^^^^
test/api/profile_service_test.dart:45:28: Error: 'ProfileResponse' isn't a type.
        expect(result, isA<ProfileResponse>());
                           ^^^^^^^^^^^^^^^
test/api/profile_service_test.dart:54:17: Error: Method not found: 'jsonEncode'.
          body: jsonEncode(request.toJson()),
                ^^^^^^^^^^
test/api/profile_service_test.dart:69:55: Error: Too many positional arguments: 0 allowed, but 2 found.
Try removing the extra positional arguments.
        final result = await ProfileService.getProfile(profileId, ApiTestUtils.testAccessToken);
                                                      ^
lib/services/profile_service.dart:12:23: Context: Found this candidate, but the arguments don't match.
  static Future<User> getProfile({String? accessToken}) async {
                      ^^^^^^^^^^
test/api/profile_service_test.dart:72:28: Error: 'ProfileResponse' isn't a type.
        expect(result, isA<ProfileResponse>());
                           ^^^^^^^^^^^^^^^
test/api/profile_service_test.dart:87:25: Error: Method not found: 'UpdateProfileRequest'.
        final request = UpdateProfileRequest(
                        ^^^^^^^^^^^^^^^^^^^^
test/api/profile_service_test.dart:105:58: Error: Too many positional arguments: 1 allowed, but 3 found.
Try removing the extra positional arguments.
        final result = await ProfileService.updateProfile(profileId, request, ApiTestUtils.testAccessToken);
                                                         ^
lib/services/profile_service.dart:70:23: Context: Found this candidate, but the arguments don't match.
  static Future<User> updateProfile(Map<String, dynamic> profileData, {String? accessToken}) async {
                      ^^^^^^^^^^^^^
test/api/profile_service_test.dart:108:28: Error: 'ProfileResponse' isn't a type.
        expect(result, isA<ProfileResponse>());
                           ^^^^^^^^^^^^^^^
test/api/profile_service_test.dart:119:17: Error: Method not found: 'jsonEncode'.
          body: jsonEncode(request.toJson()),
                ^^^^^^^^^^
test/api/profile_service_test.dart:135:45: Error: Member not found: 'ProfileService.deleteProfile'.
        final result = await ProfileService.deleteProfile(profileId, ApiTestUtils.testAccessToken);
                                            ^^^^^^^^^^^^^
test/api/profile_service_test.dart:162:42: Error: Too many positional arguments: 0 allowed, but 2 found.
Try removing the extra positional arguments.
          () => ProfileService.getProfile(profileId, ApiTestUtils.testAccessToken),
                                         ^
lib/services/profile_service.dart:12:23: Context: Found this candidate, but the arguments don't match.
  static Future<User> getProfile({String? accessToken}) async {
                      ^^^^^^^^^^
test/api/profile_service_test.dart:186:56: Error: Too many positional arguments: 1 allowed, but 3 found.
Try removing the extra positional arguments.
        final result = await ProfileService.uploadImage(profileId, imageData, ApiTestUtils.testAccessToken);
                                                       ^
lib/services/profile_service.dart:136:39: Context: Found this candidate, but the arguments don't match.
  static Future<Map<String, dynamic>> uploadImage(File imageFile, {String? accessToken}) async {
                                      ^^^^^^^^^^^
test/api/profile_service_test.dart:189:28: Error: 'ImageUploadResponse' isn't a type.
        expect(result, isA<ImageUploadResponse>());
                           ^^^^^^^^^^^^^^^^^^^
test/api/profile_service_test.dart:214:56: Error: Too many positional arguments: 1 allowed, but 3 found.
Try removing the extra positional arguments.
        final result = await ProfileService.deleteImage(profileId, imageId, ApiTestUtils.testAccessToken);
                                                       ^
lib/services/profile_service.dart:178:23: Context: Found this candidate, but the arguments don't match.
  static Future<bool> deleteImage(String imageId, {String? accessToken}) async {
                      ^^^^^^^^^^^
test/api/profile_service_test.dart:230:25: Error: Method not found: 'ReorderImagesRequest'.
        final request = ReorderImagesRequest(
                        ^^^^^^^^^^^^^^^^^^^^
test/api/profile_service_test.dart:243:58: Error: Too many positional arguments: 1 allowed, but 3 found.
Try removing the extra positional arguments.
        final result = await ProfileService.reorderImages(profileId, request, ApiTestUtils.testAccessToken);
                                                         ^
lib/services/profile_service.dart:796:23: Context: Found this candidate, but the arguments don't match.
  static Future<bool> reorderImages(List<String> imageIds, {String? accessToken}) async {
                      ^^^^^^^^^^^^^
test/api/profile_service_test.dart:253:17: Error: Method not found: 'jsonEncode'.
          body: jsonEncode(request.toJson()),
                ^^^^^^^^^^
test/api/profile_service_test.dart:273:43: Error: Too many positional arguments: 1 allowed, but 3 found.
Try removing the extra positional arguments.
          () => ProfileService.uploadImage(profileId, imageData, ApiTestUtils.testAccessToken),
                                          ^
lib/services/profile_service.dart:136:39: Context: Found this candidate, but the arguments don't match.
  static Future<Map<String, dynamic>> uploadImage(File imageFile, {String? accessToken}) async {
                                      ^^^^^^^^^^^
test/api/profile_service_test.dart:282:25: Error: Method not found: 'DiscoverProfilesRequest'.
        final request = DiscoverProfilesRequest(
                        ^^^^^^^^^^^^^^^^^^^^^^^
test/api/profile_service_test.dart:304:45: Error: Member not found: 'ProfileService.discoverProfilesByJob'.
        final result = await ProfileService.discoverProfilesByJob(request, ApiTestUtils.testAccessToken);
                                            ^^^^^^^^^^^^^^^^^^^^^
test/api/profile_service_test.dart:307:28: Error: 'ProfileListResponse' isn't a type.
        expect(result, isA<ProfileListResponse>());
                           ^^^^^^^^^^^^^^^^^^^
test/api/profile_service_test.dart:323:25: Error: Method not found: 'DiscoverProfilesRequest'.
        final request = DiscoverProfilesRequest(
                        ^^^^^^^^^^^^^^^^^^^^^^^
test/api/profile_service_test.dart:345:45: Error: Member not found: 'ProfileService.discoverProfilesByLanguage'.
        final result = await ProfileService.discoverProfilesByLanguage(request, ApiTestUtils.testAccessToken);
                                            ^^^^^^^^^^^^^^^^^^^^^^^^^^
test/api/profile_service_test.dart:348:28: Error: 'ProfileListResponse' isn't a type.
        expect(result, isA<ProfileListResponse>());
                           ^^^^^^^^^^^^^^^^^^^
test/api/profile_service_test.dart:364:25: Error: Method not found: 'DiscoverProfilesRequest'.
        final request = DiscoverProfilesRequest(
                        ^^^^^^^^^^^^^^^^^^^^^^^
test/api/profile_service_test.dart:386:45: Error: Member not found: 'ProfileService.discoverProfilesByRelationGoal'.
        final result = await ProfileService.discoverProfilesByRelationGoal(request, ApiTestUtils.testAccessToken);
                                            ^^^^^^^^^^^^^^^^^^^^^^^^^^^^^^
test/api/profile_service_test.dart:389:28: Error: 'ProfileListResponse' isn't a type.
        expect(result, isA<ProfileListResponse>());
                           ^^^^^^^^^^^^^^^^^^^
test/api/profile_service_test.dart:405:25: Error: Method not found: 'DiscoverProfilesRequest'.
        final request = DiscoverProfilesRequest(
                        ^^^^^^^^^^^^^^^^^^^^^^^
test/api/profile_service_test.dart:427:45: Error: Member not found: 'ProfileService.discoverProfilesByInterest'.
        final result = await ProfileService.discoverProfilesByInterest(request, ApiTestUtils.testAccessToken);
                                            ^^^^^^^^^^^^^^^^^^^^^^^^^^
test/api/profile_service_test.dart:430:28: Error: 'ProfileListResponse' isn't a type.
        expect(result, isA<ProfileListResponse>());
                           ^^^^^^^^^^^^^^^^^^^
test/api/profile_service_test.dart:446:25: Error: Method not found: 'DiscoverProfilesRequest'.
        final request = DiscoverProfilesRequest(
                        ^^^^^^^^^^^^^^^^^^^^^^^
test/api/profile_service_test.dart:468:45: Error: Member not found: 'ProfileService.discoverProfilesByMusicGenre'.
        final result = await ProfileService.discoverProfilesByMusicGenre(request, ApiTestUtils.testAccessToken);
                                            ^^^^^^^^^^^^^^^^^^^^^^^^^^^^
test/api/profile_service_test.dart:471:28: Error: 'ProfileListResponse' isn't a type.
        expect(result, isA<ProfileListResponse>());
                           ^^^^^^^^^^^^^^^^^^^
test/api/profile_service_test.dart:487:25: Error: Method not found: 'DiscoverProfilesRequest'.
        final request = DiscoverProfilesRequest(
                        ^^^^^^^^^^^^^^^^^^^^^^^
test/api/profile_service_test.dart:509:45: Error: Member not found: 'ProfileService.discoverProfilesByEducation'.
        final result = await ProfileService.discoverProfilesByEducation(request, ApiTestUtils.testAccessToken);
                                            ^^^^^^^^^^^^^^^^^^^^^^^^^^^
test/api/profile_service_test.dart:512:28: Error: 'ProfileListResponse' isn't a type.
        expect(result, isA<ProfileListResponse>());
                           ^^^^^^^^^^^^^^^^^^^
test/api/profile_service_test.dart:528:25: Error: Method not found: 'DiscoverProfilesRequest'.
        final request = DiscoverProfilesRequest(
                        ^^^^^^^^^^^^^^^^^^^^^^^
test/api/profile_service_test.dart:550:45: Error: Member not found: 'ProfileService.discoverProfilesByGender'.
        final result = await ProfileService.discoverProfilesByGender(request, ApiTestUtils.testAccessToken);
                                            ^^^^^^^^^^^^^^^^^^^^^^^^
test/api/profile_service_test.dart:553:28: Error: 'ProfileListResponse' isn't a type.
        expect(result, isA<ProfileListResponse>());
                           ^^^^^^^^^^^^^^^^^^^
test/api/profile_service_test.dart:569:25: Error: Method not found: 'DiscoverProfilesRequest'.
        final request = DiscoverProfilesRequest(
                        ^^^^^^^^^^^^^^^^^^^^^^^
test/api/profile_service_test.dart:591:45: Error: Member not found: 'ProfileService.discoverProfilesByPreferredGender'.
        final result = await ProfileService.discoverProfilesByPreferredGender(request, ApiTestUtils.testAccessToken);
                                            ^^^^^^^^^^^^^^^^^^^^^^^^^^^^^^^^^
test/api/profile_service_test.dart:594:28: Error: 'ProfileListResponse' isn't a type.
        expect(result, isA<ProfileListResponse>());
                           ^^^^^^^^^^^^^^^^^^^
test/api/profile_service_test.dart:610:25: Error: Method not found: 'DiscoverProfilesRequest'.
        final request = DiscoverProfilesRequest(
                        ^^^^^^^^^^^^^^^^^^^^^^^
test/api/profile_service_test.dart:632:45: Error: Member not found: 'ProfileService.discoverProfilesByJob'.
        final result = await ProfileService.discoverProfilesByJob(request, ApiTestUtils.testAccessToken);
                                            ^^^^^^^^^^^^^^^^^^^^^
test/api/profile_service_test.dart:635:28: Error: 'ProfileListResponse' isn't a type.
        expect(result, isA<ProfileListResponse>());
                           ^^^^^^^^^^^^^^^^^^^
test/api/profile_service_test.dart:653:66: Error: Too many positional arguments: 0 allowed, but 1 found.
Try removing the extra positional arguments.
        final result = await ProfileService.getCurrentUserProfile(ApiTestUtils.testAccessToken);
                                                                 ^
lib/services/profile_service.dart:882:39: Context: Found this candidate, but the arguments don't match.
  static Future<Map<String, dynamic>> getCurrentUserProfile({String? accessToken}) async {
                                      ^^^^^^^^^^^^^^^^^^^^^
test/api/profile_service_test.dart:656:28: Error: 'ProfileResponse' isn't a type.
        expect(result, isA<ProfileResponse>());
                           ^^^^^^^^^^^^^^^
test/api/profile_service_test.dart:680:53: Error: Too many positional arguments: 0 allowed, but 1 found.
Try removing the extra positional arguments.
          () => ProfileService.getCurrentUserProfile('invalid_token'),
                                                    ^
lib/services/profile_service.dart:882:39: Context: Found this candidate, but the arguments don't match.
  static Future<Map<String, dynamic>> getCurrentUserProfile({String? accessToken}) async {
                                      ^^^^^^^^^^^^^^^^^^^^^
test/api/profile_service_test.dart:689:25: Error: Method not found: 'CreateProfileRequest'.
        final request = CreateProfileRequest(
                        ^^^^^^^^^^^^^^^^^^^^
test/api/profile_service_test.dart:717:32: Error: Member not found: 'ProfileService.createProfile'.
          () => ProfileService.createProfile(request, ApiTestUtils.testAccessToken),
                               ^^^^^^^^^^^^^
test/api/profile_service_test.dart:724:25: Error: Method not found: 'CreateProfileRequest'.
        final request = CreateProfileRequest(
                        ^^^^^^^^^^^^^^^^^^^^
test/api/profile_service_test.dart:742:32: Error: Member not found: 'ProfileService.createProfile'.
          () => ProfileService.createProfile(request, ApiTestUtils.testAccessToken),
                               ^^^^^^^^^^^^^
test/api/profile_service_test.dart:749:25: Error: Method not found: 'CreateProfileRequest'.
        final request = CreateProfileRequest(
                        ^^^^^^^^^^^^^^^^^^^^
test/api/profile_service_test.dart:763:22: Error: Method not found: 'TimeoutException'.
        )).thenThrow(TimeoutException('Request timeout', Duration(seconds: 30)));
                     ^^^^^^^^^^^^^^^^
test/api/profile_service_test.dart:767:32: Error: Member not found: 'ProfileService.createProfile'.
          () => ProfileService.createProfile(request, ApiTestUtils.testAccessToken),
                               ^^^^^^^^^^^^^
test/api/profile_service_test.dart:768:23: Error: 'TimeoutException' isn't a type.
          throwsA(isA<TimeoutException>()),
                      ^^^^^^^^^^^^^^^^
test/api/profile_service_test.dart:36:11: Error: The argument type 'Null' can't be assigned to the parameter type 
'Uri'.
 - 'Uri' is from 'dart:core'.
          any,
          ^
test/api/profile_service_test.dart:64:11: Error: The argument type 'Null' can't be assigned to the parameter type 
'Uri'.
 - 'Uri' is from 'dart:core'.
          any,
          ^
test/api/profile_service_test.dart:99:11: Error: The argument type 'Null' can't be assigned to the parameter type 
'Uri'.
 - 'Uri' is from 'dart:core'.
          any,
          ^
test/api/profile_service_test.dart:128:11: Error: The argument type 'Null' can't be assigned to the parameter type 
'Uri'.
 - 'Uri' is from 'dart:core'.
          any,
          ^
test/api/profile_service_test.dart:153:11: Error: The argument type 'Null' can't be assigned to the parameter type 
'Uri'.
 - 'Uri' is from 'dart:core'.
          any,
          ^
test/api/profile_service_test.dart:180:11: Error: The argument type 'Null' can't be assigned to the parameter type 
'Uri'.
 - 'Uri' is from 'dart:core'.
          any,
          ^
test/api/profile_service_test.dart:207:11: Error: The argument type 'Null' can't be assigned to the parameter type 
'Uri'.
 - 'Uri' is from 'dart:core'.
          any,
          ^
test/api/profile_service_test.dart:235:11: Error: The argument type 'Null' can't be assigned to the parameter type 
'Uri'.
 - 'Uri' is from 'dart:core'.
          any,
          ^
test/api/profile_service_test.dart:263:11: Error: The argument type 'Null' can't be assigned to the parameter type 
'Uri'.
 - 'Uri' is from 'dart:core'.
          any,
          ^
test/api/profile_service_test.dart:299:11: Error: The argument type 'Null' can't be assigned to the parameter type 
'Uri'.
 - 'Uri' is from 'dart:core'.
          any,
          ^
test/api/profile_service_test.dart:340:11: Error: The argument type 'Null' can't be assigned to the parameter type 
'Uri'.
 - 'Uri' is from 'dart:core'.
          any,
          ^
test/api/profile_service_test.dart:381:11: Error: The argument type 'Null' can't be assigned to the parameter type 
'Uri'.
 - 'Uri' is from 'dart:core'.
          any,
          ^
test/api/profile_service_test.dart:422:11: Error: The argument type 'Null' can't be assigned to the parameter type 
'Uri'.
 - 'Uri' is from 'dart:core'.
          any,
          ^
test/api/profile_service_test.dart:463:11: Error: The argument type 'Null' can't be assigned to the parameter type 
'Uri'.
 - 'Uri' is from 'dart:core'.
          any,
          ^
test/api/profile_service_test.dart:504:11: Error: The argument type 'Null' can't be assigned to the parameter type 
'Uri'.
 - 'Uri' is from 'dart:core'.
          any,
          ^
test/api/profile_service_test.dart:545:11: Error: The argument type 'Null' can't be assigned to the parameter type 
'Uri'.
 - 'Uri' is from 'dart:core'.
          any,
          ^
test/api/profile_service_test.dart:586:11: Error: The argument type 'Null' can't be assigned to the parameter type 
'Uri'.
 - 'Uri' is from 'dart:core'.
          any,
          ^
test/api/profile_service_test.dart:627:11: Error: The argument type 'Null' can't be assigned to the parameter type 
'Uri'.
 - 'Uri' is from 'dart:core'.
          any,
          ^
test/api/profile_service_test.dart:648:11: Error: The argument type 'Null' can't be assigned to the parameter type 
'Uri'.
 - 'Uri' is from 'dart:core'.
          any,
          ^
test/api/profile_service_test.dart:671:11: Error: The argument type 'Null' can't be assigned to the parameter type 
'Uri'.
 - 'Uri' is from 'dart:core'.
          any,
          ^
test/api/profile_service_test.dart:710:11: Error: The argument type 'Null' can't be assigned to the parameter type 
'Uri'.
 - 'Uri' is from 'dart:core'.
          any,
          ^
test/api/profile_service_test.dart:735:11: Error: The argument type 'Null' can't be assigned to the parameter type 
'Uri'.
 - 'Uri' is from 'dart:core'.
          any,
          ^
test/api/profile_service_test.dart:760:11: Error: The argument type 'Null' can't be assigned to the parameter type 
'Uri'.
 - 'Uri' is from 'dart:core'.
          any,
          ^
test/api_test_utils.dart:51:13: Error: Method not found: 'jsonEncode'.
      body: jsonEncode(responseBody),
            ^^^^^^^^^^
test/api_test_utils.dart:68:13: Error: Method not found: 'jsonEncode'.
      body: jsonEncode(responseBody),
            ^^^^^^^^^^
test/api_test_utils.dart:89:13: Error: Method not found: 'jsonEncode'.
      body: jsonEncode({
            ^^^^^^^^^^
00:00 +0 -5: loading E:/1 - laravel/1 - LGBTinder/LGBTinder-flutter/test/api/profile_service_test.dart [E]
  Failed to load "E:/1 - laravel/1 - LGBTinder/LGBTinder-flutter/test/api/profile_service_test.dart":
  Compilation failed for testPath=E:/1 - laravel/1 - LGBTinder/LGBTinder-flutter/test/api/profile_service_test.dart: test/api/profile_service_test.dart:6:8: Error: Error when reading 'lib/models/profile_requests.dart': The system cannot find the file specified.
  
  import '../../lib/models/profile_requests.dart';
         ^
  test/api/profile_service_test.dart:7:8: Error: Error when reading 'lib/models/profile_responses.dart': The system cannot find the file specified.
  
  import '../../lib/models/profile_responses.dart';
         ^
  test/api/profile_service_test.dart:23:25: Error: Method not found: 'CreateProfileRequest'.
          final request = CreateProfileRequest(
                          ^^^^^^^^^^^^^^^^^^^^
  test/api/profile_service_test.dart:42:45: Error: Member not found: 'ProfileService.createProfile'.
          final result = await ProfileService.createProfile(request, ApiTestUtils.testAccessToken);
                                              ^^^^^^^^^^^^^
  test/api/profile_service_test.dart:45:28: Error: 'ProfileResponse' isn't a type.
          expect(result, isA<ProfileResponse>());
                             ^^^^^^^^^^^^^^^
  test/api/profile_service_test.dart:54:17: Error: Method not found: 'jsonEncode'.
            body: jsonEncode(request.toJson()),
                  ^^^^^^^^^^
  test/api/profile_service_test.dart:69:55: Error: Too many positional arguments: 0 allowed, but 2 found.
  Try removing the extra positional arguments.
          final result = await ProfileService.getProfile(profileId, ApiTestUtils.testAccessToken);
                                                        ^
  lib/services/profile_service.dart:12:23: Context: Found this candidate, but the arguments don't match.
    static Future<User> getProfile({String? accessToken}) async {
                        ^^^^^^^^^^
  test/api/profile_service_test.dart:72:28: Error: 'ProfileResponse' isn't a type.
          expect(result, isA<ProfileResponse>());
                             ^^^^^^^^^^^^^^^
  test/api/profile_service_test.dart:87:25: Error: Method not found: 'UpdateProfileRequest'.
          final request = UpdateProfileRequest(
                          ^^^^^^^^^^^^^^^^^^^^
  test/api/profile_service_test.dart:105:58: Error: Too many positional arguments: 1 allowed, but 3 found.
  Try removing the extra positional arguments.
          final result = await ProfileService.updateProfile(profileId, request, ApiTestUtils.testAccessToken);
                                                           ^
  lib/services/profile_service.dart:70:23: Context: Found this candidate, but the arguments don't match.
    static Future<User> updateProfile(Map<String, dynamic> profileData, {String? accessToken}) async {
                        ^^^^^^^^^^^^^
  test/api/profile_service_test.dart:108:28: Error: 'ProfileResponse' isn't a type.
          expect(result, isA<ProfileResponse>());
                             ^^^^^^^^^^^^^^^
  test/api/profile_service_test.dart:119:17: Error: Method not found: 'jsonEncode'.
            body: jsonEncode(request.toJson()),
                  ^^^^^^^^^^
  test/api/profile_service_test.dart:135:45: Error: Member not found: 'ProfileService.deleteProfile'.
          final result = await ProfileService.deleteProfile(profileId, ApiTestUtils.testAccessToken);
                                              ^^^^^^^^^^^^^
  test/api/profile_service_test.dart:162:42: Error: Too many positional arguments: 0 allowed, but 2 found.
  Try removing the extra positional arguments.
            () => ProfileService.getProfile(profileId, ApiTestUtils.testAccessToken),
                                           ^
  lib/services/profile_service.dart:12:23: Context: Found this candidate, but the arguments don't match.
    static Future<User> getProfile({String? accessToken}) async {
                        ^^^^^^^^^^
  test/api/profile_service_test.dart:186:56: Error: Too many positional arguments: 1 allowed, but 3 found.
  Try removing the extra positional arguments.
          final result = await ProfileService.uploadImage(profileId, imageData, ApiTestUtils.testAccessToken);
                                                         ^
  lib/services/profile_service.dart:136:39: Context: Found this candidate, but the arguments don't match.
    static Future<Map<String, dynamic>> uploadImage(File imageFile, {String? accessToken}) async {
                                        ^^^^^^^^^^^
  test/api/profile_service_test.dart:189:28: Error: 'ImageUploadResponse' isn't a type.
          expect(result, isA<ImageUploadResponse>());
                             ^^^^^^^^^^^^^^^^^^^
  test/api/profile_service_test.dart:214:56: Error: Too many positional arguments: 1 allowed, but 3 found.
  Try removing the extra positional arguments.
          final result = await ProfileService.deleteImage(profileId, imageId, ApiTestUtils.testAccessToken);
                                                         ^
  lib/services/profile_service.dart:178:23: Context: Found this candidate, but the arguments don't match.
    static Future<bool> deleteImage(String imageId, {String? accessToken}) async {
                        ^^^^^^^^^^^
  test/api/profile_service_test.dart:230:25: Error: Method not found: 'ReorderImagesRequest'.
          final request = ReorderImagesRequest(
                          ^^^^^^^^^^^^^^^^^^^^
  test/api/profile_service_test.dart:243:58: Error: Too many positional arguments: 1 allowed, but 3 found.
  Try removing the extra positional arguments.
          final result = await ProfileService.reorderImages(profileId, request, ApiTestUtils.testAccessToken);
                                                           ^
  lib/services/profile_service.dart:796:23: Context: Found this candidate, but the arguments don't match.
    static Future<bool> reorderImages(List<String> imageIds, {String? accessToken}) async {
                        ^^^^^^^^^^^^^
  test/api/profile_service_test.dart:253:17: Error: Method not found: 'jsonEncode'.
            body: jsonEncode(request.toJson()),
                  ^^^^^^^^^^
  test/api/profile_service_test.dart:273:43: Error: Too many positional arguments: 1 allowed, but 3 found.
  Try removing the extra positional arguments.
            () => ProfileService.uploadImage(profileId, imageData, ApiTestUtils.testAccessToken),
                                            ^
  lib/services/profile_service.dart:136:39: Context: Found this candidate, but the arguments don't match.
    static Future<Map<String, dynamic>> uploadImage(File imageFile, {String? accessToken}) async {
                                        ^^^^^^^^^^^
  test/api/profile_service_test.dart:282:25: Error: Method not found: 'DiscoverProfilesRequest'.
          final request = DiscoverProfilesRequest(
                          ^^^^^^^^^^^^^^^^^^^^^^^
  test/api/profile_service_test.dart:304:45: Error: Member not found: 'ProfileService.discoverProfilesByJob'.
          final result = await ProfileService.discoverProfilesByJob(request, ApiTestUtils.testAccessToken);
                                              ^^^^^^^^^^^^^^^^^^^^^
  test/api/profile_service_test.dart:307:28: Error: 'ProfileListResponse' isn't a type.
          expect(result, isA<ProfileListResponse>());
                             ^^^^^^^^^^^^^^^^^^^
  test/api/profile_service_test.dart:323:25: Error: Method not found: 'DiscoverProfilesRequest'.
          final request = DiscoverProfilesRequest(
                          ^^^^^^^^^^^^^^^^^^^^^^^
  test/api/profile_service_test.dart:345:45: Error: Member not found: 'ProfileService.discoverProfilesByLanguage'.
          final result = await ProfileService.discoverProfilesByLanguage(request, ApiTestUtils.testAccessToken);
                                              ^^^^^^^^^^^^^^^^^^^^^^^^^^
  test/api/profile_service_test.dart:348:28: Error: 'ProfileListResponse' isn't a type.
          expect(result, isA<ProfileListResponse>());
                             ^^^^^^^^^^^^^^^^^^^
  test/api/profile_service_test.dart:364:25: Error: Method not found: 'DiscoverProfilesRequest'.
          final request = DiscoverProfilesRequest(
                          ^^^^^^^^^^^^^^^^^^^^^^^
  test/api/profile_service_test.dart:386:45: Error: Member not found: 'ProfileService.discoverProfilesByRelationGoal'.
          final result = await ProfileService.discoverProfilesByRelationGoal(request, ApiTestUtils.testAccessToken);
                                              ^^^^^^^^^^^^^^^^^^^^^^^^^^^^^^
  test/api/profile_service_test.dart:389:28: Error: 'ProfileListResponse' isn't a type.
          expect(result, isA<ProfileListResponse>());
                             ^^^^^^^^^^^^^^^^^^^
  test/api/profile_service_test.dart:405:25: Error: Method not found: 'DiscoverProfilesRequest'.
          final request = DiscoverProfilesRequest(
                          ^^^^^^^^^^^^^^^^^^^^^^^
  test/api/profile_service_test.dart:427:45: Error: Member not found: 'ProfileService.discoverProfilesByInterest'.
          final result = await ProfileService.discoverProfilesByInterest(request, ApiTestUtils.testAccessToken);
                                              ^^^^^^^^^^^^^^^^^^^^^^^^^^
  test/api/profile_service_test.dart:430:28: Error: 'ProfileListResponse' isn't a type.
          expect(result, isA<ProfileListResponse>());
                             ^^^^^^^^^^^^^^^^^^^
  test/api/profile_service_test.dart:446:25: Error: Method not found: 'DiscoverProfilesRequest'.
          final request = DiscoverProfilesRequest(
                          ^^^^^^^^^^^^^^^^^^^^^^^
  test/api/profile_service_test.dart:468:45: Error: Member not found: 'ProfileService.discoverProfilesByMusicGenre'.
          final result = await ProfileService.discoverProfilesByMusicGenre(request, ApiTestUtils.testAccessToken);
                                              ^^^^^^^^^^^^^^^^^^^^^^^^^^^^
  test/api/profile_service_test.dart:471:28: Error: 'ProfileListResponse' isn't a type.
          expect(result, isA<ProfileListResponse>());
                             ^^^^^^^^^^^^^^^^^^^
  test/api/profile_service_test.dart:487:25: Error: Method not found: 'DiscoverProfilesRequest'.
          final request = DiscoverProfilesRequest(
                          ^^^^^^^^^^^^^^^^^^^^^^^
  test/api/profile_service_test.dart:509:45: Error: Member not found: 'ProfileService.discoverProfilesByEducation'.
          final result = await ProfileService.discoverProfilesByEducation(request, ApiTestUtils.testAccessToken);
                                              ^^^^^^^^^^^^^^^^^^^^^^^^^^^
  test/api/profile_service_test.dart:512:28: Error: 'ProfileListResponse' isn't a type.
          expect(result, isA<ProfileListResponse>());
                             ^^^^^^^^^^^^^^^^^^^
  test/api/profile_service_test.dart:528:25: Error: Method not found: 'DiscoverProfilesRequest'.
          final request = DiscoverProfilesRequest(
                          ^^^^^^^^^^^^^^^^^^^^^^^
  test/api/profile_service_test.dart:550:45: Error: Member not found: 'ProfileService.discoverProfilesByGender'.
          final result = await ProfileService.discoverProfilesByGender(request, ApiTestUtils.testAccessToken);
                                              ^^^^^^^^^^^^^^^^^^^^^^^^
  test/api/profile_service_test.dart:553:28: Error: 'ProfileListResponse' isn't a type.
          expect(result, isA<ProfileListResponse>());
                             ^^^^^^^^^^^^^^^^^^^
  test/api/profile_service_test.dart:569:25: Error: Method not found: 'DiscoverProfilesRequest'.
          final request = DiscoverProfilesRequest(
                          ^^^^^^^^^^^^^^^^^^^^^^^
  test/api/profile_service_test.dart:591:45: Error: Member not found: 'ProfileService.discoverProfilesByPreferredGender'.
          final result = await ProfileService.discoverProfilesByPreferredGender(request, ApiTestUtils.testAccessToken);
                                              ^^^^^^^^^^^^^^^^^^^^^^^^^^^^^^^^^
  test/api/profile_service_test.dart:594:28: Error: 'ProfileListResponse' isn't a type.
          expect(result, isA<ProfileListResponse>());
                             ^^^^^^^^^^^^^^^^^^^
  test/api/profile_service_test.dart:610:25: Error: Method not found: 'DiscoverProfilesRequest'.
          final request = DiscoverProfilesRequest(
                          ^^^^^^^^^^^^^^^^^^^^^^^
  test/api/profile_service_test.dart:632:45: Error: Member not found: 'ProfileService.discoverProfilesByJob'.
          final result = await ProfileService.discoverProfilesByJob(request, ApiTestUtils.testAccessToken);
                                              ^^^^^^^^^^^^^^^^^^^^^
  test/api/profile_service_test.dart:635:28: Error: 'ProfileListResponse' isn't a type.
          expect(result, isA<ProfileListResponse>());
                             ^^^^^^^^^^^^^^^^^^^
  test/api/profile_service_test.dart:653:66: Error: Too many positional arguments: 0 allowed, but 1 found.
  Try removing the extra positional arguments.
          final result = await ProfileService.getCurrentUserProfile(ApiTestUtils.testAccessToken);
                                                                   ^
  lib/services/profile_service.dart:882:39: Context: Found this candidate, but the arguments don't match.
    static Future<Map<String, dynamic>> getCurrentUserProfile({String? accessToken}) async {
                                        ^^^^^^^^^^^^^^^^^^^^^
  test/api/profile_service_test.dart:656:28: Error: 'ProfileResponse' isn't a type.
          expect(result, isA<ProfileResponse>());
                             ^^^^^^^^^^^^^^^
  test/api/profile_service_test.dart:680:53: Error: Too many positional arguments: 0 allowed, but 1 found.
  Try removing the extra positional arguments.
            () => ProfileService.getCurrentUserProfile('invalid_token'),
                                                      ^
  lib/services/profile_service.dart:882:39: Context: Found this candidate, but the arguments don't match.
    static Future<Map<String, dynamic>> getCurrentUserProfile({String? accessToken}) async {
                                        ^^^^^^^^^^^^^^^^^^^^^
  test/api/profile_service_test.dart:689:25: Error: Method not found: 'CreateProfileRequest'.
          final request = CreateProfileRequest(
                          ^^^^^^^^^^^^^^^^^^^^
  test/api/profile_service_test.dart:717:32: Error: Member not found: 'ProfileService.createProfile'.
            () => ProfileService.createProfile(request, ApiTestUtils.testAccessToken),
                                 ^^^^^^^^^^^^^
  test/api/profile_service_test.dart:724:25: Error: Method not found: 'CreateProfileRequest'.
          final request = CreateProfileRequest(
                          ^^^^^^^^^^^^^^^^^^^^
  test/api/profile_service_test.dart:742:32: Error: Member not found: 'ProfileService.createProfile'.
            () => ProfileService.createProfile(request, ApiTestUtils.testAccessToken),
                                 ^^^^^^^^^^^^^
  test/api/profile_service_test.dart:749:25: Error: Method not found: 'CreateProfileRequest'.
          final request = CreateProfileRequest(
                          ^^^^^^^^^^^^^^^^^^^^
  test/api/profile_service_test.dart:763:22: Error: Method not found: 'TimeoutException'.
          )).thenThrow(TimeoutException('Request timeout', Duration(seconds: 30)));
                       ^^^^^^^^^^^^^^^^
  test/api/profile_service_test.dart:767:32: Error: Member not found: 'ProfileService.createProfile'.
            () => ProfileService.createProfile(request, ApiTestUtils.testAccessToken),
                                 ^^^^^^^^^^^^^
  test/api/profile_service_test.dart:768:23: Error: 'TimeoutException' isn't a type.
            throwsA(isA<TimeoutException>()),
                        ^^^^^^^^^^^^^^^^
  test/api/profile_service_test.dart:36:11: Error: The argument type 'Null' can't be assigned to the parameter type 'Uri'.
   - 'Uri' is from 'dart:core'.
            any,
            ^
  test/api/profile_service_test.dart:64:11: Error: The argument type 'Null' can't be assigned to the parameter type 'Uri'.
   - 'Uri' is from 'dart:core'.
            any,
            ^
  test/api/profile_service_test.dart:99:11: Error: The argument type 'Null' can't be assigned to the parameter type 'Uri'.
   - 'Uri' is from 'dart:core'.
            any,
            ^
  test/api/profile_service_test.dart:128:11: Error: The argument type 'Null' can't be assigned to the parameter type 'Uri'.
   - 'Uri' is from 'dart:core'.
            any,
            ^
  test/api/profile_service_test.dart:153:11: Error: The argument type 'Null' can't be assigned to the parameter type 'Uri'.
   - 'Uri' is from 'dart:core'.
            any,
            ^
  test/api/profile_service_test.dart:180:11: Error: The argument type 'Null' can't be assigned to the parameter type 'Uri'.
   - 'Uri' is from 'dart:core'.
            any,
            ^
  test/api/profile_service_test.dart:207:11: Error: The argument type 'Null' can't be assigned to the parameter type 'Uri'.
   - 'Uri' is from 'dart:core'.
            any,
            ^
  test/api/profile_service_test.dart:235:11: Error: The argument type 'Null' can't be assigned to the parameter type 'Uri'.
   - 'Uri' is from 'dart:core'.
            any,
            ^
  test/api/profile_service_test.dart:263:11: Error: The argument type 'Null' can't be assigned to the parameter type 'Uri'.
   - 'Uri' is from 'dart:core'.
            any,
            ^
  test/api/profile_service_test.dart:299:11: Error: The argument type 'Null' can't be assigned to the parameter type 'Uri'.
   - 'Uri' is from 'dart:core'.
            any,
            ^
  test/api/profile_service_test.dart:340:11: Error: The argument type 'Null' can't be assigned to the parameter type 'Uri'.
   - 'Uri' is from 'dart:core'.
            any,
            ^
  test/api/profile_service_test.dart:381:11: Error: The argument type 'Null' can't be assigned to the parameter type 'Uri'.
   - 'Uri' is from 'dart:core'.
            any,
            ^
  test/api/profile_service_test.dart:422:11: Error: The argument type 'Null' can't be assigned to the parameter type 'Uri'.
   - 'Uri' is from 'dart:core'.
            any,
            ^
  test/api/profile_service_test.dart:463:11: Error: The argument type 'Null' can't be assigned to the parameter type 'Uri'.
   - 'Uri' is from 'dart:core'.
            any,
            ^
  test/api/profile_service_test.dart:504:11: Error: The argument type 'Null' can't be assigned to the parameter type 'Uri'.
   - 'Uri' is from 'dart:core'.
            any,
            ^
  test/api/profile_service_test.dart:545:11: Error: The argument type 'Null' can't be assigned to the parameter type 'Uri'.
   - 'Uri' is from 'dart:core'.
            any,
            ^
  test/api/profile_service_test.dart:586:11: Error: The argument type 'Null' can't be assigned to the parameter type 'Uri'.
   - 'Uri' is from 'dart:core'.
            any,
            ^
  test/api/profile_service_test.dart:627:11: Error: The argument type 'Null' can't be assigned to the parameter type 'Uri'.
   - 'Uri' is from 'dart:core'.
            any,
            ^
  test/api/profile_service_test.dart:648:11: Error: The argument type 'Null' can't be assigned to the parameter type 'Uri'.
   - 'Uri' is from 'dart:core'.
            any,
            ^
  test/api/profile_service_test.dart:671:11: Error: The argument type 'Null' can't be assigned to the parameter type 'Uri'.
   - 'Uri' is from 'dart:core'.
            any,
            ^
  test/api/profile_service_test.dart:710:11: Error: The argument type 'Null' can't be assigned to the parameter type 'Uri'.
   - 'Uri' is from 'dart:core'.
            any,
            ^
  test/api/profile_service_test.dart:735:11: Error: The argument type 'Null' can't be assigned to the parameter type 'Uri'.
   - 'Uri' is from 'dart:core'.
            any,
            ^
  test/api/profile_service_test.dart:760:11: Error: The argument type 'Null' can't be assigned to the parameter type 'Uri'.
   - 'Uri' is from 'dart:core'.
            any,
            ^
  test/api_test_utils.dart:51:13: Error: Method not found: 'jsonEncode'.
        body: jsonEncode(responseBody),
              ^^^^^^^^^^
  test/api_test_utils.dart:68:13: Error: Method not found: 'jsonEncode'.
        body: jsonEncode(responseBody),
              ^^^^^^^^^^
  test/api_test_utils.dart:89:13: Error: Method not found: 'jsonEncode'.
        body: jsonEncode({
              ^^^^^^^^^^
  .
00:00 +0 -5: loading E:/1 - laravel/1 - LGBTinder/LGBTinder-flutter/test/api/api_integration_test.dart [E]
  Error: The Dart compiler exited unexpectedly.
  package:flutter_tools/src/base/common.dart 34:3  throwToolExit
  package:flutter_tools/src/compile.dart 910:11    DefaultResidentCompiler._compile.<fn>
  dart:async/zone.dart 1538:47                     _rootRunUnary
  dart:async/zone.dart 1429:19                     _CustomZone.runUnary
  dart:async/future_impl.dart 948:45               Future._propagateToListeners.handleValueCallback
  dart:async/future_impl.dart 977:13               Future._propagateToListeners
  dart:async/future_impl.dart 862:9                Future._propagateToListeners
  dart:async/future_impl.dart 720:5                Future._completeWithValue
  dart:async/future_impl.dart 804:7                Future._asyncCompleteWithValue.<fn>
  dart:async/zone.dart 1525:13                     _rootRun
  dart:async/zone.dart 1422:19                     _CustomZone.run
  dart:async/zone.dart 1321:7                      _CustomZone.runGuarded
  dart:async/zone.dart 1362:23                     _CustomZone.bindCallbackGuarded.<fn>
  dart:async/schedule_microtask.dart 40:35         _microtaskLoop
  dart:async/schedule_microtask.dart 49:5          _startMicrotaskLoop
  dart:isolate-patch/isolate_patch.dart 127:13     _runPendingImmediateCallback
  dart:isolate-patch/isolate_patch.dart 194:5      _RawReceivePort._handleMessage
  
Error: Couldn't resolve the package 'lgbtinder' in 'package:lgbtinder/components/animations/animated_components.dart'.
test/components/animated_button_test.dart:3:8: Error: Not found: 
'package:lgbtinder/components/animations/animated_components.dart'
import 'package:lgbtinder/components/animations/animated_components.dart';
       ^
test/components/animated_button_test.dart:20:30: Error: Undefined name 'AnimationType'.
              animationType: AnimationType.scale,
                             ^^^^^^^^^^^^^
test/components/animated_button_test.dart:16:19: Error: Method not found: 'AnimatedButton'.
            body: AnimatedButton(
                  ^^^^^^^^^^^^^^
test/components/animated_button_test.dart:43:30: Error: Undefined name 'AnimationType'.
              animationType: AnimationType.scale,
                             ^^^^^^^^^^^^^
test/components/animated_button_test.dart:39:19: Error: Method not found: 'AnimatedButton'.
            body: AnimatedButton(
                  ^^^^^^^^^^^^^^
test/components/animated_button_test.dart:65:30: Error: Undefined name 'AnimationType'.
              animationType: AnimationType.scale,
                             ^^^^^^^^^^^^^
test/components/animated_button_test.dart:63:19: Error: Method not found: 'AnimatedButton'.
            body: AnimatedButton(
                  ^^^^^^^^^^^^^^
test/components/animated_button_test.dart:87:30: Error: Undefined name 'AnimationType'.
              animationType: AnimationType.scale,
                             ^^^^^^^^^^^^^
test/components/animated_button_test.dart:85:19: Error: Method not found: 'AnimatedButton'.
            body: AnimatedButton(
                  ^^^^^^^^^^^^^^
test/components/animated_button_test.dart:101:30: Error: Undefined name 'AnimationType'.
              animationType: AnimationType.fade,
                             ^^^^^^^^^^^^^
test/components/animated_button_test.dart:99:19: Error: Method not found: 'AnimatedButton'.
            body: AnimatedButton(
                  ^^^^^^^^^^^^^^
test/components/animated_button_test.dart:115:30: Error: Undefined name 'AnimationType'.
              animationType: AnimationType.slide,
                             ^^^^^^^^^^^^^
test/components/animated_button_test.dart:113:19: Error: Method not found: 'AnimatedButton'.
            body: AnimatedButton(
                  ^^^^^^^^^^^^^^
test/components/animated_button_test.dart:136:30: Error: Undefined name 'AnimationType'.
              animationType: AnimationType.scale,
                             ^^^^^^^^^^^^^
test/components/animated_button_test.dart:134:19: Error: Method not found: 'AnimatedButton'.
            body: AnimatedButton(
                  ^^^^^^^^^^^^^^
test/components/animated_button_test.dart:159:30: Error: Undefined name 'AnimationType'.
              animationType: AnimationType.scale,
                             ^^^^^^^^^^^^^
test/components/animated_button_test.dart:157:19: Error: Method not found: 'AnimatedButton'.
            body: AnimatedButton(
                  ^^^^^^^^^^^^^^
00:00 +0 -6: loading E:/1 - laravel/1 - LGBTinder/LGBTinder-flutter/test/components/animated_button_test.dart [E]
  Failed to load "E:/1 - laravel/1 - LGBTinder/LGBTinder-flutter/test/components/animated_button_test.dart":
  Compilation failed for testPath=E:/1 - laravel/1 - LGBTinder/LGBTinder-flutter/test/components/animated_button_test.dart: Error: Couldn't resolve the package 'lgbtinder' in 'package:lgbtinder/components/animations/animated_components.dart'.
  test/components/animated_button_test.dart:3:8: Error: Not found: 'package:lgbtinder/components/animations/animated_components.dart'
  import 'package:lgbtinder/components/animations/animated_components.dart';
         ^
  test/components/animated_button_test.dart:20:30: Error: Undefined name 'AnimationType'.
                animationType: AnimationType.scale,
                               ^^^^^^^^^^^^^
  test/components/animated_button_test.dart:16:19: Error: Method not found: 'AnimatedButton'.
              body: AnimatedButton(
                    ^^^^^^^^^^^^^^
  test/components/animated_button_test.dart:43:30: Error: Undefined name 'AnimationType'.
                animationType: AnimationType.scale,
                               ^^^^^^^^^^^^^
  test/components/animated_button_test.dart:39:19: Error: Method not found: 'AnimatedButton'.
              body: AnimatedButton(
                    ^^^^^^^^^^^^^^
  test/components/animated_button_test.dart:65:30: Error: Undefined name 'AnimationType'.
                animationType: AnimationType.scale,
                               ^^^^^^^^^^^^^
  test/components/animated_button_test.dart:63:19: Error: Method not found: 'AnimatedButton'.
              body: AnimatedButton(
                    ^^^^^^^^^^^^^^
  test/components/animated_button_test.dart:87:30: Error: Undefined name 'AnimationType'.
                animationType: AnimationType.scale,
                               ^^^^^^^^^^^^^
  test/components/animated_button_test.dart:85:19: Error: Method not found: 'AnimatedButton'.
              body: AnimatedButton(
                    ^^^^^^^^^^^^^^
  test/components/animated_button_test.dart:101:30: Error: Undefined name 'AnimationType'.
                animationType: AnimationType.fade,
                               ^^^^^^^^^^^^^
  test/components/animated_button_test.dart:99:19: Error: Method not found: 'AnimatedButton'.
              body: AnimatedButton(
                    ^^^^^^^^^^^^^^
  test/components/animated_button_test.dart:115:30: Error: Undefined name 'AnimationType'.
                animationType: AnimationType.slide,
                               ^^^^^^^^^^^^^
  test/components/animated_button_test.dart:113:19: Error: Method not found: 'AnimatedButton'.
              body: AnimatedButton(
                    ^^^^^^^^^^^^^^
  test/components/animated_button_test.dart:136:30: Error: Undefined name 'AnimationType'.
                animationType: AnimationType.scale,
                               ^^^^^^^^^^^^^
  test/components/animated_button_test.dart:134:19: Error: Method not found: 'AnimatedButton'.
              body: AnimatedButton(
                    ^^^^^^^^^^^^^^
  test/components/animated_button_test.dart:159:30: Error: Undefined name 'AnimationType'.
                animationType: AnimationType.scale,
                               ^^^^^^^^^^^^^
  test/components/animated_button_test.dart:157:19: Error: Method not found: 'AnimatedButton'.
              body: AnimatedButton(
                    ^^^^^^^^^^^^^^
  .
00:00 +0 -6: loading E:/1 - laravel/1 - LGBTinder/LGBTinder-flutter/test/api/api_integration_test.dart [E]
  Error: The Dart compiler exited unexpectedly.
  package:flutter_tools/src/base/common.dart 34:3  throwToolExit
  package:flutter_tools/src/compile.dart 910:11    DefaultResidentCompiler._compile.<fn>
  dart:async/zone.dart 1538:47                     _rootRunUnary
  dart:async/zone.dart 1429:19                     _CustomZone.runUnary
  dart:async/future_impl.dart 948:45               Future._propagateToListeners.handleValueCallback
  dart:async/future_impl.dart 977:13               Future._propagateToListeners
  dart:async/future_impl.dart 862:9                Future._propagateToListeners
  dart:async/future_impl.dart 720:5                Future._completeWithValue
  dart:async/future_impl.dart 804:7                Future._asyncCompleteWithValue.<fn>
  dart:async/zone.dart 1525:13                     _rootRun
  dart:async/zone.dart 1422:19                     _CustomZone.run
  dart:async/zone.dart 1321:7                      _CustomZone.runGuarded
  dart:async/zone.dart 1362:23                     _CustomZone.bindCallbackGuarded.<fn>
  dart:async/schedule_microtask.dart 40:35         _microtaskLoop
  dart:async/schedule_microtask.dart 49:5          _startMicrotaskLoop
  dart:isolate-patch/isolate_patch.dart 127:13     _runPendingImmediateCallback
  dart:isolate-patch/isolate_patch.dart 194:5      _RawReceivePort._handleMessage
  
Error: Couldn't resolve the package 'lgbtinder' in 
'package:lgbtinder/components/error_handling/error_display_widget.dart'.
test/components/error_display_test.dart:3:8: Error: Not found: 
'package:lgbtinder/components/error_handling/error_display_widget.dart'
import 'package:lgbtinder/components/error_handling/error_display_widget.dart';
       ^
test/components/error_display_test.dart:15:19: Error: Method not found: 'ErrorDisplayWidget'.
            body: ErrorDisplayWidget(
                  ^^^^^^^^^^^^^^^^^^
test/components/error_display_test.dart:34:19: Error: Method not found: 'ErrorDisplayWidget'.
            body: ErrorDisplayWidget(
                  ^^^^^^^^^^^^^^^^^^
test/components/error_display_test.dart:59:19: Error: Method not found: 'ErrorDisplayWidget'.
            body: ErrorDisplayWidget(
                  ^^^^^^^^^^^^^^^^^^
test/components/error_display_test.dart:75:19: Error: Method not found: 'ErrorDisplayWidget'.
            body: ErrorDisplayWidget(
                  ^^^^^^^^^^^^^^^^^^
test/components/error_display_test.dart:94:19: Error: Method not found: 'ErrorDisplayWidget'.
            body: ErrorDisplayWidget(
                  ^^^^^^^^^^^^^^^^^^
test/components/error_display_test.dart:111:19: Error: Method not found: 'ErrorDisplayWidget'.
            body: ErrorDisplayWidget(
                  ^^^^^^^^^^^^^^^^^^
test/components/error_display_test.dart:127:19: Error: Method not found: 'ErrorDisplayWidget'.
            body: ErrorDisplayWidget(
                  ^^^^^^^^^^^^^^^^^^
test/components/error_display_test.dart:135:26: Error: Undefined name 'ErrorDisplayWidget'.
      expect(find.byType(ErrorDisplayWidget), findsOneWidget);
                         ^^^^^^^^^^^^^^^^^^
test/components/error_display_test.dart:143:19: Error: Method not found: 'ErrorDisplayWidget'.
            body: ErrorDisplayWidget(
                  ^^^^^^^^^^^^^^^^^^
test/components/error_display_test.dart:166:22: Error: Method not found: 'ErrorDisplayWidget'.
              child: ErrorDisplayWidget(
                     ^^^^^^^^^^^^^^^^^^
00:00 +0 -7: loading E:/1 - laravel/1 - LGBTinder/LGBTinder-flutter/test/components/error_display_test.dart [E]
  Failed to load "E:/1 - laravel/1 - LGBTinder/LGBTinder-flutter/test/components/error_display_test.dart":
  Compilation failed for testPath=E:/1 - laravel/1 - LGBTinder/LGBTinder-flutter/test/components/error_display_test.dart: Error: Couldn't resolve the package 'lgbtinder' in 'package:lgbtinder/components/error_handling/error_display_widget.dart'.
  test/components/error_display_test.dart:3:8: Error: Not found: 'package:lgbtinder/components/error_handling/error_display_widget.dart'
  import 'package:lgbtinder/components/error_handling/error_display_widget.dart';
         ^
  test/components/error_display_test.dart:15:19: Error: Method not found: 'ErrorDisplayWidget'.
              body: ErrorDisplayWidget(
                    ^^^^^^^^^^^^^^^^^^
  test/components/error_display_test.dart:34:19: Error: Method not found: 'ErrorDisplayWidget'.
              body: ErrorDisplayWidget(
                    ^^^^^^^^^^^^^^^^^^
  test/components/error_display_test.dart:59:19: Error: Method not found: 'ErrorDisplayWidget'.
              body: ErrorDisplayWidget(
                    ^^^^^^^^^^^^^^^^^^
  test/components/error_display_test.dart:75:19: Error: Method not found: 'ErrorDisplayWidget'.
              body: ErrorDisplayWidget(
                    ^^^^^^^^^^^^^^^^^^
  test/components/error_display_test.dart:94:19: Error: Method not found: 'ErrorDisplayWidget'.
              body: ErrorDisplayWidget(
                    ^^^^^^^^^^^^^^^^^^
  test/components/error_display_test.dart:111:19: Error: Method not found: 'ErrorDisplayWidget'.
              body: ErrorDisplayWidget(
                    ^^^^^^^^^^^^^^^^^^
  test/components/error_display_test.dart:127:19: Error: Method not found: 'ErrorDisplayWidget'.
              body: ErrorDisplayWidget(
                    ^^^^^^^^^^^^^^^^^^
  test/components/error_display_test.dart:135:26: Error: Undefined name 'ErrorDisplayWidget'.
        expect(find.byType(ErrorDisplayWidget), findsOneWidget);
                           ^^^^^^^^^^^^^^^^^^
  test/components/error_display_test.dart:143:19: Error: Method not found: 'ErrorDisplayWidget'.
              body: ErrorDisplayWidget(
                    ^^^^^^^^^^^^^^^^^^
  test/components/error_display_test.dart:166:22: Error: Method not found: 'ErrorDisplayWidget'.
                child: ErrorDisplayWidget(
                       ^^^^^^^^^^^^^^^^^^
  .
00:00 +0 -7: loading E:/1 - laravel/1 - LGBTinder/LGBTinder-flutter/test/api/api_integration_test.dart [E]
  Error: The Dart compiler exited unexpectedly.
  package:flutter_tools/src/base/common.dart 34:3  throwToolExit
  package:flutter_tools/src/compile.dart 910:11    DefaultResidentCompiler._compile.<fn>
  dart:async/zone.dart 1538:47                     _rootRunUnary
  dart:async/zone.dart 1429:19                     _CustomZone.runUnary
  dart:async/future_impl.dart 948:45               Future._propagateToListeners.handleValueCallback
  dart:async/future_impl.dart 977:13               Future._propagateToListeners
  dart:async/future_impl.dart 862:9                Future._propagateToListeners
  dart:async/future_impl.dart 720:5                Future._completeWithValue
  dart:async/future_impl.dart 804:7                Future._asyncCompleteWithValue.<fn>
  dart:async/zone.dart 1525:13                     _rootRun
  dart:async/zone.dart 1422:19                     _CustomZone.run
  dart:async/zone.dart 1321:7                      _CustomZone.runGuarded
  dart:async/zone.dart 1362:23                     _CustomZone.bindCallbackGuarded.<fn>
  dart:async/schedule_microtask.dart 40:35         _microtaskLoop
  dart:async/schedule_microtask.dart 49:5          _startMicrotaskLoop
  dart:isolate-patch/isolate_patch.dart 127:13     _runPendingImmediateCallback
  dart:isolate-patch/isolate_patch.dart 194:5      _RawReceivePort._handleMessage
  
Error: Couldn't resolve the package 'lgbtinder' in 'package:lgbtinder/components/loading/loading_widgets.dart'.
test/components/loading_widgets_test.dart:3:8: Error: Not found: 
'package:lgbtinder/components/loading/loading_widgets.dart'
import 'package:lgbtinder/components/loading/loading_widgets.dart';
       ^
test/components/loading_widgets_test.dart:12:19: Error: Undefined name 'LoadingWidgets'.
            body: LoadingWidgets.circular(),
                  ^^^^^^^^^^^^^^
test/components/loading_widgets_test.dart:29:19: Error: Undefined name 'LoadingWidgets'.
            body: LoadingWidgets.circular(color: testColor),
                  ^^^^^^^^^^^^^^
test/components/loading_widgets_test.dart:49:19: Error: Undefined name 'LoadingWidgets'.
            body: LoadingWidgets.button(text: loadingText),
                  ^^^^^^^^^^^^^^
test/components/loading_widgets_test.dart:64:19: Error: Undefined name 'LoadingWidgets'.
            body: LoadingWidgets.overlay(
                  ^^^^^^^^^^^^^^
test/components/loading_widgets_test.dart:82:19: Error: Undefined name 'LoadingWidgets'.
            body: LoadingWidgets.overlay(
                  ^^^^^^^^^^^^^^
test/components/loading_widgets_test.dart:99:17: Error: Undefined name 'LoadingWidgets'.
          home: LoadingWidgets.fullScreen(),
                ^^^^^^^^^^^^^^
test/components/loading_widgets_test.dart:115:17: Error: Undefined name 'LoadingWidgets'.
          home: LoadingWidgets.fullScreen(message: message),
                ^^^^^^^^^^^^^^
test/components/loading_widgets_test.dart:129:19: Error: Undefined name 'LoadingWidgets'.
            body: LoadingWidgets.shimmer(
                  ^^^^^^^^^^^^^^
test/components/loading_widgets_test.dart:146:19: Error: Undefined name 'LoadingWidgets'.
            body: LoadingWidgets.fullScreen(message: 'Loading content'),
                  ^^^^^^^^^^^^^^
00:00 +0 -8: loading E:/1 - laravel/1 - LGBTinder/LGBTinder-flutter/test/components/loading_widgets_test.dart [E]
  Failed to load "E:/1 - laravel/1 - LGBTinder/LGBTinder-flutter/test/components/loading_widgets_test.dart":
  Compilation failed for testPath=E:/1 - laravel/1 - LGBTinder/LGBTinder-flutter/test/components/loading_widgets_test.dart: Error: Couldn't resolve the package 'lgbtinder' in 'package:lgbtinder/components/loading/loading_widgets.dart'.
  test/components/loading_widgets_test.dart:3:8: Error: Not found: 'package:lgbtinder/components/loading/loading_widgets.dart'
  import 'package:lgbtinder/components/loading/loading_widgets.dart';
         ^
  test/components/loading_widgets_test.dart:12:19: Error: Undefined name 'LoadingWidgets'.
              body: LoadingWidgets.circular(),
                    ^^^^^^^^^^^^^^
  test/components/loading_widgets_test.dart:29:19: Error: Undefined name 'LoadingWidgets'.
              body: LoadingWidgets.circular(color: testColor),
                    ^^^^^^^^^^^^^^
  test/components/loading_widgets_test.dart:49:19: Error: Undefined name 'LoadingWidgets'.
              body: LoadingWidgets.button(text: loadingText),
                    ^^^^^^^^^^^^^^
  test/components/loading_widgets_test.dart:64:19: Error: Undefined name 'LoadingWidgets'.
              body: LoadingWidgets.overlay(
                    ^^^^^^^^^^^^^^
  test/components/loading_widgets_test.dart:82:19: Error: Undefined name 'LoadingWidgets'.
              body: LoadingWidgets.overlay(
                    ^^^^^^^^^^^^^^
  test/components/loading_widgets_test.dart:99:17: Error: Undefined name 'LoadingWidgets'.
            home: LoadingWidgets.fullScreen(),
                  ^^^^^^^^^^^^^^
  test/components/loading_widgets_test.dart:115:17: Error: Undefined name 'LoadingWidgets'.
            home: LoadingWidgets.fullScreen(message: message),
                  ^^^^^^^^^^^^^^
  test/components/loading_widgets_test.dart:129:19: Error: Undefined name 'LoadingWidgets'.
              body: LoadingWidgets.shimmer(
                    ^^^^^^^^^^^^^^
  test/components/loading_widgets_test.dart:146:19: Error: Undefined name 'LoadingWidgets'.
              body: LoadingWidgets.fullScreen(message: 'Loading content'),
                    ^^^^^^^^^^^^^^
  .
00:00 +0 -8: loading E:/1 - laravel/1 - LGBTinder/LGBTinder-flutter/test/api/api_integration_test.dart [E]
  Error: The Dart compiler exited unexpectedly.
  package:flutter_tools/src/base/common.dart 34:3  throwToolExit
  package:flutter_tools/src/compile.dart 910:11    DefaultResidentCompiler._compile.<fn>
  dart:async/zone.dart 1538:47                     _rootRunUnary
  dart:async/zone.dart 1429:19                     _CustomZone.runUnary
  dart:async/future_impl.dart 948:45               Future._propagateToListeners.handleValueCallback
  dart:async/future_impl.dart 977:13               Future._propagateToListeners
  dart:async/future_impl.dart 862:9                Future._propagateToListeners
  dart:async/future_impl.dart 720:5                Future._completeWithValue
  dart:async/future_impl.dart 804:7                Future._asyncCompleteWithValue.<fn>
  dart:async/zone.dart 1525:13                     _rootRun
  dart:async/zone.dart 1422:19                     _CustomZone.run
  dart:async/zone.dart 1321:7                      _CustomZone.runGuarded
  dart:async/zone.dart 1362:23                     _CustomZone.bindCallbackGuarded.<fn>
  dart:async/schedule_microtask.dart 40:35         _microtaskLoop
  dart:async/schedule_microtask.dart 49:5          _startMicrotaskLoop
  dart:isolate-patch/isolate_patch.dart 127:13     _runPendingImmediateCallback
  dart:isolate-patch/isolate_patch.dart 194:5      _RawReceivePort._handleMessage
  
test/services/chat_service_test.dart:23:11: Error: No named parameter with the name 'recipientId'.
          recipientId: recipientId,
          ^^^^^^^^^^^
lib/models/message.dart:42:9: Context: Found this candidate, but the arguments don't match.
  const Message({
        ^^^^^^^
test/api_test_utils.dart:51:13: Error: Method not found: 'jsonEncode'.
      body: jsonEncode(responseBody),
            ^^^^^^^^^^
test/api_test_utils.dart:68:13: Error: Method not found: 'jsonEncode'.
      body: jsonEncode(responseBody),
            ^^^^^^^^^^
test/api_test_utils.dart:89:13: Error: Method not found: 'jsonEncode'.
      body: jsonEncode({
            ^^^^^^^^^^
00:00 +0 -9: loading E:/1 - laravel/1 - LGBTinder/LGBTinder-flutter/test/services/chat_service_test.dart [E]
  Failed to load "E:/1 - laravel/1 - LGBTinder/LGBTinder-flutter/test/services/chat_service_test.dart":
  Compilation failed for testPath=E:/1 - laravel/1 - LGBTinder/LGBTinder-flutter/test/services/chat_service_test.dart: test/services/chat_service_test.dart:23:11: Error: No named parameter with the name 'recipientId'.
            recipientId: recipientId,
            ^^^^^^^^^^^
  lib/models/message.dart:42:9: Context: Found this candidate, but the arguments don't match.
    const Message({
          ^^^^^^^
  test/api_test_utils.dart:51:13: Error: Method not found: 'jsonEncode'.
        body: jsonEncode(responseBody),
              ^^^^^^^^^^
  test/api_test_utils.dart:68:13: Error: Method not found: 'jsonEncode'.
        body: jsonEncode(responseBody),
              ^^^^^^^^^^
  test/api_test_utils.dart:89:13: Error: Method not found: 'jsonEncode'.
        body: jsonEncode({
              ^^^^^^^^^^
  .
00:00 +0 -9: loading E:/1 - laravel/1 - LGBTinder/LGBTinder-flutter/test/api/api_integration_test.dart [E]
  Error: The Dart compiler exited unexpectedly.
  package:flutter_tools/src/base/common.dart 34:3  throwToolExit
  package:flutter_tools/src/compile.dart 910:11    DefaultResidentCompiler._compile.<fn>
  dart:async/zone.dart 1538:47                     _rootRunUnary
  dart:async/zone.dart 1429:19                     _CustomZone.runUnary
  dart:async/future_impl.dart 948:45               Future._propagateToListeners.handleValueCallback
  dart:async/future_impl.dart 977:13               Future._propagateToListeners
  dart:async/future_impl.dart 862:9                Future._propagateToListeners
  dart:async/future_impl.dart 720:5                Future._completeWithValue
  dart:async/future_impl.dart 804:7                Future._asyncCompleteWithValue.<fn>
  dart:async/zone.dart 1525:13                     _rootRun
  dart:async/zone.dart 1422:19                     _CustomZone.run
  dart:async/zone.dart 1321:7                      _CustomZone.runGuarded
  dart:async/zone.dart 1362:23                     _CustomZone.bindCallbackGuarded.<fn>
  dart:async/schedule_microtask.dart 40:35         _microtaskLoop
  dart:async/schedule_microtask.dart 49:5          _startMicrotaskLoop
  dart:isolate-patch/isolate_patch.dart 127:13     _runPendingImmediateCallback
  dart:isolate-patch/isolate_patch.dart 194:5      _RawReceivePort._handleMessage
  
test/services/matching_service_test.dart:22:15: Error: Required named parameter 'firstName' must be provided.
          User(
              ^
lib/models/user.dart:64:3: Context: Found this candidate, but the arguments don't match.
  User({
  ^^^^
test/services/matching_service_test.dart:27:15: Error: Required named parameter 'firstName' must be provided.
          User(
              ^
lib/models/user.dart:64:3: Context: Found this candidate, but the arguments don't match.
  User({
  ^^^^
test/api_test_utils.dart:51:13: Error: Method not found: 'jsonEncode'.
      body: jsonEncode(responseBody),
            ^^^^^^^^^^
test/api_test_utils.dart:68:13: Error: Method not found: 'jsonEncode'.
      body: jsonEncode(responseBody),
            ^^^^^^^^^^
test/api_test_utils.dart:89:13: Error: Method not found: 'jsonEncode'.
      body: jsonEncode({
            ^^^^^^^^^^
00:00 +0 -10: loading E:/1 - laravel/1 - LGBTinder/LGBTinder-flutter/test/services/matching_service_test.dart [E]
  Failed to load "E:/1 - laravel/1 - LGBTinder/LGBTinder-flutter/test/services/matching_service_test.dart":
  Compilation failed for testPath=E:/1 - laravel/1 - LGBTinder/LGBTinder-flutter/test/services/matching_service_test.dart: test/services/matching_service_test.dart:22:15: Error: Required named parameter 'firstName' must be provided.
            User(
                ^
  lib/models/user.dart:64:3: Context: Found this candidate, but the arguments don't match.
    User({
    ^^^^
  test/services/matching_service_test.dart:27:15: Error: Required named parameter 'firstName' must be provided.
            User(
                ^
  lib/models/user.dart:64:3: Context: Found this candidate, but the arguments don't match.
    User({
    ^^^^
  test/api_test_utils.dart:51:13: Error: Method not found: 'jsonEncode'.
        body: jsonEncode(responseBody),
              ^^^^^^^^^^
  test/api_test_utils.dart:68:13: Error: Method not found: 'jsonEncode'.
        body: jsonEncode(responseBody),
              ^^^^^^^^^^
  test/api_test_utils.dart:89:13: Error: Method not found: 'jsonEncode'.
        body: jsonEncode({
              ^^^^^^^^^^
  .
00:00 +0 -10: loading E:/1 - laravel/1 - LGBTinder/LGBTinder-flutter/test/api/api_integration_test.dart [E]
  Error: The Dart compiler exited unexpectedly.
  package:flutter_tools/src/base/common.dart 34:3  throwToolExit
  package:flutter_tools/src/compile.dart 910:11    DefaultResidentCompiler._compile.<fn>
  dart:async/zone.dart 1538:47                     _rootRunUnary
  dart:async/zone.dart 1429:19                     _CustomZone.runUnary
  dart:async/future_impl.dart 948:45               Future._propagateToListeners.handleValueCallback
  dart:async/future_impl.dart 977:13               Future._propagateToListeners
  dart:async/future_impl.dart 862:9                Future._propagateToListeners
  dart:async/future_impl.dart 720:5                Future._completeWithValue
  dart:async/future_impl.dart 804:7                Future._asyncCompleteWithValue.<fn>
  dart:async/zone.dart 1525:13                     _rootRun
  dart:async/zone.dart 1422:19                     _CustomZone.run
  dart:async/zone.dart 1321:7                      _CustomZone.runGuarded
  dart:async/zone.dart 1362:23                     _CustomZone.bindCallbackGuarded.<fn>
  dart:async/schedule_microtask.dart 40:35         _microtaskLoop
  dart:async/schedule_microtask.dart 49:5          _startMicrotaskLoop
  dart:isolate-patch/isolate_patch.dart 127:13     _runPendingImmediateCallback
  dart:isolate-patch/isolate_patch.dart 194:5      _RawReceivePort._handleMessage
  
test/services/match_service_test.dart:13:10: Error: 'MockApiService' isn't a type.
    late MockApiService mockApiService;
         ^^^^^^^^^^^^^^
test/services/match_service_test.dart:16:24: Error: Method not found: 'MockApiService'.
      mockApiService = MockApiService();
                       ^^^^^^^^^^^^^^
test/api_test_utils.dart:51:13: Error: Method not found: 'jsonEncode'.
      body: jsonEncode(responseBody),
            ^^^^^^^^^^
test/api_test_utils.dart:68:13: Error: Method not found: 'jsonEncode'.
      body: jsonEncode(responseBody),
            ^^^^^^^^^^
test/api_test_utils.dart:89:13: Error: Method not found: 'jsonEncode'.
      body: jsonEncode({
            ^^^^^^^^^^
00:00 +0 -11: loading E:/1 - laravel/1 - LGBTinder/LGBTinder-flutter/test/services/match_service_test.dart [E]
  Failed to load "E:/1 - laravel/1 - LGBTinder/LGBTinder-flutter/test/services/match_service_test.dart":
  Compilation failed for testPath=E:/1 - laravel/1 - LGBTinder/LGBTinder-flutter/test/services/match_service_test.dart: test/services/match_service_test.dart:13:10: Error: 'MockApiService' isn't a type.
      late MockApiService mockApiService;
           ^^^^^^^^^^^^^^
  test/services/match_service_test.dart:16:24: Error: Method not found: 'MockApiService'.
        mockApiService = MockApiService();
                         ^^^^^^^^^^^^^^
  test/api_test_utils.dart:51:13: Error: Method not found: 'jsonEncode'.
        body: jsonEncode(responseBody),
              ^^^^^^^^^^
  test/api_test_utils.dart:68:13: Error: Method not found: 'jsonEncode'.
        body: jsonEncode(responseBody),
              ^^^^^^^^^^
  test/api_test_utils.dart:89:13: Error: Method not found: 'jsonEncode'.
        body: jsonEncode({
              ^^^^^^^^^^
  .
00:00 +0 -11: loading E:/1 - laravel/1 - LGBTinder/LGBTinder-flutter/test/api/api_integration_test.dart [E]
  Error: The Dart compiler exited unexpectedly.
  package:flutter_tools/src/base/common.dart 34:3  throwToolExit
  package:flutter_tools/src/compile.dart 910:11    DefaultResidentCompiler._compile.<fn>
  dart:async/zone.dart 1538:47                     _rootRunUnary
  dart:async/zone.dart 1429:19                     _CustomZone.runUnary
  dart:async/future_impl.dart 948:45               Future._propagateToListeners.handleValueCallback
  dart:async/future_impl.dart 977:13               Future._propagateToListeners
  dart:async/future_impl.dart 862:9                Future._propagateToListeners
  dart:async/future_impl.dart 720:5                Future._completeWithValue
  dart:async/future_impl.dart 804:7                Future._asyncCompleteWithValue.<fn>
  dart:async/zone.dart 1525:13                     _rootRun
  dart:async/zone.dart 1422:19                     _CustomZone.run
  dart:async/zone.dart 1321:7                      _CustomZone.runGuarded
  dart:async/zone.dart 1362:23                     _CustomZone.bindCallbackGuarded.<fn>
  dart:async/schedule_microtask.dart 40:35         _microtaskLoop
  dart:async/schedule_microtask.dart 49:5          _startMicrotaskLoop
  dart:isolate-patch/isolate_patch.dart 127:13     _runPendingImmediateCallback
  dart:isolate-patch/isolate_patch.dart 194:5      _RawReceivePort._handleMessage
  
Error: Couldn't resolve the package 'lgbtinder' in 'package:lgbtinder/services/match_sharing_service.dart'.
Error: Couldn't resolve the package 'lgbtinder' in 'package:lgbtinder/models/user.dart'.
test/services/match_sharing_service_test.dart:2:8: Error: Not found: 
'package:lgbtinder/services/match_sharing_service.dart'
import 'package:lgbtinder/services/match_sharing_service.dart';
       ^
test/services/match_sharing_service_test.dart:3:8: Error: Not found: 'package:lgbtinder/models/user.dart'
import 'package:lgbtinder/models/user.dart';
       ^
test/services/match_sharing_service_test.dart:9:10: Error: 'User' isn't a type.
    late User testUser;
         ^^^^
test/services/match_sharing_service_test.dart:12:18: Error: Method not found: 'User'.
      testUser = User(
                 ^^^^
test/services/match_sharing_service_test.dart:21:30: Error: Undefined name 'MatchSharingService'.
      final canShare = await MatchSharingService.canShare();
                             ^^^^^^^^^^^^^^^^^^^
test/services/match_sharing_service_test.dart:26:19: Error: Method not found: 'GlobalKey'.
      final key = GlobalKey();
                  ^^^^^^^^^
test/services/match_sharing_service_test.dart:27:27: Error: Method not found: 'User'.
      final currentUser = User(
                          ^^^^
test/services/match_sharing_service_test.dart:34:22: Error: Undefined name 'MatchSharingService'.
      final widget = MatchSharingService.buildShareableMatchCard(
                     ^^^^^^^^^^^^^^^^^^^
test/services/match_sharing_service_test.dart:45:15: Error: Undefined name 'MatchSharingService'.
        () => MatchSharingService.shareMatchText(matchedUser: testUser),
              ^^^^^^^^^^^^^^^^^^^
test/services/match_sharing_service_test.dart:52:15: Error: Undefined name 'MatchSharingService'.
        () => MatchSharingService.shareMatchWithLink(matchedUser: testUser),
              ^^^^^^^^^^^^^^^^^^^
test/services/match_sharing_service_test.dart:59:15: Error: Undefined name 'MatchSharingService'.
        () => MatchSharingService.shareMatchStats(
              ^^^^^^^^^^^^^^^^^^^
test/services/match_sharing_service_test.dart:71:15: Error: Undefined name 'MatchSharingService'.
        () => MatchSharingService.shareMatchText(
              ^^^^^^^^^^^^^^^^^^^
test/services/match_sharing_service_test.dart:84:15: Error: Undefined name 'MatchSharingService'.
        () => MatchSharingService.shareMatchStats(
              ^^^^^^^^^^^^^^^^^^^
test/services/match_sharing_service_test.dart:93:33: Error: Method not found: 'User'.
      final userWithoutImages = User(
                                ^^^^
test/services/match_sharing_service_test.dart:102:15: Error: Undefined name 'MatchSharingService'.
        () => MatchSharingService.shareMatchText(matchedUser: userWithoutImages),
              ^^^^^^^^^^^^^^^^^^^
test/services/match_sharing_service_test.dart:108:36: Error: Method not found: 'User'.
      final userWithoutFirstName = User(
                                   ^^^^
test/services/match_sharing_service_test.dart:115:15: Error: Undefined name 'MatchSharingService'.
        () => MatchSharingService.shareMatchText(matchedUser: userWithoutFirstName),
              ^^^^^^^^^^^^^^^^^^^
00:00 +0 -12: loading E:/1 - laravel/1 - LGBTinder/LGBTinder-flutter/test/services/match_sharing_service_test.dart [E]
  Failed to load "E:/1 - laravel/1 - LGBTinder/LGBTinder-flutter/test/services/match_sharing_service_test.dart":
  Compilation failed for testPath=E:/1 - laravel/1 - LGBTinder/LGBTinder-flutter/test/services/match_sharing_service_test.dart: Error: Couldn't resolve the package 'lgbtinder' in 'package:lgbtinder/services/match_sharing_service.dart'.
  Error: Couldn't resolve the package 'lgbtinder' in 'package:lgbtinder/models/user.dart'.
  test/services/match_sharing_service_test.dart:2:8: Error: Not found: 'package:lgbtinder/services/match_sharing_service.dart'
  import 'package:lgbtinder/services/match_sharing_service.dart';
         ^
  test/services/match_sharing_service_test.dart:3:8: Error: Not found: 'package:lgbtinder/models/user.dart'
  import 'package:lgbtinder/models/user.dart';
         ^
  test/services/match_sharing_service_test.dart:9:10: Error: 'User' isn't a type.
      late User testUser;
           ^^^^
  test/services/match_sharing_service_test.dart:12:18: Error: Method not found: 'User'.
        testUser = User(
                   ^^^^
  test/services/match_sharing_service_test.dart:21:30: Error: Undefined name 'MatchSharingService'.
        final canShare = await MatchSharingService.canShare();
                               ^^^^^^^^^^^^^^^^^^^
  test/services/match_sharing_service_test.dart:26:19: Error: Method not found: 'GlobalKey'.
        final key = GlobalKey();
                    ^^^^^^^^^
  test/services/match_sharing_service_test.dart:27:27: Error: Method not found: 'User'.
        final currentUser = User(
                            ^^^^
  test/services/match_sharing_service_test.dart:34:22: Error: Undefined name 'MatchSharingService'.
        final widget = MatchSharingService.buildShareableMatchCard(
                       ^^^^^^^^^^^^^^^^^^^
  test/services/match_sharing_service_test.dart:45:15: Error: Undefined name 'MatchSharingService'.
          () => MatchSharingService.shareMatchText(matchedUser: testUser),
                ^^^^^^^^^^^^^^^^^^^
  test/services/match_sharing_service_test.dart:52:15: Error: Undefined name 'MatchSharingService'.
          () => MatchSharingService.shareMatchWithLink(matchedUser: testUser),
                ^^^^^^^^^^^^^^^^^^^
  test/services/match_sharing_service_test.dart:59:15: Error: Undefined name 'MatchSharingService'.
          () => MatchSharingService.shareMatchStats(
                ^^^^^^^^^^^^^^^^^^^
  test/services/match_sharing_service_test.dart:71:15: Error: Undefined name 'MatchSharingService'.
          () => MatchSharingService.shareMatchText(
                ^^^^^^^^^^^^^^^^^^^
  test/services/match_sharing_service_test.dart:84:15: Error: Undefined name 'MatchSharingService'.
          () => MatchSharingService.shareMatchStats(
                ^^^^^^^^^^^^^^^^^^^
  test/services/match_sharing_service_test.dart:93:33: Error: Method not found: 'User'.
        final userWithoutImages = User(
                                  ^^^^
  test/services/match_sharing_service_test.dart:102:15: Error: Undefined name 'MatchSharingService'.
          () => MatchSharingService.shareMatchText(matchedUser: userWithoutImages),
                ^^^^^^^^^^^^^^^^^^^
  test/services/match_sharing_service_test.dart:108:36: Error: Method not found: 'User'.
        final userWithoutFirstName = User(
                                     ^^^^
  test/services/match_sharing_service_test.dart:115:15: Error: Undefined name 'MatchSharingService'.
          () => MatchSharingService.shareMatchText(matchedUser: userWithoutFirstName),
                ^^^^^^^^^^^^^^^^^^^
  .
00:00 +0 -12: loading E:/1 - laravel/1 - LGBTinder/LGBTinder-flutter/test/api/api_integration_test.dart [E]
  Error: The Dart compiler exited unexpectedly.
  package:flutter_tools/src/base/common.dart 34:3  throwToolExit
  package:flutter_tools/src/compile.dart 910:11    DefaultResidentCompiler._compile.<fn>
  dart:async/zone.dart 1538:47                     _rootRunUnary
  dart:async/zone.dart 1429:19                     _CustomZone.runUnary
  dart:async/future_impl.dart 948:45               Future._propagateToListeners.handleValueCallback
  dart:async/future_impl.dart 977:13               Future._propagateToListeners
  dart:async/future_impl.dart 862:9                Future._propagateToListeners
  dart:async/future_impl.dart 720:5                Future._completeWithValue
  dart:async/future_impl.dart 804:7                Future._asyncCompleteWithValue.<fn>
  dart:async/zone.dart 1525:13                     _rootRun
  dart:async/zone.dart 1422:19                     _CustomZone.run
  dart:async/zone.dart 1321:7                      _CustomZone.runGuarded
  dart:async/zone.dart 1362:23                     _CustomZone.bindCallbackGuarded.<fn>
  dart:async/schedule_microtask.dart 40:35         _microtaskLoop
  dart:async/schedule_microtask.dart 49:5          _startMicrotaskLoop
  dart:isolate-patch/isolate_patch.dart 127:13     _runPendingImmediateCallback
  dart:isolate-patch/isolate_patch.dart 194:5      _RawReceivePort._handleMessage
  
lib/services/payment_service.dart:231:51: Error: A value of type 'int' can't be assigned to a variable of type 
'String'.
      if (amount != null) requestBody['amount'] = amount;
                                                  ^
lib/services/payment_service.dart:233:55: Error: A value of type 'Map<String, dynamic>' can't be assigned to a 
variable of type 'String'.
 - 'Map' is from 'dart:core'.
      if (metadata != null) requestBody['metadata'] = metadata;
                                                      ^
test/api_test_utils.dart:51:13: Error: Method not found: 'jsonEncode'.
      body: jsonEncode(responseBody),
            ^^^^^^^^^^
test/api_test_utils.dart:68:13: Error: Method not found: 'jsonEncode'.
      body: jsonEncode(responseBody),
            ^^^^^^^^^^
test/api_test_utils.dart:89:13: Error: Method not found: 'jsonEncode'.
      body: jsonEncode({
            ^^^^^^^^^^
00:00 +0 -13: loading E:/1 - laravel/1 - LGBTinder/LGBTinder-flutter/test/services/payment_service_test.dart [E]
  Failed to load "E:/1 - laravel/1 - LGBTinder/LGBTinder-flutter/test/services/payment_service_test.dart":
  Compilation failed for testPath=E:/1 - laravel/1 - LGBTinder/LGBTinder-flutter/test/services/payment_service_test.dart: lib/services/payment_service.dart:231:51: Error: A value of type 'int' can't be assigned to a variable of type 'String'.
        if (amount != null) requestBody['amount'] = amount;
                                                    ^
  lib/services/payment_service.dart:233:55: Error: A value of type 'Map<String, dynamic>' can't be assigned to a variable of type 'String'.
   - 'Map' is from 'dart:core'.
        if (metadata != null) requestBody['metadata'] = metadata;
                                                        ^
  test/api_test_utils.dart:51:13: Error: Method not found: 'jsonEncode'.
        body: jsonEncode(responseBody),
              ^^^^^^^^^^
  test/api_test_utils.dart:68:13: Error: Method not found: 'jsonEncode'.
        body: jsonEncode(responseBody),
              ^^^^^^^^^^
  test/api_test_utils.dart:89:13: Error: Method not found: 'jsonEncode'.
        body: jsonEncode({
              ^^^^^^^^^^
  .
00:00 +0 -13: loading E:/1 - laravel/1 - LGBTinder/LGBTinder-flutter/test/api/api_integration_test.dart [E]
  Error: The Dart compiler exited unexpectedly.
  package:flutter_tools/src/base/common.dart 34:3  throwToolExit
  package:flutter_tools/src/compile.dart 910:11    DefaultResidentCompiler._compile.<fn>
  dart:async/zone.dart 1538:47                     _rootRunUnary
  dart:async/zone.dart 1429:19                     _CustomZone.runUnary
  dart:async/future_impl.dart 948:45               Future._propagateToListeners.handleValueCallback
  dart:async/future_impl.dart 977:13               Future._propagateToListeners
  dart:async/future_impl.dart 862:9                Future._propagateToListeners
  dart:async/future_impl.dart 720:5                Future._completeWithValue
  dart:async/future_impl.dart 804:7                Future._asyncCompleteWithValue.<fn>
  dart:async/zone.dart 1525:13                     _rootRun
  dart:async/zone.dart 1422:19                     _CustomZone.run
  dart:async/zone.dart 1321:7                      _CustomZone.runGuarded
  dart:async/zone.dart 1362:23                     _CustomZone.bindCallbackGuarded.<fn>
  dart:async/schedule_microtask.dart 40:35         _microtaskLoop
  dart:async/schedule_microtask.dart 49:5          _startMicrotaskLoop
  dart:isolate-patch/isolate_patch.dart 127:13     _runPendingImmediateCallback
  dart:isolate-patch/isolate_patch.dart 194:5      _RawReceivePort._handleMessage
  
test/services/profile_service_test.dart:18:34: Error: Required named parameter 'firstName' must be provided.
        final expectedUser = User(
                                 ^
lib/models/user.dart:64:3: Context: Found this candidate, but the arguments don't match.
  User({
  ^^^^
test/api_test_utils.dart:51:13: Error: Method not found: 'jsonEncode'.
      body: jsonEncode(responseBody),
            ^^^^^^^^^^
test/api_test_utils.dart:68:13: Error: Method not found: 'jsonEncode'.
      body: jsonEncode(responseBody),
            ^^^^^^^^^^
test/api_test_utils.dart:89:13: Error: Method not found: 'jsonEncode'.
      body: jsonEncode({
            ^^^^^^^^^^
00:00 +0 -14: loading E:/1 - laravel/1 - LGBTinder/LGBTinder-flutter/test/services/profile_service_test.dart [E]
  Failed to load "E:/1 - laravel/1 - LGBTinder/LGBTinder-flutter/test/services/profile_service_test.dart":
  Compilation failed for testPath=E:/1 - laravel/1 - LGBTinder/LGBTinder-flutter/test/services/profile_service_test.dart: test/services/profile_service_test.dart:18:34: Error: Required named parameter 'firstName' must be provided.
          final expectedUser = User(
                                   ^
  lib/models/user.dart:64:3: Context: Found this candidate, but the arguments don't match.
    User({
    ^^^^
  test/api_test_utils.dart:51:13: Error: Method not found: 'jsonEncode'.
        body: jsonEncode(responseBody),
              ^^^^^^^^^^
  test/api_test_utils.dart:68:13: Error: Method not found: 'jsonEncode'.
        body: jsonEncode(responseBody),
              ^^^^^^^^^^
  test/api_test_utils.dart:89:13: Error: Method not found: 'jsonEncode'.
        body: jsonEncode({
              ^^^^^^^^^^
  .
00:00 +0 -14: loading E:/1 - laravel/1 - LGBTinder/LGBTinder-flutter/test/api/api_integration_test.dart [E]
  Error: The Dart compiler exited unexpectedly.
  package:flutter_tools/src/base/common.dart 34:3  throwToolExit
  package:flutter_tools/src/compile.dart 910:11    DefaultResidentCompiler._compile.<fn>
  dart:async/zone.dart 1538:47                     _rootRunUnary
  dart:async/zone.dart 1429:19                     _CustomZone.runUnary
  dart:async/future_impl.dart 948:45               Future._propagateToListeners.handleValueCallback
  dart:async/future_impl.dart 977:13               Future._propagateToListeners
  dart:async/future_impl.dart 862:9                Future._propagateToListeners
  dart:async/future_impl.dart 720:5                Future._completeWithValue
  dart:async/future_impl.dart 804:7                Future._asyncCompleteWithValue.<fn>
  dart:async/zone.dart 1525:13                     _rootRun
  dart:async/zone.dart 1422:19                     _CustomZone.run
  dart:async/zone.dart 1321:7                      _CustomZone.runGuarded
  dart:async/zone.dart 1362:23                     _CustomZone.bindCallbackGuarded.<fn>
  dart:async/schedule_microtask.dart 40:35         _microtaskLoop
  dart:async/schedule_microtask.dart 49:5          _startMicrotaskLoop
  dart:isolate-patch/isolate_patch.dart 127:13     _runPendingImmediateCallback
  dart:isolate-patch/isolate_patch.dart 194:5      _RawReceivePort._handleMessage
  
lib/services/push_notification_service.dart:103:7: Error: No named parameter with the name 
'onDidReceiveLocalNotification'.
      onDidReceiveLocalNotification: (id, title, body, payload) async {
      ^^^^^^^^^^^^^^^^^^^^^^^^^^^^^
/C:/Users/Abolfazl/AppData/Local/Pub/Cache/hosted/pub.dev/flutter_local_notifications-18.0.1/lib/src/platform_specifics
/darwin/initialization_settings.dart:7:9: Context: Found this candidate, but the arguments don't match.
  const DarwinInitializationSettings({
        ^^^^^^^^^^^^^^^^^^^^^^^^^^^^
lib/services/push_notification_service.dart:262:18: Error: The getter 'json' isn't defined for the type 
'PushNotificationService'.
 - 'PushNotificationService' is from 'lib/services/push_notification_service.dart'.
Try correcting the name to the name of an existing getter, or defining a getter or field named 'json'.
        payload: json.encode(message.data),
                 ^^^^
lib/services/push_notification_service.dart:389:21: Error: The getter 'json' isn't defined for the type 
'PushNotificationService'.
 - 'PushNotificationService' is from 'lib/services/push_notification_service.dart'.
Try correcting the name to the name of an existing getter, or defining a getter or field named 'json'.
    final payload = json.encode(message.data);
                    ^^^^
00:00 +0 -15: loading E:/1 - laravel/1 - LGBTinder/LGBTinder-flutter/test/services/push_notification_service_test.dart [E]
  Failed to load "E:/1 - laravel/1 - LGBTinder/LGBTinder-flutter/test/services/push_notification_service_test.dart":
  Compilation failed for testPath=E:/1 - laravel/1 - LGBTinder/LGBTinder-flutter/test/services/push_notification_service_test.dart: lib/services/push_notification_service.dart:103:7: Error: No named parameter with the name 'onDidReceiveLocalNotification'.
        onDidReceiveLocalNotification: (id, title, body, payload) async {
        ^^^^^^^^^^^^^^^^^^^^^^^^^^^^^
  /C:/Users/Abolfazl/AppData/Local/Pub/Cache/hosted/pub.dev/flutter_local_notifications-18.0.1/lib/src/platform_specifics/darwin/initialization_settings.dart:7:9: Context: Found this candidate, but the arguments don't match.
    const DarwinInitializationSettings({
          ^^^^^^^^^^^^^^^^^^^^^^^^^^^^
  lib/services/push_notification_service.dart:262:18: Error: The getter 'json' isn't defined for the type 'PushNotificationService'.
   - 'PushNotificationService' is from 'lib/services/push_notification_service.dart'.
  Try correcting the name to the name of an existing getter, or defining a getter or field named 'json'.
          payload: json.encode(message.data),
                   ^^^^
  lib/services/push_notification_service.dart:389:21: Error: The getter 'json' isn't defined for the type 'PushNotificationService'.
   - 'PushNotificationService' is from 'lib/services/push_notification_service.dart'.
  Try correcting the name to the name of an existing getter, or defining a getter or field named 'json'.
      final payload = json.encode(message.data);
                      ^^^^
  .
00:00 +0 -15: loading E:/1 - laravel/1 - LGBTinder/LGBTinder-flutter/test/api/api_integration_test.dart [E]
  Error: The Dart compiler exited unexpectedly.
  package:flutter_tools/src/base/common.dart 34:3  throwToolExit
  package:flutter_tools/src/compile.dart 910:11    DefaultResidentCompiler._compile.<fn>
  dart:async/zone.dart 1538:47                     _rootRunUnary
  dart:async/zone.dart 1429:19                     _CustomZone.runUnary
  dart:async/future_impl.dart 948:45               Future._propagateToListeners.handleValueCallback
  dart:async/future_impl.dart 977:13               Future._propagateToListeners
  dart:async/future_impl.dart 862:9                Future._propagateToListeners
  dart:async/future_impl.dart 720:5                Future._completeWithValue
  dart:async/future_impl.dart 804:7                Future._asyncCompleteWithValue.<fn>
  dart:async/zone.dart 1525:13                     _rootRun
  dart:async/zone.dart 1422:19                     _CustomZone.run
  dart:async/zone.dart 1321:7                      _CustomZone.runGuarded
  dart:async/zone.dart 1362:23                     _CustomZone.bindCallbackGuarded.<fn>
  dart:async/schedule_microtask.dart 40:35         _microtaskLoop
  dart:async/schedule_microtask.dart 49:5          _startMicrotaskLoop
  dart:isolate-patch/isolate_patch.dart 127:13     _runPendingImmediateCallback
  dart:isolate-patch/isolate_patch.dart 194:5      _RawReceivePort._handleMessage
  
Error: Couldn't resolve the package 'lgbtinder' in 'package:lgbtinder/services/sound_effects_service.dart'.
test/services/sound_effects_service_test.dart:2:8: Error: Not found: 
'package:lgbtinder/services/sound_effects_service.dart'
import 'package:lgbtinder/services/sound_effects_service.dart';
       ^
test/services/sound_effects_service_test.dart:8:10: Error: 'SoundEffectsService' isn't a type.
    late SoundEffectsService soundService;
         ^^^^^^^^^^^^^^^^^^^
test/services/sound_effects_service_test.dart:11:22: Error: Method not found: 'SoundEffectsService'.
      soundService = SoundEffectsService();
                     ^^^^^^^^^^^^^^^^^^^
00:00 +0 -16: loading E:/1 - laravel/1 - LGBTinder/LGBTinder-flutter/test/services/sound_effects_service_test.dart [E]
  Failed to load "E:/1 - laravel/1 - LGBTinder/LGBTinder-flutter/test/services/sound_effects_service_test.dart":
  Compilation failed for testPath=E:/1 - laravel/1 - LGBTinder/LGBTinder-flutter/test/services/sound_effects_service_test.dart: Error: Couldn't resolve the package 'lgbtinder' in 'package:lgbtinder/services/sound_effects_service.dart'.
  test/services/sound_effects_service_test.dart:2:8: Error: Not found: 'package:lgbtinder/services/sound_effects_service.dart'
  import 'package:lgbtinder/services/sound_effects_service.dart';
         ^
  test/services/sound_effects_service_test.dart:8:10: Error: 'SoundEffectsService' isn't a type.
      late SoundEffectsService soundService;
           ^^^^^^^^^^^^^^^^^^^
  test/services/sound_effects_service_test.dart:11:22: Error: Method not found: 'SoundEffectsService'.
        soundService = SoundEffectsService();
                       ^^^^^^^^^^^^^^^^^^^
  .
00:00 +0 -16: loading E:/1 - laravel/1 - LGBTinder/LGBTinder-flutter/test/api/api_integration_test.dart [E]
  Error: The Dart compiler exited unexpectedly.
  package:flutter_tools/src/base/common.dart 34:3  throwToolExit
  package:flutter_tools/src/compile.dart 910:11    DefaultResidentCompiler._compile.<fn>
  dart:async/zone.dart 1538:47                     _rootRunUnary
  dart:async/zone.dart 1429:19                     _CustomZone.runUnary
  dart:async/future_impl.dart 948:45               Future._propagateToListeners.handleValueCallback
  dart:async/future_impl.dart 977:13               Future._propagateToListeners
  dart:async/future_impl.dart 862:9                Future._propagateToListeners
  dart:async/future_impl.dart 720:5                Future._completeWithValue
  dart:async/future_impl.dart 804:7                Future._asyncCompleteWithValue.<fn>
  dart:async/zone.dart 1525:13                     _rootRun
  dart:async/zone.dart 1422:19                     _CustomZone.run
  dart:async/zone.dart 1321:7                      _CustomZone.runGuarded
  dart:async/zone.dart 1362:23                     _CustomZone.bindCallbackGuarded.<fn>
  dart:async/schedule_microtask.dart 40:35         _microtaskLoop
  dart:async/schedule_microtask.dart 49:5          _startMicrotaskLoop
  dart:isolate-patch/isolate_patch.dart 127:13     _runPendingImmediateCallback
  dart:isolate-patch/isolate_patch.dart 194:5      _RawReceivePort._handleMessage
  
test/api_test_utils.dart:51:13: Error: Method not found: 'jsonEncode'.
      body: jsonEncode(responseBody),
            ^^^^^^^^^^
test/api_test_utils.dart:68:13: Error: Method not found: 'jsonEncode'.
      body: jsonEncode(responseBody),
            ^^^^^^^^^^
test/api_test_utils.dart:89:13: Error: Method not found: 'jsonEncode'.
      body: jsonEncode({
            ^^^^^^^^^^
00:00 +0 -17: loading E:/1 - laravel/1 - LGBTinder/LGBTinder-flutter/test/services/stripe_payment_service_test.dart [E]
  Failed to load "E:/1 - laravel/1 - LGBTinder/LGBTinder-flutter/test/services/stripe_payment_service_test.dart":
  Compilation failed for testPath=E:/1 - laravel/1 - LGBTinder/LGBTinder-flutter/test/services/stripe_payment_service_test.dart: test/api_test_utils.dart:51:13: Error: Method not found: 'jsonEncode'.
        body: jsonEncode(responseBody),
              ^^^^^^^^^^
  test/api_test_utils.dart:68:13: Error: Method not found: 'jsonEncode'.
        body: jsonEncode(responseBody),
              ^^^^^^^^^^
  test/api_test_utils.dart:89:13: Error: Method not found: 'jsonEncode'.
        body: jsonEncode({
              ^^^^^^^^^^
  .
00:00 +0 -17: loading E:/1 - laravel/1 - LGBTinder/LGBTinder-flutter/test/api/api_integration_test.dart [E]
  Error: The Dart compiler exited unexpectedly.
  package:flutter_tools/src/base/common.dart 34:3  throwToolExit
  package:flutter_tools/src/compile.dart 910:11    DefaultResidentCompiler._compile.<fn>
  dart:async/zone.dart 1538:47                     _rootRunUnary
  dart:async/zone.dart 1429:19                     _CustomZone.runUnary
  dart:async/future_impl.dart 948:45               Future._propagateToListeners.handleValueCallback
  dart:async/future_impl.dart 977:13               Future._propagateToListeners
  dart:async/future_impl.dart 862:9                Future._propagateToListeners
  dart:async/future_impl.dart 720:5                Future._completeWithValue
  dart:async/future_impl.dart 804:7                Future._asyncCompleteWithValue.<fn>
  dart:async/zone.dart 1525:13                     _rootRun
  dart:async/zone.dart 1422:19                     _CustomZone.run
  dart:async/zone.dart 1321:7                      _CustomZone.runGuarded
  dart:async/zone.dart 1362:23                     _CustomZone.bindCallbackGuarded.<fn>
  dart:async/schedule_microtask.dart 40:35         _microtaskLoop
  dart:async/schedule_microtask.dart 49:5          _startMicrotaskLoop
  dart:isolate-patch/isolate_patch.dart 127:13     _runPendingImmediateCallback
  dart:isolate-patch/isolate_patch.dart 194:5      _RawReceivePort._handleMessage
  
test/services/token_management_service_test.dart:84:15: Error: Undefined name 'tokenService'.
        await tokenService.saveRefreshToken(token);
              ^^^^^^^^^^^^
test/services/token_management_service_test.dart:87:38: Error: Undefined name 'tokenService'.
        final retrievedToken = await tokenService.getRefreshToken();
                                     ^^^^^^^^^^^^
test/services/token_management_service_test.dart:94:15: Error: Undefined name 'tokenService'.
        await tokenService.saveRefreshToken(token);
              ^^^^^^^^^^^^
test/services/token_management_service_test.dart:97:38: Error: Undefined name 'tokenService'.
        final retrievedToken = await tokenService.getRefreshToken();
                                     ^^^^^^^^^^^^
test/services/token_management_service_test.dart:105:29: Error: Undefined name 'tokenService'.
        final token = await tokenService.getRefreshToken();
                            ^^^^^^^^^^^^
test/services/token_management_service_test.dart:115:15: Error: Undefined name 'tokenService'.
        await tokenService.saveRefreshToken(oldToken);
              ^^^^^^^^^^^^
test/services/token_management_service_test.dart:118:15: Error: Undefined name 'tokenService'.
        await tokenService.saveRefreshToken(newToken);
              ^^^^^^^^^^^^
test/services/token_management_service_test.dart:121:38: Error: Undefined name 'tokenService'.
        final retrievedToken = await tokenService.getRefreshToken();
                                     ^^^^^^^^^^^^
test/services/token_management_service_test.dart:129:15: Error: Undefined name 'tokenService'.
        await tokenService.saveRefreshToken(token);
              ^^^^^^^^^^^^
test/services/token_management_service_test.dart:132:15: Error: Undefined name 'tokenService'.
        await tokenService.deleteRefreshToken();
              ^^^^^^^^^^^^
test/services/token_management_service_test.dart:135:38: Error: Undefined name 'tokenService'.
        final retrievedToken = await tokenService.getRefreshToken();
                                     ^^^^^^^^^^^^
test/services/token_management_service_test.dart:147:15: Error: Undefined name 'tokenService'.
        await tokenService.saveTokens(
              ^^^^^^^^^^^^
test/services/token_management_service_test.dart:153:22: Error: Undefined name 'tokenService'.
        expect(await tokenService.getAccessToken(), equals(accessToken));
                     ^^^^^^^^^^^^
test/services/token_management_service_test.dart:154:22: Error: Undefined name 'tokenService'.
        expect(await tokenService.getRefreshToken(), equals(refreshToken));
                     ^^^^^^^^^^^^
test/services/token_management_service_test.dart:162:15: Error: Undefined name 'tokenService'.
        await tokenService.saveTokens(accessToken: accessToken);
              ^^^^^^^^^^^^
test/services/token_management_service_test.dart:165:22: Error: Undefined name 'tokenService'.
        expect(await tokenService.getAccessToken(), equals(accessToken));
                     ^^^^^^^^^^^^
test/services/token_management_service_test.dart:166:22: Error: Undefined name 'tokenService'.
        expect(await tokenService.getRefreshToken(), isNull);
                     ^^^^^^^^^^^^
test/services/token_management_service_test.dart:173:15: Error: Undefined name 'tokenService'.
        await tokenService.saveTokens(
              ^^^^^^^^^^^^
test/services/token_management_service_test.dart:179:15: Error: Undefined name 'tokenService'.
        await tokenService.clearTokens();
              ^^^^^^^^^^^^
test/services/token_management_service_test.dart:182:22: Error: Undefined name 'tokenService'.
        expect(await tokenService.getAccessToken(), isNull);
                     ^^^^^^^^^^^^
test/services/token_management_service_test.dart:183:22: Error: Undefined name 'tokenService'.
        expect(await tokenService.getRefreshToken(), isNull);
                     ^^^^^^^^^^^^
test/services/token_management_service_test.dart:188:22: Error: Undefined name 'tokenService'.
        expect(await tokenService.isAuthenticated(), isFalse);
                     ^^^^^^^^^^^^
test/services/token_management_service_test.dart:191:15: Error: Undefined name 'tokenService'.
        await tokenService.saveAccessToken('test_token');
              ^^^^^^^^^^^^
test/services/token_management_service_test.dart:192:22: Error: Undefined name 'tokenService'.
        expect(await tokenService.isAuthenticated(), isTrue);
                     ^^^^^^^^^^^^
test/services/token_management_service_test.dart:195:15: Error: Undefined name 'tokenService'.
        await tokenService.clearTokens();
              ^^^^^^^^^^^^
test/services/token_management_service_test.dart:196:22: Error: Undefined name 'tokenService'.
        expect(await tokenService.isAuthenticated(), isFalse);
                     ^^^^^^^^^^^^
test/services/token_management_service_test.dart:207:15: Error: Undefined name 'tokenService'.
        await tokenService.saveAccessToken(token);
              ^^^^^^^^^^^^
test/services/token_management_service_test.dart:208:15: Error: Undefined name 'tokenService'.
        await tokenService.saveTokenExpiry(expiry);
              ^^^^^^^^^^^^
test/services/token_management_service_test.dart:211:36: Error: Undefined name 'tokenService'.
        final storedExpiry = await tokenService.getTokenExpiry();
                                   ^^^^^^^^^^^^
test/services/token_management_service_test.dart:221:15: Error: Undefined name 'tokenService'.
        await tokenService.saveAccessToken(token);
              ^^^^^^^^^^^^
test/services/token_management_service_test.dart:222:15: Error: Undefined name 'tokenService'.
        await tokenService.saveTokenExpiry(futureExpiry);
              ^^^^^^^^^^^^
test/services/token_management_service_test.dart:223:22: Error: Undefined name 'tokenService'.
        expect(await tokenService.isTokenExpired(), isFalse);
                     ^^^^^^^^^^^^
test/services/token_management_service_test.dart:227:15: Error: Undefined name 'tokenService'.
        await tokenService.saveTokenExpiry(pastExpiry);
              ^^^^^^^^^^^^
test/services/token_management_service_test.dart:228:22: Error: Undefined name 'tokenService'.
        expect(await tokenService.isTokenExpired(), isTrue);
                     ^^^^^^^^^^^^
test/services/token_management_service_test.dart:231:15: Error: Undefined name 'tokenService'.
        await tokenService.clearTokens();
              ^^^^^^^^^^^^
test/services/token_management_service_test.dart:232:22: Error: Undefined name 'tokenService'.
        expect(await tokenService.isTokenExpired(), isTrue);
                     ^^^^^^^^^^^^
test/services/token_management_service_test.dart:237:30: Error: Undefined name 'tokenService'.
        final expiry = await tokenService.getTokenExpiry();
                             ^^^^^^^^^^^^
test/services/token_management_service_test.dart:247:15: Error: Undefined name 'tokenService'.
        await tokenService.saveAccessToken('');
              ^^^^^^^^^^^^
test/services/token_management_service_test.dart:250:29: Error: Undefined name 'tokenService'.
        final token = await tokenService.getAccessToken();
                            ^^^^^^^^^^^^
test/services/token_management_service_test.dart:259:15: Error: Undefined name 'tokenService'.
        await tokenService.saveAccessToken(longToken);
              ^^^^^^^^^^^^
test/services/token_management_service_test.dart:262:38: Error: Undefined name 'tokenService'.
        final retrievedToken = await tokenService.getAccessToken();
                                     ^^^^^^^^^^^^
test/services/token_management_service_test.dart:271:15: Error: Undefined name 'tokenService'.
        await tokenService.saveAccessToken(specialToken);
              ^^^^^^^^^^^^
test/services/token_management_service_test.dart:274:38: Error: Undefined name 'tokenService'.
        final retrievedToken = await tokenService.getAccessToken();
                                     ^^^^^^^^^^^^
test/services/token_management_service_test.dart:286:11: Error: Undefined name 'tokenService'.
          tokenService.saveAccessToken(token1),
          ^^^^^^^^^^^^
test/services/token_management_service_test.dart:287:11: Error: Undefined name 'tokenService'.
          tokenService.saveAccessToken(token2),
          ^^^^^^^^^^^^
test/services/token_management_service_test.dart:288:11: Error: Undefined name 'tokenService'.
          tokenService.saveAccessToken(token3),
          ^^^^^^^^^^^^
test/services/token_management_service_test.dart:292:38: Error: Undefined name 'tokenService'.
        final retrievedToken = await tokenService.getAccessToken();
                                     ^^^^^^^^^^^^
test/services/token_management_service_test.dart:285:27: Error: The argument type 'List<dynamic>' can't be assigned to 
the parameter type 'Iterable<Future<dynamic>>'.
 - 'List' is from 'dart:core'.
 - 'Iterable' is from 'dart:core'.
 - 'Future' is from 'dart:async'.
        await Future.wait([
                          ^
00:00 +0 -18: loading E:/1 - laravel/1 - LGBTinder/LGBTinder-flutter/test/services/token_management_service_test.dart [E]
  Failed to load "E:/1 - laravel/1 - LGBTinder/LGBTinder-flutter/test/services/token_management_service_test.dart":
  Compilation failed for testPath=E:/1 - laravel/1 - LGBTinder/LGBTinder-flutter/test/services/token_management_service_test.dart: test/services/token_management_service_test.dart:84:15: Error: Undefined name 'tokenService'.
          await tokenService.saveRefreshToken(token);
                ^^^^^^^^^^^^
  test/services/token_management_service_test.dart:87:38: Error: Undefined name 'tokenService'.
          final retrievedToken = await tokenService.getRefreshToken();
                                       ^^^^^^^^^^^^
  test/services/token_management_service_test.dart:94:15: Error: Undefined name 'tokenService'.
          await tokenService.saveRefreshToken(token);
                ^^^^^^^^^^^^
  test/services/token_management_service_test.dart:97:38: Error: Undefined name 'tokenService'.
          final retrievedToken = await tokenService.getRefreshToken();
                                       ^^^^^^^^^^^^
  test/services/token_management_service_test.dart:105:29: Error: Undefined name 'tokenService'.
          final token = await tokenService.getRefreshToken();
                              ^^^^^^^^^^^^
  test/services/token_management_service_test.dart:115:15: Error: Undefined name 'tokenService'.
          await tokenService.saveRefreshToken(oldToken);
                ^^^^^^^^^^^^
  test/services/token_management_service_test.dart:118:15: Error: Undefined name 'tokenService'.
          await tokenService.saveRefreshToken(newToken);
                ^^^^^^^^^^^^
  test/services/token_management_service_test.dart:121:38: Error: Undefined name 'tokenService'.
          final retrievedToken = await tokenService.getRefreshToken();
                                       ^^^^^^^^^^^^
  test/services/token_management_service_test.dart:129:15: Error: Undefined name 'tokenService'.
          await tokenService.saveRefreshToken(token);
                ^^^^^^^^^^^^
  test/services/token_management_service_test.dart:132:15: Error: Undefined name 'tokenService'.
          await tokenService.deleteRefreshToken();
                ^^^^^^^^^^^^
  test/services/token_management_service_test.dart:135:38: Error: Undefined name 'tokenService'.
          final retrievedToken = await tokenService.getRefreshToken();
                                       ^^^^^^^^^^^^
  test/services/token_management_service_test.dart:147:15: Error: Undefined name 'tokenService'.
          await tokenService.saveTokens(
                ^^^^^^^^^^^^
  test/services/token_management_service_test.dart:153:22: Error: Undefined name 'tokenService'.
          expect(await tokenService.getAccessToken(), equals(accessToken));
                       ^^^^^^^^^^^^
  test/services/token_management_service_test.dart:154:22: Error: Undefined name 'tokenService'.
          expect(await tokenService.getRefreshToken(), equals(refreshToken));
                       ^^^^^^^^^^^^
  test/services/token_management_service_test.dart:162:15: Error: Undefined name 'tokenService'.
          await tokenService.saveTokens(accessToken: accessToken);
                ^^^^^^^^^^^^
  test/services/token_management_service_test.dart:165:22: Error: Undefined name 'tokenService'.
          expect(await tokenService.getAccessToken(), equals(accessToken));
                       ^^^^^^^^^^^^
  test/services/token_management_service_test.dart:166:22: Error: Undefined name 'tokenService'.
          expect(await tokenService.getRefreshToken(), isNull);
                       ^^^^^^^^^^^^
  test/services/token_management_service_test.dart:173:15: Error: Undefined name 'tokenService'.
          await tokenService.saveTokens(
                ^^^^^^^^^^^^
  test/services/token_management_service_test.dart:179:15: Error: Undefined name 'tokenService'.
          await tokenService.clearTokens();
                ^^^^^^^^^^^^
  test/services/token_management_service_test.dart:182:22: Error: Undefined name 'tokenService'.
          expect(await tokenService.getAccessToken(), isNull);
                       ^^^^^^^^^^^^
  test/services/token_management_service_test.dart:183:22: Error: Undefined name 'tokenService'.
          expect(await tokenService.getRefreshToken(), isNull);
                       ^^^^^^^^^^^^
  test/services/token_management_service_test.dart:188:22: Error: Undefined name 'tokenService'.
          expect(await tokenService.isAuthenticated(), isFalse);
                       ^^^^^^^^^^^^
  test/services/token_management_service_test.dart:191:15: Error: Undefined name 'tokenService'.
          await tokenService.saveAccessToken('test_token');
                ^^^^^^^^^^^^
  test/services/token_management_service_test.dart:192:22: Error: Undefined name 'tokenService'.
          expect(await tokenService.isAuthenticated(), isTrue);
                       ^^^^^^^^^^^^
  test/services/token_management_service_test.dart:195:15: Error: Undefined name 'tokenService'.
          await tokenService.clearTokens();
                ^^^^^^^^^^^^
  test/services/token_management_service_test.dart:196:22: Error: Undefined name 'tokenService'.
          expect(await tokenService.isAuthenticated(), isFalse);
                       ^^^^^^^^^^^^
  test/services/token_management_service_test.dart:207:15: Error: Undefined name 'tokenService'.
          await tokenService.saveAccessToken(token);
                ^^^^^^^^^^^^
  test/services/token_management_service_test.dart:208:15: Error: Undefined name 'tokenService'.
          await tokenService.saveTokenExpiry(expiry);
                ^^^^^^^^^^^^
  test/services/token_management_service_test.dart:211:36: Error: Undefined name 'tokenService'.
          final storedExpiry = await tokenService.getTokenExpiry();
                                     ^^^^^^^^^^^^
  test/services/token_management_service_test.dart:221:15: Error: Undefined name 'tokenService'.
          await tokenService.saveAccessToken(token);
                ^^^^^^^^^^^^
  test/services/token_management_service_test.dart:222:15: Error: Undefined name 'tokenService'.
          await tokenService.saveTokenExpiry(futureExpiry);
                ^^^^^^^^^^^^
  test/services/token_management_service_test.dart:223:22: Error: Undefined name 'tokenService'.
          expect(await tokenService.isTokenExpired(), isFalse);
                       ^^^^^^^^^^^^
  test/services/token_management_service_test.dart:227:15: Error: Undefined name 'tokenService'.
          await tokenService.saveTokenExpiry(pastExpiry);
                ^^^^^^^^^^^^
  test/services/token_management_service_test.dart:228:22: Error: Undefined name 'tokenService'.
          expect(await tokenService.isTokenExpired(), isTrue);
                       ^^^^^^^^^^^^
  test/services/token_management_service_test.dart:231:15: Error: Undefined name 'tokenService'.
          await tokenService.clearTokens();
                ^^^^^^^^^^^^
  test/services/token_management_service_test.dart:232:22: Error: Undefined name 'tokenService'.
          expect(await tokenService.isTokenExpired(), isTrue);
                       ^^^^^^^^^^^^
  test/services/token_management_service_test.dart:237:30: Error: Undefined name 'tokenService'.
          final expiry = await tokenService.getTokenExpiry();
                               ^^^^^^^^^^^^
  test/services/token_management_service_test.dart:247:15: Error: Undefined name 'tokenService'.
          await tokenService.saveAccessToken('');
                ^^^^^^^^^^^^
  test/services/token_management_service_test.dart:250:29: Error: Undefined name 'tokenService'.
          final token = await tokenService.getAccessToken();
                              ^^^^^^^^^^^^
  test/services/token_management_service_test.dart:259:15: Error: Undefined name 'tokenService'.
          await tokenService.saveAccessToken(longToken);
                ^^^^^^^^^^^^
  test/services/token_management_service_test.dart:262:38: Error: Undefined name 'tokenService'.
          final retrievedToken = await tokenService.getAccessToken();
                                       ^^^^^^^^^^^^
  test/services/token_management_service_test.dart:271:15: Error: Undefined name 'tokenService'.
          await tokenService.saveAccessToken(specialToken);
                ^^^^^^^^^^^^
  test/services/token_management_service_test.dart:274:38: Error: Undefined name 'tokenService'.
          final retrievedToken = await tokenService.getAccessToken();
                                       ^^^^^^^^^^^^
  test/services/token_management_service_test.dart:286:11: Error: Undefined name 'tokenService'.
            tokenService.saveAccessToken(token1),
            ^^^^^^^^^^^^
  test/services/token_management_service_test.dart:287:11: Error: Undefined name 'tokenService'.
            tokenService.saveAccessToken(token2),
            ^^^^^^^^^^^^
  test/services/token_management_service_test.dart:288:11: Error: Undefined name 'tokenService'.
            tokenService.saveAccessToken(token3),
            ^^^^^^^^^^^^
  test/services/token_management_service_test.dart:292:38: Error: Undefined name 'tokenService'.
          final retrievedToken = await tokenService.getAccessToken();
                                       ^^^^^^^^^^^^
  test/services/token_management_service_test.dart:285:27: Error: The argument type 'List<dynamic>' can't be assigned to the parameter type 'Iterable<Future<dynamic>>'.
   - 'List' is from 'dart:core'.
   - 'Iterable' is from 'dart:core'.
   - 'Future' is from 'dart:async'.
          await Future.wait([
                            ^
  .
00:00 +0 -18: loading E:/1 - laravel/1 - LGBTinder/LGBTinder-flutter/test/api/api_integration_test.dart [E]
  Error: The Dart compiler exited unexpectedly.
  package:flutter_tools/src/base/common.dart 34:3  throwToolExit
  package:flutter_tools/src/compile.dart 910:11    DefaultResidentCompiler._compile.<fn>
  dart:async/zone.dart 1538:47                     _rootRunUnary
  dart:async/zone.dart 1429:19                     _CustomZone.runUnary
  dart:async/future_impl.dart 948:45               Future._propagateToListeners.handleValueCallback
  dart:async/future_impl.dart 977:13               Future._propagateToListeners
  dart:async/future_impl.dart 862:9                Future._propagateToListeners
  dart:async/future_impl.dart 720:5                Future._completeWithValue
  dart:async/future_impl.dart 804:7                Future._asyncCompleteWithValue.<fn>
  dart:async/zone.dart 1525:13                     _rootRun
  dart:async/zone.dart 1422:19                     _CustomZone.run
  dart:async/zone.dart 1321:7                      _CustomZone.runGuarded
  dart:async/zone.dart 1362:23                     _CustomZone.bindCallbackGuarded.<fn>
  dart:async/schedule_microtask.dart 40:35         _microtaskLoop
  dart:async/schedule_microtask.dart 49:5          _startMicrotaskLoop
  dart:isolate-patch/isolate_patch.dart 127:13     _runPendingImmediateCallback
  dart:isolate-patch/isolate_patch.dart 194:5      _RawReceivePort._handleMessage
  
Error: Couldn't resolve the package 'lgbtinder' in 'package:lgbtinder/services/validation_service.dart'.
test/services/validation_service_test.dart:2:8: Error: Not found: 'package:lgbtinder/services/validation_service.dart'
import 'package:lgbtinder/services/validation_service.dart';
       ^
test/services/validation_service_test.dart:9:16: Error: Undefined name 'ValidationService'.
        expect(ValidationService.isValidEmail('test@example.com'), true);
               ^^^^^^^^^^^^^^^^^
test/services/validation_service_test.dart:10:16: Error: Undefined name 'ValidationService'.
        expect(ValidationService.isValidEmail('user.name@example.com'), true);
               ^^^^^^^^^^^^^^^^^
test/services/validation_service_test.dart:11:16: Error: Undefined name 'ValidationService'.
        expect(ValidationService.isValidEmail('user+tag@example.co.uk'), true);
               ^^^^^^^^^^^^^^^^^
test/services/validation_service_test.dart:12:16: Error: Undefined name 'ValidationService'.
        expect(ValidationService.isValidEmail('user_123@example-domain.com'), true);
               ^^^^^^^^^^^^^^^^^
test/services/validation_service_test.dart:17:16: Error: Undefined name 'ValidationService'.
        expect(ValidationService.isValidEmail(''), false);
               ^^^^^^^^^^^^^^^^^
test/services/validation_service_test.dart:18:16: Error: Undefined name 'ValidationService'.
        expect(ValidationService.isValidEmail('notanemail'), false);
               ^^^^^^^^^^^^^^^^^
test/services/validation_service_test.dart:19:16: Error: Undefined name 'ValidationService'.
        expect(ValidationService.isValidEmail('@example.com'), false);
               ^^^^^^^^^^^^^^^^^
test/services/validation_service_test.dart:20:16: Error: Undefined name 'ValidationService'.
        expect(ValidationService.isValidEmail('user@'), false);
               ^^^^^^^^^^^^^^^^^
test/services/validation_service_test.dart:21:16: Error: Undefined name 'ValidationService'.
        expect(ValidationService.isValidEmail('user@.com'), false);
               ^^^^^^^^^^^^^^^^^
test/services/validation_service_test.dart:22:16: Error: Undefined name 'ValidationService'.
        expect(ValidationService.isValidEmail('user name@example.com'), false);
               ^^^^^^^^^^^^^^^^^
test/services/validation_service_test.dart:23:16: Error: Undefined name 'ValidationService'.
        expect(ValidationService.isValidEmail('user@example'), false);
               ^^^^^^^^^^^^^^^^^
test/services/validation_service_test.dart:27:16: Error: Undefined name 'ValidationService'.
        expect(ValidationService.isValidEmail('a@b.c'), true);
               ^^^^^^^^^^^^^^^^^
test/services/validation_service_test.dart:28:16: Error: Undefined name 'ValidationService'.
        expect(ValidationService.isValidEmail('test@subdomain.example.com'), true);
               ^^^^^^^^^^^^^^^^^
test/services/validation_service_test.dart:35:16: Error: Undefined name 'ValidationService'.
        expect(ValidationService.isValidPassword('Password123!'), true);
               ^^^^^^^^^^^^^^^^^
test/services/validation_service_test.dart:36:16: Error: Undefined name 'ValidationService'.
        expect(ValidationService.isValidPassword('12345678'), true);
               ^^^^^^^^^^^^^^^^^
test/services/validation_service_test.dart:37:16: Error: Undefined name 'ValidationService'.
        expect(ValidationService.isValidPassword('abcdefgh'), true);
               ^^^^^^^^^^^^^^^^^
test/services/validation_service_test.dart:42:16: Error: Undefined name 'ValidationService'.
        expect(ValidationService.isValidPassword(''), false);
               ^^^^^^^^^^^^^^^^^
test/services/validation_service_test.dart:43:16: Error: Undefined name 'ValidationService'.
        expect(ValidationService.isValidPassword('1234567'), false);
               ^^^^^^^^^^^^^^^^^
test/services/validation_service_test.dart:44:16: Error: Undefined name 'ValidationService'.
        expect(ValidationService.isValidPassword('Pass12!'), false);
               ^^^^^^^^^^^^^^^^^
test/services/validation_service_test.dart:50:16: Error: Undefined name 'ValidationService'.
        expect(ValidationService.isValidPhone('+1234567890'), true);
               ^^^^^^^^^^^^^^^^^
test/services/validation_service_test.dart:51:16: Error: Undefined name 'ValidationService'.
        expect(ValidationService.isValidPhone('1234567890'), true);
               ^^^^^^^^^^^^^^^^^
test/services/validation_service_test.dart:52:16: Error: Undefined name 'ValidationService'.
        expect(ValidationService.isValidPhone('+12 345 678 90'), true);
               ^^^^^^^^^^^^^^^^^
test/services/validation_service_test.dart:56:16: Error: Undefined name 'ValidationService'.
        expect(ValidationService.isValidPhone(''), false);
               ^^^^^^^^^^^^^^^^^
test/services/validation_service_test.dart:57:16: Error: Undefined name 'ValidationService'.
        expect(ValidationService.isValidPhone('123'), false);
               ^^^^^^^^^^^^^^^^^
test/services/validation_service_test.dart:58:16: Error: Undefined name 'ValidationService'.
        expect(ValidationService.isValidPhone('abcdefghij'), false);
               ^^^^^^^^^^^^^^^^^
test/services/validation_service_test.dart:64:16: Error: Undefined name 'ValidationService'.
        expect(ValidationService.isValidName('John'), true);
               ^^^^^^^^^^^^^^^^^
test/services/validation_service_test.dart:65:16: Error: Undefined name 'ValidationService'.
        expect(ValidationService.isValidName('John Doe'), true);
               ^^^^^^^^^^^^^^^^^
test/services/validation_service_test.dart:66:16: Error: Undefined name 'ValidationService'.
        expect(ValidationService.isValidName("O'Brien"), true);
               ^^^^^^^^^^^^^^^^^
test/services/validation_service_test.dart:67:16: Error: Undefined name 'ValidationService'.
        expect(ValidationService.isValidName('Jos├⌐'), true);
               ^^^^^^^^^^^^^^^^^
test/services/validation_service_test.dart:71:16: Error: Undefined name 'ValidationService'.
        expect(ValidationService.isValidName(''), false);
               ^^^^^^^^^^^^^^^^^
test/services/validation_service_test.dart:72:16: Error: Undefined name 'ValidationService'.
        expect(ValidationService.isValidName('J'), false);
               ^^^^^^^^^^^^^^^^^
test/services/validation_service_test.dart:73:16: Error: Undefined name 'ValidationService'.
        expect(ValidationService.isValidName('123'), false);
               ^^^^^^^^^^^^^^^^^
test/services/validation_service_test.dart:74:16: Error: Undefined name 'ValidationService'.
        expect(ValidationService.isValidName('  '), false);
               ^^^^^^^^^^^^^^^^^
test/services/validation_service_test.dart:80:16: Error: Undefined name 'ValidationService'.
        expect(ValidationService.isValidAge(18), true);
               ^^^^^^^^^^^^^^^^^
test/services/validation_service_test.dart:81:16: Error: Undefined name 'ValidationService'.
        expect(ValidationService.isValidAge(25), true);
               ^^^^^^^^^^^^^^^^^
test/services/validation_service_test.dart:82:16: Error: Undefined name 'ValidationService'.
        expect(ValidationService.isValidAge(100), true);
               ^^^^^^^^^^^^^^^^^
test/services/validation_service_test.dart:86:16: Error: Undefined name 'ValidationService'.
        expect(ValidationService.isValidAge(17), false);
               ^^^^^^^^^^^^^^^^^
test/services/validation_service_test.dart:87:16: Error: Undefined name 'ValidationService'.
        expect(ValidationService.isValidAge(0), false);
               ^^^^^^^^^^^^^^^^^
test/services/validation_service_test.dart:88:16: Error: Undefined name 'ValidationService'.
        expect(ValidationService.isValidAge(-5), false);
               ^^^^^^^^^^^^^^^^^
test/services/validation_service_test.dart:89:16: Error: Undefined name 'ValidationService'.
        expect(ValidationService.isValidAge(101), false);
               ^^^^^^^^^^^^^^^^^
test/services/validation_service_test.dart:95:16: Error: Undefined name 'ValidationService'.
        expect(ValidationService.isValidUrl('https://example.com'), true);
               ^^^^^^^^^^^^^^^^^
test/services/validation_service_test.dart:96:16: Error: Undefined name 'ValidationService'.
        expect(ValidationService.isValidUrl('http://example.com'), true);
               ^^^^^^^^^^^^^^^^^
test/services/validation_service_test.dart:97:16: Error: Undefined name 'ValidationService'.
        expect(ValidationService.isValidUrl('https://www.example.com/path'), true);
               ^^^^^^^^^^^^^^^^^
test/services/validation_service_test.dart:98:16: Error: Undefined name 'ValidationService'.
        expect(ValidationService.isValidUrl('https://example.com/path?query=value'), true);
               ^^^^^^^^^^^^^^^^^
test/services/validation_service_test.dart:102:16: Error: Undefined name 'ValidationService'.
        expect(ValidationService.isValidUrl(''), false);
               ^^^^^^^^^^^^^^^^^
test/services/validation_service_test.dart:103:16: Error: Undefined name 'ValidationService'.
        expect(ValidationService.isValidUrl('not a url'), false);
               ^^^^^^^^^^^^^^^^^
test/services/validation_service_test.dart:104:16: Error: Undefined name 'ValidationService'.
        expect(ValidationService.isValidUrl('example.com'), false);
               ^^^^^^^^^^^^^^^^^
test/services/validation_service_test.dart:105:16: Error: Undefined name 'ValidationService'.
        expect(ValidationService.isValidUrl('ftp://example.com'), false);
               ^^^^^^^^^^^^^^^^^
00:00 +0 -19: loading E:/1 - laravel/1 - LGBTinder/LGBTinder-flutter/test/services/validation_service_test.dart [E]
  Failed to load "E:/1 - laravel/1 - LGBTinder/LGBTinder-flutter/test/services/validation_service_test.dart":
  Compilation failed for testPath=E:/1 - laravel/1 - LGBTinder/LGBTinder-flutter/test/services/validation_service_test.dart: Error: Couldn't resolve the package 'lgbtinder' in 'package:lgbtinder/services/validation_service.dart'.
  test/services/validation_service_test.dart:2:8: Error: Not found: 'package:lgbtinder/services/validation_service.dart'
  import 'package:lgbtinder/services/validation_service.dart';
         ^
  test/services/validation_service_test.dart:9:16: Error: Undefined name 'ValidationService'.
          expect(ValidationService.isValidEmail('test@example.com'), true);
                 ^^^^^^^^^^^^^^^^^
  test/services/validation_service_test.dart:10:16: Error: Undefined name 'ValidationService'.
          expect(ValidationService.isValidEmail('user.name@example.com'), true);
                 ^^^^^^^^^^^^^^^^^
  test/services/validation_service_test.dart:11:16: Error: Undefined name 'ValidationService'.
          expect(ValidationService.isValidEmail('user+tag@example.co.uk'), true);
                 ^^^^^^^^^^^^^^^^^
  test/services/validation_service_test.dart:12:16: Error: Undefined name 'ValidationService'.
          expect(ValidationService.isValidEmail('user_123@example-domain.com'), true);
                 ^^^^^^^^^^^^^^^^^
  test/services/validation_service_test.dart:17:16: Error: Undefined name 'ValidationService'.
          expect(ValidationService.isValidEmail(''), false);
                 ^^^^^^^^^^^^^^^^^
  test/services/validation_service_test.dart:18:16: Error: Undefined name 'ValidationService'.
          expect(ValidationService.isValidEmail('notanemail'), false);
                 ^^^^^^^^^^^^^^^^^
  test/services/validation_service_test.dart:19:16: Error: Undefined name 'ValidationService'.
          expect(ValidationService.isValidEmail('@example.com'), false);
                 ^^^^^^^^^^^^^^^^^
  test/services/validation_service_test.dart:20:16: Error: Undefined name 'ValidationService'.
          expect(ValidationService.isValidEmail('user@'), false);
                 ^^^^^^^^^^^^^^^^^
  test/services/validation_service_test.dart:21:16: Error: Undefined name 'ValidationService'.
          expect(ValidationService.isValidEmail('user@.com'), false);
                 ^^^^^^^^^^^^^^^^^
  test/services/validation_service_test.dart:22:16: Error: Undefined name 'ValidationService'.
          expect(ValidationService.isValidEmail('user name@example.com'), false);
                 ^^^^^^^^^^^^^^^^^
  test/services/validation_service_test.dart:23:16: Error: Undefined name 'ValidationService'.
          expect(ValidationService.isValidEmail('user@example'), false);
                 ^^^^^^^^^^^^^^^^^
  test/services/validation_service_test.dart:27:16: Error: Undefined name 'ValidationService'.
          expect(ValidationService.isValidEmail('a@b.c'), true);
                 ^^^^^^^^^^^^^^^^^
  test/services/validation_service_test.dart:28:16: Error: Undefined name 'ValidationService'.
          expect(ValidationService.isValidEmail('test@subdomain.example.com'), true);
                 ^^^^^^^^^^^^^^^^^
  test/services/validation_service_test.dart:35:16: Error: Undefined name 'ValidationService'.
          expect(ValidationService.isValidPassword('Password123!'), true);
                 ^^^^^^^^^^^^^^^^^
  test/services/validation_service_test.dart:36:16: Error: Undefined name 'ValidationService'.
          expect(ValidationService.isValidPassword('12345678'), true);
                 ^^^^^^^^^^^^^^^^^
  test/services/validation_service_test.dart:37:16: Error: Undefined name 'ValidationService'.
          expect(ValidationService.isValidPassword('abcdefgh'), true);
                 ^^^^^^^^^^^^^^^^^
  test/services/validation_service_test.dart:42:16: Error: Undefined name 'ValidationService'.
          expect(ValidationService.isValidPassword(''), false);
                 ^^^^^^^^^^^^^^^^^
  test/services/validation_service_test.dart:43:16: Error: Undefined name 'ValidationService'.
          expect(ValidationService.isValidPassword('1234567'), false);
                 ^^^^^^^^^^^^^^^^^
  test/services/validation_service_test.dart:44:16: Error: Undefined name 'ValidationService'.
          expect(ValidationService.isValidPassword('Pass12!'), false);
                 ^^^^^^^^^^^^^^^^^
  test/services/validation_service_test.dart:50:16: Error: Undefined name 'ValidationService'.
          expect(ValidationService.isValidPhone('+1234567890'), true);
                 ^^^^^^^^^^^^^^^^^
  test/services/validation_service_test.dart:51:16: Error: Undefined name 'ValidationService'.
          expect(ValidationService.isValidPhone('1234567890'), true);
                 ^^^^^^^^^^^^^^^^^
  test/services/validation_service_test.dart:52:16: Error: Undefined name 'ValidationService'.
          expect(ValidationService.isValidPhone('+12 345 678 90'), true);
                 ^^^^^^^^^^^^^^^^^
  test/services/validation_service_test.dart:56:16: Error: Undefined name 'ValidationService'.
          expect(ValidationService.isValidPhone(''), false);
                 ^^^^^^^^^^^^^^^^^
  test/services/validation_service_test.dart:57:16: Error: Undefined name 'ValidationService'.
          expect(ValidationService.isValidPhone('123'), false);
                 ^^^^^^^^^^^^^^^^^
  test/services/validation_service_test.dart:58:16: Error: Undefined name 'ValidationService'.
          expect(ValidationService.isValidPhone('abcdefghij'), false);
                 ^^^^^^^^^^^^^^^^^
  test/services/validation_service_test.dart:64:16: Error: Undefined name 'ValidationService'.
          expect(ValidationService.isValidName('John'), true);
                 ^^^^^^^^^^^^^^^^^
  test/services/validation_service_test.dart:65:16: Error: Undefined name 'ValidationService'.
          expect(ValidationService.isValidName('John Doe'), true);
                 ^^^^^^^^^^^^^^^^^
  test/services/validation_service_test.dart:66:16: Error: Undefined name 'ValidationService'.
          expect(ValidationService.isValidName("O'Brien"), true);
                 ^^^^^^^^^^^^^^^^^
  test/services/validation_service_test.dart:67:16: Error: Undefined name 'ValidationService'.
          expect(ValidationService.isValidName('Jos├⌐'), true);
                 ^^^^^^^^^^^^^^^^^
  test/services/validation_service_test.dart:71:16: Error: Undefined name 'ValidationService'.
          expect(ValidationService.isValidName(''), false);
                 ^^^^^^^^^^^^^^^^^
  test/services/validation_service_test.dart:72:16: Error: Undefined name 'ValidationService'.
          expect(ValidationService.isValidName('J'), false);
                 ^^^^^^^^^^^^^^^^^
  test/services/validation_service_test.dart:73:16: Error: Undefined name 'ValidationService'.
          expect(ValidationService.isValidName('123'), false);
                 ^^^^^^^^^^^^^^^^^
  test/services/validation_service_test.dart:74:16: Error: Undefined name 'ValidationService'.
          expect(ValidationService.isValidName('  '), false);
                 ^^^^^^^^^^^^^^^^^
  test/services/validation_service_test.dart:80:16: Error: Undefined name 'ValidationService'.
          expect(ValidationService.isValidAge(18), true);
                 ^^^^^^^^^^^^^^^^^
  test/services/validation_service_test.dart:81:16: Error: Undefined name 'ValidationService'.
          expect(ValidationService.isValidAge(25), true);
                 ^^^^^^^^^^^^^^^^^
  test/services/validation_service_test.dart:82:16: Error: Undefined name 'ValidationService'.
          expect(ValidationService.isValidAge(100), true);
                 ^^^^^^^^^^^^^^^^^
  test/services/validation_service_test.dart:86:16: Error: Undefined name 'ValidationService'.
          expect(ValidationService.isValidAge(17), false);
                 ^^^^^^^^^^^^^^^^^
  test/services/validation_service_test.dart:87:16: Error: Undefined name 'ValidationService'.
          expect(ValidationService.isValidAge(0), false);
                 ^^^^^^^^^^^^^^^^^
  test/services/validation_service_test.dart:88:16: Error: Undefined name 'ValidationService'.
          expect(ValidationService.isValidAge(-5), false);
                 ^^^^^^^^^^^^^^^^^
  test/services/validation_service_test.dart:89:16: Error: Undefined name 'ValidationService'.
          expect(ValidationService.isValidAge(101), false);
                 ^^^^^^^^^^^^^^^^^
  test/services/validation_service_test.dart:95:16: Error: Undefined name 'ValidationService'.
          expect(ValidationService.isValidUrl('https://example.com'), true);
                 ^^^^^^^^^^^^^^^^^
  test/services/validation_service_test.dart:96:16: Error: Undefined name 'ValidationService'.
          expect(ValidationService.isValidUrl('http://example.com'), true);
                 ^^^^^^^^^^^^^^^^^
  test/services/validation_service_test.dart:97:16: Error: Undefined name 'ValidationService'.
          expect(ValidationService.isValidUrl('https://www.example.com/path'), true);
                 ^^^^^^^^^^^^^^^^^
  test/services/validation_service_test.dart:98:16: Error: Undefined name 'ValidationService'.
          expect(ValidationService.isValidUrl('https://example.com/path?query=value'), true);
                 ^^^^^^^^^^^^^^^^^
  test/services/validation_service_test.dart:102:16: Error: Undefined name 'ValidationService'.
          expect(ValidationService.isValidUrl(''), false);
                 ^^^^^^^^^^^^^^^^^
  test/services/validation_service_test.dart:103:16: Error: Undefined name 'ValidationService'.
          expect(ValidationService.isValidUrl('not a url'), false);
                 ^^^^^^^^^^^^^^^^^
  test/services/validation_service_test.dart:104:16: Error: Undefined name 'ValidationService'.
          expect(ValidationService.isValidUrl('example.com'), false);
                 ^^^^^^^^^^^^^^^^^
  test/services/validation_service_test.dart:105:16: Error: Undefined name 'ValidationService'.
          expect(ValidationService.isValidUrl('ftp://example.com'), false);
                 ^^^^^^^^^^^^^^^^^
  .
00:00 +0 -19: loading E:/1 - laravel/1 - LGBTinder/LGBTinder-flutter/test/api/api_integration_test.dart [E]
  Error: The Dart compiler exited unexpectedly.
  package:flutter_tools/src/base/common.dart 34:3  throwToolExit
  package:flutter_tools/src/compile.dart 910:11    DefaultResidentCompiler._compile.<fn>
  dart:async/zone.dart 1538:47                     _rootRunUnary
  dart:async/zone.dart 1429:19                     _CustomZone.runUnary
  dart:async/future_impl.dart 948:45               Future._propagateToListeners.handleValueCallback
  dart:async/future_impl.dart 977:13               Future._propagateToListeners
  dart:async/future_impl.dart 862:9                Future._propagateToListeners
  dart:async/future_impl.dart 720:5                Future._completeWithValue
  dart:async/future_impl.dart 804:7                Future._asyncCompleteWithValue.<fn>
  dart:async/zone.dart 1525:13                     _rootRun
  dart:async/zone.dart 1422:19                     _CustomZone.run
  dart:async/zone.dart 1321:7                      _CustomZone.runGuarded
  dart:async/zone.dart 1362:23                     _CustomZone.bindCallbackGuarded.<fn>
  dart:async/schedule_microtask.dart 40:35         _microtaskLoop
  dart:async/schedule_microtask.dart 49:5          _startMicrotaskLoop
  dart:isolate-patch/isolate_patch.dart 127:13     _runPendingImmediateCallback
  dart:isolate-patch/isolate_patch.dart 194:5      _RawReceivePort._handleMessage
  
test/services/websocket_service_test.dart:17:30: Error: This expression has type 'void' and can't be used.
      await webSocketService.disconnect();
                             ^
00:00 +0 -20: loading E:/1 - laravel/1 - LGBTinder/LGBTinder-flutter/test/services/websocket_service_test.dart [E]
  Failed to load "E:/1 - laravel/1 - LGBTinder/LGBTinder-flutter/test/services/websocket_service_test.dart":
  Compilation failed for testPath=E:/1 - laravel/1 - LGBTinder/LGBTinder-flutter/test/services/websocket_service_test.dart: test/services/websocket_service_test.dart:17:30: Error: This expression has type 'void' and can't be used.
        await webSocketService.disconnect();
                               ^
  .
00:00 +0 -20: loading E:/1 - laravel/1 - LGBTinder/LGBTinder-flutter/test/api/api_integration_test.dart [E]
  Error: The Dart compiler exited unexpectedly.
  package:flutter_tools/src/base/common.dart 34:3  throwToolExit
  package:flutter_tools/src/compile.dart 910:11    DefaultResidentCompiler._compile.<fn>
  dart:async/zone.dart 1538:47                     _rootRunUnary
  dart:async/zone.dart 1429:19                     _CustomZone.runUnary
  dart:async/future_impl.dart 948:45               Future._propagateToListeners.handleValueCallback
  dart:async/future_impl.dart 977:13               Future._propagateToListeners
  dart:async/future_impl.dart 862:9                Future._propagateToListeners
  dart:async/future_impl.dart 720:5                Future._completeWithValue
  dart:async/future_impl.dart 804:7                Future._asyncCompleteWithValue.<fn>
  dart:async/zone.dart 1525:13                     _rootRun
  dart:async/zone.dart 1422:19                     _CustomZone.run
  dart:async/zone.dart 1321:7                      _CustomZone.runGuarded
  dart:async/zone.dart 1362:23                     _CustomZone.bindCallbackGuarded.<fn>
  dart:async/schedule_microtask.dart 40:35         _microtaskLoop
  dart:async/schedule_microtask.dart 49:5          _startMicrotaskLoop
  dart:isolate-patch/isolate_patch.dart 127:13     _runPendingImmediateCallback
  dart:isolate-patch/isolate_patch.dart 194:5      _RawReceivePort._handleMessage
  
Error: Couldn't resolve the package 'lgbtinder' in 'package:lgbtinder/screens/auth/login_screen.dart'.
Error: Couldn't resolve the package 'lgbtinder' in 'package:lgbtinder/screens/auth/register_screen.dart'.
Error: Couldn't resolve the package 'lgbtinder' in 'package:lgbtinder/screens/auth/email_verification_screen.dart'.
Error: Couldn't resolve the package 'lgbtinder' in 'package:lgbtinder/providers/app_state_provider.dart'.
Error: Couldn't resolve the package 'lgbtinder' in 'package:lgbtinder/services/api_services/auth_api_service.dart'.
Error: Couldn't resolve the package 'lgbtinder' in 'package:lgbtinder/models/api_models/auth_models.dart'.
Error: Couldn't resolve the package 'lgbtinder' in 'package:lgbtinder/models/user_state_models.dart'.
test/ui/auth_screens_test.dart:5:8: Error: Not found: 'package:lgbtinder/screens/auth/login_screen.dart'
import 'package:lgbtinder/screens/auth/login_screen.dart';
       ^
test/ui/auth_screens_test.dart:6:8: Error: Not found: 'package:lgbtinder/screens/auth/register_screen.dart'
import 'package:lgbtinder/screens/auth/register_screen.dart';
       ^
test/ui/auth_screens_test.dart:7:8: Error: Not found: 'package:lgbtinder/screens/auth/email_verification_screen.dart'
import 'package:lgbtinder/screens/auth/email_verification_screen.dart';
       ^
test/ui/auth_screens_test.dart:8:8: Error: Not found: 'package:lgbtinder/providers/app_state_provider.dart'
import 'package:lgbtinder/providers/app_state_provider.dart';
       ^
test/ui/auth_screens_test.dart:9:8: Error: Not found: 'package:lgbtinder/services/api_services/auth_api_service.dart'
import 'package:lgbtinder/services/api_services/auth_api_service.dart';
       ^
test/ui/auth_screens_test.dart:10:8: Error: Not found: 'package:lgbtinder/models/api_models/auth_models.dart'
import 'package:lgbtinder/models/api_models/auth_models.dart';
       ^
test/ui/auth_screens_test.dart:11:8: Error: Not found: 'package:lgbtinder/models/user_state_models.dart'
import 'package:lgbtinder/models/user_state_models.dart';
       ^
test/ui/ui_test_utils.dart:5:8: Error: Not found: 'package:lgbtinder/providers/app_state_provider.dart'
import 'package:lgbtinder/providers/app_state_provider.dart';
       ^
Error: Couldn't resolve the package 'lgbtinder' in 'package:lgbtinder/providers/profile_state_provider.dart'.
Error: Couldn't resolve the package 'lgbtinder' in 'package:lgbtinder/providers/matching_state_provider.dart'.
Error: Couldn't resolve the package 'lgbtinder' in 'package:lgbtinder/providers/chat_state_provider.dart'.
Error: Couldn't resolve the package 'lgbtinder' in 'package:lgbtinder/models/api_models/user_models.dart'.
Error: Couldn't resolve the package 'lgbtinder' in 'package:lgbtinder/models/api_models/chat_models.dart'.
Error: Couldn't resolve the package 'lgbtinder' in 'package:lgbtinder/models/api_models/reference_data_models.dart'.
test/ui/ui_test_utils.dart:12:8: Error: Not found: 'package:lgbtinder/models/user_state_models.dart'
import 'package:lgbtinder/models/user_state_models.dart';
       ^
test/mocks/mock_auth_api_service.dart:2:8: Error: Not found: 
'package:lgbtinder/services/api_services/auth_api_service.dart'
import 'package:lgbtinder/services/api_services/auth_api_service.dart';
       ^
test/mocks/mock_auth_api_service.dart:3:8: Error: Not found: 'package:lgbtinder/models/api_models/auth_models.dart'
import 'package:lgbtinder/models/api_models/auth_models.dart';
       ^
test/ui/ui_test_utils.dart:6:8: Error: Not found: 'package:lgbtinder/providers/profile_state_provider.dart'
import 'package:lgbtinder/providers/profile_state_provider.dart';
       ^
test/ui/ui_test_utils.dart:7:8: Error: Not found: 'package:lgbtinder/providers/matching_state_provider.dart'
import 'package:lgbtinder/providers/matching_state_provider.dart';
       ^
test/ui/ui_test_utils.dart:8:8: Error: Not found: 'package:lgbtinder/providers/chat_state_provider.dart'
import 'package:lgbtinder/providers/chat_state_provider.dart';
       ^
test/ui/ui_test_utils.dart:9:8: Error: Not found: 'package:lgbtinder/models/api_models/user_models.dart'
import 'package:lgbtinder/models/api_models/user_models.dart';
       ^
test/ui/ui_test_utils.dart:10:8: Error: Not found: 'package:lgbtinder/models/api_models/chat_models.dart'
import 'package:lgbtinder/models/api_models/chat_models.dart';
       ^
test/ui/ui_test_utils.dart:11:8: Error: Not found: 'package:lgbtinder/models/api_models/reference_data_models.dart'
import 'package:lgbtinder/models/api_models/reference_data_models.dart';
       ^
test/ui/ui_test_utils.dart:24:10: Error: Type 'User' not found.
  static User get mockUser => User(
         ^^^^
test/ui/ui_test_utils.dart:52:10: Error: Type 'User' not found.
  static User get mockUser2 => User(
         ^^^^
test/ui/ui_test_utils.dart:80:15: Error: Type 'User' not found.
  static List<User> get mockUsers => [mockUser, mockUser2];
              ^^^^
test/ui/ui_test_utils.dart:85:10: Error: Type 'MessageData' not found.
  static MessageData get mockMessage1 => MessageData(
         ^^^^^^^^^^^
test/ui/ui_test_utils.dart:95:10: Error: Type 'MessageData' not found.
  static MessageData get mockMessage2 => MessageData(
         ^^^^^^^^^^^
test/ui/ui_test_utils.dart:105:15: Error: Type 'MessageData' not found.
  static List<MessageData> get mockMessages => [mockMessage1, mockMessage2];
              ^^^^^^^^^^^
test/ui/ui_test_utils.dart:110:15: Error: Type 'Country' not found.
  static List<Country> get mockCountries => [
              ^^^^^^^
test/ui/ui_test_utils.dart:116:15: Error: Type 'City' not found.
  static List<City> get mockCities => [
              ^^^^
test/ui/ui_test_utils.dart:122:15: Error: Type 'ReferenceDataItem' not found.
  static List<ReferenceDataItem> get mockGenders => [
              ^^^^^^^^^^^^^^^^^
test/ui/ui_test_utils.dart:128:15: Error: Type 'ReferenceDataItem' not found.
  static List<ReferenceDataItem> get mockInterests => [
              ^^^^^^^^^^^^^^^^^
test/ui/ui_test_utils.dart:135:15: Error: Type 'ReferenceDataItem' not found.
  static List<ReferenceDataItem> get mockPreferredGenders => [
              ^^^^^^^^^^^^^^^^^
test/ui/ui_test_utils.dart:145:5: Error: Type 'AppStateProvider' not found.
    AppStateProvider? appStateProvider,
    ^^^^^^^^^^^^^^^^
test/ui/ui_test_utils.dart:146:5: Error: Type 'ProfileStateProvider' not found.
    ProfileStateProvider? profileStateProvider,
    ^^^^^^^^^^^^^^^^^^^^
test/ui/ui_test_utils.dart:147:5: Error: Type 'MatchingStateProvider' not found.
    MatchingStateProvider? matchingStateProvider,
    ^^^^^^^^^^^^^^^^^^^^^
test/ui/ui_test_utils.dart:148:5: Error: Type 'ChatStateProvider' not found.
    ChatStateProvider? chatStateProvider,
    ^^^^^^^^^^^^^^^^^
test/ui/ui_test_utils.dart:178:41: Error: Type 'AppStateProvider' not found.
  static void setupMockAppStateProvider(AppStateProvider mockProvider) {
                                        ^^^^^^^^^^^^^^^^
test/ui/ui_test_utils.dart:192:45: Error: Type 'ProfileStateProvider' not found.
  static void setupMockProfileStateProvider(ProfileStateProvider mockProvider) {
                                            ^^^^^^^^^^^^^^^^^^^^
test/ui/ui_test_utils.dart:198:46: Error: Type 'MatchingStateProvider' not found.
  static void setupMockMatchingStateProvider(MatchingStateProvider mockProvider) {
                                             ^^^^^^^^^^^^^^^^^^^^^
test/ui/ui_test_utils.dart:205:42: Error: Type 'ChatStateProvider' not found.
  static void setupMockChatStateProvider(ChatStateProvider mockProvider) {
                                         ^^^^^^^^^^^^^^^^^
test/mocks/mock_auth_api_service.dart:5:50: Error: Type 'AuthApiService' not found.
class MockAuthApiService extends Mock implements AuthApiService {
                                                 ^^^^^^^^^^^^^^
test/mocks/mock_auth_api_service.dart:7:10: Error: Type 'AuthResponse' not found.
  Future<AuthResponse> login(AuthRequest request) async {
         ^^^^^^^^^^^^
test/mocks/mock_auth_api_service.dart:7:30: Error: Type 'AuthRequest' not found.
  Future<AuthResponse> login(AuthRequest request) async {
                             ^^^^^^^^^^^
test/mocks/mock_auth_api_service.dart:23:10: Error: Type 'RegisterResponse' not found.
  Future<RegisterResponse> register(RegisterRequest request) async {
         ^^^^^^^^^^^^^^^^
test/mocks/mock_auth_api_service.dart:23:37: Error: Type 'RegisterRequest' not found.
  Future<RegisterResponse> register(RegisterRequest request) async {
                                    ^^^^^^^^^^^^^^^
test/mocks/mock_auth_api_service.dart:39:10: Error: Type 'VerifyEmailResponse' not found.
  Future<VerifyEmailResponse> verifyEmail(VerifyEmailRequest request) async {
         ^^^^^^^^^^^^^^^^^^^
test/mocks/mock_auth_api_service.dart:39:43: Error: Type 'VerifyEmailRequest' not found.
  Future<VerifyEmailResponse> verifyEmail(VerifyEmailRequest request) async {
                                          ^^^^^^^^^^^^^^^^^^
test/mocks/mock_auth_api_service.dart:55:10: Error: Type 'VerificationResponse' not found.
  Future<VerificationResponse> sendVerificationCode(VerificationRequest request) async {
         ^^^^^^^^^^^^^^^^^^^^
test/mocks/mock_auth_api_service.dart:55:53: Error: Type 'VerificationRequest' not found.
  Future<VerificationResponse> sendVerificationCode(VerificationRequest request) async {
                                                    ^^^^^^^^^^^^^^^^^^^
test/mocks/mock_auth_api_service.dart:71:10: Error: Type 'CompleteProfileResponse' not found.
  Future<CompleteProfileResponse> completeProfile(ProfileCompletionRequest request) async {
         ^^^^^^^^^^^^^^^^^^^^^^^
test/mocks/mock_auth_api_service.dart:71:51: Error: Type 'ProfileCompletionRequest' not found.
  Future<CompleteProfileResponse> completeProfile(ProfileCompletionRequest request) async {
                                                  ^^^^^^^^^^^^^^^^^^^^^^^^
test/mocks/mock_auth_api_service.dart:86:10: Error: Type 'CheckUserStateResponse' not found.
  Future<CheckUserStateResponse> checkUserState(CheckUserStateRequest request) async {
         ^^^^^^^^^^^^^^^^^^^^^^
test/mocks/mock_auth_api_service.dart:86:49: Error: Type 'CheckUserStateRequest' not found.
  Future<CheckUserStateResponse> checkUserState(CheckUserStateRequest request) async {
                                                ^^^^^^^^^^^^^^^^^^^^^
test/ui/auth_screens_test.dart:16:17: Error: Undefined name 'AuthApiService'.
@GenerateMocks([AuthApiService])
                ^^^^^^^^^^^^^^
/C:/Users/Abolfazl/AppData/Local/Temp/flutter_tools.3bbc4712/flutter_test_listener.7de5bc61/listener.dart:21:21: 
Error: Undefined name 'main'.
  await Future(test.main);
                    ^^^^
test/ui/auth_screens_test.dart:20:10: Error: 'AppStateProvider' isn't a type.
    late AppStateProvider appStateProvider;
         ^^^^^^^^^^^^^^^^
test/ui/auth_screens_test.dart:24:26: Error: Method not found: 'AppStateProvider'.
      appStateProvider = AppStateProvider();
                         ^^^^^^^^^^^^^^^^
test/ui/auth_screens_test.dart:32:26: Error: Couldn't find constructor 'LoginScreen'.
            child: const LoginScreen(),
                         ^^^^^^^^^^^
test/ui/auth_screens_test.dart:49:26: Error: Couldn't find constructor 'LoginScreen'.
            child: const LoginScreen(),
                         ^^^^^^^^^^^
test/ui/auth_screens_test.dart:67:26: Error: Couldn't find constructor 'LoginScreen'.
            child: const LoginScreen(),
                         ^^^^^^^^^^^
test/ui/auth_screens_test.dart:81:26: Error: Couldn't find constructor 'LoginScreen'.
            child: const LoginScreen(),
                         ^^^^^^^^^^^
test/ui/auth_screens_test.dart:97:17: Error: Method not found: 'AuthResult'.
          data: AuthResult(
                ^^^^^^^^^^
test/ui/auth_screens_test.dart:94:69: Error: Method not found: 'AuthResponse'.
        when(mockAuthApiService.login(any)).thenAnswer((_) async => AuthResponse(
                                                                    ^^^^^^^^^^^^
test/ui/auth_screens_test.dart:107:26: Error: Couldn't find constructor 'LoginScreen'.
            child: const LoginScreen(),
                         ^^^^^^^^^^^
test/ui/auth_screens_test.dart:123:17: Error: Method not found: 'AuthResult'.
          data: AuthResult(
                ^^^^^^^^^^
test/ui/auth_screens_test.dart:120:69: Error: Method not found: 'AuthResponse'.
        when(mockAuthApiService.login(any)).thenAnswer((_) async => AuthResponse(
                                                                    ^^^^^^^^^^^^
test/ui/auth_screens_test.dart:133:26: Error: Couldn't find constructor 'LoginScreen'.
            child: const LoginScreen(),
                         ^^^^^^^^^^^
test/ui/auth_screens_test.dart:152:26: Error: Couldn't find constructor 'LoginScreen'.
            child: const LoginScreen(),
                         ^^^^^^^^^^^
test/ui/auth_screens_test.dart:170:26: Error: Couldn't find constructor 'RegisterScreen'.
            child: const RegisterScreen(),
                         ^^^^^^^^^^^^^^
test/ui/auth_screens_test.dart:189:26: Error: Couldn't find constructor 'RegisterScreen'.
            child: const RegisterScreen(),
                         ^^^^^^^^^^^^^^
test/ui/auth_screens_test.dart:206:26: Error: Couldn't find constructor 'RegisterScreen'.
            child: const RegisterScreen(),
                         ^^^^^^^^^^^^^^
test/ui/auth_screens_test.dart:220:26: Error: Couldn't find constructor 'RegisterScreen'.
            child: const RegisterScreen(),
                         ^^^^^^^^^^^^^^
test/ui/auth_screens_test.dart:235:26: Error: Couldn't find constructor 'RegisterScreen'.
            child: const RegisterScreen(),
                         ^^^^^^^^^^^^^^
test/ui/auth_screens_test.dart:251:17: Error: Method not found: 'RegisterResponseData'.
          data: RegisterResponseData(
                ^^^^^^^^^^^^^^^^^^^^
test/ui/auth_screens_test.dart:248:72: Error: Method not found: 'RegisterResponse'.
        when(mockAuthApiService.register(any)).thenAnswer((_) async => RegisterResponse(
                                                                       ^^^^^^^^^^^^^^^^
test/ui/auth_screens_test.dart:261:26: Error: Couldn't find constructor 'RegisterScreen'.
            child: const RegisterScreen(),
                         ^^^^^^^^^^^^^^
test/ui/auth_screens_test.dart:277:17: Error: Method not found: 'RegisterResponseData'.
          data: RegisterResponseData(
                ^^^^^^^^^^^^^^^^^^^^
test/ui/auth_screens_test.dart:274:72: Error: Method not found: 'RegisterResponse'.
        when(mockAuthApiService.register(any)).thenAnswer((_) async => RegisterResponse(
                                                                       ^^^^^^^^^^^^^^^^
test/ui/auth_screens_test.dart:287:26: Error: Couldn't find constructor 'RegisterScreen'.
            child: const RegisterScreen(),
                         ^^^^^^^^^^^^^^
test/ui/auth_screens_test.dart:308:26: Error: Couldn't find constructor 'RegisterScreen'.
            child: const RegisterScreen(),
                         ^^^^^^^^^^^^^^
test/ui/auth_screens_test.dart:326:26: Error: Couldn't find constructor 'EmailVerificationScreen'.
            child: const EmailVerificationScreen(userId: 1),
                         ^^^^^^^^^^^^^^^^^^^^^^^
test/ui/auth_screens_test.dart:341:26: Error: Couldn't find constructor 'EmailVerificationScreen'.
            child: const EmailVerificationScreen(userId: 1),
                         ^^^^^^^^^^^^^^^^^^^^^^^
test/ui/auth_screens_test.dart:360:17: Error: Method not found: 'VerifyEmailResponseData'.
          data: VerifyEmailResponseData(
                ^^^^^^^^^^^^^^^^^^^^^^^
test/ui/auth_screens_test.dart:357:75: Error: Method not found: 'VerifyEmailResponse'.
        when(mockAuthApiService.verifyEmail(any)).thenAnswer((_) async => VerifyEmailResponse(
                                                                          ^^^^^^^^^^^^^^^^^^^
test/ui/auth_screens_test.dart:370:26: Error: Couldn't find constructor 'EmailVerificationScreen'.
            child: const EmailVerificationScreen(userId: 1),
                         ^^^^^^^^^^^^^^^^^^^^^^^
test/ui/auth_screens_test.dart:386:17: Error: Method not found: 'VerifyEmailResponseData'.
          data: VerifyEmailResponseData(
                ^^^^^^^^^^^^^^^^^^^^^^^
test/ui/auth_screens_test.dart:383:75: Error: Method not found: 'VerifyEmailResponse'.
        when(mockAuthApiService.verifyEmail(any)).thenAnswer((_) async => VerifyEmailResponse(
                                                                          ^^^^^^^^^^^^^^^^^^^
test/ui/auth_screens_test.dart:396:26: Error: Couldn't find constructor 'EmailVerificationScreen'.
            child: const EmailVerificationScreen(userId: 1),
                         ^^^^^^^^^^^^^^^^^^^^^^^
test/ui/auth_screens_test.dart:417:26: Error: Couldn't find constructor 'EmailVerificationScreen'.
            child: const EmailVerificationScreen(userId: 1),
                         ^^^^^^^^^^^^^^^^^^^^^^^
test/ui/auth_screens_test.dart:434:17: Error: Method not found: 'VerificationData'.
          data: VerificationData(
                ^^^^^^^^^^^^^^^^
test/ui/auth_screens_test.dart:431:84: Error: Method not found: 'VerificationResponse'.
        when(mockAuthApiService.sendVerificationCode(any)).thenAnswer((_) async => VerificationResponse(
                                                                                   ^^^^^^^^^^^^^^^^^^^^
test/ui/auth_screens_test.dart:444:26: Error: Couldn't find constructor 'EmailVerificationScreen'.
            child: const EmailVerificationScreen(userId: 1),
                         ^^^^^^^^^^^^^^^^^^^^^^^
test/ui/ui_test_utils.dart:24:31: Error: Method not found: 'User'.
  static User get mockUser => User(
                              ^^^^
test/ui/ui_test_utils.dart:52:32: Error: Method not found: 'User'.
  static User get mockUser2 => User(
                               ^^^^
test/ui/ui_test_utils.dart:90:18: Error: Undefined name 'MessageType'.
    messageType: MessageType.text,
                 ^^^^^^^^^^^
test/ui/ui_test_utils.dart:85:42: Error: Method not found: 'MessageData'.
  static MessageData get mockMessage1 => MessageData(
                                         ^^^^^^^^^^^
test/ui/ui_test_utils.dart:100:18: Error: Undefined name 'MessageType'.
    messageType: MessageType.text,
                 ^^^^^^^^^^^
test/ui/ui_test_utils.dart:95:42: Error: Method not found: 'MessageData'.
  static MessageData get mockMessage2 => MessageData(
                                         ^^^^^^^^^^^
test/ui/ui_test_utils.dart:111:5: Error: Method not found: 'Country'.
    Country(id: 1, name: 'United States', code: 'US'),
    ^^^^^^^
test/ui/ui_test_utils.dart:112:5: Error: Method not found: 'Country'.
    Country(id: 2, name: 'Canada', code: 'CA'),
    ^^^^^^^
test/ui/ui_test_utils.dart:113:5: Error: Method not found: 'Country'.
    Country(id: 3, name: 'United Kingdom', code: 'GB'),
    ^^^^^^^
test/ui/ui_test_utils.dart:117:5: Error: Method not found: 'City'.
    City(id: 1, name: 'New York', countryId: 1),
    ^^^^
test/ui/ui_test_utils.dart:118:5: Error: Method not found: 'City'.
    City(id: 2, name: 'Los Angeles', countryId: 1),
    ^^^^
test/ui/ui_test_utils.dart:119:5: Error: Method not found: 'City'.
    City(id: 3, name: 'Toronto', countryId: 2),
    ^^^^
test/ui/ui_test_utils.dart:123:5: Error: Method not found: 'ReferenceDataItem'.
    ReferenceDataItem(id: 1, name: 'Male'),
    ^^^^^^^^^^^^^^^^^
test/ui/ui_test_utils.dart:124:5: Error: Method not found: 'ReferenceDataItem'.
    ReferenceDataItem(id: 2, name: 'Female'),
    ^^^^^^^^^^^^^^^^^
test/ui/ui_test_utils.dart:125:5: Error: Method not found: 'ReferenceDataItem'.
    ReferenceDataItem(id: 3, name: 'Non-binary'),
    ^^^^^^^^^^^^^^^^^
test/ui/ui_test_utils.dart:129:5: Error: Method not found: 'ReferenceDataItem'.
    ReferenceDataItem(id: 1, name: 'Music'),
    ^^^^^^^^^^^^^^^^^
test/ui/ui_test_utils.dart:130:5: Error: Method not found: 'ReferenceDataItem'.
    ReferenceDataItem(id: 2, name: 'Sports'),
    ^^^^^^^^^^^^^^^^^
test/ui/ui_test_utils.dart:131:5: Error: Method not found: 'ReferenceDataItem'.
    ReferenceDataItem(id: 3, name: 'Travel'),
    ^^^^^^^^^^^^^^^^^
test/ui/ui_test_utils.dart:132:5: Error: Method not found: 'ReferenceDataItem'.
    ReferenceDataItem(id: 4, name: 'Photography'),
    ^^^^^^^^^^^^^^^^^
test/ui/ui_test_utils.dart:136:5: Error: Method not found: 'ReferenceDataItem'.
    ReferenceDataItem(id: 1, name: 'Female'),
    ^^^^^^^^^^^^^^^^^
test/ui/ui_test_utils.dart:137:5: Error: Method not found: 'ReferenceDataItem'.
    ReferenceDataItem(id: 2, name: 'Non-binary'),
    ^^^^^^^^^^^^^^^^^
test/ui/ui_test_utils.dart:145:5: Error: 'AppStateProvider' isn't a type.
    AppStateProvider? appStateProvider,
    ^^^^^^^^^^^^^^^^
test/ui/ui_test_utils.dart:146:5: Error: 'ProfileStateProvider' isn't a type.
    ProfileStateProvider? profileStateProvider,
    ^^^^^^^^^^^^^^^^^^^^
test/ui/ui_test_utils.dart:147:5: Error: 'MatchingStateProvider' isn't a type.
    MatchingStateProvider? matchingStateProvider,
    ^^^^^^^^^^^^^^^^^^^^^
test/ui/ui_test_utils.dart:148:5: Error: 'ChatStateProvider' isn't a type.
    ChatStateProvider? chatStateProvider,
    ^^^^^^^^^^^^^^^^^
test/ui/ui_test_utils.dart:153:44: Error: 'AppStateProvider' isn't a type.
      providers.add(ChangeNotifierProvider<AppStateProvider>.value(value: appStateProvider));
                                           ^^^^^^^^^^^^^^^^
test/ui/ui_test_utils.dart:157:44: Error: 'ProfileStateProvider' isn't a type.
      providers.add(ChangeNotifierProvider<ProfileStateProvider>.value(value: profileStateProvider));
                                           ^^^^^^^^^^^^^^^^^^^^
test/ui/ui_test_utils.dart:161:44: Error: 'MatchingStateProvider' isn't a type.
      providers.add(ChangeNotifierProvider<MatchingStateProvider>.value(value: matchingStateProvider));
                                           ^^^^^^^^^^^^^^^^^^^^^
test/ui/ui_test_utils.dart:165:44: Error: 'ChatStateProvider' isn't a type.
      providers.add(ChangeNotifierProvider<ChatStateProvider>.value(value: chatStateProvider));
                                           ^^^^^^^^^^^^^^^^^
test/ui/ui_test_utils.dart:178:41: Error: 'AppStateProvider' isn't a type.
  static void setupMockAppStateProvider(AppStateProvider mockProvider) {
                                        ^^^^^^^^^^^^^^^^
test/ui/ui_test_utils.dart:187:60: Error: The getter 'countryId' isn't defined for the type 'Object?'.
 - 'Object' is from 'dart:core'.
Try correcting the name to the name of an existing getter, or defining a getter or field named 'countryId'.
      1: MockReferenceData.mockCities.where((city) => city.countryId == 1).toList(),
                                                           ^^^^^^^^^
test/ui/ui_test_utils.dart:188:60: Error: The getter 'countryId' isn't defined for the type 'Object?'.
 - 'Object' is from 'dart:core'.
Try correcting the name to the name of an existing getter, or defining a getter or field named 'countryId'.
      2: MockReferenceData.mockCities.where((city) => city.countryId == 2).toList(),
                                                           ^^^^^^^^^
test/ui/ui_test_utils.dart:192:45: Error: 'ProfileStateProvider' isn't a type.
  static void setupMockProfileStateProvider(ProfileStateProvider mockProvider) {
                                            ^^^^^^^^^^^^^^^^^^^^
test/ui/ui_test_utils.dart:198:46: Error: 'MatchingStateProvider' isn't a type.
  static void setupMockMatchingStateProvider(MatchingStateProvider mockProvider) {
                                             ^^^^^^^^^^^^^^^^^^^^^
test/ui/ui_test_utils.dart:205:42: Error: 'ChatStateProvider' isn't a type.
  static void setupMockChatStateProvider(ChatStateProvider mockProvider) {
                                         ^^^^^^^^^^^^^^^^^
test/ui/ui_test_utils.dart:241:26: Error: 'DatePicker' isn't a type.
    while (tester.widget<DatePicker>(find.byType(DatePicker)).initialDate.year != date.year) {
                         ^^^^^^^^^^
test/ui/ui_test_utils.dart:241:50: Error: Undefined name 'DatePicker'.
    while (tester.widget<DatePicker>(find.byType(DatePicker)).initialDate.year != date.year) {
                                                 ^^^^^^^^^^
test/ui/ui_test_utils.dart:242:25: Error: 'DatePicker' isn't a type.
      if (tester.widget<DatePicker>(find.byType(DatePicker)).initialDate.year < date.year) {
                        ^^^^^^^^^^
test/ui/ui_test_utils.dart:242:49: Error: Undefined name 'DatePicker'.
      if (tester.widget<DatePicker>(find.byType(DatePicker)).initialDate.year < date.year) {
                                                ^^^^^^^^^^
test/ui/ui_test_utils.dart:251:26: Error: 'DatePicker' isn't a type.
    while (tester.widget<DatePicker>(find.byType(DatePicker)).initialDate.month != date.month) {
                         ^^^^^^^^^^
test/ui/ui_test_utils.dart:251:50: Error: Undefined name 'DatePicker'.
    while (tester.widget<DatePicker>(find.byType(DatePicker)).initialDate.month != date.month) {
                                                 ^^^^^^^^^^
test/ui/ui_test_utils.dart:252:25: Error: 'DatePicker' isn't a type.
      if (tester.widget<DatePicker>(find.byType(DatePicker)).initialDate.month < date.month) {
                        ^^^^^^^^^^
test/ui/ui_test_utils.dart:252:49: Error: Undefined name 'DatePicker'.
      if (tester.widget<DatePicker>(find.byType(DatePicker)).initialDate.month < date.month) {
                                                ^^^^^^^^^^
test/ui/ui_test_utils.dart:284:11: Error: Method not found: 'TimeoutException'.
    throw TimeoutException('Widget not found within timeout', timeout);
          ^^^^^^^^^^^^^^^^
test/mocks/mock_auth_api_service.dart:7:30: Error: 'AuthRequest' isn't a type.
  Future<AuthResponse> login(AuthRequest request) async {
                             ^^^^^^^^^^^
test/mocks/mock_auth_api_service.dart:10:20: Error: The method 'AuthResponse' isn't defined for the type 
'MockAuthApiService'.
 - 'MockAuthApiService' is from 'test/mocks/mock_auth_api_service.dart'.
Try correcting the name to the name of an existing method, or defining a method named 'AuthResponse'.
      returnValue: AuthResponse(
                   ^^^^^^^^^^^^
test/mocks/mock_auth_api_service.dart:13:15: Error: The method 'AuthResult' isn't defined for the type 
'MockAuthApiService'.
 - 'MockAuthApiService' is from 'test/mocks/mock_auth_api_service.dart'.
Try correcting the name to the name of an existing method, or defining a method named 'AuthResult'.
        data: AuthResult(
              ^^^^^^^^^^
test/mocks/mock_auth_api_service.dart:23:37: Error: 'RegisterRequest' isn't a type.
  Future<RegisterResponse> register(RegisterRequest request) async {
                                    ^^^^^^^^^^^^^^^
test/mocks/mock_auth_api_service.dart:26:20: Error: The method 'RegisterResponse' isn't defined for the type 
'MockAuthApiService'.
 - 'MockAuthApiService' is from 'test/mocks/mock_auth_api_service.dart'.
Try correcting the name to the name of an existing method, or defining a method named 'RegisterResponse'.
      returnValue: RegisterResponse(
                   ^^^^^^^^^^^^^^^^
test/mocks/mock_auth_api_service.dart:29:15: Error: The method 'RegisterResponseData' isn't defined for the type 
'MockAuthApiService'.
 - 'MockAuthApiService' is from 'test/mocks/mock_auth_api_service.dart'.
Try correcting the name to the name of an existing method, or defining a method named 'RegisterResponseData'.
        data: RegisterResponseData(
              ^^^^^^^^^^^^^^^^^^^^
test/mocks/mock_auth_api_service.dart:39:43: Error: 'VerifyEmailRequest' isn't a type.
  Future<VerifyEmailResponse> verifyEmail(VerifyEmailRequest request) async {
                                          ^^^^^^^^^^^^^^^^^^
test/mocks/mock_auth_api_service.dart:42:20: Error: The method 'VerifyEmailResponse' isn't defined for the type 
'MockAuthApiService'.
 - 'MockAuthApiService' is from 'test/mocks/mock_auth_api_service.dart'.
Try correcting the name to the name of an existing method, or defining a method named 'VerifyEmailResponse'.
      returnValue: VerifyEmailResponse(
                   ^^^^^^^^^^^^^^^^^^^
test/mocks/mock_auth_api_service.dart:45:15: Error: The method 'VerifyEmailResponseData' isn't defined for the type 
'MockAuthApiService'.
 - 'MockAuthApiService' is from 'test/mocks/mock_auth_api_service.dart'.
Try correcting the name to the name of an existing method, or defining a method named 'VerifyEmailResponseData'.
        data: VerifyEmailResponseData(
              ^^^^^^^^^^^^^^^^^^^^^^^
test/mocks/mock_auth_api_service.dart:55:53: Error: 'VerificationRequest' isn't a type.
  Future<VerificationResponse> sendVerificationCode(VerificationRequest request) async {
                                                    ^^^^^^^^^^^^^^^^^^^
test/mocks/mock_auth_api_service.dart:58:20: Error: The method 'VerificationResponse' isn't defined for the type 
'MockAuthApiService'.
 - 'MockAuthApiService' is from 'test/mocks/mock_auth_api_service.dart'.
Try correcting the name to the name of an existing method, or defining a method named 'VerificationResponse'.
      returnValue: VerificationResponse(
                   ^^^^^^^^^^^^^^^^^^^^
test/mocks/mock_auth_api_service.dart:61:15: Error: The method 'VerificationData' isn't defined for the type 
'MockAuthApiService'.
 - 'MockAuthApiService' is from 'test/mocks/mock_auth_api_service.dart'.
Try correcting the name to the name of an existing method, or defining a method named 'VerificationData'.
        data: VerificationData(
              ^^^^^^^^^^^^^^^^
test/mocks/mock_auth_api_service.dart:71:51: Error: 'ProfileCompletionRequest' isn't a type.
  Future<CompleteProfileResponse> completeProfile(ProfileCompletionRequest request) async {
                                                  ^^^^^^^^^^^^^^^^^^^^^^^^
test/mocks/mock_auth_api_service.dart:74:20: Error: The method 'CompleteProfileResponse' isn't defined for the type 
'MockAuthApiService'.
 - 'MockAuthApiService' is from 'test/mocks/mock_auth_api_service.dart'.
Try correcting the name to the name of an existing method, or defining a method named 'CompleteProfileResponse'.
      returnValue: CompleteProfileResponse(
                   ^^^^^^^^^^^^^^^^^^^^^^^
test/mocks/mock_auth_api_service.dart:77:15: Error: The method 'CompleteProfileResponseData' isn't defined for the 
type 'MockAuthApiService'.
 - 'MockAuthApiService' is from 'test/mocks/mock_auth_api_service.dart'.
Try correcting the name to the name of an existing method, or defining a method named 'CompleteProfileResponseData'.
        data: CompleteProfileResponseData(
              ^^^^^^^^^^^^^^^^^^^^^^^^^^^
test/mocks/mock_auth_api_service.dart:86:49: Error: 'CheckUserStateRequest' isn't a type.
  Future<CheckUserStateResponse> checkUserState(CheckUserStateRequest request) async {
                                                ^^^^^^^^^^^^^^^^^^^^^
test/mocks/mock_auth_api_service.dart:89:20: Error: The method 'CheckUserStateResponse' isn't defined for the type 
'MockAuthApiService'.
 - 'MockAuthApiService' is from 'test/mocks/mock_auth_api_service.dart'.
Try correcting the name to the name of an existing method, or defining a method named 'CheckUserStateResponse'.
      returnValue: CheckUserStateResponse(
                   ^^^^^^^^^^^^^^^^^^^^^^
test/mocks/mock_auth_api_service.dart:91:15: Error: The method 'CheckUserStateResponseData' isn't defined for the type 
'MockAuthApiService'.
 - 'MockAuthApiService' is from 'test/mocks/mock_auth_api_service.dart'.
Try correcting the name to the name of an existing method, or defining a method named 'CheckUserStateResponseData'.
        data: CheckUserStateResponseData(
              ^^^^^^^^^^^^^^^^^^^^^^^^^^
00:00 +0 -21: loading E:/1 - laravel/1 - LGBTinder/LGBTinder-flutter/test/ui/auth_screens_test.dart [E]
  Failed to load "E:/1 - laravel/1 - LGBTinder/LGBTinder-flutter/test/ui/auth_screens_test.dart":
  Compilation failed for testPath=E:/1 - laravel/1 - LGBTinder/LGBTinder-flutter/test/ui/auth_screens_test.dart: Error: Couldn't resolve the package 'lgbtinder' in 'package:lgbtinder/screens/auth/login_screen.dart'.
  Error: Couldn't resolve the package 'lgbtinder' in 'package:lgbtinder/screens/auth/register_screen.dart'.
  Error: Couldn't resolve the package 'lgbtinder' in 'package:lgbtinder/screens/auth/email_verification_screen.dart'.
  Error: Couldn't resolve the package 'lgbtinder' in 'package:lgbtinder/providers/app_state_provider.dart'.
  Error: Couldn't resolve the package 'lgbtinder' in 'package:lgbtinder/services/api_services/auth_api_service.dart'.
  Error: Couldn't resolve the package 'lgbtinder' in 'package:lgbtinder/models/api_models/auth_models.dart'.
  Error: Couldn't resolve the package 'lgbtinder' in 'package:lgbtinder/models/user_state_models.dart'.
  test/ui/auth_screens_test.dart:5:8: Error: Not found: 'package:lgbtinder/screens/auth/login_screen.dart'
  import 'package:lgbtinder/screens/auth/login_screen.dart';
         ^
  test/ui/auth_screens_test.dart:6:8: Error: Not found: 'package:lgbtinder/screens/auth/register_screen.dart'
  import 'package:lgbtinder/screens/auth/register_screen.dart';
         ^
  test/ui/auth_screens_test.dart:7:8: Error: Not found: 'package:lgbtinder/screens/auth/email_verification_screen.dart'
  import 'package:lgbtinder/screens/auth/email_verification_screen.dart';
         ^
  test/ui/auth_screens_test.dart:8:8: Error: Not found: 'package:lgbtinder/providers/app_state_provider.dart'
  import 'package:lgbtinder/providers/app_state_provider.dart';
         ^
  test/ui/auth_screens_test.dart:9:8: Error: Not found: 'package:lgbtinder/services/api_services/auth_api_service.dart'
  import 'package:lgbtinder/services/api_services/auth_api_service.dart';
         ^
  test/ui/auth_screens_test.dart:10:8: Error: Not found: 'package:lgbtinder/models/api_models/auth_models.dart'
  import 'package:lgbtinder/models/api_models/auth_models.dart';
         ^
  test/ui/auth_screens_test.dart:11:8: Error: Not found: 'package:lgbtinder/models/user_state_models.dart'
  import 'package:lgbtinder/models/user_state_models.dart';
         ^
  test/ui/ui_test_utils.dart:5:8: Error: Not found: 'package:lgbtinder/providers/app_state_provider.dart'
  import 'package:lgbtinder/providers/app_state_provider.dart';
         ^
  Error: Couldn't resolve the package 'lgbtinder' in 'package:lgbtinder/providers/profile_state_provider.dart'.
  Error: Couldn't resolve the package 'lgbtinder' in 'package:lgbtinder/providers/matching_state_provider.dart'.
  Error: Couldn't resolve the package 'lgbtinder' in 'package:lgbtinder/providers/chat_state_provider.dart'.
  Error: Couldn't resolve the package 'lgbtinder' in 'package:lgbtinder/models/api_models/user_models.dart'.
  Error: Couldn't resolve the package 'lgbtinder' in 'package:lgbtinder/models/api_models/chat_models.dart'.
  Error: Couldn't resolve the package 'lgbtinder' in 'package:lgbtinder/models/api_models/reference_data_models.dart'.
  test/ui/ui_test_utils.dart:12:8: Error: Not found: 'package:lgbtinder/models/user_state_models.dart'
  import 'package:lgbtinder/models/user_state_models.dart';
         ^
  test/mocks/mock_auth_api_service.dart:2:8: Error: Not found: 'package:lgbtinder/services/api_services/auth_api_service.dart'
  import 'package:lgbtinder/services/api_services/auth_api_service.dart';
         ^
  test/mocks/mock_auth_api_service.dart:3:8: Error: Not found: 'package:lgbtinder/models/api_models/auth_models.dart'
  import 'package:lgbtinder/models/api_models/auth_models.dart';
         ^
  test/ui/ui_test_utils.dart:6:8: Error: Not found: 'package:lgbtinder/providers/profile_state_provider.dart'
  import 'package:lgbtinder/providers/profile_state_provider.dart';
         ^
  test/ui/ui_test_utils.dart:7:8: Error: Not found: 'package:lgbtinder/providers/matching_state_provider.dart'
  import 'package:lgbtinder/providers/matching_state_provider.dart';
         ^
  test/ui/ui_test_utils.dart:8:8: Error: Not found: 'package:lgbtinder/providers/chat_state_provider.dart'
  import 'package:lgbtinder/providers/chat_state_provider.dart';
         ^
  test/ui/ui_test_utils.dart:9:8: Error: Not found: 'package:lgbtinder/models/api_models/user_models.dart'
  import 'package:lgbtinder/models/api_models/user_models.dart';
         ^
  test/ui/ui_test_utils.dart:10:8: Error: Not found: 'package:lgbtinder/models/api_models/chat_models.dart'
  import 'package:lgbtinder/models/api_models/chat_models.dart';
         ^
  test/ui/ui_test_utils.dart:11:8: Error: Not found: 'package:lgbtinder/models/api_models/reference_data_models.dart'
  import 'package:lgbtinder/models/api_models/reference_data_models.dart';
         ^
  test/ui/ui_test_utils.dart:24:10: Error: Type 'User' not found.
    static User get mockUser => User(
           ^^^^
  test/ui/ui_test_utils.dart:52:10: Error: Type 'User' not found.
    static User get mockUser2 => User(
           ^^^^
  test/ui/ui_test_utils.dart:80:15: Error: Type 'User' not found.
    static List<User> get mockUsers => [mockUser, mockUser2];
                ^^^^
  test/ui/ui_test_utils.dart:85:10: Error: Type 'MessageData' not found.
    static MessageData get mockMessage1 => MessageData(
           ^^^^^^^^^^^
  test/ui/ui_test_utils.dart:95:10: Error: Type 'MessageData' not found.
    static MessageData get mockMessage2 => MessageData(
           ^^^^^^^^^^^
  test/ui/ui_test_utils.dart:105:15: Error: Type 'MessageData' not found.
    static List<MessageData> get mockMessages => [mockMessage1, mockMessage2];
                ^^^^^^^^^^^
  test/ui/ui_test_utils.dart:110:15: Error: Type 'Country' not found.
    static List<Country> get mockCountries => [
                ^^^^^^^
  test/ui/ui_test_utils.dart:116:15: Error: Type 'City' not found.
    static List<City> get mockCities => [
                ^^^^
  test/ui/ui_test_utils.dart:122:15: Error: Type 'ReferenceDataItem' not found.
    static List<ReferenceDataItem> get mockGenders => [
                ^^^^^^^^^^^^^^^^^
  test/ui/ui_test_utils.dart:128:15: Error: Type 'ReferenceDataItem' not found.
    static List<ReferenceDataItem> get mockInterests => [
                ^^^^^^^^^^^^^^^^^
  test/ui/ui_test_utils.dart:135:15: Error: Type 'ReferenceDataItem' not found.
    static List<ReferenceDataItem> get mockPreferredGenders => [
                ^^^^^^^^^^^^^^^^^
  test/ui/ui_test_utils.dart:145:5: Error: Type 'AppStateProvider' not found.
      AppStateProvider? appStateProvider,
      ^^^^^^^^^^^^^^^^
  test/ui/ui_test_utils.dart:146:5: Error: Type 'ProfileStateProvider' not found.
      ProfileStateProvider? profileStateProvider,
      ^^^^^^^^^^^^^^^^^^^^
  test/ui/ui_test_utils.dart:147:5: Error: Type 'MatchingStateProvider' not found.
      MatchingStateProvider? matchingStateProvider,
      ^^^^^^^^^^^^^^^^^^^^^
  test/ui/ui_test_utils.dart:148:5: Error: Type 'ChatStateProvider' not found.
      ChatStateProvider? chatStateProvider,
      ^^^^^^^^^^^^^^^^^
  test/ui/ui_test_utils.dart:178:41: Error: Type 'AppStateProvider' not found.
    static void setupMockAppStateProvider(AppStateProvider mockProvider) {
                                          ^^^^^^^^^^^^^^^^
  test/ui/ui_test_utils.dart:192:45: Error: Type 'ProfileStateProvider' not found.
    static void setupMockProfileStateProvider(ProfileStateProvider mockProvider) {
                                              ^^^^^^^^^^^^^^^^^^^^
  test/ui/ui_test_utils.dart:198:46: Error: Type 'MatchingStateProvider' not found.
    static void setupMockMatchingStateProvider(MatchingStateProvider mockProvider) {
                                               ^^^^^^^^^^^^^^^^^^^^^
  test/ui/ui_test_utils.dart:205:42: Error: Type 'ChatStateProvider' not found.
    static void setupMockChatStateProvider(ChatStateProvider mockProvider) {
                                           ^^^^^^^^^^^^^^^^^
  test/mocks/mock_auth_api_service.dart:5:50: Error: Type 'AuthApiService' not found.
  class MockAuthApiService extends Mock implements AuthApiService {
                                                   ^^^^^^^^^^^^^^
  test/mocks/mock_auth_api_service.dart:7:10: Error: Type 'AuthResponse' not found.
    Future<AuthResponse> login(AuthRequest request) async {
           ^^^^^^^^^^^^
  test/mocks/mock_auth_api_service.dart:7:30: Error: Type 'AuthRequest' not found.
    Future<AuthResponse> login(AuthRequest request) async {
                               ^^^^^^^^^^^
  test/mocks/mock_auth_api_service.dart:23:10: Error: Type 'RegisterResponse' not found.
    Future<RegisterResponse> register(RegisterRequest request) async {
           ^^^^^^^^^^^^^^^^
  test/mocks/mock_auth_api_service.dart:23:37: Error: Type 'RegisterRequest' not found.
    Future<RegisterResponse> register(RegisterRequest request) async {
                                      ^^^^^^^^^^^^^^^
  test/mocks/mock_auth_api_service.dart:39:10: Error: Type 'VerifyEmailResponse' not found.
    Future<VerifyEmailResponse> verifyEmail(VerifyEmailRequest request) async {
           ^^^^^^^^^^^^^^^^^^^
  test/mocks/mock_auth_api_service.dart:39:43: Error: Type 'VerifyEmailRequest' not found.
    Future<VerifyEmailResponse> verifyEmail(VerifyEmailRequest request) async {
                                            ^^^^^^^^^^^^^^^^^^
  test/mocks/mock_auth_api_service.dart:55:10: Error: Type 'VerificationResponse' not found.
    Future<VerificationResponse> sendVerificationCode(VerificationRequest request) async {
           ^^^^^^^^^^^^^^^^^^^^
  test/mocks/mock_auth_api_service.dart:55:53: Error: Type 'VerificationRequest' not found.
    Future<VerificationResponse> sendVerificationCode(VerificationRequest request) async {
                                                      ^^^^^^^^^^^^^^^^^^^
  test/mocks/mock_auth_api_service.dart:71:10: Error: Type 'CompleteProfileResponse' not found.
    Future<CompleteProfileResponse> completeProfile(ProfileCompletionRequest request) async {
           ^^^^^^^^^^^^^^^^^^^^^^^
  test/mocks/mock_auth_api_service.dart:71:51: Error: Type 'ProfileCompletionRequest' not found.
    Future<CompleteProfileResponse> completeProfile(ProfileCompletionRequest request) async {
                                                    ^^^^^^^^^^^^^^^^^^^^^^^^
  test/mocks/mock_auth_api_service.dart:86:10: Error: Type 'CheckUserStateResponse' not found.
    Future<CheckUserStateResponse> checkUserState(CheckUserStateRequest request) async {
           ^^^^^^^^^^^^^^^^^^^^^^
  test/mocks/mock_auth_api_service.dart:86:49: Error: Type 'CheckUserStateRequest' not found.
    Future<CheckUserStateResponse> checkUserState(CheckUserStateRequest request) async {
                                                  ^^^^^^^^^^^^^^^^^^^^^
  test/ui/auth_screens_test.dart:16:17: Error: Undefined name 'AuthApiService'.
  @GenerateMocks([AuthApiService])
                  ^^^^^^^^^^^^^^
  /C:/Users/Abolfazl/AppData/Local/Temp/flutter_tools.3bbc4712/flutter_test_listener.7de5bc61/listener.dart:21:21: Error: Undefined name 'main'.
    await Future(test.main);
                      ^^^^
  test/ui/auth_screens_test.dart:20:10: Error: 'AppStateProvider' isn't a type.
      late AppStateProvider appStateProvider;
           ^^^^^^^^^^^^^^^^
  test/ui/auth_screens_test.dart:24:26: Error: Method not found: 'AppStateProvider'.
        appStateProvider = AppStateProvider();
                           ^^^^^^^^^^^^^^^^
  test/ui/auth_screens_test.dart:32:26: Error: Couldn't find constructor 'LoginScreen'.
              child: const LoginScreen(),
                           ^^^^^^^^^^^
  test/ui/auth_screens_test.dart:49:26: Error: Couldn't find constructor 'LoginScreen'.
              child: const LoginScreen(),
                           ^^^^^^^^^^^
  test/ui/auth_screens_test.dart:67:26: Error: Couldn't find constructor 'LoginScreen'.
              child: const LoginScreen(),
                           ^^^^^^^^^^^
  test/ui/auth_screens_test.dart:81:26: Error: Couldn't find constructor 'LoginScreen'.
              child: const LoginScreen(),
                           ^^^^^^^^^^^
  test/ui/auth_screens_test.dart:97:17: Error: Method not found: 'AuthResult'.
            data: AuthResult(
                  ^^^^^^^^^^
  test/ui/auth_screens_test.dart:94:69: Error: Method not found: 'AuthResponse'.
          when(mockAuthApiService.login(any)).thenAnswer((_) async => AuthResponse(
                                                                      ^^^^^^^^^^^^
  test/ui/auth_screens_test.dart:107:26: Error: Couldn't find constructor 'LoginScreen'.
              child: const LoginScreen(),
                           ^^^^^^^^^^^
  test/ui/auth_screens_test.dart:123:17: Error: Method not found: 'AuthResult'.
            data: AuthResult(
                  ^^^^^^^^^^
  test/ui/auth_screens_test.dart:120:69: Error: Method not found: 'AuthResponse'.
          when(mockAuthApiService.login(any)).thenAnswer((_) async => AuthResponse(
                                                                      ^^^^^^^^^^^^
  test/ui/auth_screens_test.dart:133:26: Error: Couldn't find constructor 'LoginScreen'.
              child: const LoginScreen(),
                           ^^^^^^^^^^^
  test/ui/auth_screens_test.dart:152:26: Error: Couldn't find constructor 'LoginScreen'.
              child: const LoginScreen(),
                           ^^^^^^^^^^^
  test/ui/auth_screens_test.dart:170:26: Error: Couldn't find constructor 'RegisterScreen'.
              child: const RegisterScreen(),
                           ^^^^^^^^^^^^^^
  test/ui/auth_screens_test.dart:189:26: Error: Couldn't find constructor 'RegisterScreen'.
              child: const RegisterScreen(),
                           ^^^^^^^^^^^^^^
  test/ui/auth_screens_test.dart:206:26: Error: Couldn't find constructor 'RegisterScreen'.
              child: const RegisterScreen(),
                           ^^^^^^^^^^^^^^
  test/ui/auth_screens_test.dart:220:26: Error: Couldn't find constructor 'RegisterScreen'.
              child: const RegisterScreen(),
                           ^^^^^^^^^^^^^^
  test/ui/auth_screens_test.dart:235:26: Error: Couldn't find constructor 'RegisterScreen'.
              child: const RegisterScreen(),
                           ^^^^^^^^^^^^^^
  test/ui/auth_screens_test.dart:251:17: Error: Method not found: 'RegisterResponseData'.
            data: RegisterResponseData(
                  ^^^^^^^^^^^^^^^^^^^^
  test/ui/auth_screens_test.dart:248:72: Error: Method not found: 'RegisterResponse'.
          when(mockAuthApiService.register(any)).thenAnswer((_) async => RegisterResponse(
                                                                         ^^^^^^^^^^^^^^^^
  test/ui/auth_screens_test.dart:261:26: Error: Couldn't find constructor 'RegisterScreen'.
              child: const RegisterScreen(),
                           ^^^^^^^^^^^^^^
  test/ui/auth_screens_test.dart:277:17: Error: Method not found: 'RegisterResponseData'.
            data: RegisterResponseData(
                  ^^^^^^^^^^^^^^^^^^^^
  test/ui/auth_screens_test.dart:274:72: Error: Method not found: 'RegisterResponse'.
          when(mockAuthApiService.register(any)).thenAnswer((_) async => RegisterResponse(
                                                                         ^^^^^^^^^^^^^^^^
  test/ui/auth_screens_test.dart:287:26: Error: Couldn't find constructor 'RegisterScreen'.
              child: const RegisterScreen(),
                           ^^^^^^^^^^^^^^
  test/ui/auth_screens_test.dart:308:26: Error: Couldn't find constructor 'RegisterScreen'.
              child: const RegisterScreen(),
                           ^^^^^^^^^^^^^^
  test/ui/auth_screens_test.dart:326:26: Error: Couldn't find constructor 'EmailVerificationScreen'.
              child: const EmailVerificationScreen(userId: 1),
                           ^^^^^^^^^^^^^^^^^^^^^^^
  test/ui/auth_screens_test.dart:341:26: Error: Couldn't find constructor 'EmailVerificationScreen'.
              child: const EmailVerificationScreen(userId: 1),
                           ^^^^^^^^^^^^^^^^^^^^^^^
  test/ui/auth_screens_test.dart:360:17: Error: Method not found: 'VerifyEmailResponseData'.
            data: VerifyEmailResponseData(
                  ^^^^^^^^^^^^^^^^^^^^^^^
  test/ui/auth_screens_test.dart:357:75: Error: Method not found: 'VerifyEmailResponse'.
          when(mockAuthApiService.verifyEmail(any)).thenAnswer((_) async => VerifyEmailResponse(
                                                                            ^^^^^^^^^^^^^^^^^^^
  test/ui/auth_screens_test.dart:370:26: Error: Couldn't find constructor 'EmailVerificationScreen'.
              child: const EmailVerificationScreen(userId: 1),
                           ^^^^^^^^^^^^^^^^^^^^^^^
  test/ui/auth_screens_test.dart:386:17: Error: Method not found: 'VerifyEmailResponseData'.
            data: VerifyEmailResponseData(
                  ^^^^^^^^^^^^^^^^^^^^^^^
  test/ui/auth_screens_test.dart:383:75: Error: Method not found: 'VerifyEmailResponse'.
          when(mockAuthApiService.verifyEmail(any)).thenAnswer((_) async => VerifyEmailResponse(
                                                                            ^^^^^^^^^^^^^^^^^^^
  test/ui/auth_screens_test.dart:396:26: Error: Couldn't find constructor 'EmailVerificationScreen'.
              child: const EmailVerificationScreen(userId: 1),
                           ^^^^^^^^^^^^^^^^^^^^^^^
  test/ui/auth_screens_test.dart:417:26: Error: Couldn't find constructor 'EmailVerificationScreen'.
              child: const EmailVerificationScreen(userId: 1),
                           ^^^^^^^^^^^^^^^^^^^^^^^
  test/ui/auth_screens_test.dart:434:17: Error: Method not found: 'VerificationData'.
            data: VerificationData(
                  ^^^^^^^^^^^^^^^^
  test/ui/auth_screens_test.dart:431:84: Error: Method not found: 'VerificationResponse'.
          when(mockAuthApiService.sendVerificationCode(any)).thenAnswer((_) async => VerificationResponse(
                                                                                     ^^^^^^^^^^^^^^^^^^^^
  test/ui/auth_screens_test.dart:444:26: Error: Couldn't find constructor 'EmailVerificationScreen'.
              child: const EmailVerificationScreen(userId: 1),
                           ^^^^^^^^^^^^^^^^^^^^^^^
  test/ui/ui_test_utils.dart:24:31: Error: Method not found: 'User'.
    static User get mockUser => User(
                                ^^^^
  test/ui/ui_test_utils.dart:52:32: Error: Method not found: 'User'.
    static User get mockUser2 => User(
                                 ^^^^
  test/ui/ui_test_utils.dart:90:18: Error: Undefined name 'MessageType'.
      messageType: MessageType.text,
                   ^^^^^^^^^^^
  test/ui/ui_test_utils.dart:85:42: Error: Method not found: 'MessageData'.
    static MessageData get mockMessage1 => MessageData(
                                           ^^^^^^^^^^^
  test/ui/ui_test_utils.dart:100:18: Error: Undefined name 'MessageType'.
      messageType: MessageType.text,
                   ^^^^^^^^^^^
  test/ui/ui_test_utils.dart:95:42: Error: Method not found: 'MessageData'.
    static MessageData get mockMessage2 => MessageData(
                                           ^^^^^^^^^^^
  test/ui/ui_test_utils.dart:111:5: Error: Method not found: 'Country'.
      Country(id: 1, name: 'United States', code: 'US'),
      ^^^^^^^
  test/ui/ui_test_utils.dart:112:5: Error: Method not found: 'Country'.
      Country(id: 2, name: 'Canada', code: 'CA'),
      ^^^^^^^
  test/ui/ui_test_utils.dart:113:5: Error: Method not found: 'Country'.
      Country(id: 3, name: 'United Kingdom', code: 'GB'),
      ^^^^^^^
  test/ui/ui_test_utils.dart:117:5: Error: Method not found: 'City'.
      City(id: 1, name: 'New York', countryId: 1),
      ^^^^
  test/ui/ui_test_utils.dart:118:5: Error: Method not found: 'City'.
      City(id: 2, name: 'Los Angeles', countryId: 1),
      ^^^^
  test/ui/ui_test_utils.dart:119:5: Error: Method not found: 'City'.
      City(id: 3, name: 'Toronto', countryId: 2),
      ^^^^
  test/ui/ui_test_utils.dart:123:5: Error: Method not found: 'ReferenceDataItem'.
      ReferenceDataItem(id: 1, name: 'Male'),
      ^^^^^^^^^^^^^^^^^
  test/ui/ui_test_utils.dart:124:5: Error: Method not found: 'ReferenceDataItem'.
      ReferenceDataItem(id: 2, name: 'Female'),
      ^^^^^^^^^^^^^^^^^
  test/ui/ui_test_utils.dart:125:5: Error: Method not found: 'ReferenceDataItem'.
      ReferenceDataItem(id: 3, name: 'Non-binary'),
      ^^^^^^^^^^^^^^^^^
  test/ui/ui_test_utils.dart:129:5: Error: Method not found: 'ReferenceDataItem'.
      ReferenceDataItem(id: 1, name: 'Music'),
      ^^^^^^^^^^^^^^^^^
  test/ui/ui_test_utils.dart:130:5: Error: Method not found: 'ReferenceDataItem'.
      ReferenceDataItem(id: 2, name: 'Sports'),
      ^^^^^^^^^^^^^^^^^
  test/ui/ui_test_utils.dart:131:5: Error: Method not found: 'ReferenceDataItem'.
      ReferenceDataItem(id: 3, name: 'Travel'),
      ^^^^^^^^^^^^^^^^^
  test/ui/ui_test_utils.dart:132:5: Error: Method not found: 'ReferenceDataItem'.
      ReferenceDataItem(id: 4, name: 'Photography'),
      ^^^^^^^^^^^^^^^^^
  test/ui/ui_test_utils.dart:136:5: Error: Method not found: 'ReferenceDataItem'.
      ReferenceDataItem(id: 1, name: 'Female'),
      ^^^^^^^^^^^^^^^^^
  test/ui/ui_test_utils.dart:137:5: Error: Method not found: 'ReferenceDataItem'.
      ReferenceDataItem(id: 2, name: 'Non-binary'),
      ^^^^^^^^^^^^^^^^^
  test/ui/ui_test_utils.dart:145:5: Error: 'AppStateProvider' isn't a type.
      AppStateProvider? appStateProvider,
      ^^^^^^^^^^^^^^^^
  test/ui/ui_test_utils.dart:146:5: Error: 'ProfileStateProvider' isn't a type.
      ProfileStateProvider? profileStateProvider,
      ^^^^^^^^^^^^^^^^^^^^
  test/ui/ui_test_utils.dart:147:5: Error: 'MatchingStateProvider' isn't a type.
      MatchingStateProvider? matchingStateProvider,
      ^^^^^^^^^^^^^^^^^^^^^
  test/ui/ui_test_utils.dart:148:5: Error: 'ChatStateProvider' isn't a type.
      ChatStateProvider? chatStateProvider,
      ^^^^^^^^^^^^^^^^^
  test/ui/ui_test_utils.dart:153:44: Error: 'AppStateProvider' isn't a type.
        providers.add(ChangeNotifierProvider<AppStateProvider>.value(value: appStateProvider));
                                             ^^^^^^^^^^^^^^^^
  test/ui/ui_test_utils.dart:157:44: Error: 'ProfileStateProvider' isn't a type.
        providers.add(ChangeNotifierProvider<ProfileStateProvider>.value(value: profileStateProvider));
                                             ^^^^^^^^^^^^^^^^^^^^
  test/ui/ui_test_utils.dart:161:44: Error: 'MatchingStateProvider' isn't a type.
        providers.add(ChangeNotifierProvider<MatchingStateProvider>.value(value: matchingStateProvider));
                                             ^^^^^^^^^^^^^^^^^^^^^
  test/ui/ui_test_utils.dart:165:44: Error: 'ChatStateProvider' isn't a type.
        providers.add(ChangeNotifierProvider<ChatStateProvider>.value(value: chatStateProvider));
                                             ^^^^^^^^^^^^^^^^^
  test/ui/ui_test_utils.dart:178:41: Error: 'AppStateProvider' isn't a type.
    static void setupMockAppStateProvider(AppStateProvider mockProvider) {
                                          ^^^^^^^^^^^^^^^^
  test/ui/ui_test_utils.dart:187:60: Error: The getter 'countryId' isn't defined for the type 'Object?'.
   - 'Object' is from 'dart:core'.
  Try correcting the name to the name of an existing getter, or defining a getter or field named 'countryId'.
        1: MockReferenceData.mockCities.where((city) => city.countryId == 1).toList(),
                                                             ^^^^^^^^^
  test/ui/ui_test_utils.dart:188:60: Error: The getter 'countryId' isn't defined for the type 'Object?'.
   - 'Object' is from 'dart:core'.
  Try correcting the name to the name of an existing getter, or defining a getter or field named 'countryId'.
        2: MockReferenceData.mockCities.where((city) => city.countryId == 2).toList(),
                                                             ^^^^^^^^^
  test/ui/ui_test_utils.dart:192:45: Error: 'ProfileStateProvider' isn't a type.
    static void setupMockProfileStateProvider(ProfileStateProvider mockProvider) {
                                              ^^^^^^^^^^^^^^^^^^^^
  test/ui/ui_test_utils.dart:198:46: Error: 'MatchingStateProvider' isn't a type.
    static void setupMockMatchingStateProvider(MatchingStateProvider mockProvider) {
                                               ^^^^^^^^^^^^^^^^^^^^^
  test/ui/ui_test_utils.dart:205:42: Error: 'ChatStateProvider' isn't a type.
    static void setupMockChatStateProvider(ChatStateProvider mockProvider) {
                                           ^^^^^^^^^^^^^^^^^
  test/ui/ui_test_utils.dart:241:26: Error: 'DatePicker' isn't a type.
      while (tester.widget<DatePicker>(find.byType(DatePicker)).initialDate.year != date.year) {
                           ^^^^^^^^^^
  test/ui/ui_test_utils.dart:241:50: Error: Undefined name 'DatePicker'.
      while (tester.widget<DatePicker>(find.byType(DatePicker)).initialDate.year != date.year) {
                                                   ^^^^^^^^^^
  test/ui/ui_test_utils.dart:242:25: Error: 'DatePicker' isn't a type.
        if (tester.widget<DatePicker>(find.byType(DatePicker)).initialDate.year < date.year) {
                          ^^^^^^^^^^
  test/ui/ui_test_utils.dart:242:49: Error: Undefined name 'DatePicker'.
        if (tester.widget<DatePicker>(find.byType(DatePicker)).initialDate.year < date.year) {
                                                  ^^^^^^^^^^
  test/ui/ui_test_utils.dart:251:26: Error: 'DatePicker' isn't a type.
      while (tester.widget<DatePicker>(find.byType(DatePicker)).initialDate.month != date.month) {
                           ^^^^^^^^^^
  test/ui/ui_test_utils.dart:251:50: Error: Undefined name 'DatePicker'.
      while (tester.widget<DatePicker>(find.byType(DatePicker)).initialDate.month != date.month) {
                                                   ^^^^^^^^^^
  test/ui/ui_test_utils.dart:252:25: Error: 'DatePicker' isn't a type.
        if (tester.widget<DatePicker>(find.byType(DatePicker)).initialDate.month < date.month) {
                          ^^^^^^^^^^
  test/ui/ui_test_utils.dart:252:49: Error: Undefined name 'DatePicker'.
        if (tester.widget<DatePicker>(find.byType(DatePicker)).initialDate.month < date.month) {
                                                  ^^^^^^^^^^
  test/ui/ui_test_utils.dart:284:11: Error: Method not found: 'TimeoutException'.
      throw TimeoutException('Widget not found within timeout', timeout);
            ^^^^^^^^^^^^^^^^
  test/mocks/mock_auth_api_service.dart:7:30: Error: 'AuthRequest' isn't a type.
    Future<AuthResponse> login(AuthRequest request) async {
                               ^^^^^^^^^^^
  test/mocks/mock_auth_api_service.dart:10:20: Error: The method 'AuthResponse' isn't defined for the type 'MockAuthApiService'.
   - 'MockAuthApiService' is from 'test/mocks/mock_auth_api_service.dart'.
  Try correcting the name to the name of an existing method, or defining a method named 'AuthResponse'.
        returnValue: AuthResponse(
                     ^^^^^^^^^^^^
  test/mocks/mock_auth_api_service.dart:13:15: Error: The method 'AuthResult' isn't defined for the type 'MockAuthApiService'.
   - 'MockAuthApiService' is from 'test/mocks/mock_auth_api_service.dart'.
  Try correcting the name to the name of an existing method, or defining a method named 'AuthResult'.
          data: AuthResult(
                ^^^^^^^^^^
  test/mocks/mock_auth_api_service.dart:23:37: Error: 'RegisterRequest' isn't a type.
    Future<RegisterResponse> register(RegisterRequest request) async {
                                      ^^^^^^^^^^^^^^^
  test/mocks/mock_auth_api_service.dart:26:20: Error: The method 'RegisterResponse' isn't defined for the type 'MockAuthApiService'.
   - 'MockAuthApiService' is from 'test/mocks/mock_auth_api_service.dart'.
  Try correcting the name to the name of an existing method, or defining a method named 'RegisterResponse'.
        returnValue: RegisterResponse(
                     ^^^^^^^^^^^^^^^^
  test/mocks/mock_auth_api_service.dart:29:15: Error: The method 'RegisterResponseData' isn't defined for the type 'MockAuthApiService'.
   - 'MockAuthApiService' is from 'test/mocks/mock_auth_api_service.dart'.
  Try correcting the name to the name of an existing method, or defining a method named 'RegisterResponseData'.
          data: RegisterResponseData(
                ^^^^^^^^^^^^^^^^^^^^
  test/mocks/mock_auth_api_service.dart:39:43: Error: 'VerifyEmailRequest' isn't a type.
    Future<VerifyEmailResponse> verifyEmail(VerifyEmailRequest request) async {
                                            ^^^^^^^^^^^^^^^^^^
  test/mocks/mock_auth_api_service.dart:42:20: Error: The method 'VerifyEmailResponse' isn't defined for the type 'MockAuthApiService'.
   - 'MockAuthApiService' is from 'test/mocks/mock_auth_api_service.dart'.
  Try correcting the name to the name of an existing method, or defining a method named 'VerifyEmailResponse'.
        returnValue: VerifyEmailResponse(
                     ^^^^^^^^^^^^^^^^^^^
  test/mocks/mock_auth_api_service.dart:45:15: Error: The method 'VerifyEmailResponseData' isn't defined for the type 'MockAuthApiService'.
   - 'MockAuthApiService' is from 'test/mocks/mock_auth_api_service.dart'.
  Try correcting the name to the name of an existing method, or defining a method named 'VerifyEmailResponseData'.
          data: VerifyEmailResponseData(
                ^^^^^^^^^^^^^^^^^^^^^^^
  test/mocks/mock_auth_api_service.dart:55:53: Error: 'VerificationRequest' isn't a type.
    Future<VerificationResponse> sendVerificationCode(VerificationRequest request) async {
                                                      ^^^^^^^^^^^^^^^^^^^
  test/mocks/mock_auth_api_service.dart:58:20: Error: The method 'VerificationResponse' isn't defined for the type 'MockAuthApiService'.
   - 'MockAuthApiService' is from 'test/mocks/mock_auth_api_service.dart'.
  Try correcting the name to the name of an existing method, or defining a method named 'VerificationResponse'.
        returnValue: VerificationResponse(
                     ^^^^^^^^^^^^^^^^^^^^
  test/mocks/mock_auth_api_service.dart:61:15: Error: The method 'VerificationData' isn't defined for the type 'MockAuthApiService'.
   - 'MockAuthApiService' is from 'test/mocks/mock_auth_api_service.dart'.
  Try correcting the name to the name of an existing method, or defining a method named 'VerificationData'.
          data: VerificationData(
                ^^^^^^^^^^^^^^^^
  test/mocks/mock_auth_api_service.dart:71:51: Error: 'ProfileCompletionRequest' isn't a type.
    Future<CompleteProfileResponse> completeProfile(ProfileCompletionRequest request) async {
                                                    ^^^^^^^^^^^^^^^^^^^^^^^^
  test/mocks/mock_auth_api_service.dart:74:20: Error: The method 'CompleteProfileResponse' isn't defined for the type 'MockAuthApiService'.
   - 'MockAuthApiService' is from 'test/mocks/mock_auth_api_service.dart'.
  Try correcting the name to the name of an existing method, or defining a method named 'CompleteProfileResponse'.
        returnValue: CompleteProfileResponse(
                     ^^^^^^^^^^^^^^^^^^^^^^^
  test/mocks/mock_auth_api_service.dart:77:15: Error: The method 'CompleteProfileResponseData' isn't defined for the type 'MockAuthApiService'.
   - 'MockAuthApiService' is from 'test/mocks/mock_auth_api_service.dart'.
  Try correcting the name to the name of an existing method, or defining a method named 'CompleteProfileResponseData'.
          data: CompleteProfileResponseData(
                ^^^^^^^^^^^^^^^^^^^^^^^^^^^
  test/mocks/mock_auth_api_service.dart:86:49: Error: 'CheckUserStateRequest' isn't a type.
    Future<CheckUserStateResponse> checkUserState(CheckUserStateRequest request) async {
                                                  ^^^^^^^^^^^^^^^^^^^^^
  test/mocks/mock_auth_api_service.dart:89:20: Error: The method 'CheckUserStateResponse' isn't defined for the type 'MockAuthApiService'.
   - 'MockAuthApiService' is from 'test/mocks/mock_auth_api_service.dart'.
  Try correcting the name to the name of an existing method, or defining a method named 'CheckUserStateResponse'.
        returnValue: CheckUserStateResponse(
                     ^^^^^^^^^^^^^^^^^^^^^^
  test/mocks/mock_auth_api_service.dart:91:15: Error: The method 'CheckUserStateResponseData' isn't defined for the type 'MockAuthApiService'.
   - 'MockAuthApiService' is from 'test/mocks/mock_auth_api_service.dart'.
  Try correcting the name to the name of an existing method, or defining a method named 'CheckUserStateResponseData'.
          data: CheckUserStateResponseData(
                ^^^^^^^^^^^^^^^^^^^^^^^^^^
  .
00:00 +0 -21: loading E:/1 - laravel/1 - LGBTinder/LGBTinder-flutter/test/api/api_integration_test.dart [E]
  Error: The Dart compiler exited unexpectedly.
  package:flutter_tools/src/base/common.dart 34:3  throwToolExit
  package:flutter_tools/src/compile.dart 910:11    DefaultResidentCompiler._compile.<fn>
  dart:async/zone.dart 1538:47                     _rootRunUnary
  dart:async/zone.dart 1429:19                     _CustomZone.runUnary
  dart:async/future_impl.dart 948:45               Future._propagateToListeners.handleValueCallback
  dart:async/future_impl.dart 977:13               Future._propagateToListeners
  dart:async/future_impl.dart 862:9                Future._propagateToListeners
  dart:async/future_impl.dart 720:5                Future._completeWithValue
  dart:async/future_impl.dart 804:7                Future._asyncCompleteWithValue.<fn>
  dart:async/zone.dart 1525:13                     _rootRun
  dart:async/zone.dart 1422:19                     _CustomZone.run
  dart:async/zone.dart 1321:7                      _CustomZone.runGuarded
  dart:async/zone.dart 1362:23                     _CustomZone.bindCallbackGuarded.<fn>
  dart:async/schedule_microtask.dart 40:35         _microtaskLoop
  dart:async/schedule_microtask.dart 49:5          _startMicrotaskLoop
  dart:isolate-patch/isolate_patch.dart 127:13     _runPendingImmediateCallback
  dart:isolate-patch/isolate_patch.dart 194:5      _RawReceivePort._handleMessage
  
Error: Couldn't resolve the package 'lgbtinder' in 'package:lgbtinder/pages/chat_list_page.dart'.
Error: Couldn't resolve the package 'lgbtinder' in 'package:lgbtinder/pages/chat_page.dart'.
Error: Couldn't resolve the package 'lgbtinder' in 'package:lgbtinder/providers/chat_state_provider.dart'.
Error: Couldn't resolve the package 'lgbtinder' in 'package:lgbtinder/providers/matching_state_provider.dart'.
Error: Couldn't resolve the package 'lgbtinder' in 'package:lgbtinder/providers/app_state_provider.dart'.
Error: Couldn't resolve the package 'lgbtinder' in 'package:lgbtinder/services/api_services/chat_api_service.dart'.
Error: Couldn't resolve the package 'lgbtinder' in 'package:lgbtinder/models/api_models/user_models.dart'.
Error: Couldn't resolve the package 'lgbtinder' in 'package:lgbtinder/models/api_models/chat_models.dart'.
test/ui/chat_screens_test.dart:5:8: Error: Not found: 'package:lgbtinder/pages/chat_list_page.dart'
import 'package:lgbtinder/pages/chat_list_page.dart';
       ^
test/ui/chat_screens_test.dart:6:8: Error: Not found: 'package:lgbtinder/pages/chat_page.dart'
import 'package:lgbtinder/pages/chat_page.dart';
       ^
test/ui/chat_screens_test.dart:7:8: Error: Not found: 'package:lgbtinder/providers/chat_state_provider.dart'
import 'package:lgbtinder/providers/chat_state_provider.dart';
       ^
test/ui/chat_screens_test.dart:8:8: Error: Not found: 'package:lgbtinder/providers/matching_state_provider.dart'
import 'package:lgbtinder/providers/matching_state_provider.dart';
       ^
test/ui/chat_screens_test.dart:9:8: Error: Not found: 'package:lgbtinder/providers/app_state_provider.dart'
import 'package:lgbtinder/providers/app_state_provider.dart';
       ^
test/ui/chat_screens_test.dart:10:8: Error: Not found: 'package:lgbtinder/services/api_services/chat_api_service.dart'
import 'package:lgbtinder/services/api_services/chat_api_service.dart';
       ^
test/ui/chat_screens_test.dart:11:8: Error: Not found: 'package:lgbtinder/models/api_models/user_models.dart'
import 'package:lgbtinder/models/api_models/user_models.dart';
       ^
test/ui/chat_screens_test.dart:12:8: Error: Not found: 'package:lgbtinder/models/api_models/chat_models.dart'
import 'package:lgbtinder/models/api_models/chat_models.dart';
       ^
test/ui/ui_test_utils.dart:5:8: Error: Not found: 'package:lgbtinder/providers/app_state_provider.dart'
import 'package:lgbtinder/providers/app_state_provider.dart';
       ^
Error: Couldn't resolve the package 'lgbtinder' in 'package:lgbtinder/providers/profile_state_provider.dart'.
test/ui/ui_test_utils.dart:7:8: Error: Not found: 'package:lgbtinder/providers/matching_state_provider.dart'
import 'package:lgbtinder/providers/matching_state_provider.dart';
       ^
test/ui/ui_test_utils.dart:8:8: Error: Not found: 'package:lgbtinder/providers/chat_state_provider.dart'
import 'package:lgbtinder/providers/chat_state_provider.dart';
       ^
test/ui/ui_test_utils.dart:9:8: Error: Not found: 'package:lgbtinder/models/api_models/user_models.dart'
import 'package:lgbtinder/models/api_models/user_models.dart';
       ^
test/ui/ui_test_utils.dart:10:8: Error: Not found: 'package:lgbtinder/models/api_models/chat_models.dart'
import 'package:lgbtinder/models/api_models/chat_models.dart';
       ^
Error: Couldn't resolve the package 'lgbtinder' in 'package:lgbtinder/models/api_models/reference_data_models.dart'.
Error: Couldn't resolve the package 'lgbtinder' in 'package:lgbtinder/models/user_state_models.dart'.
test/mocks/mock_chat_api_service.dart:2:8: Error: Not found: 
'package:lgbtinder/services/api_services/chat_api_service.dart'
import 'package:lgbtinder/services/api_services/chat_api_service.dart';
       ^
test/mocks/mock_chat_api_service.dart:3:8: Error: Not found: 'package:lgbtinder/models/api_models/chat_models.dart'
import 'package:lgbtinder/models/api_models/chat_models.dart';
       ^
Error: Couldn't resolve the package 'lgbtinder' in 'package:lgbtinder/services/api_services/matching_api_service.dart'.
Error: Couldn't resolve the package 'lgbtinder' in 'package:lgbtinder/models/api_models/matching_models.dart'.
test/ui/ui_test_utils.dart:6:8: Error: Not found: 'package:lgbtinder/providers/profile_state_provider.dart'
import 'package:lgbtinder/providers/profile_state_provider.dart';
       ^
test/ui/ui_test_utils.dart:11:8: Error: Not found: 'package:lgbtinder/models/api_models/reference_data_models.dart'
import 'package:lgbtinder/models/api_models/reference_data_models.dart';
       ^
test/ui/ui_test_utils.dart:12:8: Error: Not found: 'package:lgbtinder/models/user_state_models.dart'
import 'package:lgbtinder/models/user_state_models.dart';
       ^
test/mocks/mock_matching_api_service.dart:2:8: Error: Not found: 
'package:lgbtinder/services/api_services/matching_api_service.dart'
import 'package:lgbtinder/services/api_services/matching_api_service.dart';
       ^
test/mocks/mock_matching_api_service.dart:3:8: Error: Not found: 
'package:lgbtinder/models/api_models/matching_models.dart'
import 'package:lgbtinder/models/api_models/matching_models.dart';
       ^
test/ui/ui_test_utils.dart:24:10: Error: Type 'User' not found.
  static User get mockUser => User(
         ^^^^
test/ui/ui_test_utils.dart:52:10: Error: Type 'User' not found.
  static User get mockUser2 => User(
         ^^^^
test/ui/ui_test_utils.dart:80:15: Error: Type 'User' not found.
  static List<User> get mockUsers => [mockUser, mockUser2];
              ^^^^
test/ui/ui_test_utils.dart:85:10: Error: Type 'MessageData' not found.
  static MessageData get mockMessage1 => MessageData(
         ^^^^^^^^^^^
test/ui/ui_test_utils.dart:95:10: Error: Type 'MessageData' not found.
  static MessageData get mockMessage2 => MessageData(
         ^^^^^^^^^^^
test/ui/ui_test_utils.dart:105:15: Error: Type 'MessageData' not found.
  static List<MessageData> get mockMessages => [mockMessage1, mockMessage2];
              ^^^^^^^^^^^
test/ui/ui_test_utils.dart:110:15: Error: Type 'Country' not found.
  static List<Country> get mockCountries => [
              ^^^^^^^
test/ui/ui_test_utils.dart:116:15: Error: Type 'City' not found.
  static List<City> get mockCities => [
              ^^^^
test/ui/ui_test_utils.dart:122:15: Error: Type 'ReferenceDataItem' not found.
  static List<ReferenceDataItem> get mockGenders => [
              ^^^^^^^^^^^^^^^^^
test/ui/ui_test_utils.dart:128:15: Error: Type 'ReferenceDataItem' not found.
  static List<ReferenceDataItem> get mockInterests => [
              ^^^^^^^^^^^^^^^^^
test/ui/ui_test_utils.dart:135:15: Error: Type 'ReferenceDataItem' not found.
  static List<ReferenceDataItem> get mockPreferredGenders => [
              ^^^^^^^^^^^^^^^^^
test/ui/ui_test_utils.dart:145:5: Error: Type 'AppStateProvider' not found.
    AppStateProvider? appStateProvider,
    ^^^^^^^^^^^^^^^^
test/ui/ui_test_utils.dart:146:5: Error: Type 'ProfileStateProvider' not found.
    ProfileStateProvider? profileStateProvider,
    ^^^^^^^^^^^^^^^^^^^^
test/ui/ui_test_utils.dart:147:5: Error: Type 'MatchingStateProvider' not found.
    MatchingStateProvider? matchingStateProvider,
    ^^^^^^^^^^^^^^^^^^^^^
test/ui/ui_test_utils.dart:148:5: Error: Type 'ChatStateProvider' not found.
    ChatStateProvider? chatStateProvider,
    ^^^^^^^^^^^^^^^^^
test/ui/ui_test_utils.dart:178:41: Error: Type 'AppStateProvider' not found.
  static void setupMockAppStateProvider(AppStateProvider mockProvider) {
                                        ^^^^^^^^^^^^^^^^
test/ui/ui_test_utils.dart:192:45: Error: Type 'ProfileStateProvider' not found.
  static void setupMockProfileStateProvider(ProfileStateProvider mockProvider) {
                                            ^^^^^^^^^^^^^^^^^^^^
test/ui/ui_test_utils.dart:198:46: Error: Type 'MatchingStateProvider' not found.
  static void setupMockMatchingStateProvider(MatchingStateProvider mockProvider) {
                                             ^^^^^^^^^^^^^^^^^^^^^
test/ui/ui_test_utils.dart:205:42: Error: Type 'ChatStateProvider' not found.
  static void setupMockChatStateProvider(ChatStateProvider mockProvider) {
                                         ^^^^^^^^^^^^^^^^^
test/mocks/mock_chat_api_service.dart:5:50: Error: Type 'ChatApiService' not found.
class MockChatApiService extends Mock implements ChatApiService {
                                                 ^^^^^^^^^^^^^^
test/mocks/mock_chat_api_service.dart:7:10: Error: Type 'MessageResponse' not found.
  Future<MessageResponse> sendMessage(MessageRequest request) async {
         ^^^^^^^^^^^^^^^
test/mocks/mock_chat_api_service.dart:7:39: Error: Type 'MessageRequest' not found.
  Future<MessageResponse> sendMessage(MessageRequest request) async {
                                      ^^^^^^^^^^^^^^
test/mocks/mock_chat_api_service.dart:27:10: Error: Type 'ChatHistoryResponse' not found.
  Future<ChatHistoryResponse> getChatHistory(ChatHistoryRequest request) async {
         ^^^^^^^^^^^^^^^^^^^
test/mocks/mock_chat_api_service.dart:27:46: Error: Type 'ChatHistoryRequest' not found.
  Future<ChatHistoryResponse> getChatHistory(ChatHistoryRequest request) async {
                                             ^^^^^^^^^^^^^^^^^^
test/mocks/mock_chat_api_service.dart:46:35: Error: Type 'MarkMessagesAsReadRequest' not found.
  Future<void> markMessagesAsRead(MarkMessagesAsReadRequest request) async {
                                  ^^^^^^^^^^^^^^^^^^^^^^^^^
test/mocks/mock_chat_api_service.dart:54:30: Error: Type 'DeleteMessageRequest' not found.
  Future<void> deleteMessage(DeleteMessageRequest request) async {
                             ^^^^^^^^^^^^^^^^^^^^
test/mocks/mock_chat_api_service.dart:62:10: Error: Type 'MessageResponse' not found.
  Future<MessageResponse> editMessage(EditMessageRequest request) async {
         ^^^^^^^^^^^^^^^
test/mocks/mock_chat_api_service.dart:62:39: Error: Type 'EditMessageRequest' not found.
  Future<MessageResponse> editMessage(EditMessageRequest request) async {
                                      ^^^^^^^^^^^^^^^^^^
test/mocks/mock_matching_api_service.dart:5:54: Error: Type 'MatchingApiService' not found.
class MockMatchingApiService extends Mock implements MatchingApiService {
                                                     ^^^^^^^^^^^^^^^^^^
test/mocks/mock_matching_api_service.dart:7:10: Error: Type 'LikeResponse' not found.
  Future<LikeResponse> likeUser(LikeRequest request) async {
         ^^^^^^^^^^^^
test/mocks/mock_matching_api_service.dart:7:33: Error: Type 'LikeRequest' not found.
  Future<LikeResponse> likeUser(LikeRequest request) async {
                                ^^^^^^^^^^^
test/mocks/mock_matching_api_service.dart:24:10: Error: Type 'LikeResponse' not found.
  Future<LikeResponse> superLikeUser(LikeRequest request) async {
         ^^^^^^^^^^^^
test/mocks/mock_matching_api_service.dart:24:38: Error: Type 'LikeRequest' not found.
  Future<LikeResponse> superLikeUser(LikeRequest request) async {
                                     ^^^^^^^^^^^
test/mocks/mock_matching_api_service.dart:41:25: Error: Type 'PassRequest' not found.
  Future<void> passUser(PassRequest request) async {
                        ^^^^^^^^^^^
test/mocks/mock_matching_api_service.dart:49:10: Error: Type 'MatchesResponse' not found.
  Future<MatchesResponse> getMatches(MatchesRequest request) async {
         ^^^^^^^^^^^^^^^
test/mocks/mock_matching_api_service.dart:49:38: Error: Type 'MatchesRequest' not found.
  Future<MatchesResponse> getMatches(MatchesRequest request) async {
                                     ^^^^^^^^^^^^^^
test/mocks/mock_matching_api_service.dart:68:10: Error: Type 'PotentialMatchesResponse' not found.
  Future<PotentialMatchesResponse> getPotentialMatches(PotentialMatchesRequest request) async {
         ^^^^^^^^^^^^^^^^^^^^^^^^
test/mocks/mock_matching_api_service.dart:68:56: Error: Type 'PotentialMatchesRequest' not found.
  Future<PotentialMatchesResponse> getPotentialMatches(PotentialMatchesRequest request) async {
                                                       ^^^^^^^^^^^^^^^^^^^^^^^
test/ui/chat_screens_test.dart:18:77: Error: Undefined name 'ChatApiService'.
@GenerateMocks([ChatStateProvider, MatchingStateProvider, AppStateProvider, ChatApiService])
                                                                            ^^^^^^^^^^^^^^
test/ui/chat_screens_test.dart:18:59: Error: Undefined name 'AppStateProvider'.
@GenerateMocks([ChatStateProvider, MatchingStateProvider, AppStateProvider, ChatApiService])
                                                          ^^^^^^^^^^^^^^^^
test/ui/chat_screens_test.dart:18:36: Error: Undefined name 'MatchingStateProvider'.
@GenerateMocks([ChatStateProvider, MatchingStateProvider, AppStateProvider, ChatApiService])
                                   ^^^^^^^^^^^^^^^^^^^^^
test/ui/chat_screens_test.dart:18:17: Error: Undefined name 'ChatStateProvider'.
@GenerateMocks([ChatStateProvider, MatchingStateProvider, AppStateProvider, ChatApiService])
                ^^^^^^^^^^^^^^^^^
/C:/Users/Abolfazl/AppData/Local/Temp/flutter_tools.3bbc4712/flutter_test_listener.b61a05a8/listener.dart:21:21: 
Error: Undefined name 'main'.
  await Future(test.main);
                    ^^^^
test/ui/chat_screens_test.dart:21:10: Error: 'MockChatStateProvider' isn't a type.
    late MockChatStateProvider mockChatStateProvider;
         ^^^^^^^^^^^^^^^^^^^^^
test/ui/chat_screens_test.dart:22:10: Error: 'MockMatchingStateProvider' isn't a type.
    late MockMatchingStateProvider mockMatchingStateProvider;
         ^^^^^^^^^^^^^^^^^^^^^^^^^
test/ui/chat_screens_test.dart:23:10: Error: 'MockAppStateProvider' isn't a type.
    late MockAppStateProvider mockAppStateProvider;
         ^^^^^^^^^^^^^^^^^^^^
test/ui/chat_screens_test.dart:26:31: Error: Method not found: 'MockChatStateProvider'.
      mockChatStateProvider = MockChatStateProvider();
                              ^^^^^^^^^^^^^^^^^^^^^
test/ui/chat_screens_test.dart:27:35: Error: Method not found: 'MockMatchingStateProvider'.
      mockMatchingStateProvider = MockMatchingStateProvider();
                                  ^^^^^^^^^^^^^^^^^^^^^^^^^
test/ui/chat_screens_test.dart:28:30: Error: Method not found: 'MockAppStateProvider'.
      mockAppStateProvider = MockAppStateProvider();
                             ^^^^^^^^^^^^^^^^^^^^
test/ui/chat_screens_test.dart:52:26: Error: Couldn't find constructor 'ChatListPage'.
            child: const ChatListPage(),
                         ^^^^^^^^^^^^
test/ui/chat_screens_test.dart:71:26: Error: Couldn't find constructor 'ChatListPage'.
            child: const ChatListPage(),
                         ^^^^^^^^^^^^
test/ui/chat_screens_test.dart:88:26: Error: Couldn't find constructor 'ChatListPage'.
            child: const ChatListPage(),
                         ^^^^^^^^^^^^
test/ui/chat_screens_test.dart:105:26: Error: Couldn't find constructor 'ChatListPage'.
            child: const ChatListPage(),
                         ^^^^^^^^^^^^
test/ui/chat_screens_test.dart:121:26: Error: Couldn't find constructor 'ChatListPage'.
            child: const ChatListPage(),
                         ^^^^^^^^^^^^
test/ui/chat_screens_test.dart:140:26: Error: Couldn't find constructor 'ChatListPage'.
            child: const ChatListPage(),
                         ^^^^^^^^^^^^
test/ui/chat_screens_test.dart:154:26: Error: Couldn't find constructor 'ChatListPage'.
            child: const ChatListPage(),
                         ^^^^^^^^^^^^
test/ui/chat_screens_test.dart:168:26: Error: Couldn't find constructor 'ChatListPage'.
            child: const ChatListPage(),
                         ^^^^^^^^^^^^
test/ui/chat_screens_test.dart:186:26: Error: Couldn't find constructor 'ChatListPage'.
            child: const ChatListPage(),
                         ^^^^^^^^^^^^
test/ui/chat_screens_test.dart:206:26: Error: Couldn't find constructor 'ChatListPage'.
            child: const ChatListPage(),
                         ^^^^^^^^^^^^
test/ui/chat_screens_test.dart:226:20: Error: Method not found: 'ChatPage'.
            child: ChatPage(match: MockUserData.mockUser2),
                   ^^^^^^^^
test/ui/chat_screens_test.dart:242:20: Error: Method not found: 'ChatPage'.
            child: ChatPage(match: MockUserData.mockUser2),
                   ^^^^^^^^
test/ui/chat_screens_test.dart:259:20: Error: Method not found: 'ChatPage'.
            child: ChatPage(match: MockUserData.mockUser2),
                   ^^^^^^^^
test/ui/chat_screens_test.dart:276:20: Error: Method not found: 'ChatPage'.
            child: ChatPage(match: MockUserData.mockUser2),
                   ^^^^^^^^
test/ui/chat_screens_test.dart:291:20: Error: Method not found: 'ChatPage'.
            child: ChatPage(match: MockUserData.mockUser2),
                   ^^^^^^^^
test/ui/chat_screens_test.dart:312:20: Error: Method not found: 'ChatPage'.
            child: ChatPage(match: MockUserData.mockUser2),
                   ^^^^^^^^
test/ui/chat_screens_test.dart:333:20: Error: Method not found: 'ChatPage'.
            child: ChatPage(match: MockUserData.mockUser2),
                   ^^^^^^^^
test/ui/chat_screens_test.dart:357:20: Error: Method not found: 'ChatPage'.
            child: ChatPage(match: MockUserData.mockUser2),
                   ^^^^^^^^
test/ui/chat_screens_test.dart:375:20: Error: Method not found: 'ChatPage'.
            child: ChatPage(match: MockUserData.mockUser2),
                   ^^^^^^^^
test/ui/chat_screens_test.dart:394:20: Error: Method not found: 'ChatPage'.
            child: ChatPage(match: MockUserData.mockUser2),
                   ^^^^^^^^
test/ui/chat_screens_test.dart:410:20: Error: Method not found: 'ChatPage'.
            child: ChatPage(match: MockUserData.mockUser2),
                   ^^^^^^^^
test/ui/chat_screens_test.dart:429:20: Error: Method not found: 'ChatPage'.
            child: ChatPage(match: MockUserData.mockUser2),
                   ^^^^^^^^
test/ui/chat_screens_test.dart:447:20: Error: Method not found: 'ChatPage'.
            child: ChatPage(match: MockUserData.mockUser2),
                   ^^^^^^^^
test/ui/chat_screens_test.dart:456:28: Error: Undefined name 'ChatPage'.
        expect(find.byType(ChatPage), findsNothing);
                           ^^^^^^^^
test/ui/chat_screens_test.dart:465:20: Error: Method not found: 'ChatPage'.
            child: ChatPage(match: MockUserData.mockUser2),
                   ^^^^^^^^
test/ui/chat_screens_test.dart:479:20: Error: Method not found: 'ChatPage'.
            child: ChatPage(match: MockUserData.mockUser2),
                   ^^^^^^^^
test/ui/ui_test_utils.dart:24:31: Error: Method not found: 'User'.
  static User get mockUser => User(
                              ^^^^
test/ui/ui_test_utils.dart:52:32: Error: Method not found: 'User'.
  static User get mockUser2 => User(
                               ^^^^
test/ui/ui_test_utils.dart:90:18: Error: Undefined name 'MessageType'.
    messageType: MessageType.text,
                 ^^^^^^^^^^^
test/ui/ui_test_utils.dart:85:42: Error: Method not found: 'MessageData'.
  static MessageData get mockMessage1 => MessageData(
                                         ^^^^^^^^^^^
test/ui/ui_test_utils.dart:100:18: Error: Undefined name 'MessageType'.
    messageType: MessageType.text,
                 ^^^^^^^^^^^
test/ui/ui_test_utils.dart:95:42: Error: Method not found: 'MessageData'.
  static MessageData get mockMessage2 => MessageData(
                                         ^^^^^^^^^^^
test/ui/ui_test_utils.dart:111:5: Error: Method not found: 'Country'.
    Country(id: 1, name: 'United States', code: 'US'),
    ^^^^^^^
test/ui/ui_test_utils.dart:112:5: Error: Method not found: 'Country'.
    Country(id: 2, name: 'Canada', code: 'CA'),
    ^^^^^^^
test/ui/ui_test_utils.dart:113:5: Error: Method not found: 'Country'.
    Country(id: 3, name: 'United Kingdom', code: 'GB'),
    ^^^^^^^
test/ui/ui_test_utils.dart:117:5: Error: Method not found: 'City'.
    City(id: 1, name: 'New York', countryId: 1),
    ^^^^
test/ui/ui_test_utils.dart:118:5: Error: Method not found: 'City'.
    City(id: 2, name: 'Los Angeles', countryId: 1),
    ^^^^
test/ui/ui_test_utils.dart:119:5: Error: Method not found: 'City'.
    City(id: 3, name: 'Toronto', countryId: 2),
    ^^^^
test/ui/ui_test_utils.dart:123:5: Error: Method not found: 'ReferenceDataItem'.
    ReferenceDataItem(id: 1, name: 'Male'),
    ^^^^^^^^^^^^^^^^^
test/ui/ui_test_utils.dart:124:5: Error: Method not found: 'ReferenceDataItem'.
    ReferenceDataItem(id: 2, name: 'Female'),
    ^^^^^^^^^^^^^^^^^
test/ui/ui_test_utils.dart:125:5: Error: Method not found: 'ReferenceDataItem'.
    ReferenceDataItem(id: 3, name: 'Non-binary'),
    ^^^^^^^^^^^^^^^^^
test/ui/ui_test_utils.dart:129:5: Error: Method not found: 'ReferenceDataItem'.
    ReferenceDataItem(id: 1, name: 'Music'),
    ^^^^^^^^^^^^^^^^^
test/ui/ui_test_utils.dart:130:5: Error: Method not found: 'ReferenceDataItem'.
    ReferenceDataItem(id: 2, name: 'Sports'),
    ^^^^^^^^^^^^^^^^^
test/ui/ui_test_utils.dart:131:5: Error: Method not found: 'ReferenceDataItem'.
    ReferenceDataItem(id: 3, name: 'Travel'),
    ^^^^^^^^^^^^^^^^^
test/ui/ui_test_utils.dart:132:5: Error: Method not found: 'ReferenceDataItem'.
    ReferenceDataItem(id: 4, name: 'Photography'),
    ^^^^^^^^^^^^^^^^^
test/ui/ui_test_utils.dart:136:5: Error: Method not found: 'ReferenceDataItem'.
    ReferenceDataItem(id: 1, name: 'Female'),
    ^^^^^^^^^^^^^^^^^
test/ui/ui_test_utils.dart:137:5: Error: Method not found: 'ReferenceDataItem'.
    ReferenceDataItem(id: 2, name: 'Non-binary'),
    ^^^^^^^^^^^^^^^^^
test/ui/ui_test_utils.dart:145:5: Error: 'AppStateProvider' isn't a type.
    AppStateProvider? appStateProvider,
    ^^^^^^^^^^^^^^^^
test/ui/ui_test_utils.dart:146:5: Error: 'ProfileStateProvider' isn't a type.
    ProfileStateProvider? profileStateProvider,
    ^^^^^^^^^^^^^^^^^^^^
test/ui/ui_test_utils.dart:147:5: Error: 'MatchingStateProvider' isn't a type.
    MatchingStateProvider? matchingStateProvider,
    ^^^^^^^^^^^^^^^^^^^^^
test/ui/ui_test_utils.dart:148:5: Error: 'ChatStateProvider' isn't a type.
    ChatStateProvider? chatStateProvider,
    ^^^^^^^^^^^^^^^^^
test/ui/ui_test_utils.dart:153:44: Error: 'AppStateProvider' isn't a type.
      providers.add(ChangeNotifierProvider<AppStateProvider>.value(value: appStateProvider));
                                           ^^^^^^^^^^^^^^^^
test/ui/ui_test_utils.dart:157:44: Error: 'ProfileStateProvider' isn't a type.
      providers.add(ChangeNotifierProvider<ProfileStateProvider>.value(value: profileStateProvider));
                                           ^^^^^^^^^^^^^^^^^^^^
test/ui/ui_test_utils.dart:161:44: Error: 'MatchingStateProvider' isn't a type.
      providers.add(ChangeNotifierProvider<MatchingStateProvider>.value(value: matchingStateProvider));
                                           ^^^^^^^^^^^^^^^^^^^^^
test/ui/ui_test_utils.dart:165:44: Error: 'ChatStateProvider' isn't a type.
      providers.add(ChangeNotifierProvider<ChatStateProvider>.value(value: chatStateProvider));
                                           ^^^^^^^^^^^^^^^^^
test/ui/ui_test_utils.dart:178:41: Error: 'AppStateProvider' isn't a type.
  static void setupMockAppStateProvider(AppStateProvider mockProvider) {
                                        ^^^^^^^^^^^^^^^^
test/ui/ui_test_utils.dart:187:60: Error: The getter 'countryId' isn't defined for the type 'Object?'.
 - 'Object' is from 'dart:core'.
Try correcting the name to the name of an existing getter, or defining a getter or field named 'countryId'.
      1: MockReferenceData.mockCities.where((city) => city.countryId == 1).toList(),
                                                           ^^^^^^^^^
test/ui/ui_test_utils.dart:188:60: Error: The getter 'countryId' isn't defined for the type 'Object?'.
 - 'Object' is from 'dart:core'.
Try correcting the name to the name of an existing getter, or defining a getter or field named 'countryId'.
      2: MockReferenceData.mockCities.where((city) => city.countryId == 2).toList(),
                                                           ^^^^^^^^^
test/ui/ui_test_utils.dart:192:45: Error: 'ProfileStateProvider' isn't a type.
  static void setupMockProfileStateProvider(ProfileStateProvider mockProvider) {
                                            ^^^^^^^^^^^^^^^^^^^^
test/ui/ui_test_utils.dart:198:46: Error: 'MatchingStateProvider' isn't a type.
  static void setupMockMatchingStateProvider(MatchingStateProvider mockProvider) {
                                             ^^^^^^^^^^^^^^^^^^^^^
test/ui/ui_test_utils.dart:205:42: Error: 'ChatStateProvider' isn't a type.
  static void setupMockChatStateProvider(ChatStateProvider mockProvider) {
                                         ^^^^^^^^^^^^^^^^^
test/ui/ui_test_utils.dart:241:26: Error: 'DatePicker' isn't a type.
    while (tester.widget<DatePicker>(find.byType(DatePicker)).initialDate.year != date.year) {
                         ^^^^^^^^^^
test/ui/ui_test_utils.dart:241:50: Error: Undefined name 'DatePicker'.
    while (tester.widget<DatePicker>(find.byType(DatePicker)).initialDate.year != date.year) {
                                                 ^^^^^^^^^^
test/ui/ui_test_utils.dart:242:25: Error: 'DatePicker' isn't a type.
      if (tester.widget<DatePicker>(find.byType(DatePicker)).initialDate.year < date.year) {
                        ^^^^^^^^^^
test/ui/ui_test_utils.dart:242:49: Error: Undefined name 'DatePicker'.
      if (tester.widget<DatePicker>(find.byType(DatePicker)).initialDate.year < date.year) {
                                                ^^^^^^^^^^
test/ui/ui_test_utils.dart:251:26: Error: 'DatePicker' isn't a type.
    while (tester.widget<DatePicker>(find.byType(DatePicker)).initialDate.month != date.month) {
                         ^^^^^^^^^^
test/ui/ui_test_utils.dart:251:50: Error: Undefined name 'DatePicker'.
    while (tester.widget<DatePicker>(find.byType(DatePicker)).initialDate.month != date.month) {
                                                 ^^^^^^^^^^
test/ui/ui_test_utils.dart:252:25: Error: 'DatePicker' isn't a type.
      if (tester.widget<DatePicker>(find.byType(DatePicker)).initialDate.month < date.month) {
                        ^^^^^^^^^^
test/ui/ui_test_utils.dart:252:49: Error: Undefined name 'DatePicker'.
      if (tester.widget<DatePicker>(find.byType(DatePicker)).initialDate.month < date.month) {
                                                ^^^^^^^^^^
test/ui/ui_test_utils.dart:284:11: Error: Method not found: 'TimeoutException'.
    throw TimeoutException('Widget not found within timeout', timeout);
          ^^^^^^^^^^^^^^^^
test/mocks/mock_chat_api_service.dart:7:39: Error: 'MessageRequest' isn't a type.
  Future<MessageResponse> sendMessage(MessageRequest request) async {
                                      ^^^^^^^^^^^^^^
test/mocks/mock_chat_api_service.dart:10:20: Error: The method 'MessageResponse' isn't defined for the type 
'MockChatApiService'.
 - 'MockChatApiService' is from 'test/mocks/mock_chat_api_service.dart'.
Try correcting the name to the name of an existing method, or defining a method named 'MessageResponse'.
      returnValue: MessageResponse(
                   ^^^^^^^^^^^^^^^
test/mocks/mock_chat_api_service.dart:13:15: Error: The method 'MessageData' isn't defined for the type 
'MockChatApiService'.
 - 'MockChatApiService' is from 'test/mocks/mock_chat_api_service.dart'.
Try correcting the name to the name of an existing method, or defining a method named 'MessageData'.
        data: MessageData(
              ^^^^^^^^^^^
test/mocks/mock_chat_api_service.dart:27:46: Error: 'ChatHistoryRequest' isn't a type.
  Future<ChatHistoryResponse> getChatHistory(ChatHistoryRequest request) async {
                                             ^^^^^^^^^^^^^^^^^^
test/mocks/mock_chat_api_service.dart:30:20: Error: The method 'ChatHistoryResponse' isn't defined for the type 
'MockChatApiService'.
 - 'MockChatApiService' is from 'test/mocks/mock_chat_api_service.dart'.
Try correcting the name to the name of an existing method, or defining a method named 'ChatHistoryResponse'.
      returnValue: ChatHistoryResponse(
                   ^^^^^^^^^^^^^^^^^^^
test/mocks/mock_chat_api_service.dart:32:15: Error: The method 'ChatHistoryResponseData' isn't defined for the type 
'MockChatApiService'.
 - 'MockChatApiService' is from 'test/mocks/mock_chat_api_service.dart'.
Try correcting the name to the name of an existing method, or defining a method named 'ChatHistoryResponseData'.
        data: ChatHistoryResponseData(
              ^^^^^^^^^^^^^^^^^^^^^^^
test/mocks/mock_chat_api_service.dart:34:23: Error: The method 'PaginationData' isn't defined for the type 
'MockChatApiService'.
 - 'MockChatApiService' is from 'test/mocks/mock_chat_api_service.dart'.
Try correcting the name to the name of an existing method, or defining a method named 'PaginationData'.
          pagination: PaginationData(
                      ^^^^^^^^^^^^^^
test/mocks/mock_chat_api_service.dart:46:35: Error: 'MarkMessagesAsReadRequest' isn't a type.
  Future<void> markMessagesAsRead(MarkMessagesAsReadRequest request) async {
                                  ^^^^^^^^^^^^^^^^^^^^^^^^^
test/mocks/mock_chat_api_service.dart:54:30: Error: 'DeleteMessageRequest' isn't a type.
  Future<void> deleteMessage(DeleteMessageRequest request) async {
                             ^^^^^^^^^^^^^^^^^^^^
test/mocks/mock_chat_api_service.dart:62:39: Error: 'EditMessageRequest' isn't a type.
  Future<MessageResponse> editMessage(EditMessageRequest request) async {
                                      ^^^^^^^^^^^^^^^^^^
test/mocks/mock_chat_api_service.dart:65:20: Error: The method 'MessageResponse' isn't defined for the type 
'MockChatApiService'.
 - 'MockChatApiService' is from 'test/mocks/mock_chat_api_service.dart'.
Try correcting the name to the name of an existing method, or defining a method named 'MessageResponse'.
      returnValue: MessageResponse(
                   ^^^^^^^^^^^^^^^
test/mocks/mock_chat_api_service.dart:68:15: Error: The method 'MessageData' isn't defined for the type 
'MockChatApiService'.
 - 'MockChatApiService' is from 'test/mocks/mock_chat_api_service.dart'.
Try correcting the name to the name of an existing method, or defining a method named 'MessageData'.
        data: MessageData(
              ^^^^^^^^^^^
test/mocks/mock_chat_api_service.dart:73:24: Error: The getter 'MessageType' isn't defined for the type 
'MockChatApiService'.
 - 'MockChatApiService' is from 'test/mocks/mock_chat_api_service.dart'.
Try correcting the name to the name of an existing getter, or defining a getter or field named 'MessageType'.
          messageType: MessageType.text,
                       ^^^^^^^^^^^
test/mocks/mock_matching_api_service.dart:7:33: Error: 'LikeRequest' isn't a type.
  Future<LikeResponse> likeUser(LikeRequest request) async {
                                ^^^^^^^^^^^
test/mocks/mock_matching_api_service.dart:10:20: Error: The method 'LikeResponse' isn't defined for the type 
'MockMatchingApiService'.
 - 'MockMatchingApiService' is from 'test/mocks/mock_matching_api_service.dart'.
Try correcting the name to the name of an existing method, or defining a method named 'LikeResponse'.
      returnValue: LikeResponse(
                   ^^^^^^^^^^^^
test/mocks/mock_matching_api_service.dart:13:15: Error: The method 'LikeResponseData' isn't defined for the type 
'MockMatchingApiService'.
 - 'MockMatchingApiService' is from 'test/mocks/mock_matching_api_service.dart'.
Try correcting the name to the name of an existing method, or defining a method named 'LikeResponseData'.
        data: LikeResponseData(
              ^^^^^^^^^^^^^^^^
test/mocks/mock_matching_api_service.dart:24:38: Error: 'LikeRequest' isn't a type.
  Future<LikeResponse> superLikeUser(LikeRequest request) async {
                                     ^^^^^^^^^^^
test/mocks/mock_matching_api_service.dart:27:20: Error: The method 'LikeResponse' isn't defined for the type 
'MockMatchingApiService'.
 - 'MockMatchingApiService' is from 'test/mocks/mock_matching_api_service.dart'.
Try correcting the name to the name of an existing method, or defining a method named 'LikeResponse'.
      returnValue: LikeResponse(
                   ^^^^^^^^^^^^
test/mocks/mock_matching_api_service.dart:30:15: Error: The method 'LikeResponseData' isn't defined for the type 
'MockMatchingApiService'.
 - 'MockMatchingApiService' is from 'test/mocks/mock_matching_api_service.dart'.
Try correcting the name to the name of an existing method, or defining a method named 'LikeResponseData'.
        data: LikeResponseData(
              ^^^^^^^^^^^^^^^^
test/mocks/mock_matching_api_service.dart:41:25: Error: 'PassRequest' isn't a type.
  Future<void> passUser(PassRequest request) async {
                        ^^^^^^^^^^^
test/mocks/mock_matching_api_service.dart:49:38: Error: 'MatchesRequest' isn't a type.
  Future<MatchesResponse> getMatches(MatchesRequest request) async {
                                     ^^^^^^^^^^^^^^
test/mocks/mock_matching_api_service.dart:52:20: Error: The method 'MatchesResponse' isn't defined for the type 
'MockMatchingApiService'.
 - 'MockMatchingApiService' is from 'test/mocks/mock_matching_api_service.dart'.
Try correcting the name to the name of an existing method, or defining a method named 'MatchesResponse'.
      returnValue: MatchesResponse(
                   ^^^^^^^^^^^^^^^
test/mocks/mock_matching_api_service.dart:54:15: Error: The method 'MatchesResponseData' isn't defined for the type 
'MockMatchingApiService'.
 - 'MockMatchingApiService' is from 'test/mocks/mock_matching_api_service.dart'.
Try correcting the name to the name of an existing method, or defining a method named 'MatchesResponseData'.
        data: MatchesResponseData(
              ^^^^^^^^^^^^^^^^^^^
test/mocks/mock_matching_api_service.dart:56:23: Error: The method 'PaginationData' isn't defined for the type 
'MockMatchingApiService'.
 - 'MockMatchingApiService' is from 'test/mocks/mock_matching_api_service.dart'.
Try correcting the name to the name of an existing method, or defining a method named 'PaginationData'.
          pagination: PaginationData(
                      ^^^^^^^^^^^^^^
test/mocks/mock_matching_api_service.dart:68:56: Error: 'PotentialMatchesRequest' isn't a type.
  Future<PotentialMatchesResponse> getPotentialMatches(PotentialMatchesRequest request) async {
                                                       ^^^^^^^^^^^^^^^^^^^^^^^
test/mocks/mock_matching_api_service.dart:71:20: Error: The method 'PotentialMatchesResponse' isn't defined for the 
type 'MockMatchingApiService'.
 - 'MockMatchingApiService' is from 'test/mocks/mock_matching_api_service.dart'.
Try correcting the name to the name of an existing method, or defining a method named 'PotentialMatchesResponse'.
      returnValue: PotentialMatchesResponse(
                   ^^^^^^^^^^^^^^^^^^^^^^^^
test/mocks/mock_matching_api_service.dart:73:15: Error: The method 'PotentialMatchesResponseData' isn't defined for 
the type 'MockMatchingApiService'.
 - 'MockMatchingApiService' is from 'test/mocks/mock_matching_api_service.dart'.
Try correcting the name to the name of an existing method, or defining a method named 'PotentialMatchesResponseData'.
        data: PotentialMatchesResponseData(
              ^^^^^^^^^^^^^^^^^^^^^^^^^^^^
test/mocks/mock_matching_api_service.dart:75:23: Error: The method 'PaginationData' isn't defined for the type 
'MockMatchingApiService'.
 - 'MockMatchingApiService' is from 'test/mocks/mock_matching_api_service.dart'.
Try correcting the name to the name of an existing method, or defining a method named 'PaginationData'.
          pagination: PaginationData(
                      ^^^^^^^^^^^^^^
00:00 +0 -22: loading E:/1 - laravel/1 - LGBTinder/LGBTinder-flutter/test/ui/chat_screens_test.dart [E]
  Failed to load "E:/1 - laravel/1 - LGBTinder/LGBTinder-flutter/test/ui/chat_screens_test.dart":
  Compilation failed for testPath=E:/1 - laravel/1 - LGBTinder/LGBTinder-flutter/test/ui/chat_screens_test.dart: Error: Couldn't resolve the package 'lgbtinder' in 'package:lgbtinder/pages/chat_list_page.dart'.
  Error: Couldn't resolve the package 'lgbtinder' in 'package:lgbtinder/pages/chat_page.dart'.
  Error: Couldn't resolve the package 'lgbtinder' in 'package:lgbtinder/providers/chat_state_provider.dart'.
  Error: Couldn't resolve the package 'lgbtinder' in 'package:lgbtinder/providers/matching_state_provider.dart'.
  Error: Couldn't resolve the package 'lgbtinder' in 'package:lgbtinder/providers/app_state_provider.dart'.
  Error: Couldn't resolve the package 'lgbtinder' in 'package:lgbtinder/services/api_services/chat_api_service.dart'.
  Error: Couldn't resolve the package 'lgbtinder' in 'package:lgbtinder/models/api_models/user_models.dart'.
  Error: Couldn't resolve the package 'lgbtinder' in 'package:lgbtinder/models/api_models/chat_models.dart'.
  test/ui/chat_screens_test.dart:5:8: Error: Not found: 'package:lgbtinder/pages/chat_list_page.dart'
  import 'package:lgbtinder/pages/chat_list_page.dart';
         ^
  test/ui/chat_screens_test.dart:6:8: Error: Not found: 'package:lgbtinder/pages/chat_page.dart'
  import 'package:lgbtinder/pages/chat_page.dart';
         ^
  test/ui/chat_screens_test.dart:7:8: Error: Not found: 'package:lgbtinder/providers/chat_state_provider.dart'
  import 'package:lgbtinder/providers/chat_state_provider.dart';
         ^
  test/ui/chat_screens_test.dart:8:8: Error: Not found: 'package:lgbtinder/providers/matching_state_provider.dart'
  import 'package:lgbtinder/providers/matching_state_provider.dart';
         ^
  test/ui/chat_screens_test.dart:9:8: Error: Not found: 'package:lgbtinder/providers/app_state_provider.dart'
  import 'package:lgbtinder/providers/app_state_provider.dart';
         ^
  test/ui/chat_screens_test.dart:10:8: Error: Not found: 'package:lgbtinder/services/api_services/chat_api_service.dart'
  import 'package:lgbtinder/services/api_services/chat_api_service.dart';
         ^
  test/ui/chat_screens_test.dart:11:8: Error: Not found: 'package:lgbtinder/models/api_models/user_models.dart'
  import 'package:lgbtinder/models/api_models/user_models.dart';
         ^
  test/ui/chat_screens_test.dart:12:8: Error: Not found: 'package:lgbtinder/models/api_models/chat_models.dart'
  import 'package:lgbtinder/models/api_models/chat_models.dart';
         ^
  test/ui/ui_test_utils.dart:5:8: Error: Not found: 'package:lgbtinder/providers/app_state_provider.dart'
  import 'package:lgbtinder/providers/app_state_provider.dart';
         ^
  Error: Couldn't resolve the package 'lgbtinder' in 'package:lgbtinder/providers/profile_state_provider.dart'.
  test/ui/ui_test_utils.dart:7:8: Error: Not found: 'package:lgbtinder/providers/matching_state_provider.dart'
  import 'package:lgbtinder/providers/matching_state_provider.dart';
         ^
  test/ui/ui_test_utils.dart:8:8: Error: Not found: 'package:lgbtinder/providers/chat_state_provider.dart'
  import 'package:lgbtinder/providers/chat_state_provider.dart';
         ^
  test/ui/ui_test_utils.dart:9:8: Error: Not found: 'package:lgbtinder/models/api_models/user_models.dart'
  import 'package:lgbtinder/models/api_models/user_models.dart';
         ^
  test/ui/ui_test_utils.dart:10:8: Error: Not found: 'package:lgbtinder/models/api_models/chat_models.dart'
  import 'package:lgbtinder/models/api_models/chat_models.dart';
         ^
  Error: Couldn't resolve the package 'lgbtinder' in 'package:lgbtinder/models/api_models/reference_data_models.dart'.
  Error: Couldn't resolve the package 'lgbtinder' in 'package:lgbtinder/models/user_state_models.dart'.
  test/mocks/mock_chat_api_service.dart:2:8: Error: Not found: 'package:lgbtinder/services/api_services/chat_api_service.dart'
  import 'package:lgbtinder/services/api_services/chat_api_service.dart';
         ^
  test/mocks/mock_chat_api_service.dart:3:8: Error: Not found: 'package:lgbtinder/models/api_models/chat_models.dart'
  import 'package:lgbtinder/models/api_models/chat_models.dart';
         ^
  Error: Couldn't resolve the package 'lgbtinder' in 'package:lgbtinder/services/api_services/matching_api_service.dart'.
  Error: Couldn't resolve the package 'lgbtinder' in 'package:lgbtinder/models/api_models/matching_models.dart'.
  test/ui/ui_test_utils.dart:6:8: Error: Not found: 'package:lgbtinder/providers/profile_state_provider.dart'
  import 'package:lgbtinder/providers/profile_state_provider.dart';
         ^
  test/ui/ui_test_utils.dart:11:8: Error: Not found: 'package:lgbtinder/models/api_models/reference_data_models.dart'
  import 'package:lgbtinder/models/api_models/reference_data_models.dart';
         ^
  test/ui/ui_test_utils.dart:12:8: Error: Not found: 'package:lgbtinder/models/user_state_models.dart'
  import 'package:lgbtinder/models/user_state_models.dart';
         ^
  test/mocks/mock_matching_api_service.dart:2:8: Error: Not found: 'package:lgbtinder/services/api_services/matching_api_service.dart'
  import 'package:lgbtinder/services/api_services/matching_api_service.dart';
         ^
  test/mocks/mock_matching_api_service.dart:3:8: Error: Not found: 'package:lgbtinder/models/api_models/matching_models.dart'
  import 'package:lgbtinder/models/api_models/matching_models.dart';
         ^
  test/ui/ui_test_utils.dart:24:10: Error: Type 'User' not found.
    static User get mockUser => User(
           ^^^^
  test/ui/ui_test_utils.dart:52:10: Error: Type 'User' not found.
    static User get mockUser2 => User(
           ^^^^
  test/ui/ui_test_utils.dart:80:15: Error: Type 'User' not found.
    static List<User> get mockUsers => [mockUser, mockUser2];
                ^^^^
  test/ui/ui_test_utils.dart:85:10: Error: Type 'MessageData' not found.
    static MessageData get mockMessage1 => MessageData(
           ^^^^^^^^^^^
  test/ui/ui_test_utils.dart:95:10: Error: Type 'MessageData' not found.
    static MessageData get mockMessage2 => MessageData(
           ^^^^^^^^^^^
  test/ui/ui_test_utils.dart:105:15: Error: Type 'MessageData' not found.
    static List<MessageData> get mockMessages => [mockMessage1, mockMessage2];
                ^^^^^^^^^^^
  test/ui/ui_test_utils.dart:110:15: Error: Type 'Country' not found.
    static List<Country> get mockCountries => [
                ^^^^^^^
  test/ui/ui_test_utils.dart:116:15: Error: Type 'City' not found.
    static List<City> get mockCities => [
                ^^^^
  test/ui/ui_test_utils.dart:122:15: Error: Type 'ReferenceDataItem' not found.
    static List<ReferenceDataItem> get mockGenders => [
                ^^^^^^^^^^^^^^^^^
  test/ui/ui_test_utils.dart:128:15: Error: Type 'ReferenceDataItem' not found.
    static List<ReferenceDataItem> get mockInterests => [
                ^^^^^^^^^^^^^^^^^
  test/ui/ui_test_utils.dart:135:15: Error: Type 'ReferenceDataItem' not found.
    static List<ReferenceDataItem> get mockPreferredGenders => [
                ^^^^^^^^^^^^^^^^^
  test/ui/ui_test_utils.dart:145:5: Error: Type 'AppStateProvider' not found.
      AppStateProvider? appStateProvider,
      ^^^^^^^^^^^^^^^^
  test/ui/ui_test_utils.dart:146:5: Error: Type 'ProfileStateProvider' not found.
      ProfileStateProvider? profileStateProvider,
      ^^^^^^^^^^^^^^^^^^^^
  test/ui/ui_test_utils.dart:147:5: Error: Type 'MatchingStateProvider' not found.
      MatchingStateProvider? matchingStateProvider,
      ^^^^^^^^^^^^^^^^^^^^^
  test/ui/ui_test_utils.dart:148:5: Error: Type 'ChatStateProvider' not found.
      ChatStateProvider? chatStateProvider,
      ^^^^^^^^^^^^^^^^^
  test/ui/ui_test_utils.dart:178:41: Error: Type 'AppStateProvider' not found.
    static void setupMockAppStateProvider(AppStateProvider mockProvider) {
                                          ^^^^^^^^^^^^^^^^
  test/ui/ui_test_utils.dart:192:45: Error: Type 'ProfileStateProvider' not found.
    static void setupMockProfileStateProvider(ProfileStateProvider mockProvider) {
                                              ^^^^^^^^^^^^^^^^^^^^
  test/ui/ui_test_utils.dart:198:46: Error: Type 'MatchingStateProvider' not found.
    static void setupMockMatchingStateProvider(MatchingStateProvider mockProvider) {
                                               ^^^^^^^^^^^^^^^^^^^^^
  test/ui/ui_test_utils.dart:205:42: Error: Type 'ChatStateProvider' not found.
    static void setupMockChatStateProvider(ChatStateProvider mockProvider) {
                                           ^^^^^^^^^^^^^^^^^
  test/mocks/mock_chat_api_service.dart:5:50: Error: Type 'ChatApiService' not found.
  class MockChatApiService extends Mock implements ChatApiService {
                                                   ^^^^^^^^^^^^^^
  test/mocks/mock_chat_api_service.dart:7:10: Error: Type 'MessageResponse' not found.
    Future<MessageResponse> sendMessage(MessageRequest request) async {
           ^^^^^^^^^^^^^^^
  test/mocks/mock_chat_api_service.dart:7:39: Error: Type 'MessageRequest' not found.
    Future<MessageResponse> sendMessage(MessageRequest request) async {
                                        ^^^^^^^^^^^^^^
  test/mocks/mock_chat_api_service.dart:27:10: Error: Type 'ChatHistoryResponse' not found.
    Future<ChatHistoryResponse> getChatHistory(ChatHistoryRequest request) async {
           ^^^^^^^^^^^^^^^^^^^
  test/mocks/mock_chat_api_service.dart:27:46: Error: Type 'ChatHistoryRequest' not found.
    Future<ChatHistoryResponse> getChatHistory(ChatHistoryRequest request) async {
                                               ^^^^^^^^^^^^^^^^^^
  test/mocks/mock_chat_api_service.dart:46:35: Error: Type 'MarkMessagesAsReadRequest' not found.
    Future<void> markMessagesAsRead(MarkMessagesAsReadRequest request) async {
                                    ^^^^^^^^^^^^^^^^^^^^^^^^^
  test/mocks/mock_chat_api_service.dart:54:30: Error: Type 'DeleteMessageRequest' not found.
    Future<void> deleteMessage(DeleteMessageRequest request) async {
                               ^^^^^^^^^^^^^^^^^^^^
  test/mocks/mock_chat_api_service.dart:62:10: Error: Type 'MessageResponse' not found.
    Future<MessageResponse> editMessage(EditMessageRequest request) async {
           ^^^^^^^^^^^^^^^
  test/mocks/mock_chat_api_service.dart:62:39: Error: Type 'EditMessageRequest' not found.
    Future<MessageResponse> editMessage(EditMessageRequest request) async {
                                        ^^^^^^^^^^^^^^^^^^
  test/mocks/mock_matching_api_service.dart:5:54: Error: Type 'MatchingApiService' not found.
  class MockMatchingApiService extends Mock implements MatchingApiService {
                                                       ^^^^^^^^^^^^^^^^^^
  test/mocks/mock_matching_api_service.dart:7:10: Error: Type 'LikeResponse' not found.
    Future<LikeResponse> likeUser(LikeRequest request) async {
           ^^^^^^^^^^^^
  test/mocks/mock_matching_api_service.dart:7:33: Error: Type 'LikeRequest' not found.
    Future<LikeResponse> likeUser(LikeRequest request) async {
                                  ^^^^^^^^^^^
  test/mocks/mock_matching_api_service.dart:24:10: Error: Type 'LikeResponse' not found.
    Future<LikeResponse> superLikeUser(LikeRequest request) async {
           ^^^^^^^^^^^^
  test/mocks/mock_matching_api_service.dart:24:38: Error: Type 'LikeRequest' not found.
    Future<LikeResponse> superLikeUser(LikeRequest request) async {
                                       ^^^^^^^^^^^
  test/mocks/mock_matching_api_service.dart:41:25: Error: Type 'PassRequest' not found.
    Future<void> passUser(PassRequest request) async {
                          ^^^^^^^^^^^
  test/mocks/mock_matching_api_service.dart:49:10: Error: Type 'MatchesResponse' not found.
    Future<MatchesResponse> getMatches(MatchesRequest request) async {
           ^^^^^^^^^^^^^^^
  test/mocks/mock_matching_api_service.dart:49:38: Error: Type 'MatchesRequest' not found.
    Future<MatchesResponse> getMatches(MatchesRequest request) async {
                                       ^^^^^^^^^^^^^^
  test/mocks/mock_matching_api_service.dart:68:10: Error: Type 'PotentialMatchesResponse' not found.
    Future<PotentialMatchesResponse> getPotentialMatches(PotentialMatchesRequest request) async {
           ^^^^^^^^^^^^^^^^^^^^^^^^
  test/mocks/mock_matching_api_service.dart:68:56: Error: Type 'PotentialMatchesRequest' not found.
    Future<PotentialMatchesResponse> getPotentialMatches(PotentialMatchesRequest request) async {
                                                         ^^^^^^^^^^^^^^^^^^^^^^^
  test/ui/chat_screens_test.dart:18:77: Error: Undefined name 'ChatApiService'.
  @GenerateMocks([ChatStateProvider, MatchingStateProvider, AppStateProvider, ChatApiService])
                                                                              ^^^^^^^^^^^^^^
  test/ui/chat_screens_test.dart:18:59: Error: Undefined name 'AppStateProvider'.
  @GenerateMocks([ChatStateProvider, MatchingStateProvider, AppStateProvider, ChatApiService])
                                                            ^^^^^^^^^^^^^^^^
  test/ui/chat_screens_test.dart:18:36: Error: Undefined name 'MatchingStateProvider'.
  @GenerateMocks([ChatStateProvider, MatchingStateProvider, AppStateProvider, ChatApiService])
                                     ^^^^^^^^^^^^^^^^^^^^^
  test/ui/chat_screens_test.dart:18:17: Error: Undefined name 'ChatStateProvider'.
  @GenerateMocks([ChatStateProvider, MatchingStateProvider, AppStateProvider, ChatApiService])
                  ^^^^^^^^^^^^^^^^^
  /C:/Users/Abolfazl/AppData/Local/Temp/flutter_tools.3bbc4712/flutter_test_listener.b61a05a8/listener.dart:21:21: Error: Undefined name 'main'.
    await Future(test.main);
                      ^^^^
  test/ui/chat_screens_test.dart:21:10: Error: 'MockChatStateProvider' isn't a type.
      late MockChatStateProvider mockChatStateProvider;
           ^^^^^^^^^^^^^^^^^^^^^
  test/ui/chat_screens_test.dart:22:10: Error: 'MockMatchingStateProvider' isn't a type.
      late MockMatchingStateProvider mockMatchingStateProvider;
           ^^^^^^^^^^^^^^^^^^^^^^^^^
  test/ui/chat_screens_test.dart:23:10: Error: 'MockAppStateProvider' isn't a type.
      late MockAppStateProvider mockAppStateProvider;
           ^^^^^^^^^^^^^^^^^^^^
  test/ui/chat_screens_test.dart:26:31: Error: Method not found: 'MockChatStateProvider'.
        mockChatStateProvider = MockChatStateProvider();
                                ^^^^^^^^^^^^^^^^^^^^^
  test/ui/chat_screens_test.dart:27:35: Error: Method not found: 'MockMatchingStateProvider'.
        mockMatchingStateProvider = MockMatchingStateProvider();
                                    ^^^^^^^^^^^^^^^^^^^^^^^^^
  test/ui/chat_screens_test.dart:28:30: Error: Method not found: 'MockAppStateProvider'.
        mockAppStateProvider = MockAppStateProvider();
                               ^^^^^^^^^^^^^^^^^^^^
  test/ui/chat_screens_test.dart:52:26: Error: Couldn't find constructor 'ChatListPage'.
              child: const ChatListPage(),
                           ^^^^^^^^^^^^
  test/ui/chat_screens_test.dart:71:26: Error: Couldn't find constructor 'ChatListPage'.
              child: const ChatListPage(),
                           ^^^^^^^^^^^^
  test/ui/chat_screens_test.dart:88:26: Error: Couldn't find constructor 'ChatListPage'.
              child: const ChatListPage(),
                           ^^^^^^^^^^^^
  test/ui/chat_screens_test.dart:105:26: Error: Couldn't find constructor 'ChatListPage'.
              child: const ChatListPage(),
                           ^^^^^^^^^^^^
  test/ui/chat_screens_test.dart:121:26: Error: Couldn't find constructor 'ChatListPage'.
              child: const ChatListPage(),
                           ^^^^^^^^^^^^
  test/ui/chat_screens_test.dart:140:26: Error: Couldn't find constructor 'ChatListPage'.
              child: const ChatListPage(),
                           ^^^^^^^^^^^^
  test/ui/chat_screens_test.dart:154:26: Error: Couldn't find constructor 'ChatListPage'.
              child: const ChatListPage(),
                           ^^^^^^^^^^^^
  test/ui/chat_screens_test.dart:168:26: Error: Couldn't find constructor 'ChatListPage'.
              child: const ChatListPage(),
                           ^^^^^^^^^^^^
  test/ui/chat_screens_test.dart:186:26: Error: Couldn't find constructor 'ChatListPage'.
              child: const ChatListPage(),
                           ^^^^^^^^^^^^
  test/ui/chat_screens_test.dart:206:26: Error: Couldn't find constructor 'ChatListPage'.
              child: const ChatListPage(),
                           ^^^^^^^^^^^^
  test/ui/chat_screens_test.dart:226:20: Error: Method not found: 'ChatPage'.
              child: ChatPage(match: MockUserData.mockUser2),
                     ^^^^^^^^
  test/ui/chat_screens_test.dart:242:20: Error: Method not found: 'ChatPage'.
              child: ChatPage(match: MockUserData.mockUser2),
                     ^^^^^^^^
  test/ui/chat_screens_test.dart:259:20: Error: Method not found: 'ChatPage'.
              child: ChatPage(match: MockUserData.mockUser2),
                     ^^^^^^^^
  test/ui/chat_screens_test.dart:276:20: Error: Method not found: 'ChatPage'.
              child: ChatPage(match: MockUserData.mockUser2),
                     ^^^^^^^^
  test/ui/chat_screens_test.dart:291:20: Error: Method not found: 'ChatPage'.
              child: ChatPage(match: MockUserData.mockUser2),
                     ^^^^^^^^
  test/ui/chat_screens_test.dart:312:20: Error: Method not found: 'ChatPage'.
              child: ChatPage(match: MockUserData.mockUser2),
                     ^^^^^^^^
  test/ui/chat_screens_test.dart:333:20: Error: Method not found: 'ChatPage'.
              child: ChatPage(match: MockUserData.mockUser2),
                     ^^^^^^^^
  test/ui/chat_screens_test.dart:357:20: Error: Method not found: 'ChatPage'.
              child: ChatPage(match: MockUserData.mockUser2),
                     ^^^^^^^^
  test/ui/chat_screens_test.dart:375:20: Error: Method not found: 'ChatPage'.
              child: ChatPage(match: MockUserData.mockUser2),
                     ^^^^^^^^
  test/ui/chat_screens_test.dart:394:20: Error: Method not found: 'ChatPage'.
              child: ChatPage(match: MockUserData.mockUser2),
                     ^^^^^^^^
  test/ui/chat_screens_test.dart:410:20: Error: Method not found: 'ChatPage'.
              child: ChatPage(match: MockUserData.mockUser2),
                     ^^^^^^^^
  test/ui/chat_screens_test.dart:429:20: Error: Method not found: 'ChatPage'.
              child: ChatPage(match: MockUserData.mockUser2),
                     ^^^^^^^^
  test/ui/chat_screens_test.dart:447:20: Error: Method not found: 'ChatPage'.
              child: ChatPage(match: MockUserData.mockUser2),
                     ^^^^^^^^
  test/ui/chat_screens_test.dart:456:28: Error: Undefined name 'ChatPage'.
          expect(find.byType(ChatPage), findsNothing);
                             ^^^^^^^^
  test/ui/chat_screens_test.dart:465:20: Error: Method not found: 'ChatPage'.
              child: ChatPage(match: MockUserData.mockUser2),
                     ^^^^^^^^
  test/ui/chat_screens_test.dart:479:20: Error: Method not found: 'ChatPage'.
              child: ChatPage(match: MockUserData.mockUser2),
                     ^^^^^^^^
  test/ui/ui_test_utils.dart:24:31: Error: Method not found: 'User'.
    static User get mockUser => User(
                                ^^^^
  test/ui/ui_test_utils.dart:52:32: Error: Method not found: 'User'.
    static User get mockUser2 => User(
                                 ^^^^
  test/ui/ui_test_utils.dart:90:18: Error: Undefined name 'MessageType'.
      messageType: MessageType.text,
                   ^^^^^^^^^^^
  test/ui/ui_test_utils.dart:85:42: Error: Method not found: 'MessageData'.
    static MessageData get mockMessage1 => MessageData(
                                           ^^^^^^^^^^^
  test/ui/ui_test_utils.dart:100:18: Error: Undefined name 'MessageType'.
      messageType: MessageType.text,
                   ^^^^^^^^^^^
  test/ui/ui_test_utils.dart:95:42: Error: Method not found: 'MessageData'.
    static MessageData get mockMessage2 => MessageData(
                                           ^^^^^^^^^^^
  test/ui/ui_test_utils.dart:111:5: Error: Method not found: 'Country'.
      Country(id: 1, name: 'United States', code: 'US'),
      ^^^^^^^
  test/ui/ui_test_utils.dart:112:5: Error: Method not found: 'Country'.
      Country(id: 2, name: 'Canada', code: 'CA'),
      ^^^^^^^
  test/ui/ui_test_utils.dart:113:5: Error: Method not found: 'Country'.
      Country(id: 3, name: 'United Kingdom', code: 'GB'),
      ^^^^^^^
  test/ui/ui_test_utils.dart:117:5: Error: Method not found: 'City'.
      City(id: 1, name: 'New York', countryId: 1),
      ^^^^
  test/ui/ui_test_utils.dart:118:5: Error: Method not found: 'City'.
      City(id: 2, name: 'Los Angeles', countryId: 1),
      ^^^^
  test/ui/ui_test_utils.dart:119:5: Error: Method not found: 'City'.
      City(id: 3, name: 'Toronto', countryId: 2),
      ^^^^
  test/ui/ui_test_utils.dart:123:5: Error: Method not found: 'ReferenceDataItem'.
      ReferenceDataItem(id: 1, name: 'Male'),
      ^^^^^^^^^^^^^^^^^
  test/ui/ui_test_utils.dart:124:5: Error: Method not found: 'ReferenceDataItem'.
      ReferenceDataItem(id: 2, name: 'Female'),
      ^^^^^^^^^^^^^^^^^
  test/ui/ui_test_utils.dart:125:5: Error: Method not found: 'ReferenceDataItem'.
      ReferenceDataItem(id: 3, name: 'Non-binary'),
      ^^^^^^^^^^^^^^^^^
  test/ui/ui_test_utils.dart:129:5: Error: Method not found: 'ReferenceDataItem'.
      ReferenceDataItem(id: 1, name: 'Music'),
      ^^^^^^^^^^^^^^^^^
  test/ui/ui_test_utils.dart:130:5: Error: Method not found: 'ReferenceDataItem'.
      ReferenceDataItem(id: 2, name: 'Sports'),
      ^^^^^^^^^^^^^^^^^
  test/ui/ui_test_utils.dart:131:5: Error: Method not found: 'ReferenceDataItem'.
      ReferenceDataItem(id: 3, name: 'Travel'),
      ^^^^^^^^^^^^^^^^^
  test/ui/ui_test_utils.dart:132:5: Error: Method not found: 'ReferenceDataItem'.
      ReferenceDataItem(id: 4, name: 'Photography'),
      ^^^^^^^^^^^^^^^^^
  test/ui/ui_test_utils.dart:136:5: Error: Method not found: 'ReferenceDataItem'.
      ReferenceDataItem(id: 1, name: 'Female'),
      ^^^^^^^^^^^^^^^^^
  test/ui/ui_test_utils.dart:137:5: Error: Method not found: 'ReferenceDataItem'.
      ReferenceDataItem(id: 2, name: 'Non-binary'),
      ^^^^^^^^^^^^^^^^^
  test/ui/ui_test_utils.dart:145:5: Error: 'AppStateProvider' isn't a type.
      AppStateProvider? appStateProvider,
      ^^^^^^^^^^^^^^^^
  test/ui/ui_test_utils.dart:146:5: Error: 'ProfileStateProvider' isn't a type.
      ProfileStateProvider? profileStateProvider,
      ^^^^^^^^^^^^^^^^^^^^
  test/ui/ui_test_utils.dart:147:5: Error: 'MatchingStateProvider' isn't a type.
      MatchingStateProvider? matchingStateProvider,
      ^^^^^^^^^^^^^^^^^^^^^
  test/ui/ui_test_utils.dart:148:5: Error: 'ChatStateProvider' isn't a type.
      ChatStateProvider? chatStateProvider,
      ^^^^^^^^^^^^^^^^^
  test/ui/ui_test_utils.dart:153:44: Error: 'AppStateProvider' isn't a type.
        providers.add(ChangeNotifierProvider<AppStateProvider>.value(value: appStateProvider));
                                             ^^^^^^^^^^^^^^^^
  test/ui/ui_test_utils.dart:157:44: Error: 'ProfileStateProvider' isn't a type.
        providers.add(ChangeNotifierProvider<ProfileStateProvider>.value(value: profileStateProvider));
                                             ^^^^^^^^^^^^^^^^^^^^
  test/ui/ui_test_utils.dart:161:44: Error: 'MatchingStateProvider' isn't a type.
        providers.add(ChangeNotifierProvider<MatchingStateProvider>.value(value: matchingStateProvider));
                                             ^^^^^^^^^^^^^^^^^^^^^
  test/ui/ui_test_utils.dart:165:44: Error: 'ChatStateProvider' isn't a type.
        providers.add(ChangeNotifierProvider<ChatStateProvider>.value(value: chatStateProvider));
                                             ^^^^^^^^^^^^^^^^^
  test/ui/ui_test_utils.dart:178:41: Error: 'AppStateProvider' isn't a type.
    static void setupMockAppStateProvider(AppStateProvider mockProvider) {
                                          ^^^^^^^^^^^^^^^^
  test/ui/ui_test_utils.dart:187:60: Error: The getter 'countryId' isn't defined for the type 'Object?'.
   - 'Object' is from 'dart:core'.
  Try correcting the name to the name of an existing getter, or defining a getter or field named 'countryId'.
        1: MockReferenceData.mockCities.where((city) => city.countryId == 1).toList(),
                                                             ^^^^^^^^^
  test/ui/ui_test_utils.dart:188:60: Error: The getter 'countryId' isn't defined for the type 'Object?'.
   - 'Object' is from 'dart:core'.
  Try correcting the name to the name of an existing getter, or defining a getter or field named 'countryId'.
        2: MockReferenceData.mockCities.where((city) => city.countryId == 2).toList(),
                                                             ^^^^^^^^^
  test/ui/ui_test_utils.dart:192:45: Error: 'ProfileStateProvider' isn't a type.
    static void setupMockProfileStateProvider(ProfileStateProvider mockProvider) {
                                              ^^^^^^^^^^^^^^^^^^^^
  test/ui/ui_test_utils.dart:198:46: Error: 'MatchingStateProvider' isn't a type.
    static void setupMockMatchingStateProvider(MatchingStateProvider mockProvider) {
                                               ^^^^^^^^^^^^^^^^^^^^^
  test/ui/ui_test_utils.dart:205:42: Error: 'ChatStateProvider' isn't a type.
    static void setupMockChatStateProvider(ChatStateProvider mockProvider) {
                                           ^^^^^^^^^^^^^^^^^
  test/ui/ui_test_utils.dart:241:26: Error: 'DatePicker' isn't a type.
      while (tester.widget<DatePicker>(find.byType(DatePicker)).initialDate.year != date.year) {
                           ^^^^^^^^^^
  test/ui/ui_test_utils.dart:241:50: Error: Undefined name 'DatePicker'.
      while (tester.widget<DatePicker>(find.byType(DatePicker)).initialDate.year != date.year) {
                                                   ^^^^^^^^^^
  test/ui/ui_test_utils.dart:242:25: Error: 'DatePicker' isn't a type.
        if (tester.widget<DatePicker>(find.byType(DatePicker)).initialDate.year < date.year) {
                          ^^^^^^^^^^
  test/ui/ui_test_utils.dart:242:49: Error: Undefined name 'DatePicker'.
        if (tester.widget<DatePicker>(find.byType(DatePicker)).initialDate.year < date.year) {
                                                  ^^^^^^^^^^
  test/ui/ui_test_utils.dart:251:26: Error: 'DatePicker' isn't a type.
      while (tester.widget<DatePicker>(find.byType(DatePicker)).initialDate.month != date.month) {
                           ^^^^^^^^^^
  test/ui/ui_test_utils.dart:251:50: Error: Undefined name 'DatePicker'.
      while (tester.widget<DatePicker>(find.byType(DatePicker)).initialDate.month != date.month) {
                                                   ^^^^^^^^^^
  test/ui/ui_test_utils.dart:252:25: Error: 'DatePicker' isn't a type.
        if (tester.widget<DatePicker>(find.byType(DatePicker)).initialDate.month < date.month) {
                          ^^^^^^^^^^
  test/ui/ui_test_utils.dart:252:49: Error: Undefined name 'DatePicker'.
        if (tester.widget<DatePicker>(find.byType(DatePicker)).initialDate.month < date.month) {
                                                  ^^^^^^^^^^
  test/ui/ui_test_utils.dart:284:11: Error: Method not found: 'TimeoutException'.
      throw TimeoutException('Widget not found within timeout', timeout);
            ^^^^^^^^^^^^^^^^
  test/mocks/mock_chat_api_service.dart:7:39: Error: 'MessageRequest' isn't a type.
    Future<MessageResponse> sendMessage(MessageRequest request) async {
                                        ^^^^^^^^^^^^^^
  test/mocks/mock_chat_api_service.dart:10:20: Error: The method 'MessageResponse' isn't defined for the type 'MockChatApiService'.
   - 'MockChatApiService' is from 'test/mocks/mock_chat_api_service.dart'.
  Try correcting the name to the name of an existing method, or defining a method named 'MessageResponse'.
        returnValue: MessageResponse(
                     ^^^^^^^^^^^^^^^
  test/mocks/mock_chat_api_service.dart:13:15: Error: The method 'MessageData' isn't defined for the type 'MockChatApiService'.
   - 'MockChatApiService' is from 'test/mocks/mock_chat_api_service.dart'.
  Try correcting the name to the name of an existing method, or defining a method named 'MessageData'.
          data: MessageData(
                ^^^^^^^^^^^
  test/mocks/mock_chat_api_service.dart:27:46: Error: 'ChatHistoryRequest' isn't a type.
    Future<ChatHistoryResponse> getChatHistory(ChatHistoryRequest request) async {
                                               ^^^^^^^^^^^^^^^^^^
  test/mocks/mock_chat_api_service.dart:30:20: Error: The method 'ChatHistoryResponse' isn't defined for the type 'MockChatApiService'.
   - 'MockChatApiService' is from 'test/mocks/mock_chat_api_service.dart'.
  Try correcting the name to the name of an existing method, or defining a method named 'ChatHistoryResponse'.
        returnValue: ChatHistoryResponse(
                     ^^^^^^^^^^^^^^^^^^^
  test/mocks/mock_chat_api_service.dart:32:15: Error: The method 'ChatHistoryResponseData' isn't defined for the type 'MockChatApiService'.
   - 'MockChatApiService' is from 'test/mocks/mock_chat_api_service.dart'.
  Try correcting the name to the name of an existing method, or defining a method named 'ChatHistoryResponseData'.
          data: ChatHistoryResponseData(
                ^^^^^^^^^^^^^^^^^^^^^^^
  test/mocks/mock_chat_api_service.dart:34:23: Error: The method 'PaginationData' isn't defined for the type 'MockChatApiService'.
   - 'MockChatApiService' is from 'test/mocks/mock_chat_api_service.dart'.
  Try correcting the name to the name of an existing method, or defining a method named 'PaginationData'.
            pagination: PaginationData(
                        ^^^^^^^^^^^^^^
  test/mocks/mock_chat_api_service.dart:46:35: Error: 'MarkMessagesAsReadRequest' isn't a type.
    Future<void> markMessagesAsRead(MarkMessagesAsReadRequest request) async {
                                    ^^^^^^^^^^^^^^^^^^^^^^^^^
  test/mocks/mock_chat_api_service.dart:54:30: Error: 'DeleteMessageRequest' isn't a type.
    Future<void> deleteMessage(DeleteMessageRequest request) async {
                               ^^^^^^^^^^^^^^^^^^^^
  test/mocks/mock_chat_api_service.dart:62:39: Error: 'EditMessageRequest' isn't a type.
    Future<MessageResponse> editMessage(EditMessageRequest request) async {
                                        ^^^^^^^^^^^^^^^^^^
  test/mocks/mock_chat_api_service.dart:65:20: Error: The method 'MessageResponse' isn't defined for the type 'MockChatApiService'.
   - 'MockChatApiService' is from 'test/mocks/mock_chat_api_service.dart'.
  Try correcting the name to the name of an existing method, or defining a method named 'MessageResponse'.
        returnValue: MessageResponse(
                     ^^^^^^^^^^^^^^^
  test/mocks/mock_chat_api_service.dart:68:15: Error: The method 'MessageData' isn't defined for the type 'MockChatApiService'.
   - 'MockChatApiService' is from 'test/mocks/mock_chat_api_service.dart'.
  Try correcting the name to the name of an existing method, or defining a method named 'MessageData'.
          data: MessageData(
                ^^^^^^^^^^^
  test/mocks/mock_chat_api_service.dart:73:24: Error: The getter 'MessageType' isn't defined for the type 'MockChatApiService'.
   - 'MockChatApiService' is from 'test/mocks/mock_chat_api_service.dart'.
  Try correcting the name to the name of an existing getter, or defining a getter or field named 'MessageType'.
            messageType: MessageType.text,
                         ^^^^^^^^^^^
  test/mocks/mock_matching_api_service.dart:7:33: Error: 'LikeRequest' isn't a type.
    Future<LikeResponse> likeUser(LikeRequest request) async {
                                  ^^^^^^^^^^^
  test/mocks/mock_matching_api_service.dart:10:20: Error: The method 'LikeResponse' isn't defined for the type 'MockMatchingApiService'.
   - 'MockMatchingApiService' is from 'test/mocks/mock_matching_api_service.dart'.
  Try correcting the name to the name of an existing method, or defining a method named 'LikeResponse'.
        returnValue: LikeResponse(
                     ^^^^^^^^^^^^
  test/mocks/mock_matching_api_service.dart:13:15: Error: The method 'LikeResponseData' isn't defined for the type 'MockMatchingApiService'.
   - 'MockMatchingApiService' is from 'test/mocks/mock_matching_api_service.dart'.
  Try correcting the name to the name of an existing method, or defining a method named 'LikeResponseData'.
          data: LikeResponseData(
                ^^^^^^^^^^^^^^^^
  test/mocks/mock_matching_api_service.dart:24:38: Error: 'LikeRequest' isn't a type.
    Future<LikeResponse> superLikeUser(LikeRequest request) async {
                                       ^^^^^^^^^^^
  test/mocks/mock_matching_api_service.dart:27:20: Error: The method 'LikeResponse' isn't defined for the type 'MockMatchingApiService'.
   - 'MockMatchingApiService' is from 'test/mocks/mock_matching_api_service.dart'.
  Try correcting the name to the name of an existing method, or defining a method named 'LikeResponse'.
        returnValue: LikeResponse(
                     ^^^^^^^^^^^^
  test/mocks/mock_matching_api_service.dart:30:15: Error: The method 'LikeResponseData' isn't defined for the type 'MockMatchingApiService'.
   - 'MockMatchingApiService' is from 'test/mocks/mock_matching_api_service.dart'.
  Try correcting the name to the name of an existing method, or defining a method named 'LikeResponseData'.
          data: LikeResponseData(
                ^^^^^^^^^^^^^^^^
  test/mocks/mock_matching_api_service.dart:41:25: Error: 'PassRequest' isn't a type.
    Future<void> passUser(PassRequest request) async {
                          ^^^^^^^^^^^
  test/mocks/mock_matching_api_service.dart:49:38: Error: 'MatchesRequest' isn't a type.
    Future<MatchesResponse> getMatches(MatchesRequest request) async {
                                       ^^^^^^^^^^^^^^
  test/mocks/mock_matching_api_service.dart:52:20: Error: The method 'MatchesResponse' isn't defined for the type 'MockMatchingApiService'.
   - 'MockMatchingApiService' is from 'test/mocks/mock_matching_api_service.dart'.
  Try correcting the name to the name of an existing method, or defining a method named 'MatchesResponse'.
        returnValue: MatchesResponse(
                     ^^^^^^^^^^^^^^^
  test/mocks/mock_matching_api_service.dart:54:15: Error: The method 'MatchesResponseData' isn't defined for the type 'MockMatchingApiService'.
   - 'MockMatchingApiService' is from 'test/mocks/mock_matching_api_service.dart'.
  Try correcting the name to the name of an existing method, or defining a method named 'MatchesResponseData'.
          data: MatchesResponseData(
                ^^^^^^^^^^^^^^^^^^^
  test/mocks/mock_matching_api_service.dart:56:23: Error: The method 'PaginationData' isn't defined for the type 'MockMatchingApiService'.
   - 'MockMatchingApiService' is from 'test/mocks/mock_matching_api_service.dart'.
  Try correcting the name to the name of an existing method, or defining a method named 'PaginationData'.
            pagination: PaginationData(
                        ^^^^^^^^^^^^^^
  test/mocks/mock_matching_api_service.dart:68:56: Error: 'PotentialMatchesRequest' isn't a type.
    Future<PotentialMatchesResponse> getPotentialMatches(PotentialMatchesRequest request) async {
                                                         ^^^^^^^^^^^^^^^^^^^^^^^
  test/mocks/mock_matching_api_service.dart:71:20: Error: The method 'PotentialMatchesResponse' isn't defined for the type 'MockMatchingApiService'.
   - 'MockMatchingApiService' is from 'test/mocks/mock_matching_api_service.dart'.
  Try correcting the name to the name of an existing method, or defining a method named 'PotentialMatchesResponse'.
        returnValue: PotentialMatchesResponse(
                     ^^^^^^^^^^^^^^^^^^^^^^^^
  test/mocks/mock_matching_api_service.dart:73:15: Error: The method 'PotentialMatchesResponseData' isn't defined for the type 'MockMatchingApiService'.
   - 'MockMatchingApiService' is from 'test/mocks/mock_matching_api_service.dart'.
  Try correcting the name to the name of an existing method, or defining a method named 'PotentialMatchesResponseData'.
          data: PotentialMatchesResponseData(
                ^^^^^^^^^^^^^^^^^^^^^^^^^^^^
  test/mocks/mock_matching_api_service.dart:75:23: Error: The method 'PaginationData' isn't defined for the type 'MockMatchingApiService'.
   - 'MockMatchingApiService' is from 'test/mocks/mock_matching_api_service.dart'.
  Try correcting the name to the name of an existing method, or defining a method named 'PaginationData'.
            pagination: PaginationData(
                        ^^^^^^^^^^^^^^
  .
00:00 +0 -22: loading E:/1 - laravel/1 - LGBTinder/LGBTinder-flutter/test/api/api_integration_test.dart [E]
  Error: The Dart compiler exited unexpectedly.
  package:flutter_tools/src/base/common.dart 34:3  throwToolExit
  package:flutter_tools/src/compile.dart 910:11    DefaultResidentCompiler._compile.<fn>
  dart:async/zone.dart 1538:47                     _rootRunUnary
  dart:async/zone.dart 1429:19                     _CustomZone.runUnary
  dart:async/future_impl.dart 948:45               Future._propagateToListeners.handleValueCallback
  dart:async/future_impl.dart 977:13               Future._propagateToListeners
  dart:async/future_impl.dart 862:9                Future._propagateToListeners
  dart:async/future_impl.dart 720:5                Future._completeWithValue
  dart:async/future_impl.dart 804:7                Future._asyncCompleteWithValue.<fn>
  dart:async/zone.dart 1525:13                     _rootRun
  dart:async/zone.dart 1422:19                     _CustomZone.run
  dart:async/zone.dart 1321:7                      _CustomZone.runGuarded
  dart:async/zone.dart 1362:23                     _CustomZone.bindCallbackGuarded.<fn>
  dart:async/schedule_microtask.dart 40:35         _microtaskLoop
  dart:async/schedule_microtask.dart 49:5          _startMicrotaskLoop
  dart:isolate-patch/isolate_patch.dart 127:13     _runPendingImmediateCallback
  dart:isolate-patch/isolate_patch.dart 194:5      _RawReceivePort._handleMessage
  
Error: Couldn't resolve the package 'lgbtinder' in 'package:lgbtinder/pages/discovery_page.dart'.
Error: Couldn't resolve the package 'lgbtinder' in 'package:lgbtinder/providers/matching_state_provider.dart'.
Error: Couldn't resolve the package 'lgbtinder' in 'package:lgbtinder/services/api_services/matching_api_service.dart'.
Error: Couldn't resolve the package 'lgbtinder' in 'package:lgbtinder/models/api_models/user_models.dart'.
Error: Couldn't resolve the package 'lgbtinder' in 'package:lgbtinder/models/api_models/matching_models.dart'.
test/ui/matching_screens_test.dart:5:8: Error: Not found: 'package:lgbtinder/pages/discovery_page.dart'
import 'package:lgbtinder/pages/discovery_page.dart';
       ^
test/ui/matching_screens_test.dart:6:8: Error: Not found: 'package:lgbtinder/providers/matching_state_provider.dart'
import 'package:lgbtinder/providers/matching_state_provider.dart';
       ^
test/ui/matching_screens_test.dart:7:8: Error: Not found: 
'package:lgbtinder/services/api_services/matching_api_service.dart'
import 'package:lgbtinder/services/api_services/matching_api_service.dart';
       ^
test/ui/matching_screens_test.dart:8:8: Error: Not found: 'package:lgbtinder/models/api_models/user_models.dart'
import 'package:lgbtinder/models/api_models/user_models.dart';
       ^
test/ui/matching_screens_test.dart:9:8: Error: Not found: 'package:lgbtinder/models/api_models/matching_models.dart'
import 'package:lgbtinder/models/api_models/matching_models.dart';
       ^
Error: Couldn't resolve the package 'lgbtinder' in 'package:lgbtinder/providers/app_state_provider.dart'.
Error: Couldn't resolve the package 'lgbtinder' in 'package:lgbtinder/providers/profile_state_provider.dart'.
test/ui/ui_test_utils.dart:7:8: Error: Not found: 'package:lgbtinder/providers/matching_state_provider.dart'
import 'package:lgbtinder/providers/matching_state_provider.dart';
       ^
Error: Couldn't resolve the package 'lgbtinder' in 'package:lgbtinder/providers/chat_state_provider.dart'.
test/ui/ui_test_utils.dart:9:8: Error: Not found: 'package:lgbtinder/models/api_models/user_models.dart'
import 'package:lgbtinder/models/api_models/user_models.dart';
       ^
Error: Couldn't resolve the package 'lgbtinder' in 'package:lgbtinder/models/api_models/chat_models.dart'.
Error: Couldn't resolve the package 'lgbtinder' in 'package:lgbtinder/models/api_models/reference_data_models.dart'.
Error: Couldn't resolve the package 'lgbtinder' in 'package:lgbtinder/models/user_state_models.dart'.
test/mocks/mock_matching_api_service.dart:2:8: Error: Not found: 
'package:lgbtinder/services/api_services/matching_api_service.dart'
import 'package:lgbtinder/services/api_services/matching_api_service.dart';
       ^
test/mocks/mock_matching_api_service.dart:3:8: Error: Not found: 
'package:lgbtinder/models/api_models/matching_models.dart'
import 'package:lgbtinder/models/api_models/matching_models.dart';
       ^
test/ui/ui_test_utils.dart:5:8: Error: Not found: 'package:lgbtinder/providers/app_state_provider.dart'
import 'package:lgbtinder/providers/app_state_provider.dart';
       ^
test/ui/ui_test_utils.dart:6:8: Error: Not found: 'package:lgbtinder/providers/profile_state_provider.dart'
import 'package:lgbtinder/providers/profile_state_provider.dart';
       ^
test/ui/ui_test_utils.dart:8:8: Error: Not found: 'package:lgbtinder/providers/chat_state_provider.dart'
import 'package:lgbtinder/providers/chat_state_provider.dart';
       ^
test/ui/ui_test_utils.dart:10:8: Error: Not found: 'package:lgbtinder/models/api_models/chat_models.dart'
import 'package:lgbtinder/models/api_models/chat_models.dart';
       ^
test/ui/ui_test_utils.dart:11:8: Error: Not found: 'package:lgbtinder/models/api_models/reference_data_models.dart'
import 'package:lgbtinder/models/api_models/reference_data_models.dart';
       ^
test/ui/ui_test_utils.dart:12:8: Error: Not found: 'package:lgbtinder/models/user_state_models.dart'
import 'package:lgbtinder/models/user_state_models.dart';
       ^
test/ui/ui_test_utils.dart:24:10: Error: Type 'User' not found.
  static User get mockUser => User(
         ^^^^
test/ui/ui_test_utils.dart:52:10: Error: Type 'User' not found.
  static User get mockUser2 => User(
         ^^^^
test/ui/ui_test_utils.dart:80:15: Error: Type 'User' not found.
  static List<User> get mockUsers => [mockUser, mockUser2];
              ^^^^
test/ui/ui_test_utils.dart:85:10: Error: Type 'MessageData' not found.
  static MessageData get mockMessage1 => MessageData(
         ^^^^^^^^^^^
test/ui/ui_test_utils.dart:95:10: Error: Type 'MessageData' not found.
  static MessageData get mockMessage2 => MessageData(
         ^^^^^^^^^^^
test/ui/ui_test_utils.dart:105:15: Error: Type 'MessageData' not found.
  static List<MessageData> get mockMessages => [mockMessage1, mockMessage2];
              ^^^^^^^^^^^
test/ui/ui_test_utils.dart:110:15: Error: Type 'Country' not found.
  static List<Country> get mockCountries => [
              ^^^^^^^
test/ui/ui_test_utils.dart:116:15: Error: Type 'City' not found.
  static List<City> get mockCities => [
              ^^^^
test/ui/ui_test_utils.dart:122:15: Error: Type 'ReferenceDataItem' not found.
  static List<ReferenceDataItem> get mockGenders => [
              ^^^^^^^^^^^^^^^^^
test/ui/ui_test_utils.dart:128:15: Error: Type 'ReferenceDataItem' not found.
  static List<ReferenceDataItem> get mockInterests => [
              ^^^^^^^^^^^^^^^^^
test/ui/ui_test_utils.dart:135:15: Error: Type 'ReferenceDataItem' not found.
  static List<ReferenceDataItem> get mockPreferredGenders => [
              ^^^^^^^^^^^^^^^^^
test/ui/ui_test_utils.dart:145:5: Error: Type 'AppStateProvider' not found.
    AppStateProvider? appStateProvider,
    ^^^^^^^^^^^^^^^^
test/ui/ui_test_utils.dart:146:5: Error: Type 'ProfileStateProvider' not found.
    ProfileStateProvider? profileStateProvider,
    ^^^^^^^^^^^^^^^^^^^^
test/ui/ui_test_utils.dart:147:5: Error: Type 'MatchingStateProvider' not found.
    MatchingStateProvider? matchingStateProvider,
    ^^^^^^^^^^^^^^^^^^^^^
test/ui/ui_test_utils.dart:148:5: Error: Type 'ChatStateProvider' not found.
    ChatStateProvider? chatStateProvider,
    ^^^^^^^^^^^^^^^^^
test/ui/ui_test_utils.dart:178:41: Error: Type 'AppStateProvider' not found.
  static void setupMockAppStateProvider(AppStateProvider mockProvider) {
                                        ^^^^^^^^^^^^^^^^
test/ui/ui_test_utils.dart:192:45: Error: Type 'ProfileStateProvider' not found.
  static void setupMockProfileStateProvider(ProfileStateProvider mockProvider) {
                                            ^^^^^^^^^^^^^^^^^^^^
test/ui/ui_test_utils.dart:198:46: Error: Type 'MatchingStateProvider' not found.
  static void setupMockMatchingStateProvider(MatchingStateProvider mockProvider) {
                                             ^^^^^^^^^^^^^^^^^^^^^
test/ui/ui_test_utils.dart:205:42: Error: Type 'ChatStateProvider' not found.
  static void setupMockChatStateProvider(ChatStateProvider mockProvider) {
                                         ^^^^^^^^^^^^^^^^^
test/mocks/mock_matching_api_service.dart:5:54: Error: Type 'MatchingApiService' not found.
class MockMatchingApiService extends Mock implements MatchingApiService {
                                                     ^^^^^^^^^^^^^^^^^^
test/mocks/mock_matching_api_service.dart:7:10: Error: Type 'LikeResponse' not found.
  Future<LikeResponse> likeUser(LikeRequest request) async {
         ^^^^^^^^^^^^
test/mocks/mock_matching_api_service.dart:7:33: Error: Type 'LikeRequest' not found.
  Future<LikeResponse> likeUser(LikeRequest request) async {
                                ^^^^^^^^^^^
test/mocks/mock_matching_api_service.dart:24:10: Error: Type 'LikeResponse' not found.
  Future<LikeResponse> superLikeUser(LikeRequest request) async {
         ^^^^^^^^^^^^
test/mocks/mock_matching_api_service.dart:24:38: Error: Type 'LikeRequest' not found.
  Future<LikeResponse> superLikeUser(LikeRequest request) async {
                                     ^^^^^^^^^^^
test/mocks/mock_matching_api_service.dart:41:25: Error: Type 'PassRequest' not found.
  Future<void> passUser(PassRequest request) async {
                        ^^^^^^^^^^^
test/mocks/mock_matching_api_service.dart:49:10: Error: Type 'MatchesResponse' not found.
  Future<MatchesResponse> getMatches(MatchesRequest request) async {
         ^^^^^^^^^^^^^^^
test/mocks/mock_matching_api_service.dart:49:38: Error: Type 'MatchesRequest' not found.
  Future<MatchesResponse> getMatches(MatchesRequest request) async {
                                     ^^^^^^^^^^^^^^
test/mocks/mock_matching_api_service.dart:68:10: Error: Type 'PotentialMatchesResponse' not found.
  Future<PotentialMatchesResponse> getPotentialMatches(PotentialMatchesRequest request) async {
         ^^^^^^^^^^^^^^^^^^^^^^^^
test/mocks/mock_matching_api_service.dart:68:56: Error: Type 'PotentialMatchesRequest' not found.
  Future<PotentialMatchesResponse> getPotentialMatches(PotentialMatchesRequest request) async {
                                                       ^^^^^^^^^^^^^^^^^^^^^^^
test/ui/matching_screens_test.dart:14:40: Error: Undefined name 'MatchingApiService'.
@GenerateMocks([MatchingStateProvider, MatchingApiService])
                                       ^^^^^^^^^^^^^^^^^^
test/ui/matching_screens_test.dart:14:17: Error: Undefined name 'MatchingStateProvider'.
@GenerateMocks([MatchingStateProvider, MatchingApiService])
                ^^^^^^^^^^^^^^^^^^^^^
/C:/Users/Abolfazl/AppData/Local/Temp/flutter_tools.3bbc4712/flutter_test_listener.adbdf992/listener.dart:21:21: 
Error: Undefined name 'main'.
  await Future(test.main);
                    ^^^^
test/ui/matching_screens_test.dart:17:10: Error: 'MockMatchingStateProvider' isn't a type.
    late MockMatchingStateProvider mockMatchingStateProvider;
         ^^^^^^^^^^^^^^^^^^^^^^^^^
test/ui/matching_screens_test.dart:20:35: Error: Method not found: 'MockMatchingStateProvider'.
      mockMatchingStateProvider = MockMatchingStateProvider();
                                  ^^^^^^^^^^^^^^^^^^^^^^^^^
test/ui/matching_screens_test.dart:29:26: Error: Couldn't find constructor 'DiscoveryPage'.
            child: const DiscoveryPage(),
                         ^^^^^^^^^^^^^
test/ui/matching_screens_test.dart:46:26: Error: Couldn't find constructor 'DiscoveryPage'.
            child: const DiscoveryPage(),
                         ^^^^^^^^^^^^^
test/ui/matching_screens_test.dart:61:26: Error: Couldn't find constructor 'DiscoveryPage'.
            child: const DiscoveryPage(),
                         ^^^^^^^^^^^^^
test/ui/matching_screens_test.dart:78:26: Error: Couldn't find constructor 'DiscoveryPage'.
            child: const DiscoveryPage(),
                         ^^^^^^^^^^^^^
test/ui/matching_screens_test.dart:88:79: Error: Method not found: 'MatchResult'.
        when(mockMatchingStateProvider.likeUser(any)).thenAnswer((_) async => MatchResult(isMatch: true));
                                                                              ^^^^^^^^^^^
test/ui/matching_screens_test.dart:93:26: Error: Couldn't find constructor 'DiscoveryPage'.
            child: const DiscoveryPage(),
                         ^^^^^^^^^^^^^
test/ui/matching_screens_test.dart:106:84: Error: Method not found: 'MatchResult'.
        when(mockMatchingStateProvider.superLikeUser(any)).thenAnswer((_) async => MatchResult(isMatch: true));
                                                                                   ^^^^^^^^^^^
test/ui/matching_screens_test.dart:111:26: Error: Couldn't find constructor 'DiscoveryPage'.
            child: const DiscoveryPage(),
                         ^^^^^^^^^^^^^
test/ui/matching_screens_test.dart:129:26: Error: Couldn't find constructor 'DiscoveryPage'.
            child: const DiscoveryPage(),
                         ^^^^^^^^^^^^^
test/ui/matching_screens_test.dart:142:79: Error: Method not found: 'MatchResult'.
        when(mockMatchingStateProvider.likeUser(any)).thenAnswer((_) async => MatchResult(isMatch: true));
                                                                              ^^^^^^^^^^^
test/ui/matching_screens_test.dart:147:26: Error: Couldn't find constructor 'DiscoveryPage'.
            child: const DiscoveryPage(),
                         ^^^^^^^^^^^^^
test/ui/matching_screens_test.dart:163:79: Error: Method not found: 'MatchResult'.
        when(mockMatchingStateProvider.likeUser(any)).thenAnswer((_) async => MatchResult(isMatch: true));
                                                                              ^^^^^^^^^^^
test/ui/matching_screens_test.dart:168:26: Error: Couldn't find constructor 'DiscoveryPage'.
            child: const DiscoveryPage(),
                         ^^^^^^^^^^^^^
test/ui/matching_screens_test.dart:186:79: Error: Method not found: 'MatchResult'.
        when(mockMatchingStateProvider.likeUser(any)).thenAnswer((_) async => MatchResult(isMatch: true));
                                                                              ^^^^^^^^^^^
test/ui/matching_screens_test.dart:191:26: Error: Couldn't find constructor 'DiscoveryPage'.
            child: const DiscoveryPage(),
                         ^^^^^^^^^^^^^
test/ui/matching_screens_test.dart:211:26: Error: Couldn't find constructor 'DiscoveryPage'.
            child: const DiscoveryPage(),
                         ^^^^^^^^^^^^^
test/ui/matching_screens_test.dart:234:26: Error: Couldn't find constructor 'DiscoveryPage'.
            child: const DiscoveryPage(),
                         ^^^^^^^^^^^^^
test/ui/matching_screens_test.dart:252:26: Error: Couldn't find constructor 'DiscoveryPage'.
            child: const DiscoveryPage(),
                         ^^^^^^^^^^^^^
test/ui/matching_screens_test.dart:261:79: Error: Method not found: 'MatchResult'.
        when(mockMatchingStateProvider.likeUser(any)).thenAnswer((_) async => MatchResult(isMatch: false));
                                                                              ^^^^^^^^^^^
test/ui/matching_screens_test.dart:267:26: Error: Couldn't find constructor 'DiscoveryPage'.
            child: const DiscoveryPage(),
                         ^^^^^^^^^^^^^
test/ui/matching_screens_test.dart:287:84: Error: Method not found: 'MatchResult'.
        when(mockMatchingStateProvider.superLikeUser(any)).thenAnswer((_) async => MatchResult(isMatch: false));
                                                                                   ^^^^^^^^^^^
test/ui/matching_screens_test.dart:292:26: Error: Couldn't find constructor 'DiscoveryPage'.
            child: const DiscoveryPage(),
                         ^^^^^^^^^^^^^
test/ui/matching_screens_test.dart:308:26: Error: Couldn't find constructor 'DiscoveryPage'.
            child: const DiscoveryPage(),
                         ^^^^^^^^^^^^^
test/ui/matching_screens_test.dart:321:26: Error: Couldn't find constructor 'DiscoveryPage'.
            child: const DiscoveryPage(),
                         ^^^^^^^^^^^^^
test/ui/matching_screens_test.dart:337:26: Error: Couldn't find constructor 'DiscoveryPage'.
            child: const DiscoveryPage(),
                         ^^^^^^^^^^^^^
test/ui/matching_screens_test.dart:359:26: Error: Couldn't find constructor 'DiscoveryPage'.
            child: const DiscoveryPage(),
                         ^^^^^^^^^^^^^
test/ui/ui_test_utils.dart:24:31: Error: Method not found: 'User'.
  static User get mockUser => User(
                              ^^^^
test/ui/ui_test_utils.dart:52:32: Error: Method not found: 'User'.
  static User get mockUser2 => User(
                               ^^^^
test/ui/ui_test_utils.dart:90:18: Error: Undefined name 'MessageType'.
    messageType: MessageType.text,
                 ^^^^^^^^^^^
test/ui/ui_test_utils.dart:85:42: Error: Method not found: 'MessageData'.
  static MessageData get mockMessage1 => MessageData(
                                         ^^^^^^^^^^^
test/ui/ui_test_utils.dart:100:18: Error: Undefined name 'MessageType'.
    messageType: MessageType.text,
                 ^^^^^^^^^^^
test/ui/ui_test_utils.dart:95:42: Error: Method not found: 'MessageData'.
  static MessageData get mockMessage2 => MessageData(
                                         ^^^^^^^^^^^
test/ui/ui_test_utils.dart:111:5: Error: Method not found: 'Country'.
    Country(id: 1, name: 'United States', code: 'US'),
    ^^^^^^^
test/ui/ui_test_utils.dart:112:5: Error: Method not found: 'Country'.
    Country(id: 2, name: 'Canada', code: 'CA'),
    ^^^^^^^
test/ui/ui_test_utils.dart:113:5: Error: Method not found: 'Country'.
    Country(id: 3, name: 'United Kingdom', code: 'GB'),
    ^^^^^^^
test/ui/ui_test_utils.dart:117:5: Error: Method not found: 'City'.
    City(id: 1, name: 'New York', countryId: 1),
    ^^^^
test/ui/ui_test_utils.dart:118:5: Error: Method not found: 'City'.
    City(id: 2, name: 'Los Angeles', countryId: 1),
    ^^^^
test/ui/ui_test_utils.dart:119:5: Error: Method not found: 'City'.
    City(id: 3, name: 'Toronto', countryId: 2),
    ^^^^
test/ui/ui_test_utils.dart:123:5: Error: Method not found: 'ReferenceDataItem'.
    ReferenceDataItem(id: 1, name: 'Male'),
    ^^^^^^^^^^^^^^^^^
test/ui/ui_test_utils.dart:124:5: Error: Method not found: 'ReferenceDataItem'.
    ReferenceDataItem(id: 2, name: 'Female'),
    ^^^^^^^^^^^^^^^^^
test/ui/ui_test_utils.dart:125:5: Error: Method not found: 'ReferenceDataItem'.
    ReferenceDataItem(id: 3, name: 'Non-binary'),
    ^^^^^^^^^^^^^^^^^
test/ui/ui_test_utils.dart:129:5: Error: Method not found: 'ReferenceDataItem'.
    ReferenceDataItem(id: 1, name: 'Music'),
    ^^^^^^^^^^^^^^^^^
test/ui/ui_test_utils.dart:130:5: Error: Method not found: 'ReferenceDataItem'.
    ReferenceDataItem(id: 2, name: 'Sports'),
    ^^^^^^^^^^^^^^^^^
test/ui/ui_test_utils.dart:131:5: Error: Method not found: 'ReferenceDataItem'.
    ReferenceDataItem(id: 3, name: 'Travel'),
    ^^^^^^^^^^^^^^^^^
test/ui/ui_test_utils.dart:132:5: Error: Method not found: 'ReferenceDataItem'.
    ReferenceDataItem(id: 4, name: 'Photography'),
    ^^^^^^^^^^^^^^^^^
test/ui/ui_test_utils.dart:136:5: Error: Method not found: 'ReferenceDataItem'.
    ReferenceDataItem(id: 1, name: 'Female'),
    ^^^^^^^^^^^^^^^^^
test/ui/ui_test_utils.dart:137:5: Error: Method not found: 'ReferenceDataItem'.
    ReferenceDataItem(id: 2, name: 'Non-binary'),
    ^^^^^^^^^^^^^^^^^
test/ui/ui_test_utils.dart:145:5: Error: 'AppStateProvider' isn't a type.
    AppStateProvider? appStateProvider,
    ^^^^^^^^^^^^^^^^
test/ui/ui_test_utils.dart:146:5: Error: 'ProfileStateProvider' isn't a type.
    ProfileStateProvider? profileStateProvider,
    ^^^^^^^^^^^^^^^^^^^^
test/ui/ui_test_utils.dart:147:5: Error: 'MatchingStateProvider' isn't a type.
    MatchingStateProvider? matchingStateProvider,
    ^^^^^^^^^^^^^^^^^^^^^
test/ui/ui_test_utils.dart:148:5: Error: 'ChatStateProvider' isn't a type.
    ChatStateProvider? chatStateProvider,
    ^^^^^^^^^^^^^^^^^
test/ui/ui_test_utils.dart:153:44: Error: 'AppStateProvider' isn't a type.
      providers.add(ChangeNotifierProvider<AppStateProvider>.value(value: appStateProvider));
                                           ^^^^^^^^^^^^^^^^
test/ui/ui_test_utils.dart:157:44: Error: 'ProfileStateProvider' isn't a type.
      providers.add(ChangeNotifierProvider<ProfileStateProvider>.value(value: profileStateProvider));
                                           ^^^^^^^^^^^^^^^^^^^^
test/ui/ui_test_utils.dart:161:44: Error: 'MatchingStateProvider' isn't a type.
      providers.add(ChangeNotifierProvider<MatchingStateProvider>.value(value: matchingStateProvider));
                                           ^^^^^^^^^^^^^^^^^^^^^
test/ui/ui_test_utils.dart:165:44: Error: 'ChatStateProvider' isn't a type.
      providers.add(ChangeNotifierProvider<ChatStateProvider>.value(value: chatStateProvider));
                                           ^^^^^^^^^^^^^^^^^
test/ui/ui_test_utils.dart:178:41: Error: 'AppStateProvider' isn't a type.
  static void setupMockAppStateProvider(AppStateProvider mockProvider) {
                                        ^^^^^^^^^^^^^^^^
test/ui/ui_test_utils.dart:187:60: Error: The getter 'countryId' isn't defined for the type 'Object?'.
 - 'Object' is from 'dart:core'.
Try correcting the name to the name of an existing getter, or defining a getter or field named 'countryId'.
      1: MockReferenceData.mockCities.where((city) => city.countryId == 1).toList(),
                                                           ^^^^^^^^^
test/ui/ui_test_utils.dart:188:60: Error: The getter 'countryId' isn't defined for the type 'Object?'.
 - 'Object' is from 'dart:core'.
Try correcting the name to the name of an existing getter, or defining a getter or field named 'countryId'.
      2: MockReferenceData.mockCities.where((city) => city.countryId == 2).toList(),
                                                           ^^^^^^^^^
test/ui/ui_test_utils.dart:192:45: Error: 'ProfileStateProvider' isn't a type.
  static void setupMockProfileStateProvider(ProfileStateProvider mockProvider) {
                                            ^^^^^^^^^^^^^^^^^^^^
test/ui/ui_test_utils.dart:198:46: Error: 'MatchingStateProvider' isn't a type.
  static void setupMockMatchingStateProvider(MatchingStateProvider mockProvider) {
                                             ^^^^^^^^^^^^^^^^^^^^^
test/ui/ui_test_utils.dart:205:42: Error: 'ChatStateProvider' isn't a type.
  static void setupMockChatStateProvider(ChatStateProvider mockProvider) {
                                         ^^^^^^^^^^^^^^^^^
test/ui/ui_test_utils.dart:241:26: Error: 'DatePicker' isn't a type.
    while (tester.widget<DatePicker>(find.byType(DatePicker)).initialDate.year != date.year) {
                         ^^^^^^^^^^
test/ui/ui_test_utils.dart:241:50: Error: Undefined name 'DatePicker'.
    while (tester.widget<DatePicker>(find.byType(DatePicker)).initialDate.year != date.year) {
                                                 ^^^^^^^^^^
test/ui/ui_test_utils.dart:242:25: Error: 'DatePicker' isn't a type.
      if (tester.widget<DatePicker>(find.byType(DatePicker)).initialDate.year < date.year) {
                        ^^^^^^^^^^
test/ui/ui_test_utils.dart:242:49: Error: Undefined name 'DatePicker'.
      if (tester.widget<DatePicker>(find.byType(DatePicker)).initialDate.year < date.year) {
                                                ^^^^^^^^^^
test/ui/ui_test_utils.dart:251:26: Error: 'DatePicker' isn't a type.
    while (tester.widget<DatePicker>(find.byType(DatePicker)).initialDate.month != date.month) {
                         ^^^^^^^^^^
test/ui/ui_test_utils.dart:251:50: Error: Undefined name 'DatePicker'.
    while (tester.widget<DatePicker>(find.byType(DatePicker)).initialDate.month != date.month) {
                                                 ^^^^^^^^^^
test/ui/ui_test_utils.dart:252:25: Error: 'DatePicker' isn't a type.
      if (tester.widget<DatePicker>(find.byType(DatePicker)).initialDate.month < date.month) {
                        ^^^^^^^^^^
test/ui/ui_test_utils.dart:252:49: Error: Undefined name 'DatePicker'.
      if (tester.widget<DatePicker>(find.byType(DatePicker)).initialDate.month < date.month) {
                                                ^^^^^^^^^^
test/ui/ui_test_utils.dart:284:11: Error: Method not found: 'TimeoutException'.
    throw TimeoutException('Widget not found within timeout', timeout);
          ^^^^^^^^^^^^^^^^
test/mocks/mock_matching_api_service.dart:7:33: Error: 'LikeRequest' isn't a type.
  Future<LikeResponse> likeUser(LikeRequest request) async {
                                ^^^^^^^^^^^
test/mocks/mock_matching_api_service.dart:10:20: Error: The method 'LikeResponse' isn't defined for the type 
'MockMatchingApiService'.
 - 'MockMatchingApiService' is from 'test/mocks/mock_matching_api_service.dart'.
Try correcting the name to the name of an existing method, or defining a method named 'LikeResponse'.
      returnValue: LikeResponse(
                   ^^^^^^^^^^^^
test/mocks/mock_matching_api_service.dart:13:15: Error: The method 'LikeResponseData' isn't defined for the type 
'MockMatchingApiService'.
 - 'MockMatchingApiService' is from 'test/mocks/mock_matching_api_service.dart'.
Try correcting the name to the name of an existing method, or defining a method named 'LikeResponseData'.
        data: LikeResponseData(
              ^^^^^^^^^^^^^^^^
test/mocks/mock_matching_api_service.dart:24:38: Error: 'LikeRequest' isn't a type.
  Future<LikeResponse> superLikeUser(LikeRequest request) async {
                                     ^^^^^^^^^^^
test/mocks/mock_matching_api_service.dart:27:20: Error: The method 'LikeResponse' isn't defined for the type 
'MockMatchingApiService'.
 - 'MockMatchingApiService' is from 'test/mocks/mock_matching_api_service.dart'.
Try correcting the name to the name of an existing method, or defining a method named 'LikeResponse'.
      returnValue: LikeResponse(
                   ^^^^^^^^^^^^
test/mocks/mock_matching_api_service.dart:30:15: Error: The method 'LikeResponseData' isn't defined for the type 
'MockMatchingApiService'.
 - 'MockMatchingApiService' is from 'test/mocks/mock_matching_api_service.dart'.
Try correcting the name to the name of an existing method, or defining a method named 'LikeResponseData'.
        data: LikeResponseData(
              ^^^^^^^^^^^^^^^^
test/mocks/mock_matching_api_service.dart:41:25: Error: 'PassRequest' isn't a type.
  Future<void> passUser(PassRequest request) async {
                        ^^^^^^^^^^^
test/mocks/mock_matching_api_service.dart:49:38: Error: 'MatchesRequest' isn't a type.
  Future<MatchesResponse> getMatches(MatchesRequest request) async {
                                     ^^^^^^^^^^^^^^
test/mocks/mock_matching_api_service.dart:52:20: Error: The method 'MatchesResponse' isn't defined for the type 
'MockMatchingApiService'.
 - 'MockMatchingApiService' is from 'test/mocks/mock_matching_api_service.dart'.
Try correcting the name to the name of an existing method, or defining a method named 'MatchesResponse'.
      returnValue: MatchesResponse(
                   ^^^^^^^^^^^^^^^
test/mocks/mock_matching_api_service.dart:54:15: Error: The method 'MatchesResponseData' isn't defined for the type 
'MockMatchingApiService'.
 - 'MockMatchingApiService' is from 'test/mocks/mock_matching_api_service.dart'.
Try correcting the name to the name of an existing method, or defining a method named 'MatchesResponseData'.
        data: MatchesResponseData(
              ^^^^^^^^^^^^^^^^^^^
test/mocks/mock_matching_api_service.dart:56:23: Error: The method 'PaginationData' isn't defined for the type 
'MockMatchingApiService'.
 - 'MockMatchingApiService' is from 'test/mocks/mock_matching_api_service.dart'.
Try correcting the name to the name of an existing method, or defining a method named 'PaginationData'.
          pagination: PaginationData(
                      ^^^^^^^^^^^^^^
test/mocks/mock_matching_api_service.dart:68:56: Error: 'PotentialMatchesRequest' isn't a type.
  Future<PotentialMatchesResponse> getPotentialMatches(PotentialMatchesRequest request) async {
                                                       ^^^^^^^^^^^^^^^^^^^^^^^
test/mocks/mock_matching_api_service.dart:71:20: Error: The method 'PotentialMatchesResponse' isn't defined for the 
type 'MockMatchingApiService'.
 - 'MockMatchingApiService' is from 'test/mocks/mock_matching_api_service.dart'.
Try correcting the name to the name of an existing method, or defining a method named 'PotentialMatchesResponse'.
      returnValue: PotentialMatchesResponse(
                   ^^^^^^^^^^^^^^^^^^^^^^^^
test/mocks/mock_matching_api_service.dart:73:15: Error: The method 'PotentialMatchesResponseData' isn't defined for 
the type 'MockMatchingApiService'.
 - 'MockMatchingApiService' is from 'test/mocks/mock_matching_api_service.dart'.
Try correcting the name to the name of an existing method, or defining a method named 'PotentialMatchesResponseData'.
        data: PotentialMatchesResponseData(
              ^^^^^^^^^^^^^^^^^^^^^^^^^^^^
test/mocks/mock_matching_api_service.dart:75:23: Error: The method 'PaginationData' isn't defined for the type 
'MockMatchingApiService'.
 - 'MockMatchingApiService' is from 'test/mocks/mock_matching_api_service.dart'.
Try correcting the name to the name of an existing method, or defining a method named 'PaginationData'.
          pagination: PaginationData(
                      ^^^^^^^^^^^^^^
00:00 +0 -23: loading E:/1 - laravel/1 - LGBTinder/LGBTinder-flutter/test/ui/matching_screens_test.dart [E]
  Failed to load "E:/1 - laravel/1 - LGBTinder/LGBTinder-flutter/test/ui/matching_screens_test.dart":
  Compilation failed for testPath=E:/1 - laravel/1 - LGBTinder/LGBTinder-flutter/test/ui/matching_screens_test.dart: Error: Couldn't resolve the package 'lgbtinder' in 'package:lgbtinder/pages/discovery_page.dart'.
  Error: Couldn't resolve the package 'lgbtinder' in 'package:lgbtinder/providers/matching_state_provider.dart'.
  Error: Couldn't resolve the package 'lgbtinder' in 'package:lgbtinder/services/api_services/matching_api_service.dart'.
  Error: Couldn't resolve the package 'lgbtinder' in 'package:lgbtinder/models/api_models/user_models.dart'.
  Error: Couldn't resolve the package 'lgbtinder' in 'package:lgbtinder/models/api_models/matching_models.dart'.
  test/ui/matching_screens_test.dart:5:8: Error: Not found: 'package:lgbtinder/pages/discovery_page.dart'
  import 'package:lgbtinder/pages/discovery_page.dart';
         ^
  test/ui/matching_screens_test.dart:6:8: Error: Not found: 'package:lgbtinder/providers/matching_state_provider.dart'
  import 'package:lgbtinder/providers/matching_state_provider.dart';
         ^
  test/ui/matching_screens_test.dart:7:8: Error: Not found: 'package:lgbtinder/services/api_services/matching_api_service.dart'
  import 'package:lgbtinder/services/api_services/matching_api_service.dart';
         ^
  test/ui/matching_screens_test.dart:8:8: Error: Not found: 'package:lgbtinder/models/api_models/user_models.dart'
  import 'package:lgbtinder/models/api_models/user_models.dart';
         ^
  test/ui/matching_screens_test.dart:9:8: Error: Not found: 'package:lgbtinder/models/api_models/matching_models.dart'
  import 'package:lgbtinder/models/api_models/matching_models.dart';
         ^
  Error: Couldn't resolve the package 'lgbtinder' in 'package:lgbtinder/providers/app_state_provider.dart'.
  Error: Couldn't resolve the package 'lgbtinder' in 'package:lgbtinder/providers/profile_state_provider.dart'.
  test/ui/ui_test_utils.dart:7:8: Error: Not found: 'package:lgbtinder/providers/matching_state_provider.dart'
  import 'package:lgbtinder/providers/matching_state_provider.dart';
         ^
  Error: Couldn't resolve the package 'lgbtinder' in 'package:lgbtinder/providers/chat_state_provider.dart'.
  test/ui/ui_test_utils.dart:9:8: Error: Not found: 'package:lgbtinder/models/api_models/user_models.dart'
  import 'package:lgbtinder/models/api_models/user_models.dart';
         ^
  Error: Couldn't resolve the package 'lgbtinder' in 'package:lgbtinder/models/api_models/chat_models.dart'.
  Error: Couldn't resolve the package 'lgbtinder' in 'package:lgbtinder/models/api_models/reference_data_models.dart'.
  Error: Couldn't resolve the package 'lgbtinder' in 'package:lgbtinder/models/user_state_models.dart'.
  test/mocks/mock_matching_api_service.dart:2:8: Error: Not found: 'package:lgbtinder/services/api_services/matching_api_service.dart'
  import 'package:lgbtinder/services/api_services/matching_api_service.dart';
         ^
  test/mocks/mock_matching_api_service.dart:3:8: Error: Not found: 'package:lgbtinder/models/api_models/matching_models.dart'
  import 'package:lgbtinder/models/api_models/matching_models.dart';
         ^
  test/ui/ui_test_utils.dart:5:8: Error: Not found: 'package:lgbtinder/providers/app_state_provider.dart'
  import 'package:lgbtinder/providers/app_state_provider.dart';
         ^
  test/ui/ui_test_utils.dart:6:8: Error: Not found: 'package:lgbtinder/providers/profile_state_provider.dart'
  import 'package:lgbtinder/providers/profile_state_provider.dart';
         ^
  test/ui/ui_test_utils.dart:8:8: Error: Not found: 'package:lgbtinder/providers/chat_state_provider.dart'
  import 'package:lgbtinder/providers/chat_state_provider.dart';
         ^
  test/ui/ui_test_utils.dart:10:8: Error: Not found: 'package:lgbtinder/models/api_models/chat_models.dart'
  import 'package:lgbtinder/models/api_models/chat_models.dart';
         ^
  test/ui/ui_test_utils.dart:11:8: Error: Not found: 'package:lgbtinder/models/api_models/reference_data_models.dart'
  import 'package:lgbtinder/models/api_models/reference_data_models.dart';
         ^
  test/ui/ui_test_utils.dart:12:8: Error: Not found: 'package:lgbtinder/models/user_state_models.dart'
  import 'package:lgbtinder/models/user_state_models.dart';
         ^
  test/ui/ui_test_utils.dart:24:10: Error: Type 'User' not found.
    static User get mockUser => User(
           ^^^^
  test/ui/ui_test_utils.dart:52:10: Error: Type 'User' not found.
    static User get mockUser2 => User(
           ^^^^
  test/ui/ui_test_utils.dart:80:15: Error: Type 'User' not found.
    static List<User> get mockUsers => [mockUser, mockUser2];
                ^^^^
  test/ui/ui_test_utils.dart:85:10: Error: Type 'MessageData' not found.
    static MessageData get mockMessage1 => MessageData(
           ^^^^^^^^^^^
  test/ui/ui_test_utils.dart:95:10: Error: Type 'MessageData' not found.
    static MessageData get mockMessage2 => MessageData(
           ^^^^^^^^^^^
  test/ui/ui_test_utils.dart:105:15: Error: Type 'MessageData' not found.
    static List<MessageData> get mockMessages => [mockMessage1, mockMessage2];
                ^^^^^^^^^^^
  test/ui/ui_test_utils.dart:110:15: Error: Type 'Country' not found.
    static List<Country> get mockCountries => [
                ^^^^^^^
  test/ui/ui_test_utils.dart:116:15: Error: Type 'City' not found.
    static List<City> get mockCities => [
                ^^^^
  test/ui/ui_test_utils.dart:122:15: Error: Type 'ReferenceDataItem' not found.
    static List<ReferenceDataItem> get mockGenders => [
                ^^^^^^^^^^^^^^^^^
  test/ui/ui_test_utils.dart:128:15: Error: Type 'ReferenceDataItem' not found.
    static List<ReferenceDataItem> get mockInterests => [
                ^^^^^^^^^^^^^^^^^
  test/ui/ui_test_utils.dart:135:15: Error: Type 'ReferenceDataItem' not found.
    static List<ReferenceDataItem> get mockPreferredGenders => [
                ^^^^^^^^^^^^^^^^^
  test/ui/ui_test_utils.dart:145:5: Error: Type 'AppStateProvider' not found.
      AppStateProvider? appStateProvider,
      ^^^^^^^^^^^^^^^^
  test/ui/ui_test_utils.dart:146:5: Error: Type 'ProfileStateProvider' not found.
      ProfileStateProvider? profileStateProvider,
      ^^^^^^^^^^^^^^^^^^^^
  test/ui/ui_test_utils.dart:147:5: Error: Type 'MatchingStateProvider' not found.
      MatchingStateProvider? matchingStateProvider,
      ^^^^^^^^^^^^^^^^^^^^^
  test/ui/ui_test_utils.dart:148:5: Error: Type 'ChatStateProvider' not found.
      ChatStateProvider? chatStateProvider,
      ^^^^^^^^^^^^^^^^^
  test/ui/ui_test_utils.dart:178:41: Error: Type 'AppStateProvider' not found.
    static void setupMockAppStateProvider(AppStateProvider mockProvider) {
                                          ^^^^^^^^^^^^^^^^
  test/ui/ui_test_utils.dart:192:45: Error: Type 'ProfileStateProvider' not found.
    static void setupMockProfileStateProvider(ProfileStateProvider mockProvider) {
                                              ^^^^^^^^^^^^^^^^^^^^
  test/ui/ui_test_utils.dart:198:46: Error: Type 'MatchingStateProvider' not found.
    static void setupMockMatchingStateProvider(MatchingStateProvider mockProvider) {
                                               ^^^^^^^^^^^^^^^^^^^^^
  test/ui/ui_test_utils.dart:205:42: Error: Type 'ChatStateProvider' not found.
    static void setupMockChatStateProvider(ChatStateProvider mockProvider) {
                                           ^^^^^^^^^^^^^^^^^
  test/mocks/mock_matching_api_service.dart:5:54: Error: Type 'MatchingApiService' not found.
  class MockMatchingApiService extends Mock implements MatchingApiService {
                                                       ^^^^^^^^^^^^^^^^^^
  test/mocks/mock_matching_api_service.dart:7:10: Error: Type 'LikeResponse' not found.
    Future<LikeResponse> likeUser(LikeRequest request) async {
           ^^^^^^^^^^^^
  test/mocks/mock_matching_api_service.dart:7:33: Error: Type 'LikeRequest' not found.
    Future<LikeResponse> likeUser(LikeRequest request) async {
                                  ^^^^^^^^^^^
  test/mocks/mock_matching_api_service.dart:24:10: Error: Type 'LikeResponse' not found.
    Future<LikeResponse> superLikeUser(LikeRequest request) async {
           ^^^^^^^^^^^^
  test/mocks/mock_matching_api_service.dart:24:38: Error: Type 'LikeRequest' not found.
    Future<LikeResponse> superLikeUser(LikeRequest request) async {
                                       ^^^^^^^^^^^
  test/mocks/mock_matching_api_service.dart:41:25: Error: Type 'PassRequest' not found.
    Future<void> passUser(PassRequest request) async {
                          ^^^^^^^^^^^
  test/mocks/mock_matching_api_service.dart:49:10: Error: Type 'MatchesResponse' not found.
    Future<MatchesResponse> getMatches(MatchesRequest request) async {
           ^^^^^^^^^^^^^^^
  test/mocks/mock_matching_api_service.dart:49:38: Error: Type 'MatchesRequest' not found.
    Future<MatchesResponse> getMatches(MatchesRequest request) async {
                                       ^^^^^^^^^^^^^^
  test/mocks/mock_matching_api_service.dart:68:10: Error: Type 'PotentialMatchesResponse' not found.
    Future<PotentialMatchesResponse> getPotentialMatches(PotentialMatchesRequest request) async {
           ^^^^^^^^^^^^^^^^^^^^^^^^
  test/mocks/mock_matching_api_service.dart:68:56: Error: Type 'PotentialMatchesRequest' not found.
    Future<PotentialMatchesResponse> getPotentialMatches(PotentialMatchesRequest request) async {
                                                         ^^^^^^^^^^^^^^^^^^^^^^^
  test/ui/matching_screens_test.dart:14:40: Error: Undefined name 'MatchingApiService'.
  @GenerateMocks([MatchingStateProvider, MatchingApiService])
                                         ^^^^^^^^^^^^^^^^^^
  test/ui/matching_screens_test.dart:14:17: Error: Undefined name 'MatchingStateProvider'.
  @GenerateMocks([MatchingStateProvider, MatchingApiService])
                  ^^^^^^^^^^^^^^^^^^^^^
  /C:/Users/Abolfazl/AppData/Local/Temp/flutter_tools.3bbc4712/flutter_test_listener.adbdf992/listener.dart:21:21: Error: Undefined name 'main'.
    await Future(test.main);
                      ^^^^
  test/ui/matching_screens_test.dart:17:10: Error: 'MockMatchingStateProvider' isn't a type.
      late MockMatchingStateProvider mockMatchingStateProvider;
           ^^^^^^^^^^^^^^^^^^^^^^^^^
  test/ui/matching_screens_test.dart:20:35: Error: Method not found: 'MockMatchingStateProvider'.
        mockMatchingStateProvider = MockMatchingStateProvider();
                                    ^^^^^^^^^^^^^^^^^^^^^^^^^
  test/ui/matching_screens_test.dart:29:26: Error: Couldn't find constructor 'DiscoveryPage'.
              child: const DiscoveryPage(),
                           ^^^^^^^^^^^^^
  test/ui/matching_screens_test.dart:46:26: Error: Couldn't find constructor 'DiscoveryPage'.
              child: const DiscoveryPage(),
                           ^^^^^^^^^^^^^
  test/ui/matching_screens_test.dart:61:26: Error: Couldn't find constructor 'DiscoveryPage'.
              child: const DiscoveryPage(),
                           ^^^^^^^^^^^^^
  test/ui/matching_screens_test.dart:78:26: Error: Couldn't find constructor 'DiscoveryPage'.
              child: const DiscoveryPage(),
                           ^^^^^^^^^^^^^
  test/ui/matching_screens_test.dart:88:79: Error: Method not found: 'MatchResult'.
          when(mockMatchingStateProvider.likeUser(any)).thenAnswer((_) async => MatchResult(isMatch: true));
                                                                                ^^^^^^^^^^^
  test/ui/matching_screens_test.dart:93:26: Error: Couldn't find constructor 'DiscoveryPage'.
              child: const DiscoveryPage(),
                           ^^^^^^^^^^^^^
  test/ui/matching_screens_test.dart:106:84: Error: Method not found: 'MatchResult'.
          when(mockMatchingStateProvider.superLikeUser(any)).thenAnswer((_) async => MatchResult(isMatch: true));
                                                                                     ^^^^^^^^^^^
  test/ui/matching_screens_test.dart:111:26: Error: Couldn't find constructor 'DiscoveryPage'.
              child: const DiscoveryPage(),
                           ^^^^^^^^^^^^^
  test/ui/matching_screens_test.dart:129:26: Error: Couldn't find constructor 'DiscoveryPage'.
              child: const DiscoveryPage(),
                           ^^^^^^^^^^^^^
  test/ui/matching_screens_test.dart:142:79: Error: Method not found: 'MatchResult'.
          when(mockMatchingStateProvider.likeUser(any)).thenAnswer((_) async => MatchResult(isMatch: true));
                                                                                ^^^^^^^^^^^
  test/ui/matching_screens_test.dart:147:26: Error: Couldn't find constructor 'DiscoveryPage'.
              child: const DiscoveryPage(),
                           ^^^^^^^^^^^^^
  test/ui/matching_screens_test.dart:163:79: Error: Method not found: 'MatchResult'.
          when(mockMatchingStateProvider.likeUser(any)).thenAnswer((_) async => MatchResult(isMatch: true));
                                                                                ^^^^^^^^^^^
  test/ui/matching_screens_test.dart:168:26: Error: Couldn't find constructor 'DiscoveryPage'.
              child: const DiscoveryPage(),
                           ^^^^^^^^^^^^^
  test/ui/matching_screens_test.dart:186:79: Error: Method not found: 'MatchResult'.
          when(mockMatchingStateProvider.likeUser(any)).thenAnswer((_) async => MatchResult(isMatch: true));
                                                                                ^^^^^^^^^^^
  test/ui/matching_screens_test.dart:191:26: Error: Couldn't find constructor 'DiscoveryPage'.
              child: const DiscoveryPage(),
                           ^^^^^^^^^^^^^
  test/ui/matching_screens_test.dart:211:26: Error: Couldn't find constructor 'DiscoveryPage'.
              child: const DiscoveryPage(),
                           ^^^^^^^^^^^^^
  test/ui/matching_screens_test.dart:234:26: Error: Couldn't find constructor 'DiscoveryPage'.
              child: const DiscoveryPage(),
                           ^^^^^^^^^^^^^
  test/ui/matching_screens_test.dart:252:26: Error: Couldn't find constructor 'DiscoveryPage'.
              child: const DiscoveryPage(),
                           ^^^^^^^^^^^^^
  test/ui/matching_screens_test.dart:261:79: Error: Method not found: 'MatchResult'.
          when(mockMatchingStateProvider.likeUser(any)).thenAnswer((_) async => MatchResult(isMatch: false));
                                                                                ^^^^^^^^^^^
  test/ui/matching_screens_test.dart:267:26: Error: Couldn't find constructor 'DiscoveryPage'.
              child: const DiscoveryPage(),
                           ^^^^^^^^^^^^^
  test/ui/matching_screens_test.dart:287:84: Error: Method not found: 'MatchResult'.
          when(mockMatchingStateProvider.superLikeUser(any)).thenAnswer((_) async => MatchResult(isMatch: false));
                                                                                     ^^^^^^^^^^^
  test/ui/matching_screens_test.dart:292:26: Error: Couldn't find constructor 'DiscoveryPage'.
              child: const DiscoveryPage(),
                           ^^^^^^^^^^^^^
  test/ui/matching_screens_test.dart:308:26: Error: Couldn't find constructor 'DiscoveryPage'.
              child: const DiscoveryPage(),
                           ^^^^^^^^^^^^^
  test/ui/matching_screens_test.dart:321:26: Error: Couldn't find constructor 'DiscoveryPage'.
              child: const DiscoveryPage(),
                           ^^^^^^^^^^^^^
  test/ui/matching_screens_test.dart:337:26: Error: Couldn't find constructor 'DiscoveryPage'.
              child: const DiscoveryPage(),
                           ^^^^^^^^^^^^^
  test/ui/matching_screens_test.dart:359:26: Error: Couldn't find constructor 'DiscoveryPage'.
              child: const DiscoveryPage(),
                           ^^^^^^^^^^^^^
  test/ui/ui_test_utils.dart:24:31: Error: Method not found: 'User'.
    static User get mockUser => User(
                                ^^^^
  test/ui/ui_test_utils.dart:52:32: Error: Method not found: 'User'.
    static User get mockUser2 => User(
                                 ^^^^
  test/ui/ui_test_utils.dart:90:18: Error: Undefined name 'MessageType'.
      messageType: MessageType.text,
                   ^^^^^^^^^^^
  test/ui/ui_test_utils.dart:85:42: Error: Method not found: 'MessageData'.
    static MessageData get mockMessage1 => MessageData(
                                           ^^^^^^^^^^^
  test/ui/ui_test_utils.dart:100:18: Error: Undefined name 'MessageType'.
      messageType: MessageType.text,
                   ^^^^^^^^^^^
  test/ui/ui_test_utils.dart:95:42: Error: Method not found: 'MessageData'.
    static MessageData get mockMessage2 => MessageData(
                                           ^^^^^^^^^^^
  test/ui/ui_test_utils.dart:111:5: Error: Method not found: 'Country'.
      Country(id: 1, name: 'United States', code: 'US'),
      ^^^^^^^
  test/ui/ui_test_utils.dart:112:5: Error: Method not found: 'Country'.
      Country(id: 2, name: 'Canada', code: 'CA'),
      ^^^^^^^
  test/ui/ui_test_utils.dart:113:5: Error: Method not found: 'Country'.
      Country(id: 3, name: 'United Kingdom', code: 'GB'),
      ^^^^^^^
  test/ui/ui_test_utils.dart:117:5: Error: Method not found: 'City'.
      City(id: 1, name: 'New York', countryId: 1),
      ^^^^
  test/ui/ui_test_utils.dart:118:5: Error: Method not found: 'City'.
      City(id: 2, name: 'Los Angeles', countryId: 1),
      ^^^^
  test/ui/ui_test_utils.dart:119:5: Error: Method not found: 'City'.
      City(id: 3, name: 'Toronto', countryId: 2),
      ^^^^
  test/ui/ui_test_utils.dart:123:5: Error: Method not found: 'ReferenceDataItem'.
      ReferenceDataItem(id: 1, name: 'Male'),
      ^^^^^^^^^^^^^^^^^
  test/ui/ui_test_utils.dart:124:5: Error: Method not found: 'ReferenceDataItem'.
      ReferenceDataItem(id: 2, name: 'Female'),
      ^^^^^^^^^^^^^^^^^
  test/ui/ui_test_utils.dart:125:5: Error: Method not found: 'ReferenceDataItem'.
      ReferenceDataItem(id: 3, name: 'Non-binary'),
      ^^^^^^^^^^^^^^^^^
  test/ui/ui_test_utils.dart:129:5: Error: Method not found: 'ReferenceDataItem'.
      ReferenceDataItem(id: 1, name: 'Music'),
      ^^^^^^^^^^^^^^^^^
  test/ui/ui_test_utils.dart:130:5: Error: Method not found: 'ReferenceDataItem'.
      ReferenceDataItem(id: 2, name: 'Sports'),
      ^^^^^^^^^^^^^^^^^
  test/ui/ui_test_utils.dart:131:5: Error: Method not found: 'ReferenceDataItem'.
      ReferenceDataItem(id: 3, name: 'Travel'),
      ^^^^^^^^^^^^^^^^^
  test/ui/ui_test_utils.dart:132:5: Error: Method not found: 'ReferenceDataItem'.
      ReferenceDataItem(id: 4, name: 'Photography'),
      ^^^^^^^^^^^^^^^^^
  test/ui/ui_test_utils.dart:136:5: Error: Method not found: 'ReferenceDataItem'.
      ReferenceDataItem(id: 1, name: 'Female'),
      ^^^^^^^^^^^^^^^^^
  test/ui/ui_test_utils.dart:137:5: Error: Method not found: 'ReferenceDataItem'.
      ReferenceDataItem(id: 2, name: 'Non-binary'),
      ^^^^^^^^^^^^^^^^^
  test/ui/ui_test_utils.dart:145:5: Error: 'AppStateProvider' isn't a type.
      AppStateProvider? appStateProvider,
      ^^^^^^^^^^^^^^^^
  test/ui/ui_test_utils.dart:146:5: Error: 'ProfileStateProvider' isn't a type.
      ProfileStateProvider? profileStateProvider,
      ^^^^^^^^^^^^^^^^^^^^
  test/ui/ui_test_utils.dart:147:5: Error: 'MatchingStateProvider' isn't a type.
      MatchingStateProvider? matchingStateProvider,
      ^^^^^^^^^^^^^^^^^^^^^
  test/ui/ui_test_utils.dart:148:5: Error: 'ChatStateProvider' isn't a type.
      ChatStateProvider? chatStateProvider,
      ^^^^^^^^^^^^^^^^^
  test/ui/ui_test_utils.dart:153:44: Error: 'AppStateProvider' isn't a type.
        providers.add(ChangeNotifierProvider<AppStateProvider>.value(value: appStateProvider));
                                             ^^^^^^^^^^^^^^^^
  test/ui/ui_test_utils.dart:157:44: Error: 'ProfileStateProvider' isn't a type.
        providers.add(ChangeNotifierProvider<ProfileStateProvider>.value(value: profileStateProvider));
                                             ^^^^^^^^^^^^^^^^^^^^
  test/ui/ui_test_utils.dart:161:44: Error: 'MatchingStateProvider' isn't a type.
        providers.add(ChangeNotifierProvider<MatchingStateProvider>.value(value: matchingStateProvider));
                                             ^^^^^^^^^^^^^^^^^^^^^
  test/ui/ui_test_utils.dart:165:44: Error: 'ChatStateProvider' isn't a type.
        providers.add(ChangeNotifierProvider<ChatStateProvider>.value(value: chatStateProvider));
                                             ^^^^^^^^^^^^^^^^^
  test/ui/ui_test_utils.dart:178:41: Error: 'AppStateProvider' isn't a type.
    static void setupMockAppStateProvider(AppStateProvider mockProvider) {
                                          ^^^^^^^^^^^^^^^^
  test/ui/ui_test_utils.dart:187:60: Error: The getter 'countryId' isn't defined for the type 'Object?'.
   - 'Object' is from 'dart:core'.
  Try correcting the name to the name of an existing getter, or defining a getter or field named 'countryId'.
        1: MockReferenceData.mockCities.where((city) => city.countryId == 1).toList(),
                                                             ^^^^^^^^^
  test/ui/ui_test_utils.dart:188:60: Error: The getter 'countryId' isn't defined for the type 'Object?'.
   - 'Object' is from 'dart:core'.
  Try correcting the name to the name of an existing getter, or defining a getter or field named 'countryId'.
        2: MockReferenceData.mockCities.where((city) => city.countryId == 2).toList(),
                                                             ^^^^^^^^^
  test/ui/ui_test_utils.dart:192:45: Error: 'ProfileStateProvider' isn't a type.
    static void setupMockProfileStateProvider(ProfileStateProvider mockProvider) {
                                              ^^^^^^^^^^^^^^^^^^^^
  test/ui/ui_test_utils.dart:198:46: Error: 'MatchingStateProvider' isn't a type.
    static void setupMockMatchingStateProvider(MatchingStateProvider mockProvider) {
                                               ^^^^^^^^^^^^^^^^^^^^^
  test/ui/ui_test_utils.dart:205:42: Error: 'ChatStateProvider' isn't a type.
    static void setupMockChatStateProvider(ChatStateProvider mockProvider) {
                                           ^^^^^^^^^^^^^^^^^
  test/ui/ui_test_utils.dart:241:26: Error: 'DatePicker' isn't a type.
      while (tester.widget<DatePicker>(find.byType(DatePicker)).initialDate.year != date.year) {
                           ^^^^^^^^^^
  test/ui/ui_test_utils.dart:241:50: Error: Undefined name 'DatePicker'.
      while (tester.widget<DatePicker>(find.byType(DatePicker)).initialDate.year != date.year) {
                                                   ^^^^^^^^^^
  test/ui/ui_test_utils.dart:242:25: Error: 'DatePicker' isn't a type.
        if (tester.widget<DatePicker>(find.byType(DatePicker)).initialDate.year < date.year) {
                          ^^^^^^^^^^
  test/ui/ui_test_utils.dart:242:49: Error: Undefined name 'DatePicker'.
        if (tester.widget<DatePicker>(find.byType(DatePicker)).initialDate.year < date.year) {
                                                  ^^^^^^^^^^
  test/ui/ui_test_utils.dart:251:26: Error: 'DatePicker' isn't a type.
      while (tester.widget<DatePicker>(find.byType(DatePicker)).initialDate.month != date.month) {
                           ^^^^^^^^^^
  test/ui/ui_test_utils.dart:251:50: Error: Undefined name 'DatePicker'.
      while (tester.widget<DatePicker>(find.byType(DatePicker)).initialDate.month != date.month) {
                                                   ^^^^^^^^^^
  test/ui/ui_test_utils.dart:252:25: Error: 'DatePicker' isn't a type.
        if (tester.widget<DatePicker>(find.byType(DatePicker)).initialDate.month < date.month) {
                          ^^^^^^^^^^
  test/ui/ui_test_utils.dart:252:49: Error: Undefined name 'DatePicker'.
        if (tester.widget<DatePicker>(find.byType(DatePicker)).initialDate.month < date.month) {
                                                  ^^^^^^^^^^
  test/ui/ui_test_utils.dart:284:11: Error: Method not found: 'TimeoutException'.
      throw TimeoutException('Widget not found within timeout', timeout);
            ^^^^^^^^^^^^^^^^
  test/mocks/mock_matching_api_service.dart:7:33: Error: 'LikeRequest' isn't a type.
    Future<LikeResponse> likeUser(LikeRequest request) async {
                                  ^^^^^^^^^^^
  test/mocks/mock_matching_api_service.dart:10:20: Error: The method 'LikeResponse' isn't defined for the type 'MockMatchingApiService'.
   - 'MockMatchingApiService' is from 'test/mocks/mock_matching_api_service.dart'.
  Try correcting the name to the name of an existing method, or defining a method named 'LikeResponse'.
        returnValue: LikeResponse(
                     ^^^^^^^^^^^^
  test/mocks/mock_matching_api_service.dart:13:15: Error: The method 'LikeResponseData' isn't defined for the type 'MockMatchingApiService'.
   - 'MockMatchingApiService' is from 'test/mocks/mock_matching_api_service.dart'.
  Try correcting the name to the name of an existing method, or defining a method named 'LikeResponseData'.
          data: LikeResponseData(
                ^^^^^^^^^^^^^^^^
  test/mocks/mock_matching_api_service.dart:24:38: Error: 'LikeRequest' isn't a type.
    Future<LikeResponse> superLikeUser(LikeRequest request) async {
                                       ^^^^^^^^^^^
  test/mocks/mock_matching_api_service.dart:27:20: Error: The method 'LikeResponse' isn't defined for the type 'MockMatchingApiService'.
   - 'MockMatchingApiService' is from 'test/mocks/mock_matching_api_service.dart'.
  Try correcting the name to the name of an existing method, or defining a method named 'LikeResponse'.
        returnValue: LikeResponse(
                     ^^^^^^^^^^^^
  test/mocks/mock_matching_api_service.dart:30:15: Error: The method 'LikeResponseData' isn't defined for the type 'MockMatchingApiService'.
   - 'MockMatchingApiService' is from 'test/mocks/mock_matching_api_service.dart'.
  Try correcting the name to the name of an existing method, or defining a method named 'LikeResponseData'.
          data: LikeResponseData(
                ^^^^^^^^^^^^^^^^
  test/mocks/mock_matching_api_service.dart:41:25: Error: 'PassRequest' isn't a type.
    Future<void> passUser(PassRequest request) async {
                          ^^^^^^^^^^^
  test/mocks/mock_matching_api_service.dart:49:38: Error: 'MatchesRequest' isn't a type.
    Future<MatchesResponse> getMatches(MatchesRequest request) async {
                                       ^^^^^^^^^^^^^^
  test/mocks/mock_matching_api_service.dart:52:20: Error: The method 'MatchesResponse' isn't defined for the type 'MockMatchingApiService'.
   - 'MockMatchingApiService' is from 'test/mocks/mock_matching_api_service.dart'.
  Try correcting the name to the name of an existing method, or defining a method named 'MatchesResponse'.
        returnValue: MatchesResponse(
                     ^^^^^^^^^^^^^^^
  test/mocks/mock_matching_api_service.dart:54:15: Error: The method 'MatchesResponseData' isn't defined for the type 'MockMatchingApiService'.
   - 'MockMatchingApiService' is from 'test/mocks/mock_matching_api_service.dart'.
  Try correcting the name to the name of an existing method, or defining a method named 'MatchesResponseData'.
          data: MatchesResponseData(
                ^^^^^^^^^^^^^^^^^^^
  test/mocks/mock_matching_api_service.dart:56:23: Error: The method 'PaginationData' isn't defined for the type 'MockMatchingApiService'.
   - 'MockMatchingApiService' is from 'test/mocks/mock_matching_api_service.dart'.
  Try correcting the name to the name of an existing method, or defining a method named 'PaginationData'.
            pagination: PaginationData(
                        ^^^^^^^^^^^^^^
  test/mocks/mock_matching_api_service.dart:68:56: Error: 'PotentialMatchesRequest' isn't a type.
    Future<PotentialMatchesResponse> getPotentialMatches(PotentialMatchesRequest request) async {
                                                         ^^^^^^^^^^^^^^^^^^^^^^^
  test/mocks/mock_matching_api_service.dart:71:20: Error: The method 'PotentialMatchesResponse' isn't defined for the type 'MockMatchingApiService'.
   - 'MockMatchingApiService' is from 'test/mocks/mock_matching_api_service.dart'.
  Try correcting the name to the name of an existing method, or defining a method named 'PotentialMatchesResponse'.
        returnValue: PotentialMatchesResponse(
                     ^^^^^^^^^^^^^^^^^^^^^^^^
  test/mocks/mock_matching_api_service.dart:73:15: Error: The method 'PotentialMatchesResponseData' isn't defined for the type 'MockMatchingApiService'.
   - 'MockMatchingApiService' is from 'test/mocks/mock_matching_api_service.dart'.
  Try correcting the name to the name of an existing method, or defining a method named 'PotentialMatchesResponseData'.
          data: PotentialMatchesResponseData(
                ^^^^^^^^^^^^^^^^^^^^^^^^^^^^
  test/mocks/mock_matching_api_service.dart:75:23: Error: The method 'PaginationData' isn't defined for the type 'MockMatchingApiService'.
   - 'MockMatchingApiService' is from 'test/mocks/mock_matching_api_service.dart'.
  Try correcting the name to the name of an existing method, or defining a method named 'PaginationData'.
            pagination: PaginationData(
                        ^^^^^^^^^^^^^^
  .
00:00 +0 -23: loading E:/1 - laravel/1 - LGBTinder/LGBTinder-flutter/test/api/api_integration_test.dart [E]
  Error: The Dart compiler exited unexpectedly.
  package:flutter_tools/src/base/common.dart 34:3  throwToolExit
  package:flutter_tools/src/compile.dart 910:11    DefaultResidentCompiler._compile.<fn>
  dart:async/zone.dart 1538:47                     _rootRunUnary
  dart:async/zone.dart 1429:19                     _CustomZone.runUnary
  dart:async/future_impl.dart 948:45               Future._propagateToListeners.handleValueCallback
  dart:async/future_impl.dart 977:13               Future._propagateToListeners
  dart:async/future_impl.dart 862:9                Future._propagateToListeners
  dart:async/future_impl.dart 720:5                Future._completeWithValue
  dart:async/future_impl.dart 804:7                Future._asyncCompleteWithValue.<fn>
  dart:async/zone.dart 1525:13                     _rootRun
  dart:async/zone.dart 1422:19                     _CustomZone.run
  dart:async/zone.dart 1321:7                      _CustomZone.runGuarded
  dart:async/zone.dart 1362:23                     _CustomZone.bindCallbackGuarded.<fn>
  dart:async/schedule_microtask.dart 40:35         _microtaskLoop
  dart:async/schedule_microtask.dart 49:5          _startMicrotaskLoop
  dart:isolate-patch/isolate_patch.dart 127:13     _runPendingImmediateCallback
  dart:isolate-patch/isolate_patch.dart 194:5      _RawReceivePort._handleMessage
  
Error: Couldn't resolve the package 'lgbtinder' in 'package:lgbtinder/screens/auth/profile_completion_screen.dart'.
Error: Couldn't resolve the package 'lgbtinder' in 'package:lgbtinder/providers/app_state_provider.dart'.
Error: Couldn't resolve the package 'lgbtinder' in 
'package:lgbtinder/services/api_services/reference_data_api_service.dart'.
Error: Couldn't resolve the package 'lgbtinder' in 'package:lgbtinder/services/api_services/auth_api_service.dart'.
Error: Couldn't resolve the package 'lgbtinder' in 'package:lgbtinder/models/api_models/reference_data_models.dart'.
Error: Couldn't resolve the package 'lgbtinder' in 'package:lgbtinder/models/api_models/auth_models.dart'.
test/ui/profile_completion_test.dart:5:8: Error: Not found: 
'package:lgbtinder/screens/auth/profile_completion_screen.dart'
import 'package:lgbtinder/screens/auth/profile_completion_screen.dart';
       ^
test/ui/profile_completion_test.dart:6:8: Error: Not found: 'package:lgbtinder/providers/app_state_provider.dart'
import 'package:lgbtinder/providers/app_state_provider.dart';
       ^
test/ui/profile_completion_test.dart:7:8: Error: Not found: 
'package:lgbtinder/services/api_services/reference_data_api_service.dart'
import 'package:lgbtinder/services/api_services/reference_data_api_service.dart';
       ^
test/ui/profile_completion_test.dart:8:8: Error: Not found: 
'package:lgbtinder/services/api_services/auth_api_service.dart'
import 'package:lgbtinder/services/api_services/auth_api_service.dart';
       ^
test/ui/profile_completion_test.dart:9:8: Error: Not found: 
'package:lgbtinder/models/api_models/reference_data_models.dart'
import 'package:lgbtinder/models/api_models/reference_data_models.dart';
       ^
test/ui/profile_completion_test.dart:10:8: Error: Not found: 'package:lgbtinder/models/api_models/auth_models.dart'
import 'package:lgbtinder/models/api_models/auth_models.dart';
       ^
test/ui/ui_test_utils.dart:5:8: Error: Not found: 'package:lgbtinder/providers/app_state_provider.dart'
import 'package:lgbtinder/providers/app_state_provider.dart';
       ^
Error: Couldn't resolve the package 'lgbtinder' in 'package:lgbtinder/providers/profile_state_provider.dart'.
Error: Couldn't resolve the package 'lgbtinder' in 'package:lgbtinder/providers/matching_state_provider.dart'.
Error: Couldn't resolve the package 'lgbtinder' in 'package:lgbtinder/providers/chat_state_provider.dart'.
Error: Couldn't resolve the package 'lgbtinder' in 'package:lgbtinder/models/api_models/user_models.dart'.
Error: Couldn't resolve the package 'lgbtinder' in 'package:lgbtinder/models/api_models/chat_models.dart'.
test/ui/ui_test_utils.dart:11:8: Error: Not found: 'package:lgbtinder/models/api_models/reference_data_models.dart'
import 'package:lgbtinder/models/api_models/reference_data_models.dart';
       ^
Error: Couldn't resolve the package 'lgbtinder' in 'package:lgbtinder/models/user_state_models.dart'.
test/mocks/mock_reference_data_api_service.dart:2:8: Error: Not found: 
'package:lgbtinder/services/api_services/reference_data_api_service.dart'
import 'package:lgbtinder/services/api_services/reference_data_api_service.dart';
       ^
test/mocks/mock_reference_data_api_service.dart:3:8: Error: Not found: 
'package:lgbtinder/models/api_models/reference_data_models.dart'
import 'package:lgbtinder/models/api_models/reference_data_models.dart';
       ^
test/mocks/mock_auth_api_service.dart:2:8: Error: Not found: 
'package:lgbtinder/services/api_services/auth_api_service.dart'
import 'package:lgbtinder/services/api_services/auth_api_service.dart';
       ^
test/mocks/mock_auth_api_service.dart:3:8: Error: Not found: 'package:lgbtinder/models/api_models/auth_models.dart'
import 'package:lgbtinder/models/api_models/auth_models.dart';
       ^
test/ui/ui_test_utils.dart:6:8: Error: Not found: 'package:lgbtinder/providers/profile_state_provider.dart'
import 'package:lgbtinder/providers/profile_state_provider.dart';
       ^
test/ui/ui_test_utils.dart:7:8: Error: Not found: 'package:lgbtinder/providers/matching_state_provider.dart'
import 'package:lgbtinder/providers/matching_state_provider.dart';
       ^
test/ui/ui_test_utils.dart:8:8: Error: Not found: 'package:lgbtinder/providers/chat_state_provider.dart'
import 'package:lgbtinder/providers/chat_state_provider.dart';
       ^
test/ui/ui_test_utils.dart:9:8: Error: Not found: 'package:lgbtinder/models/api_models/user_models.dart'
import 'package:lgbtinder/models/api_models/user_models.dart';
       ^
test/ui/ui_test_utils.dart:10:8: Error: Not found: 'package:lgbtinder/models/api_models/chat_models.dart'
import 'package:lgbtinder/models/api_models/chat_models.dart';
       ^
test/ui/ui_test_utils.dart:12:8: Error: Not found: 'package:lgbtinder/models/user_state_models.dart'
import 'package:lgbtinder/models/user_state_models.dart';
       ^
test/ui/ui_test_utils.dart:24:10: Error: Type 'User' not found.
  static User get mockUser => User(
         ^^^^
test/ui/ui_test_utils.dart:52:10: Error: Type 'User' not found.
  static User get mockUser2 => User(
         ^^^^
test/ui/ui_test_utils.dart:80:15: Error: Type 'User' not found.
  static List<User> get mockUsers => [mockUser, mockUser2];
              ^^^^
test/ui/ui_test_utils.dart:85:10: Error: Type 'MessageData' not found.
  static MessageData get mockMessage1 => MessageData(
         ^^^^^^^^^^^
test/ui/ui_test_utils.dart:95:10: Error: Type 'MessageData' not found.
  static MessageData get mockMessage2 => MessageData(
         ^^^^^^^^^^^
test/ui/ui_test_utils.dart:105:15: Error: Type 'MessageData' not found.
  static List<MessageData> get mockMessages => [mockMessage1, mockMessage2];
              ^^^^^^^^^^^
test/ui/ui_test_utils.dart:110:15: Error: Type 'Country' not found.
  static List<Country> get mockCountries => [
              ^^^^^^^
test/ui/ui_test_utils.dart:116:15: Error: Type 'City' not found.
  static List<City> get mockCities => [
              ^^^^
test/ui/ui_test_utils.dart:122:15: Error: Type 'ReferenceDataItem' not found.
  static List<ReferenceDataItem> get mockGenders => [
              ^^^^^^^^^^^^^^^^^
test/ui/ui_test_utils.dart:128:15: Error: Type 'ReferenceDataItem' not found.
  static List<ReferenceDataItem> get mockInterests => [
              ^^^^^^^^^^^^^^^^^
test/ui/ui_test_utils.dart:135:15: Error: Type 'ReferenceDataItem' not found.
  static List<ReferenceDataItem> get mockPreferredGenders => [
              ^^^^^^^^^^^^^^^^^
test/ui/ui_test_utils.dart:145:5: Error: Type 'AppStateProvider' not found.
    AppStateProvider? appStateProvider,
    ^^^^^^^^^^^^^^^^
test/ui/ui_test_utils.dart:146:5: Error: Type 'ProfileStateProvider' not found.
    ProfileStateProvider? profileStateProvider,
    ^^^^^^^^^^^^^^^^^^^^
test/ui/ui_test_utils.dart:147:5: Error: Type 'MatchingStateProvider' not found.
    MatchingStateProvider? matchingStateProvider,
    ^^^^^^^^^^^^^^^^^^^^^
test/ui/ui_test_utils.dart:148:5: Error: Type 'ChatStateProvider' not found.
    ChatStateProvider? chatStateProvider,
    ^^^^^^^^^^^^^^^^^
test/ui/ui_test_utils.dart:178:41: Error: Type 'AppStateProvider' not found.
  static void setupMockAppStateProvider(AppStateProvider mockProvider) {
                                        ^^^^^^^^^^^^^^^^
test/ui/ui_test_utils.dart:192:45: Error: Type 'ProfileStateProvider' not found.
  static void setupMockProfileStateProvider(ProfileStateProvider mockProvider) {
                                            ^^^^^^^^^^^^^^^^^^^^
test/ui/ui_test_utils.dart:198:46: Error: Type 'MatchingStateProvider' not found.
  static void setupMockMatchingStateProvider(MatchingStateProvider mockProvider) {
                                             ^^^^^^^^^^^^^^^^^^^^^
test/ui/ui_test_utils.dart:205:42: Error: Type 'ChatStateProvider' not found.
  static void setupMockChatStateProvider(ChatStateProvider mockProvider) {
                                         ^^^^^^^^^^^^^^^^^
test/mocks/mock_reference_data_api_service.dart:5:59: Error: Type 'ReferenceDataApiService' not found.
class MockReferenceDataApiService extends Mock implements ReferenceDataApiService {
                                                          ^^^^^^^^^^^^^^^^^^^^^^^
test/mocks/mock_reference_data_api_service.dart:7:32: Error: Type 'Country' not found.
  Future<ReferenceDataResponse<Country>> getCountries() async {
                               ^^^^^^^
test/mocks/mock_reference_data_api_service.dart:7:10: Error: Type 'ReferenceDataResponse' not found.
  Future<ReferenceDataResponse<Country>> getCountries() async {
         ^^^^^^^^^^^^^^^^^^^^^
test/mocks/mock_reference_data_api_service.dart:18:32: Error: Type 'City' not found.
  Future<ReferenceDataResponse<City>> getCities(int countryId) async {
                               ^^^^
test/mocks/mock_reference_data_api_service.dart:18:10: Error: Type 'ReferenceDataResponse' not found.
  Future<ReferenceDataResponse<City>> getCities(int countryId) async {
         ^^^^^^^^^^^^^^^^^^^^^
test/mocks/mock_reference_data_api_service.dart:29:32: Error: Type 'ReferenceDataItem' not found.
  Future<ReferenceDataResponse<ReferenceDataItem>> getGenders() async {
                               ^^^^^^^^^^^^^^^^^
test/mocks/mock_reference_data_api_service.dart:29:10: Error: Type 'ReferenceDataResponse' not found.
  Future<ReferenceDataResponse<ReferenceDataItem>> getGenders() async {
         ^^^^^^^^^^^^^^^^^^^^^
test/mocks/mock_reference_data_api_service.dart:40:32: Error: Type 'ReferenceDataItem' not found.
  Future<ReferenceDataResponse<ReferenceDataItem>> getJobs() async {
                               ^^^^^^^^^^^^^^^^^
test/mocks/mock_reference_data_api_service.dart:40:10: Error: Type 'ReferenceDataResponse' not found.
  Future<ReferenceDataResponse<ReferenceDataItem>> getJobs() async {
         ^^^^^^^^^^^^^^^^^^^^^
test/mocks/mock_reference_data_api_service.dart:51:32: Error: Type 'ReferenceDataItem' not found.
  Future<ReferenceDataResponse<ReferenceDataItem>> getEducation() async {
                               ^^^^^^^^^^^^^^^^^
test/mocks/mock_reference_data_api_service.dart:51:10: Error: Type 'ReferenceDataResponse' not found.
  Future<ReferenceDataResponse<ReferenceDataItem>> getEducation() async {
         ^^^^^^^^^^^^^^^^^^^^^
test/mocks/mock_reference_data_api_service.dart:62:32: Error: Type 'ReferenceDataItem' not found.
  Future<ReferenceDataResponse<ReferenceDataItem>> getInterests() async {
                               ^^^^^^^^^^^^^^^^^
test/mocks/mock_reference_data_api_service.dart:62:10: Error: Type 'ReferenceDataResponse' not found.
  Future<ReferenceDataResponse<ReferenceDataItem>> getInterests() async {
         ^^^^^^^^^^^^^^^^^^^^^
test/mocks/mock_reference_data_api_service.dart:73:32: Error: Type 'ReferenceDataItem' not found.
  Future<ReferenceDataResponse<ReferenceDataItem>> getLanguages() async {
                               ^^^^^^^^^^^^^^^^^
test/mocks/mock_reference_data_api_service.dart:73:10: Error: Type 'ReferenceDataResponse' not found.
  Future<ReferenceDataResponse<ReferenceDataItem>> getLanguages() async {
         ^^^^^^^^^^^^^^^^^^^^^
test/mocks/mock_reference_data_api_service.dart:84:32: Error: Type 'ReferenceDataItem' not found.
  Future<ReferenceDataResponse<ReferenceDataItem>> getMusicGenres() async {
                               ^^^^^^^^^^^^^^^^^
test/mocks/mock_reference_data_api_service.dart:84:10: Error: Type 'ReferenceDataResponse' not found.
  Future<ReferenceDataResponse<ReferenceDataItem>> getMusicGenres() async {
         ^^^^^^^^^^^^^^^^^^^^^
test/mocks/mock_reference_data_api_service.dart:95:32: Error: Type 'ReferenceDataItem' not found.
  Future<ReferenceDataResponse<ReferenceDataItem>> getRelationGoals() async {
                               ^^^^^^^^^^^^^^^^^
test/mocks/mock_reference_data_api_service.dart:95:10: Error: Type 'ReferenceDataResponse' not found.
  Future<ReferenceDataResponse<ReferenceDataItem>> getRelationGoals() async {
         ^^^^^^^^^^^^^^^^^^^^^
test/mocks/mock_reference_data_api_service.dart:106:32: Error: Type 'ReferenceDataItem' not found.
  Future<ReferenceDataResponse<ReferenceDataItem>> getPreferredGenders() async {
                               ^^^^^^^^^^^^^^^^^
test/mocks/mock_reference_data_api_service.dart:106:10: Error: Type 'ReferenceDataResponse' not found.
  Future<ReferenceDataResponse<ReferenceDataItem>> getPreferredGenders() async {
         ^^^^^^^^^^^^^^^^^^^^^
test/mocks/mock_auth_api_service.dart:5:50: Error: Type 'AuthApiService' not found.
class MockAuthApiService extends Mock implements AuthApiService {
                                                 ^^^^^^^^^^^^^^
test/mocks/mock_auth_api_service.dart:7:10: Error: Type 'AuthResponse' not found.
  Future<AuthResponse> login(AuthRequest request) async {
         ^^^^^^^^^^^^
test/mocks/mock_auth_api_service.dart:7:30: Error: Type 'AuthRequest' not found.
  Future<AuthResponse> login(AuthRequest request) async {
                             ^^^^^^^^^^^
test/mocks/mock_auth_api_service.dart:23:10: Error: Type 'RegisterResponse' not found.
  Future<RegisterResponse> register(RegisterRequest request) async {
         ^^^^^^^^^^^^^^^^
test/mocks/mock_auth_api_service.dart:23:37: Error: Type 'RegisterRequest' not found.
  Future<RegisterResponse> register(RegisterRequest request) async {
                                    ^^^^^^^^^^^^^^^
test/mocks/mock_auth_api_service.dart:39:10: Error: Type 'VerifyEmailResponse' not found.
  Future<VerifyEmailResponse> verifyEmail(VerifyEmailRequest request) async {
         ^^^^^^^^^^^^^^^^^^^
test/mocks/mock_auth_api_service.dart:39:43: Error: Type 'VerifyEmailRequest' not found.
  Future<VerifyEmailResponse> verifyEmail(VerifyEmailRequest request) async {
                                          ^^^^^^^^^^^^^^^^^^
test/mocks/mock_auth_api_service.dart:55:10: Error: Type 'VerificationResponse' not found.
  Future<VerificationResponse> sendVerificationCode(VerificationRequest request) async {
         ^^^^^^^^^^^^^^^^^^^^
test/mocks/mock_auth_api_service.dart:55:53: Error: Type 'VerificationRequest' not found.
  Future<VerificationResponse> sendVerificationCode(VerificationRequest request) async {
                                                    ^^^^^^^^^^^^^^^^^^^
test/mocks/mock_auth_api_service.dart:71:10: Error: Type 'CompleteProfileResponse' not found.
  Future<CompleteProfileResponse> completeProfile(ProfileCompletionRequest request) async {
         ^^^^^^^^^^^^^^^^^^^^^^^
test/mocks/mock_auth_api_service.dart:71:51: Error: Type 'ProfileCompletionRequest' not found.
  Future<CompleteProfileResponse> completeProfile(ProfileCompletionRequest request) async {
                                                  ^^^^^^^^^^^^^^^^^^^^^^^^
test/mocks/mock_auth_api_service.dart:86:10: Error: Type 'CheckUserStateResponse' not found.
  Future<CheckUserStateResponse> checkUserState(CheckUserStateRequest request) async {
         ^^^^^^^^^^^^^^^^^^^^^^
test/mocks/mock_auth_api_service.dart:86:49: Error: Type 'CheckUserStateRequest' not found.
  Future<CheckUserStateResponse> checkUserState(CheckUserStateRequest request) async {
                                                ^^^^^^^^^^^^^^^^^^^^^
test/ui/profile_completion_test.dart:16:42: Error: Undefined name 'AuthApiService'.
@GenerateMocks([ReferenceDataApiService, AuthApiService])
                                         ^^^^^^^^^^^^^^
test/ui/profile_completion_test.dart:16:17: Error: Undefined name 'ReferenceDataApiService'.
@GenerateMocks([ReferenceDataApiService, AuthApiService])
                ^^^^^^^^^^^^^^^^^^^^^^^
/C:/Users/Abolfazl/AppData/Local/Temp/flutter_tools.3bbc4712/flutter_test_listener.943d2018/listener.dart:21:21: 
Error: Undefined name 'main'.
  await Future(test.main);
                    ^^^^
test/ui/profile_completion_test.dart:21:10: Error: 'AppStateProvider' isn't a type.
    late AppStateProvider appStateProvider;
         ^^^^^^^^^^^^^^^^
test/ui/profile_completion_test.dart:26:26: Error: Method not found: 'AppStateProvider'.
      appStateProvider = AppStateProvider();
                         ^^^^^^^^^^^^^^^^
test/ui/profile_completion_test.dart:30:9: Error: Method not found: 'ReferenceDataResponse'.
        ReferenceDataResponse(
        ^^^^^^^^^^^^^^^^^^^^^
test/ui/profile_completion_test.dart:36:9: Error: Method not found: 'ReferenceDataResponse'.
        ReferenceDataResponse(
        ^^^^^^^^^^^^^^^^^^^^^
test/ui/profile_completion_test.dart:42:9: Error: Method not found: 'ReferenceDataResponse'.
        ReferenceDataResponse(
        ^^^^^^^^^^^^^^^^^^^^^
test/ui/profile_completion_test.dart:48:9: Error: Method not found: 'ReferenceDataResponse'.
        ReferenceDataResponse(
        ^^^^^^^^^^^^^^^^^^^^^
test/ui/profile_completion_test.dart:54:9: Error: Method not found: 'ReferenceDataResponse'.
        ReferenceDataResponse(
        ^^^^^^^^^^^^^^^^^^^^^
test/ui/profile_completion_test.dart:65:26: Error: Couldn't find constructor 'ProfileCompletionScreen'.
            child: const ProfileCompletionScreen(userId: 1),
                         ^^^^^^^^^^^^^^^^^^^^^^^
test/ui/profile_completion_test.dart:89:26: Error: Couldn't find constructor 'ProfileCompletionScreen'.
            child: const ProfileCompletionScreen(userId: 1),
                         ^^^^^^^^^^^^^^^^^^^^^^^
test/ui/profile_completion_test.dart:115:26: Error: Couldn't find constructor 'ProfileCompletionScreen'.
            child: const ProfileCompletionScreen(userId: 1),
                         ^^^^^^^^^^^^^^^^^^^^^^^
test/ui/profile_completion_test.dart:144:26: Error: Couldn't find constructor 'ProfileCompletionScreen'.
            child: const ProfileCompletionScreen(userId: 1),
                         ^^^^^^^^^^^^^^^^^^^^^^^
test/ui/profile_completion_test.dart:167:26: Error: Couldn't find constructor 'ProfileCompletionScreen'.
            child: const ProfileCompletionScreen(userId: 1),
                         ^^^^^^^^^^^^^^^^^^^^^^^
test/ui/profile_completion_test.dart:186:26: Error: Couldn't find constructor 'ProfileCompletionScreen'.
            child: const ProfileCompletionScreen(userId: 1),
                         ^^^^^^^^^^^^^^^^^^^^^^^
test/ui/profile_completion_test.dart:211:26: Error: Couldn't find constructor 'ProfileCompletionScreen'.
            child: const ProfileCompletionScreen(userId: 1),
                         ^^^^^^^^^^^^^^^^^^^^^^^
test/ui/profile_completion_test.dart:238:26: Error: Couldn't find constructor 'ProfileCompletionScreen'.
            child: const ProfileCompletionScreen(userId: 1),
                         ^^^^^^^^^^^^^^^^^^^^^^^
test/ui/profile_completion_test.dart:262:26: Error: Couldn't find constructor 'ProfileCompletionScreen'.
            child: const ProfileCompletionScreen(userId: 1),
                         ^^^^^^^^^^^^^^^^^^^^^^^
test/ui/profile_completion_test.dart:290:26: Error: Couldn't find constructor 'ProfileCompletionScreen'.
            child: const ProfileCompletionScreen(userId: 1),
                         ^^^^^^^^^^^^^^^^^^^^^^^
test/ui/profile_completion_test.dart:317:19: Error: Method not found: 'CompleteProfileResponseData'.
            data: CompleteProfileResponseData(
                  ^^^^^^^^^^^^^^^^^^^^^^^^^^^
test/ui/profile_completion_test.dart:314:11: Error: Method not found: 'CompleteProfileResponse'.
          CompleteProfileResponse(
          ^^^^^^^^^^^^^^^^^^^^^^^
test/ui/profile_completion_test.dart:326:26: Error: Couldn't find constructor 'ProfileCompletionScreen'.
            child: const ProfileCompletionScreen(userId: 1),
                         ^^^^^^^^^^^^^^^^^^^^^^^
test/ui/profile_completion_test.dart:357:19: Error: Method not found: 'CompleteProfileResponseData'.
            data: CompleteProfileResponseData(
                  ^^^^^^^^^^^^^^^^^^^^^^^^^^^
test/ui/profile_completion_test.dart:354:11: Error: Method not found: 'CompleteProfileResponse'.
          CompleteProfileResponse(
          ^^^^^^^^^^^^^^^^^^^^^^^
test/ui/profile_completion_test.dart:366:26: Error: Couldn't find constructor 'ProfileCompletionScreen'.
            child: const ProfileCompletionScreen(userId: 1),
                         ^^^^^^^^^^^^^^^^^^^^^^^
test/ui/profile_completion_test.dart:399:26: Error: Couldn't find constructor 'ProfileCompletionScreen'.
            child: const ProfileCompletionScreen(userId: 1),
                         ^^^^^^^^^^^^^^^^^^^^^^^
test/ui/profile_completion_test.dart:429:26: Error: Couldn't find constructor 'ProfileCompletionScreen'.
            child: const ProfileCompletionScreen(userId: 1),
                         ^^^^^^^^^^^^^^^^^^^^^^^
test/ui/profile_completion_test.dart:452:26: Error: Couldn't find constructor 'ProfileCompletionScreen'.
            child: const ProfileCompletionScreen(userId: 1),
                         ^^^^^^^^^^^^^^^^^^^^^^^
test/ui/profile_completion_test.dart:468:26: Error: Couldn't find constructor 'ProfileCompletionScreen'.
            child: const ProfileCompletionScreen(userId: 1),
                         ^^^^^^^^^^^^^^^^^^^^^^^
test/ui/profile_completion_test.dart:488:26: Error: Couldn't find constructor 'ProfileCompletionScreen'.
            child: const ProfileCompletionScreen(userId: 1),
                         ^^^^^^^^^^^^^^^^^^^^^^^
test/ui/profile_completion_test.dart:503:26: Error: Couldn't find constructor 'ProfileCompletionScreen'.
            child: const ProfileCompletionScreen(userId: 1),
                         ^^^^^^^^^^^^^^^^^^^^^^^
test/ui/profile_completion_test.dart:35:50: Error: The argument type 'Null' can't be assigned to the parameter type 
'int'.
      when(mockReferenceDataApiService.getCities(any)).thenAnswer((_) async => 
                                                 ^
test/ui/ui_test_utils.dart:24:31: Error: Method not found: 'User'.
  static User get mockUser => User(
                              ^^^^
test/ui/ui_test_utils.dart:52:32: Error: Method not found: 'User'.
  static User get mockUser2 => User(
                               ^^^^
test/ui/ui_test_utils.dart:90:18: Error: Undefined name 'MessageType'.
    messageType: MessageType.text,
                 ^^^^^^^^^^^
test/ui/ui_test_utils.dart:85:42: Error: Method not found: 'MessageData'.
  static MessageData get mockMessage1 => MessageData(
                                         ^^^^^^^^^^^
test/ui/ui_test_utils.dart:100:18: Error: Undefined name 'MessageType'.
    messageType: MessageType.text,
                 ^^^^^^^^^^^
test/ui/ui_test_utils.dart:95:42: Error: Method not found: 'MessageData'.
  static MessageData get mockMessage2 => MessageData(
                                         ^^^^^^^^^^^
test/ui/ui_test_utils.dart:111:5: Error: Method not found: 'Country'.
    Country(id: 1, name: 'United States', code: 'US'),
    ^^^^^^^
test/ui/ui_test_utils.dart:112:5: Error: Method not found: 'Country'.
    Country(id: 2, name: 'Canada', code: 'CA'),
    ^^^^^^^
test/ui/ui_test_utils.dart:113:5: Error: Method not found: 'Country'.
    Country(id: 3, name: 'United Kingdom', code: 'GB'),
    ^^^^^^^
test/ui/ui_test_utils.dart:117:5: Error: Method not found: 'City'.
    City(id: 1, name: 'New York', countryId: 1),
    ^^^^
test/ui/ui_test_utils.dart:118:5: Error: Method not found: 'City'.
    City(id: 2, name: 'Los Angeles', countryId: 1),
    ^^^^
test/ui/ui_test_utils.dart:119:5: Error: Method not found: 'City'.
    City(id: 3, name: 'Toronto', countryId: 2),
    ^^^^
test/ui/ui_test_utils.dart:123:5: Error: Method not found: 'ReferenceDataItem'.
    ReferenceDataItem(id: 1, name: 'Male'),
    ^^^^^^^^^^^^^^^^^
test/ui/ui_test_utils.dart:124:5: Error: Method not found: 'ReferenceDataItem'.
    ReferenceDataItem(id: 2, name: 'Female'),
    ^^^^^^^^^^^^^^^^^
test/ui/ui_test_utils.dart:125:5: Error: Method not found: 'ReferenceDataItem'.
    ReferenceDataItem(id: 3, name: 'Non-binary'),
    ^^^^^^^^^^^^^^^^^
test/ui/ui_test_utils.dart:129:5: Error: Method not found: 'ReferenceDataItem'.
    ReferenceDataItem(id: 1, name: 'Music'),
    ^^^^^^^^^^^^^^^^^
test/ui/ui_test_utils.dart:130:5: Error: Method not found: 'ReferenceDataItem'.
    ReferenceDataItem(id: 2, name: 'Sports'),
    ^^^^^^^^^^^^^^^^^
test/ui/ui_test_utils.dart:131:5: Error: Method not found: 'ReferenceDataItem'.
    ReferenceDataItem(id: 3, name: 'Travel'),
    ^^^^^^^^^^^^^^^^^
test/ui/ui_test_utils.dart:132:5: Error: Method not found: 'ReferenceDataItem'.
    ReferenceDataItem(id: 4, name: 'Photography'),
    ^^^^^^^^^^^^^^^^^
test/ui/ui_test_utils.dart:136:5: Error: Method not found: 'ReferenceDataItem'.
    ReferenceDataItem(id: 1, name: 'Female'),
    ^^^^^^^^^^^^^^^^^
test/ui/ui_test_utils.dart:137:5: Error: Method not found: 'ReferenceDataItem'.
    ReferenceDataItem(id: 2, name: 'Non-binary'),
    ^^^^^^^^^^^^^^^^^
test/ui/ui_test_utils.dart:145:5: Error: 'AppStateProvider' isn't a type.
    AppStateProvider? appStateProvider,
    ^^^^^^^^^^^^^^^^
test/ui/ui_test_utils.dart:146:5: Error: 'ProfileStateProvider' isn't a type.
    ProfileStateProvider? profileStateProvider,
    ^^^^^^^^^^^^^^^^^^^^
test/ui/ui_test_utils.dart:147:5: Error: 'MatchingStateProvider' isn't a type.
    MatchingStateProvider? matchingStateProvider,
    ^^^^^^^^^^^^^^^^^^^^^
test/ui/ui_test_utils.dart:148:5: Error: 'ChatStateProvider' isn't a type.
    ChatStateProvider? chatStateProvider,
    ^^^^^^^^^^^^^^^^^
test/ui/ui_test_utils.dart:153:44: Error: 'AppStateProvider' isn't a type.
      providers.add(ChangeNotifierProvider<AppStateProvider>.value(value: appStateProvider));
                                           ^^^^^^^^^^^^^^^^
test/ui/ui_test_utils.dart:157:44: Error: 'ProfileStateProvider' isn't a type.
      providers.add(ChangeNotifierProvider<ProfileStateProvider>.value(value: profileStateProvider));
                                           ^^^^^^^^^^^^^^^^^^^^
test/ui/ui_test_utils.dart:161:44: Error: 'MatchingStateProvider' isn't a type.
      providers.add(ChangeNotifierProvider<MatchingStateProvider>.value(value: matchingStateProvider));
                                           ^^^^^^^^^^^^^^^^^^^^^
test/ui/ui_test_utils.dart:165:44: Error: 'ChatStateProvider' isn't a type.
      providers.add(ChangeNotifierProvider<ChatStateProvider>.value(value: chatStateProvider));
                                           ^^^^^^^^^^^^^^^^^
test/ui/ui_test_utils.dart:178:41: Error: 'AppStateProvider' isn't a type.
  static void setupMockAppStateProvider(AppStateProvider mockProvider) {
                                        ^^^^^^^^^^^^^^^^
test/ui/ui_test_utils.dart:187:60: Error: The getter 'countryId' isn't defined for the type 'Object?'.
 - 'Object' is from 'dart:core'.
Try correcting the name to the name of an existing getter, or defining a getter or field named 'countryId'.
      1: MockReferenceData.mockCities.where((city) => city.countryId == 1).toList(),
                                                           ^^^^^^^^^
test/ui/ui_test_utils.dart:188:60: Error: The getter 'countryId' isn't defined for the type 'Object?'.
 - 'Object' is from 'dart:core'.
Try correcting the name to the name of an existing getter, or defining a getter or field named 'countryId'.
      2: MockReferenceData.mockCities.where((city) => city.countryId == 2).toList(),
                                                           ^^^^^^^^^
test/ui/ui_test_utils.dart:192:45: Error: 'ProfileStateProvider' isn't a type.
  static void setupMockProfileStateProvider(ProfileStateProvider mockProvider) {
                                            ^^^^^^^^^^^^^^^^^^^^
test/ui/ui_test_utils.dart:198:46: Error: 'MatchingStateProvider' isn't a type.
  static void setupMockMatchingStateProvider(MatchingStateProvider mockProvider) {
                                             ^^^^^^^^^^^^^^^^^^^^^
test/ui/ui_test_utils.dart:205:42: Error: 'ChatStateProvider' isn't a type.
  static void setupMockChatStateProvider(ChatStateProvider mockProvider) {
                                         ^^^^^^^^^^^^^^^^^
test/ui/ui_test_utils.dart:241:26: Error: 'DatePicker' isn't a type.
    while (tester.widget<DatePicker>(find.byType(DatePicker)).initialDate.year != date.year) {
                         ^^^^^^^^^^
test/ui/ui_test_utils.dart:241:50: Error: Undefined name 'DatePicker'.
    while (tester.widget<DatePicker>(find.byType(DatePicker)).initialDate.year != date.year) {
                                                 ^^^^^^^^^^
test/ui/ui_test_utils.dart:242:25: Error: 'DatePicker' isn't a type.
      if (tester.widget<DatePicker>(find.byType(DatePicker)).initialDate.year < date.year) {
                        ^^^^^^^^^^
test/ui/ui_test_utils.dart:242:49: Error: Undefined name 'DatePicker'.
      if (tester.widget<DatePicker>(find.byType(DatePicker)).initialDate.year < date.year) {
                                                ^^^^^^^^^^
test/ui/ui_test_utils.dart:251:26: Error: 'DatePicker' isn't a type.
    while (tester.widget<DatePicker>(find.byType(DatePicker)).initialDate.month != date.month) {
                         ^^^^^^^^^^
test/ui/ui_test_utils.dart:251:50: Error: Undefined name 'DatePicker'.
    while (tester.widget<DatePicker>(find.byType(DatePicker)).initialDate.month != date.month) {
                                                 ^^^^^^^^^^
test/ui/ui_test_utils.dart:252:25: Error: 'DatePicker' isn't a type.
      if (tester.widget<DatePicker>(find.byType(DatePicker)).initialDate.month < date.month) {
                        ^^^^^^^^^^
test/ui/ui_test_utils.dart:252:49: Error: Undefined name 'DatePicker'.
      if (tester.widget<DatePicker>(find.byType(DatePicker)).initialDate.month < date.month) {
                                                ^^^^^^^^^^
test/ui/ui_test_utils.dart:284:11: Error: Method not found: 'TimeoutException'.
    throw TimeoutException('Widget not found within timeout', timeout);
          ^^^^^^^^^^^^^^^^
test/mocks/mock_reference_data_api_service.dart:10:42: Error: 'Country' isn't a type.
      returnValue: ReferenceDataResponse<Country>(
                                         ^^^^^^^
test/mocks/mock_reference_data_api_service.dart:10:20: Error: The method 'ReferenceDataResponse' isn't defined for the 
type 'MockReferenceDataApiService'.
 - 'MockReferenceDataApiService' is from 'test/mocks/mock_reference_data_api_service.dart'.
Try correcting the name to the name of an existing method, or defining a method named 'ReferenceDataResponse'.
      returnValue: ReferenceDataResponse<Country>(
                   ^^^^^^^^^^^^^^^^^^^^^
test/mocks/mock_reference_data_api_service.dart:21:42: Error: 'City' isn't a type.
      returnValue: ReferenceDataResponse<City>(
                                         ^^^^
test/mocks/mock_reference_data_api_service.dart:21:20: Error: The method 'ReferenceDataResponse' isn't defined for the 
type 'MockReferenceDataApiService'.
 - 'MockReferenceDataApiService' is from 'test/mocks/mock_reference_data_api_service.dart'.
Try correcting the name to the name of an existing method, or defining a method named 'ReferenceDataResponse'.
      returnValue: ReferenceDataResponse<City>(
                   ^^^^^^^^^^^^^^^^^^^^^
test/mocks/mock_reference_data_api_service.dart:32:42: Error: 'ReferenceDataItem' isn't a type.
      returnValue: ReferenceDataResponse<ReferenceDataItem>(
                                         ^^^^^^^^^^^^^^^^^
test/mocks/mock_reference_data_api_service.dart:32:20: Error: The method 'ReferenceDataResponse' isn't defined for the 
type 'MockReferenceDataApiService'.
 - 'MockReferenceDataApiService' is from 'test/mocks/mock_reference_data_api_service.dart'.
Try correcting the name to the name of an existing method, or defining a method named 'ReferenceDataResponse'.
      returnValue: ReferenceDataResponse<ReferenceDataItem>(
                   ^^^^^^^^^^^^^^^^^^^^^
test/mocks/mock_reference_data_api_service.dart:43:42: Error: 'ReferenceDataItem' isn't a type.
      returnValue: ReferenceDataResponse<ReferenceDataItem>(
                                         ^^^^^^^^^^^^^^^^^
test/mocks/mock_reference_data_api_service.dart:43:20: Error: The method 'ReferenceDataResponse' isn't defined for the 
type 'MockReferenceDataApiService'.
 - 'MockReferenceDataApiService' is from 'test/mocks/mock_reference_data_api_service.dart'.
Try correcting the name to the name of an existing method, or defining a method named 'ReferenceDataResponse'.
      returnValue: ReferenceDataResponse<ReferenceDataItem>(
                   ^^^^^^^^^^^^^^^^^^^^^
test/mocks/mock_reference_data_api_service.dart:54:42: Error: 'ReferenceDataItem' isn't a type.
      returnValue: ReferenceDataResponse<ReferenceDataItem>(
                                         ^^^^^^^^^^^^^^^^^
test/mocks/mock_reference_data_api_service.dart:54:20: Error: The method 'ReferenceDataResponse' isn't defined for the 
type 'MockReferenceDataApiService'.
 - 'MockReferenceDataApiService' is from 'test/mocks/mock_reference_data_api_service.dart'.
Try correcting the name to the name of an existing method, or defining a method named 'ReferenceDataResponse'.
      returnValue: ReferenceDataResponse<ReferenceDataItem>(
                   ^^^^^^^^^^^^^^^^^^^^^
test/mocks/mock_reference_data_api_service.dart:65:42: Error: 'ReferenceDataItem' isn't a type.
      returnValue: ReferenceDataResponse<ReferenceDataItem>(
                                         ^^^^^^^^^^^^^^^^^
test/mocks/mock_reference_data_api_service.dart:65:20: Error: The method 'ReferenceDataResponse' isn't defined for the 
type 'MockReferenceDataApiService'.
 - 'MockReferenceDataApiService' is from 'test/mocks/mock_reference_data_api_service.dart'.
Try correcting the name to the name of an existing method, or defining a method named 'ReferenceDataResponse'.
      returnValue: ReferenceDataResponse<ReferenceDataItem>(
                   ^^^^^^^^^^^^^^^^^^^^^
test/mocks/mock_reference_data_api_service.dart:76:42: Error: 'ReferenceDataItem' isn't a type.
      returnValue: ReferenceDataResponse<ReferenceDataItem>(
                                         ^^^^^^^^^^^^^^^^^
test/mocks/mock_reference_data_api_service.dart:76:20: Error: The method 'ReferenceDataResponse' isn't defined for the 
type 'MockReferenceDataApiService'.
 - 'MockReferenceDataApiService' is from 'test/mocks/mock_reference_data_api_service.dart'.
Try correcting the name to the name of an existing method, or defining a method named 'ReferenceDataResponse'.
      returnValue: ReferenceDataResponse<ReferenceDataItem>(
                   ^^^^^^^^^^^^^^^^^^^^^
test/mocks/mock_reference_data_api_service.dart:87:42: Error: 'ReferenceDataItem' isn't a type.
      returnValue: ReferenceDataResponse<ReferenceDataItem>(
                                         ^^^^^^^^^^^^^^^^^
test/mocks/mock_reference_data_api_service.dart:87:20: Error: The method 'ReferenceDataResponse' isn't defined for the 
type 'MockReferenceDataApiService'.
 - 'MockReferenceDataApiService' is from 'test/mocks/mock_reference_data_api_service.dart'.
Try correcting the name to the name of an existing method, or defining a method named 'ReferenceDataResponse'.
      returnValue: ReferenceDataResponse<ReferenceDataItem>(
                   ^^^^^^^^^^^^^^^^^^^^^
test/mocks/mock_reference_data_api_service.dart:98:42: Error: 'ReferenceDataItem' isn't a type.
      returnValue: ReferenceDataResponse<ReferenceDataItem>(
                                         ^^^^^^^^^^^^^^^^^
test/mocks/mock_reference_data_api_service.dart:98:20: Error: The method 'ReferenceDataResponse' isn't defined for the 
type 'MockReferenceDataApiService'.
 - 'MockReferenceDataApiService' is from 'test/mocks/mock_reference_data_api_service.dart'.
Try correcting the name to the name of an existing method, or defining a method named 'ReferenceDataResponse'.
      returnValue: ReferenceDataResponse<ReferenceDataItem>(
                   ^^^^^^^^^^^^^^^^^^^^^
test/mocks/mock_reference_data_api_service.dart:109:42: Error: 'ReferenceDataItem' isn't a type.
      returnValue: ReferenceDataResponse<ReferenceDataItem>(
                                         ^^^^^^^^^^^^^^^^^
test/mocks/mock_reference_data_api_service.dart:109:20: Error: The method 'ReferenceDataResponse' isn't defined for 
the type 'MockReferenceDataApiService'.
 - 'MockReferenceDataApiService' is from 'test/mocks/mock_reference_data_api_service.dart'.
Try correcting the name to the name of an existing method, or defining a method named 'ReferenceDataResponse'.
      returnValue: ReferenceDataResponse<ReferenceDataItem>(
                   ^^^^^^^^^^^^^^^^^^^^^
test/mocks/mock_auth_api_service.dart:7:30: Error: 'AuthRequest' isn't a type.
  Future<AuthResponse> login(AuthRequest request) async {
                             ^^^^^^^^^^^
test/mocks/mock_auth_api_service.dart:10:20: Error: The method 'AuthResponse' isn't defined for the type 
'MockAuthApiService'.
 - 'MockAuthApiService' is from 'test/mocks/mock_auth_api_service.dart'.
Try correcting the name to the name of an existing method, or defining a method named 'AuthResponse'.
      returnValue: AuthResponse(
                   ^^^^^^^^^^^^
test/mocks/mock_auth_api_service.dart:13:15: Error: The method 'AuthResult' isn't defined for the type 
'MockAuthApiService'.
 - 'MockAuthApiService' is from 'test/mocks/mock_auth_api_service.dart'.
Try correcting the name to the name of an existing method, or defining a method named 'AuthResult'.
        data: AuthResult(
              ^^^^^^^^^^
test/mocks/mock_auth_api_service.dart:23:37: Error: 'RegisterRequest' isn't a type.
  Future<RegisterResponse> register(RegisterRequest request) async {
                                    ^^^^^^^^^^^^^^^
test/mocks/mock_auth_api_service.dart:26:20: Error: The method 'RegisterResponse' isn't defined for the type 
'MockAuthApiService'.
 - 'MockAuthApiService' is from 'test/mocks/mock_auth_api_service.dart'.
Try correcting the name to the name of an existing method, or defining a method named 'RegisterResponse'.
      returnValue: RegisterResponse(
                   ^^^^^^^^^^^^^^^^
test/mocks/mock_auth_api_service.dart:29:15: Error: The method 'RegisterResponseData' isn't defined for the type 
'MockAuthApiService'.
 - 'MockAuthApiService' is from 'test/mocks/mock_auth_api_service.dart'.
Try correcting the name to the name of an existing method, or defining a method named 'RegisterResponseData'.
        data: RegisterResponseData(
              ^^^^^^^^^^^^^^^^^^^^
test/mocks/mock_auth_api_service.dart:39:43: Error: 'VerifyEmailRequest' isn't a type.
  Future<VerifyEmailResponse> verifyEmail(VerifyEmailRequest request) async {
                                          ^^^^^^^^^^^^^^^^^^
test/mocks/mock_auth_api_service.dart:42:20: Error: The method 'VerifyEmailResponse' isn't defined for the type 
'MockAuthApiService'.
 - 'MockAuthApiService' is from 'test/mocks/mock_auth_api_service.dart'.
Try correcting the name to the name of an existing method, or defining a method named 'VerifyEmailResponse'.
      returnValue: VerifyEmailResponse(
                   ^^^^^^^^^^^^^^^^^^^
test/mocks/mock_auth_api_service.dart:45:15: Error: The method 'VerifyEmailResponseData' isn't defined for the type 
'MockAuthApiService'.
 - 'MockAuthApiService' is from 'test/mocks/mock_auth_api_service.dart'.
Try correcting the name to the name of an existing method, or defining a method named 'VerifyEmailResponseData'.
        data: VerifyEmailResponseData(
              ^^^^^^^^^^^^^^^^^^^^^^^
test/mocks/mock_auth_api_service.dart:55:53: Error: 'VerificationRequest' isn't a type.
  Future<VerificationResponse> sendVerificationCode(VerificationRequest request) async {
                                                    ^^^^^^^^^^^^^^^^^^^
test/mocks/mock_auth_api_service.dart:58:20: Error: The method 'VerificationResponse' isn't defined for the type 
'MockAuthApiService'.
 - 'MockAuthApiService' is from 'test/mocks/mock_auth_api_service.dart'.
Try correcting the name to the name of an existing method, or defining a method named 'VerificationResponse'.
      returnValue: VerificationResponse(
                   ^^^^^^^^^^^^^^^^^^^^
test/mocks/mock_auth_api_service.dart:61:15: Error: The method 'VerificationData' isn't defined for the type 
'MockAuthApiService'.
 - 'MockAuthApiService' is from 'test/mocks/mock_auth_api_service.dart'.
Try correcting the name to the name of an existing method, or defining a method named 'VerificationData'.
        data: VerificationData(
              ^^^^^^^^^^^^^^^^
test/mocks/mock_auth_api_service.dart:71:51: Error: 'ProfileCompletionRequest' isn't a type.
  Future<CompleteProfileResponse> completeProfile(ProfileCompletionRequest request) async {
                                                  ^^^^^^^^^^^^^^^^^^^^^^^^
test/mocks/mock_auth_api_service.dart:74:20: Error: The method 'CompleteProfileResponse' isn't defined for the type 
'MockAuthApiService'.
 - 'MockAuthApiService' is from 'test/mocks/mock_auth_api_service.dart'.
Try correcting the name to the name of an existing method, or defining a method named 'CompleteProfileResponse'.
      returnValue: CompleteProfileResponse(
                   ^^^^^^^^^^^^^^^^^^^^^^^
test/mocks/mock_auth_api_service.dart:77:15: Error: The method 'CompleteProfileResponseData' isn't defined for the 
type 'MockAuthApiService'.
 - 'MockAuthApiService' is from 'test/mocks/mock_auth_api_service.dart'.
Try correcting the name to the name of an existing method, or defining a method named 'CompleteProfileResponseData'.
        data: CompleteProfileResponseData(
              ^^^^^^^^^^^^^^^^^^^^^^^^^^^
test/mocks/mock_auth_api_service.dart:86:49: Error: 'CheckUserStateRequest' isn't a type.
  Future<CheckUserStateResponse> checkUserState(CheckUserStateRequest request) async {
                                                ^^^^^^^^^^^^^^^^^^^^^
test/mocks/mock_auth_api_service.dart:89:20: Error: The method 'CheckUserStateResponse' isn't defined for the type 
'MockAuthApiService'.
 - 'MockAuthApiService' is from 'test/mocks/mock_auth_api_service.dart'.
Try correcting the name to the name of an existing method, or defining a method named 'CheckUserStateResponse'.
      returnValue: CheckUserStateResponse(
                   ^^^^^^^^^^^^^^^^^^^^^^
test/mocks/mock_auth_api_service.dart:91:15: Error: The method 'CheckUserStateResponseData' isn't defined for the type 
'MockAuthApiService'.
 - 'MockAuthApiService' is from 'test/mocks/mock_auth_api_service.dart'.
Try correcting the name to the name of an existing method, or defining a method named 'CheckUserStateResponseData'.
        data: CheckUserStateResponseData(
              ^^^^^^^^^^^^^^^^^^^^^^^^^^
00:00 +0 -24: loading E:/1 - laravel/1 - LGBTinder/LGBTinder-flutter/test/ui/profile_completion_test.dart [E]
  Failed to load "E:/1 - laravel/1 - LGBTinder/LGBTinder-flutter/test/ui/profile_completion_test.dart":
  Compilation failed for testPath=E:/1 - laravel/1 - LGBTinder/LGBTinder-flutter/test/ui/profile_completion_test.dart: Error: Couldn't resolve the package 'lgbtinder' in 'package:lgbtinder/screens/auth/profile_completion_screen.dart'.
  Error: Couldn't resolve the package 'lgbtinder' in 'package:lgbtinder/providers/app_state_provider.dart'.
  Error: Couldn't resolve the package 'lgbtinder' in 'package:lgbtinder/services/api_services/reference_data_api_service.dart'.
  Error: Couldn't resolve the package 'lgbtinder' in 'package:lgbtinder/services/api_services/auth_api_service.dart'.
  Error: Couldn't resolve the package 'lgbtinder' in 'package:lgbtinder/models/api_models/reference_data_models.dart'.
  Error: Couldn't resolve the package 'lgbtinder' in 'package:lgbtinder/models/api_models/auth_models.dart'.
  test/ui/profile_completion_test.dart:5:8: Error: Not found: 'package:lgbtinder/screens/auth/profile_completion_screen.dart'
  import 'package:lgbtinder/screens/auth/profile_completion_screen.dart';
         ^
  test/ui/profile_completion_test.dart:6:8: Error: Not found: 'package:lgbtinder/providers/app_state_provider.dart'
  import 'package:lgbtinder/providers/app_state_provider.dart';
         ^
  test/ui/profile_completion_test.dart:7:8: Error: Not found: 'package:lgbtinder/services/api_services/reference_data_api_service.dart'
  import 'package:lgbtinder/services/api_services/reference_data_api_service.dart';
         ^
  test/ui/profile_completion_test.dart:8:8: Error: Not found: 'package:lgbtinder/services/api_services/auth_api_service.dart'
  import 'package:lgbtinder/services/api_services/auth_api_service.dart';
         ^
  test/ui/profile_completion_test.dart:9:8: Error: Not found: 'package:lgbtinder/models/api_models/reference_data_models.dart'
  import 'package:lgbtinder/models/api_models/reference_data_models.dart';
         ^
  test/ui/profile_completion_test.dart:10:8: Error: Not found: 'package:lgbtinder/models/api_models/auth_models.dart'
  import 'package:lgbtinder/models/api_models/auth_models.dart';
         ^
  test/ui/ui_test_utils.dart:5:8: Error: Not found: 'package:lgbtinder/providers/app_state_provider.dart'
  import 'package:lgbtinder/providers/app_state_provider.dart';
         ^
  Error: Couldn't resolve the package 'lgbtinder' in 'package:lgbtinder/providers/profile_state_provider.dart'.
  Error: Couldn't resolve the package 'lgbtinder' in 'package:lgbtinder/providers/matching_state_provider.dart'.
  Error: Couldn't resolve the package 'lgbtinder' in 'package:lgbtinder/providers/chat_state_provider.dart'.
  Error: Couldn't resolve the package 'lgbtinder' in 'package:lgbtinder/models/api_models/user_models.dart'.
  Error: Couldn't resolve the package 'lgbtinder' in 'package:lgbtinder/models/api_models/chat_models.dart'.
  test/ui/ui_test_utils.dart:11:8: Error: Not found: 'package:lgbtinder/models/api_models/reference_data_models.dart'
  import 'package:lgbtinder/models/api_models/reference_data_models.dart';
         ^
  Error: Couldn't resolve the package 'lgbtinder' in 'package:lgbtinder/models/user_state_models.dart'.
  test/mocks/mock_reference_data_api_service.dart:2:8: Error: Not found: 'package:lgbtinder/services/api_services/reference_data_api_service.dart'
  import 'package:lgbtinder/services/api_services/reference_data_api_service.dart';
         ^
  test/mocks/mock_reference_data_api_service.dart:3:8: Error: Not found: 'package:lgbtinder/models/api_models/reference_data_models.dart'
  import 'package:lgbtinder/models/api_models/reference_data_models.dart';
         ^
  test/mocks/mock_auth_api_service.dart:2:8: Error: Not found: 'package:lgbtinder/services/api_services/auth_api_service.dart'
  import 'package:lgbtinder/services/api_services/auth_api_service.dart';
         ^
  test/mocks/mock_auth_api_service.dart:3:8: Error: Not found: 'package:lgbtinder/models/api_models/auth_models.dart'
  import 'package:lgbtinder/models/api_models/auth_models.dart';
         ^
  test/ui/ui_test_utils.dart:6:8: Error: Not found: 'package:lgbtinder/providers/profile_state_provider.dart'
  import 'package:lgbtinder/providers/profile_state_provider.dart';
         ^
  test/ui/ui_test_utils.dart:7:8: Error: Not found: 'package:lgbtinder/providers/matching_state_provider.dart'
  import 'package:lgbtinder/providers/matching_state_provider.dart';
         ^
  test/ui/ui_test_utils.dart:8:8: Error: Not found: 'package:lgbtinder/providers/chat_state_provider.dart'
  import 'package:lgbtinder/providers/chat_state_provider.dart';
         ^
  test/ui/ui_test_utils.dart:9:8: Error: Not found: 'package:lgbtinder/models/api_models/user_models.dart'
  import 'package:lgbtinder/models/api_models/user_models.dart';
         ^
  test/ui/ui_test_utils.dart:10:8: Error: Not found: 'package:lgbtinder/models/api_models/chat_models.dart'
  import 'package:lgbtinder/models/api_models/chat_models.dart';
         ^
  test/ui/ui_test_utils.dart:12:8: Error: Not found: 'package:lgbtinder/models/user_state_models.dart'
  import 'package:lgbtinder/models/user_state_models.dart';
         ^
  test/ui/ui_test_utils.dart:24:10: Error: Type 'User' not found.
    static User get mockUser => User(
           ^^^^
  test/ui/ui_test_utils.dart:52:10: Error: Type 'User' not found.
    static User get mockUser2 => User(
           ^^^^
  test/ui/ui_test_utils.dart:80:15: Error: Type 'User' not found.
    static List<User> get mockUsers => [mockUser, mockUser2];
                ^^^^
  test/ui/ui_test_utils.dart:85:10: Error: Type 'MessageData' not found.
    static MessageData get mockMessage1 => MessageData(
           ^^^^^^^^^^^
  test/ui/ui_test_utils.dart:95:10: Error: Type 'MessageData' not found.
    static MessageData get mockMessage2 => MessageData(
           ^^^^^^^^^^^
  test/ui/ui_test_utils.dart:105:15: Error: Type 'MessageData' not found.
    static List<MessageData> get mockMessages => [mockMessage1, mockMessage2];
                ^^^^^^^^^^^
  test/ui/ui_test_utils.dart:110:15: Error: Type 'Country' not found.
    static List<Country> get mockCountries => [
                ^^^^^^^
  test/ui/ui_test_utils.dart:116:15: Error: Type 'City' not found.
    static List<City> get mockCities => [
                ^^^^
  test/ui/ui_test_utils.dart:122:15: Error: Type 'ReferenceDataItem' not found.
    static List<ReferenceDataItem> get mockGenders => [
                ^^^^^^^^^^^^^^^^^
  test/ui/ui_test_utils.dart:128:15: Error: Type 'ReferenceDataItem' not found.
    static List<ReferenceDataItem> get mockInterests => [
                ^^^^^^^^^^^^^^^^^
  test/ui/ui_test_utils.dart:135:15: Error: Type 'ReferenceDataItem' not found.
    static List<ReferenceDataItem> get mockPreferredGenders => [
                ^^^^^^^^^^^^^^^^^
  test/ui/ui_test_utils.dart:145:5: Error: Type 'AppStateProvider' not found.
      AppStateProvider? appStateProvider,
      ^^^^^^^^^^^^^^^^
  test/ui/ui_test_utils.dart:146:5: Error: Type 'ProfileStateProvider' not found.
      ProfileStateProvider? profileStateProvider,
      ^^^^^^^^^^^^^^^^^^^^
  test/ui/ui_test_utils.dart:147:5: Error: Type 'MatchingStateProvider' not found.
      MatchingStateProvider? matchingStateProvider,
      ^^^^^^^^^^^^^^^^^^^^^
  test/ui/ui_test_utils.dart:148:5: Error: Type 'ChatStateProvider' not found.
      ChatStateProvider? chatStateProvider,
      ^^^^^^^^^^^^^^^^^
  test/ui/ui_test_utils.dart:178:41: Error: Type 'AppStateProvider' not found.
    static void setupMockAppStateProvider(AppStateProvider mockProvider) {
                                          ^^^^^^^^^^^^^^^^
  test/ui/ui_test_utils.dart:192:45: Error: Type 'ProfileStateProvider' not found.
    static void setupMockProfileStateProvider(ProfileStateProvider mockProvider) {
                                              ^^^^^^^^^^^^^^^^^^^^
  test/ui/ui_test_utils.dart:198:46: Error: Type 'MatchingStateProvider' not found.
    static void setupMockMatchingStateProvider(MatchingStateProvider mockProvider) {
                                               ^^^^^^^^^^^^^^^^^^^^^
  test/ui/ui_test_utils.dart:205:42: Error: Type 'ChatStateProvider' not found.
    static void setupMockChatStateProvider(ChatStateProvider mockProvider) {
                                           ^^^^^^^^^^^^^^^^^
  test/mocks/mock_reference_data_api_service.dart:5:59: Error: Type 'ReferenceDataApiService' not found.
  class MockReferenceDataApiService extends Mock implements ReferenceDataApiService {
                                                            ^^^^^^^^^^^^^^^^^^^^^^^
  test/mocks/mock_reference_data_api_service.dart:7:32: Error: Type 'Country' not found.
    Future<ReferenceDataResponse<Country>> getCountries() async {
                                 ^^^^^^^
  test/mocks/mock_reference_data_api_service.dart:7:10: Error: Type 'ReferenceDataResponse' not found.
    Future<ReferenceDataResponse<Country>> getCountries() async {
           ^^^^^^^^^^^^^^^^^^^^^
  test/mocks/mock_reference_data_api_service.dart:18:32: Error: Type 'City' not found.
    Future<ReferenceDataResponse<City>> getCities(int countryId) async {
                                 ^^^^
  test/mocks/mock_reference_data_api_service.dart:18:10: Error: Type 'ReferenceDataResponse' not found.
    Future<ReferenceDataResponse<City>> getCities(int countryId) async {
           ^^^^^^^^^^^^^^^^^^^^^
  test/mocks/mock_reference_data_api_service.dart:29:32: Error: Type 'ReferenceDataItem' not found.
    Future<ReferenceDataResponse<ReferenceDataItem>> getGenders() async {
                                 ^^^^^^^^^^^^^^^^^
  test/mocks/mock_reference_data_api_service.dart:29:10: Error: Type 'ReferenceDataResponse' not found.
    Future<ReferenceDataResponse<ReferenceDataItem>> getGenders() async {
           ^^^^^^^^^^^^^^^^^^^^^
  test/mocks/mock_reference_data_api_service.dart:40:32: Error: Type 'ReferenceDataItem' not found.
    Future<ReferenceDataResponse<ReferenceDataItem>> getJobs() async {
                                 ^^^^^^^^^^^^^^^^^
  test/mocks/mock_reference_data_api_service.dart:40:10: Error: Type 'ReferenceDataResponse' not found.
    Future<ReferenceDataResponse<ReferenceDataItem>> getJobs() async {
           ^^^^^^^^^^^^^^^^^^^^^
  test/mocks/mock_reference_data_api_service.dart:51:32: Error: Type 'ReferenceDataItem' not found.
    Future<ReferenceDataResponse<ReferenceDataItem>> getEducation() async {
                                 ^^^^^^^^^^^^^^^^^
  test/mocks/mock_reference_data_api_service.dart:51:10: Error: Type 'ReferenceDataResponse' not found.
    Future<ReferenceDataResponse<ReferenceDataItem>> getEducation() async {
           ^^^^^^^^^^^^^^^^^^^^^
  test/mocks/mock_reference_data_api_service.dart:62:32: Error: Type 'ReferenceDataItem' not found.
    Future<ReferenceDataResponse<ReferenceDataItem>> getInterests() async {
                                 ^^^^^^^^^^^^^^^^^
  test/mocks/mock_reference_data_api_service.dart:62:10: Error: Type 'ReferenceDataResponse' not found.
    Future<ReferenceDataResponse<ReferenceDataItem>> getInterests() async {
           ^^^^^^^^^^^^^^^^^^^^^
  test/mocks/mock_reference_data_api_service.dart:73:32: Error: Type 'ReferenceDataItem' not found.
    Future<ReferenceDataResponse<ReferenceDataItem>> getLanguages() async {
                                 ^^^^^^^^^^^^^^^^^
  test/mocks/mock_reference_data_api_service.dart:73:10: Error: Type 'ReferenceDataResponse' not found.
    Future<ReferenceDataResponse<ReferenceDataItem>> getLanguages() async {
           ^^^^^^^^^^^^^^^^^^^^^
  test/mocks/mock_reference_data_api_service.dart:84:32: Error: Type 'ReferenceDataItem' not found.
    Future<ReferenceDataResponse<ReferenceDataItem>> getMusicGenres() async {
                                 ^^^^^^^^^^^^^^^^^
  test/mocks/mock_reference_data_api_service.dart:84:10: Error: Type 'ReferenceDataResponse' not found.
    Future<ReferenceDataResponse<ReferenceDataItem>> getMusicGenres() async {
           ^^^^^^^^^^^^^^^^^^^^^
  test/mocks/mock_reference_data_api_service.dart:95:32: Error: Type 'ReferenceDataItem' not found.
    Future<ReferenceDataResponse<ReferenceDataItem>> getRelationGoals() async {
                                 ^^^^^^^^^^^^^^^^^
  test/mocks/mock_reference_data_api_service.dart:95:10: Error: Type 'ReferenceDataResponse' not found.
    Future<ReferenceDataResponse<ReferenceDataItem>> getRelationGoals() async {
           ^^^^^^^^^^^^^^^^^^^^^
  test/mocks/mock_reference_data_api_service.dart:106:32: Error: Type 'ReferenceDataItem' not found.
    Future<ReferenceDataResponse<ReferenceDataItem>> getPreferredGenders() async {
                                 ^^^^^^^^^^^^^^^^^
  test/mocks/mock_reference_data_api_service.dart:106:10: Error: Type 'ReferenceDataResponse' not found.
    Future<ReferenceDataResponse<ReferenceDataItem>> getPreferredGenders() async {
           ^^^^^^^^^^^^^^^^^^^^^
  test/mocks/mock_auth_api_service.dart:5:50: Error: Type 'AuthApiService' not found.
  class MockAuthApiService extends Mock implements AuthApiService {
                                                   ^^^^^^^^^^^^^^
  test/mocks/mock_auth_api_service.dart:7:10: Error: Type 'AuthResponse' not found.
    Future<AuthResponse> login(AuthRequest request) async {
           ^^^^^^^^^^^^
  test/mocks/mock_auth_api_service.dart:7:30: Error: Type 'AuthRequest' not found.
    Future<AuthResponse> login(AuthRequest request) async {
                               ^^^^^^^^^^^
  test/mocks/mock_auth_api_service.dart:23:10: Error: Type 'RegisterResponse' not found.
    Future<RegisterResponse> register(RegisterRequest request) async {
           ^^^^^^^^^^^^^^^^
  test/mocks/mock_auth_api_service.dart:23:37: Error: Type 'RegisterRequest' not found.
    Future<RegisterResponse> register(RegisterRequest request) async {
                                      ^^^^^^^^^^^^^^^
  test/mocks/mock_auth_api_service.dart:39:10: Error: Type 'VerifyEmailResponse' not found.
    Future<VerifyEmailResponse> verifyEmail(VerifyEmailRequest request) async {
           ^^^^^^^^^^^^^^^^^^^
  test/mocks/mock_auth_api_service.dart:39:43: Error: Type 'VerifyEmailRequest' not found.
    Future<VerifyEmailResponse> verifyEmail(VerifyEmailRequest request) async {
                                            ^^^^^^^^^^^^^^^^^^
  test/mocks/mock_auth_api_service.dart:55:10: Error: Type 'VerificationResponse' not found.
    Future<VerificationResponse> sendVerificationCode(VerificationRequest request) async {
           ^^^^^^^^^^^^^^^^^^^^
  test/mocks/mock_auth_api_service.dart:55:53: Error: Type 'VerificationRequest' not found.
    Future<VerificationResponse> sendVerificationCode(VerificationRequest request) async {
                                                      ^^^^^^^^^^^^^^^^^^^
  test/mocks/mock_auth_api_service.dart:71:10: Error: Type 'CompleteProfileResponse' not found.
    Future<CompleteProfileResponse> completeProfile(ProfileCompletionRequest request) async {
           ^^^^^^^^^^^^^^^^^^^^^^^
  test/mocks/mock_auth_api_service.dart:71:51: Error: Type 'ProfileCompletionRequest' not found.
    Future<CompleteProfileResponse> completeProfile(ProfileCompletionRequest request) async {
                                                    ^^^^^^^^^^^^^^^^^^^^^^^^
  test/mocks/mock_auth_api_service.dart:86:10: Error: Type 'CheckUserStateResponse' not found.
    Future<CheckUserStateResponse> checkUserState(CheckUserStateRequest request) async {
           ^^^^^^^^^^^^^^^^^^^^^^
  test/mocks/mock_auth_api_service.dart:86:49: Error: Type 'CheckUserStateRequest' not found.
    Future<CheckUserStateResponse> checkUserState(CheckUserStateRequest request) async {
                                                  ^^^^^^^^^^^^^^^^^^^^^
  test/ui/profile_completion_test.dart:16:42: Error: Undefined name 'AuthApiService'.
  @GenerateMocks([ReferenceDataApiService, AuthApiService])
                                           ^^^^^^^^^^^^^^
  test/ui/profile_completion_test.dart:16:17: Error: Undefined name 'ReferenceDataApiService'.
  @GenerateMocks([ReferenceDataApiService, AuthApiService])
                  ^^^^^^^^^^^^^^^^^^^^^^^
  /C:/Users/Abolfazl/AppData/Local/Temp/flutter_tools.3bbc4712/flutter_test_listener.943d2018/listener.dart:21:21: Error: Undefined name 'main'.
    await Future(test.main);
                      ^^^^
  test/ui/profile_completion_test.dart:21:10: Error: 'AppStateProvider' isn't a type.
      late AppStateProvider appStateProvider;
           ^^^^^^^^^^^^^^^^
  test/ui/profile_completion_test.dart:26:26: Error: Method not found: 'AppStateProvider'.
        appStateProvider = AppStateProvider();
                           ^^^^^^^^^^^^^^^^
  test/ui/profile_completion_test.dart:30:9: Error: Method not found: 'ReferenceDataResponse'.
          ReferenceDataResponse(
          ^^^^^^^^^^^^^^^^^^^^^
  test/ui/profile_completion_test.dart:36:9: Error: Method not found: 'ReferenceDataResponse'.
          ReferenceDataResponse(
          ^^^^^^^^^^^^^^^^^^^^^
  test/ui/profile_completion_test.dart:42:9: Error: Method not found: 'ReferenceDataResponse'.
          ReferenceDataResponse(
          ^^^^^^^^^^^^^^^^^^^^^
  test/ui/profile_completion_test.dart:48:9: Error: Method not found: 'ReferenceDataResponse'.
          ReferenceDataResponse(
          ^^^^^^^^^^^^^^^^^^^^^
  test/ui/profile_completion_test.dart:54:9: Error: Method not found: 'ReferenceDataResponse'.
          ReferenceDataResponse(
          ^^^^^^^^^^^^^^^^^^^^^
  test/ui/profile_completion_test.dart:65:26: Error: Couldn't find constructor 'ProfileCompletionScreen'.
              child: const ProfileCompletionScreen(userId: 1),
                           ^^^^^^^^^^^^^^^^^^^^^^^
  test/ui/profile_completion_test.dart:89:26: Error: Couldn't find constructor 'ProfileCompletionScreen'.
              child: const ProfileCompletionScreen(userId: 1),
                           ^^^^^^^^^^^^^^^^^^^^^^^
  test/ui/profile_completion_test.dart:115:26: Error: Couldn't find constructor 'ProfileCompletionScreen'.
              child: const ProfileCompletionScreen(userId: 1),
                           ^^^^^^^^^^^^^^^^^^^^^^^
  test/ui/profile_completion_test.dart:144:26: Error: Couldn't find constructor 'ProfileCompletionScreen'.
              child: const ProfileCompletionScreen(userId: 1),
                           ^^^^^^^^^^^^^^^^^^^^^^^
  test/ui/profile_completion_test.dart:167:26: Error: Couldn't find constructor 'ProfileCompletionScreen'.
              child: const ProfileCompletionScreen(userId: 1),
                           ^^^^^^^^^^^^^^^^^^^^^^^
  test/ui/profile_completion_test.dart:186:26: Error: Couldn't find constructor 'ProfileCompletionScreen'.
              child: const ProfileCompletionScreen(userId: 1),
                           ^^^^^^^^^^^^^^^^^^^^^^^
  test/ui/profile_completion_test.dart:211:26: Error: Couldn't find constructor 'ProfileCompletionScreen'.
              child: const ProfileCompletionScreen(userId: 1),
                           ^^^^^^^^^^^^^^^^^^^^^^^
  test/ui/profile_completion_test.dart:238:26: Error: Couldn't find constructor 'ProfileCompletionScreen'.
              child: const ProfileCompletionScreen(userId: 1),
                           ^^^^^^^^^^^^^^^^^^^^^^^
  test/ui/profile_completion_test.dart:262:26: Error: Couldn't find constructor 'ProfileCompletionScreen'.
              child: const ProfileCompletionScreen(userId: 1),
                           ^^^^^^^^^^^^^^^^^^^^^^^
  test/ui/profile_completion_test.dart:290:26: Error: Couldn't find constructor 'ProfileCompletionScreen'.
              child: const ProfileCompletionScreen(userId: 1),
                           ^^^^^^^^^^^^^^^^^^^^^^^
  test/ui/profile_completion_test.dart:317:19: Error: Method not found: 'CompleteProfileResponseData'.
              data: CompleteProfileResponseData(
                    ^^^^^^^^^^^^^^^^^^^^^^^^^^^
  test/ui/profile_completion_test.dart:314:11: Error: Method not found: 'CompleteProfileResponse'.
            CompleteProfileResponse(
            ^^^^^^^^^^^^^^^^^^^^^^^
  test/ui/profile_completion_test.dart:326:26: Error: Couldn't find constructor 'ProfileCompletionScreen'.
              child: const ProfileCompletionScreen(userId: 1),
                           ^^^^^^^^^^^^^^^^^^^^^^^
  test/ui/profile_completion_test.dart:357:19: Error: Method not found: 'CompleteProfileResponseData'.
              data: CompleteProfileResponseData(
                    ^^^^^^^^^^^^^^^^^^^^^^^^^^^
  test/ui/profile_completion_test.dart:354:11: Error: Method not found: 'CompleteProfileResponse'.
            CompleteProfileResponse(
            ^^^^^^^^^^^^^^^^^^^^^^^
  test/ui/profile_completion_test.dart:366:26: Error: Couldn't find constructor 'ProfileCompletionScreen'.
              child: const ProfileCompletionScreen(userId: 1),
                           ^^^^^^^^^^^^^^^^^^^^^^^
  test/ui/profile_completion_test.dart:399:26: Error: Couldn't find constructor 'ProfileCompletionScreen'.
              child: const ProfileCompletionScreen(userId: 1),
                           ^^^^^^^^^^^^^^^^^^^^^^^
  test/ui/profile_completion_test.dart:429:26: Error: Couldn't find constructor 'ProfileCompletionScreen'.
              child: const ProfileCompletionScreen(userId: 1),
                           ^^^^^^^^^^^^^^^^^^^^^^^
  test/ui/profile_completion_test.dart:452:26: Error: Couldn't find constructor 'ProfileCompletionScreen'.
              child: const ProfileCompletionScreen(userId: 1),
                           ^^^^^^^^^^^^^^^^^^^^^^^
  test/ui/profile_completion_test.dart:468:26: Error: Couldn't find constructor 'ProfileCompletionScreen'.
              child: const ProfileCompletionScreen(userId: 1),
                           ^^^^^^^^^^^^^^^^^^^^^^^
  test/ui/profile_completion_test.dart:488:26: Error: Couldn't find constructor 'ProfileCompletionScreen'.
              child: const ProfileCompletionScreen(userId: 1),
                           ^^^^^^^^^^^^^^^^^^^^^^^
  test/ui/profile_completion_test.dart:503:26: Error: Couldn't find constructor 'ProfileCompletionScreen'.
              child: const ProfileCompletionScreen(userId: 1),
                           ^^^^^^^^^^^^^^^^^^^^^^^
  test/ui/profile_completion_test.dart:35:50: Error: The argument type 'Null' can't be assigned to the parameter type 'int'.
        when(mockReferenceDataApiService.getCities(any)).thenAnswer((_) async => 
                                                   ^
  test/ui/ui_test_utils.dart:24:31: Error: Method not found: 'User'.
    static User get mockUser => User(
                                ^^^^
  test/ui/ui_test_utils.dart:52:32: Error: Method not found: 'User'.
    static User get mockUser2 => User(
                                 ^^^^
  test/ui/ui_test_utils.dart:90:18: Error: Undefined name 'MessageType'.
      messageType: MessageType.text,
                   ^^^^^^^^^^^
  test/ui/ui_test_utils.dart:85:42: Error: Method not found: 'MessageData'.
    static MessageData get mockMessage1 => MessageData(
                                           ^^^^^^^^^^^
  test/ui/ui_test_utils.dart:100:18: Error: Undefined name 'MessageType'.
      messageType: MessageType.text,
                   ^^^^^^^^^^^
  test/ui/ui_test_utils.dart:95:42: Error: Method not found: 'MessageData'.
    static MessageData get mockMessage2 => MessageData(
                                           ^^^^^^^^^^^
  test/ui/ui_test_utils.dart:111:5: Error: Method not found: 'Country'.
      Country(id: 1, name: 'United States', code: 'US'),
      ^^^^^^^
  test/ui/ui_test_utils.dart:112:5: Error: Method not found: 'Country'.
      Country(id: 2, name: 'Canada', code: 'CA'),
      ^^^^^^^
  test/ui/ui_test_utils.dart:113:5: Error: Method not found: 'Country'.
      Country(id: 3, name: 'United Kingdom', code: 'GB'),
      ^^^^^^^
  test/ui/ui_test_utils.dart:117:5: Error: Method not found: 'City'.
      City(id: 1, name: 'New York', countryId: 1),
      ^^^^
  test/ui/ui_test_utils.dart:118:5: Error: Method not found: 'City'.
      City(id: 2, name: 'Los Angeles', countryId: 1),
      ^^^^
  test/ui/ui_test_utils.dart:119:5: Error: Method not found: 'City'.
      City(id: 3, name: 'Toronto', countryId: 2),
      ^^^^
  test/ui/ui_test_utils.dart:123:5: Error: Method not found: 'ReferenceDataItem'.
      ReferenceDataItem(id: 1, name: 'Male'),
      ^^^^^^^^^^^^^^^^^
  test/ui/ui_test_utils.dart:124:5: Error: Method not found: 'ReferenceDataItem'.
      ReferenceDataItem(id: 2, name: 'Female'),
      ^^^^^^^^^^^^^^^^^
  test/ui/ui_test_utils.dart:125:5: Error: Method not found: 'ReferenceDataItem'.
      ReferenceDataItem(id: 3, name: 'Non-binary'),
      ^^^^^^^^^^^^^^^^^
  test/ui/ui_test_utils.dart:129:5: Error: Method not found: 'ReferenceDataItem'.
      ReferenceDataItem(id: 1, name: 'Music'),
      ^^^^^^^^^^^^^^^^^
  test/ui/ui_test_utils.dart:130:5: Error: Method not found: 'ReferenceDataItem'.
      ReferenceDataItem(id: 2, name: 'Sports'),
      ^^^^^^^^^^^^^^^^^
  test/ui/ui_test_utils.dart:131:5: Error: Method not found: 'ReferenceDataItem'.
      ReferenceDataItem(id: 3, name: 'Travel'),
      ^^^^^^^^^^^^^^^^^
  test/ui/ui_test_utils.dart:132:5: Error: Method not found: 'ReferenceDataItem'.
      ReferenceDataItem(id: 4, name: 'Photography'),
      ^^^^^^^^^^^^^^^^^
  test/ui/ui_test_utils.dart:136:5: Error: Method not found: 'ReferenceDataItem'.
      ReferenceDataItem(id: 1, name: 'Female'),
      ^^^^^^^^^^^^^^^^^
  test/ui/ui_test_utils.dart:137:5: Error: Method not found: 'ReferenceDataItem'.
      ReferenceDataItem(id: 2, name: 'Non-binary'),
      ^^^^^^^^^^^^^^^^^
  test/ui/ui_test_utils.dart:145:5: Error: 'AppStateProvider' isn't a type.
      AppStateProvider? appStateProvider,
      ^^^^^^^^^^^^^^^^
  test/ui/ui_test_utils.dart:146:5: Error: 'ProfileStateProvider' isn't a type.
      ProfileStateProvider? profileStateProvider,
      ^^^^^^^^^^^^^^^^^^^^
  test/ui/ui_test_utils.dart:147:5: Error: 'MatchingStateProvider' isn't a type.
      MatchingStateProvider? matchingStateProvider,
      ^^^^^^^^^^^^^^^^^^^^^
  test/ui/ui_test_utils.dart:148:5: Error: 'ChatStateProvider' isn't a type.
      ChatStateProvider? chatStateProvider,
      ^^^^^^^^^^^^^^^^^
  test/ui/ui_test_utils.dart:153:44: Error: 'AppStateProvider' isn't a type.
        providers.add(ChangeNotifierProvider<AppStateProvider>.value(value: appStateProvider));
                                             ^^^^^^^^^^^^^^^^
  test/ui/ui_test_utils.dart:157:44: Error: 'ProfileStateProvider' isn't a type.
        providers.add(ChangeNotifierProvider<ProfileStateProvider>.value(value: profileStateProvider));
                                             ^^^^^^^^^^^^^^^^^^^^
  test/ui/ui_test_utils.dart:161:44: Error: 'MatchingStateProvider' isn't a type.
        providers.add(ChangeNotifierProvider<MatchingStateProvider>.value(value: matchingStateProvider));
                                             ^^^^^^^^^^^^^^^^^^^^^
  test/ui/ui_test_utils.dart:165:44: Error: 'ChatStateProvider' isn't a type.
        providers.add(ChangeNotifierProvider<ChatStateProvider>.value(value: chatStateProvider));
                                             ^^^^^^^^^^^^^^^^^
  test/ui/ui_test_utils.dart:178:41: Error: 'AppStateProvider' isn't a type.
    static void setupMockAppStateProvider(AppStateProvider mockProvider) {
                                          ^^^^^^^^^^^^^^^^
  test/ui/ui_test_utils.dart:187:60: Error: The getter 'countryId' isn't defined for the type 'Object?'.
   - 'Object' is from 'dart:core'.
  Try correcting the name to the name of an existing getter, or defining a getter or field named 'countryId'.
        1: MockReferenceData.mockCities.where((city) => city.countryId == 1).toList(),
                                                             ^^^^^^^^^
  test/ui/ui_test_utils.dart:188:60: Error: The getter 'countryId' isn't defined for the type 'Object?'.
   - 'Object' is from 'dart:core'.
  Try correcting the name to the name of an existing getter, or defining a getter or field named 'countryId'.
        2: MockReferenceData.mockCities.where((city) => city.countryId == 2).toList(),
                                                             ^^^^^^^^^
  test/ui/ui_test_utils.dart:192:45: Error: 'ProfileStateProvider' isn't a type.
    static void setupMockProfileStateProvider(ProfileStateProvider mockProvider) {
                                              ^^^^^^^^^^^^^^^^^^^^
  test/ui/ui_test_utils.dart:198:46: Error: 'MatchingStateProvider' isn't a type.
    static void setupMockMatchingStateProvider(MatchingStateProvider mockProvider) {
                                               ^^^^^^^^^^^^^^^^^^^^^
  test/ui/ui_test_utils.dart:205:42: Error: 'ChatStateProvider' isn't a type.
    static void setupMockChatStateProvider(ChatStateProvider mockProvider) {
                                           ^^^^^^^^^^^^^^^^^
  test/ui/ui_test_utils.dart:241:26: Error: 'DatePicker' isn't a type.
      while (tester.widget<DatePicker>(find.byType(DatePicker)).initialDate.year != date.year) {
                           ^^^^^^^^^^
  test/ui/ui_test_utils.dart:241:50: Error: Undefined name 'DatePicker'.
      while (tester.widget<DatePicker>(find.byType(DatePicker)).initialDate.year != date.year) {
                                                   ^^^^^^^^^^
  test/ui/ui_test_utils.dart:242:25: Error: 'DatePicker' isn't a type.
        if (tester.widget<DatePicker>(find.byType(DatePicker)).initialDate.year < date.year) {
                          ^^^^^^^^^^
  test/ui/ui_test_utils.dart:242:49: Error: Undefined name 'DatePicker'.
        if (tester.widget<DatePicker>(find.byType(DatePicker)).initialDate.year < date.year) {
                                                  ^^^^^^^^^^
  test/ui/ui_test_utils.dart:251:26: Error: 'DatePicker' isn't a type.
      while (tester.widget<DatePicker>(find.byType(DatePicker)).initialDate.month != date.month) {
                           ^^^^^^^^^^
  test/ui/ui_test_utils.dart:251:50: Error: Undefined name 'DatePicker'.
      while (tester.widget<DatePicker>(find.byType(DatePicker)).initialDate.month != date.month) {
                                                   ^^^^^^^^^^
  test/ui/ui_test_utils.dart:252:25: Error: 'DatePicker' isn't a type.
        if (tester.widget<DatePicker>(find.byType(DatePicker)).initialDate.month < date.month) {
                          ^^^^^^^^^^
  test/ui/ui_test_utils.dart:252:49: Error: Undefined name 'DatePicker'.
        if (tester.widget<DatePicker>(find.byType(DatePicker)).initialDate.month < date.month) {
                                                  ^^^^^^^^^^
  test/ui/ui_test_utils.dart:284:11: Error: Method not found: 'TimeoutException'.
      throw TimeoutException('Widget not found within timeout', timeout);
            ^^^^^^^^^^^^^^^^
  test/mocks/mock_reference_data_api_service.dart:10:42: Error: 'Country' isn't a type.
        returnValue: ReferenceDataResponse<Country>(
                                           ^^^^^^^
  test/mocks/mock_reference_data_api_service.dart:10:20: Error: The method 'ReferenceDataResponse' isn't defined for the type 'MockReferenceDataApiService'.
   - 'MockReferenceDataApiService' is from 'test/mocks/mock_reference_data_api_service.dart'.
  Try correcting the name to the name of an existing method, or defining a method named 'ReferenceDataResponse'.
        returnValue: ReferenceDataResponse<Country>(
                     ^^^^^^^^^^^^^^^^^^^^^
  test/mocks/mock_reference_data_api_service.dart:21:42: Error: 'City' isn't a type.
        returnValue: ReferenceDataResponse<City>(
                                           ^^^^
  test/mocks/mock_reference_data_api_service.dart:21:20: Error: The method 'ReferenceDataResponse' isn't defined for the type 'MockReferenceDataApiService'.
   - 'MockReferenceDataApiService' is from 'test/mocks/mock_reference_data_api_service.dart'.
  Try correcting the name to the name of an existing method, or defining a method named 'ReferenceDataResponse'.
        returnValue: ReferenceDataResponse<City>(
                     ^^^^^^^^^^^^^^^^^^^^^
  test/mocks/mock_reference_data_api_service.dart:32:42: Error: 'ReferenceDataItem' isn't a type.
        returnValue: ReferenceDataResponse<ReferenceDataItem>(
                                           ^^^^^^^^^^^^^^^^^
  test/mocks/mock_reference_data_api_service.dart:32:20: Error: The method 'ReferenceDataResponse' isn't defined for the type 'MockReferenceDataApiService'.
   - 'MockReferenceDataApiService' is from 'test/mocks/mock_reference_data_api_service.dart'.
  Try correcting the name to the name of an existing method, or defining a method named 'ReferenceDataResponse'.
        returnValue: ReferenceDataResponse<ReferenceDataItem>(
                     ^^^^^^^^^^^^^^^^^^^^^
  test/mocks/mock_reference_data_api_service.dart:43:42: Error: 'ReferenceDataItem' isn't a type.
        returnValue: ReferenceDataResponse<ReferenceDataItem>(
                                           ^^^^^^^^^^^^^^^^^
  test/mocks/mock_reference_data_api_service.dart:43:20: Error: The method 'ReferenceDataResponse' isn't defined for the type 'MockReferenceDataApiService'.
   - 'MockReferenceDataApiService' is from 'test/mocks/mock_reference_data_api_service.dart'.
  Try correcting the name to the name of an existing method, or defining a method named 'ReferenceDataResponse'.
        returnValue: ReferenceDataResponse<ReferenceDataItem>(
                     ^^^^^^^^^^^^^^^^^^^^^
  test/mocks/mock_reference_data_api_service.dart:54:42: Error: 'ReferenceDataItem' isn't a type.
        returnValue: ReferenceDataResponse<ReferenceDataItem>(
                                           ^^^^^^^^^^^^^^^^^
  test/mocks/mock_reference_data_api_service.dart:54:20: Error: The method 'ReferenceDataResponse' isn't defined for the type 'MockReferenceDataApiService'.
   - 'MockReferenceDataApiService' is from 'test/mocks/mock_reference_data_api_service.dart'.
  Try correcting the name to the name of an existing method, or defining a method named 'ReferenceDataResponse'.
        returnValue: ReferenceDataResponse<ReferenceDataItem>(
                     ^^^^^^^^^^^^^^^^^^^^^
  test/mocks/mock_reference_data_api_service.dart:65:42: Error: 'ReferenceDataItem' isn't a type.
        returnValue: ReferenceDataResponse<ReferenceDataItem>(
                                           ^^^^^^^^^^^^^^^^^
  test/mocks/mock_reference_data_api_service.dart:65:20: Error: The method 'ReferenceDataResponse' isn't defined for the type 'MockReferenceDataApiService'.
   - 'MockReferenceDataApiService' is from 'test/mocks/mock_reference_data_api_service.dart'.
  Try correcting the name to the name of an existing method, or defining a method named 'ReferenceDataResponse'.
        returnValue: ReferenceDataResponse<ReferenceDataItem>(
                     ^^^^^^^^^^^^^^^^^^^^^
  test/mocks/mock_reference_data_api_service.dart:76:42: Error: 'ReferenceDataItem' isn't a type.
        returnValue: ReferenceDataResponse<ReferenceDataItem>(
                                           ^^^^^^^^^^^^^^^^^
  test/mocks/mock_reference_data_api_service.dart:76:20: Error: The method 'ReferenceDataResponse' isn't defined for the type 'MockReferenceDataApiService'.
   - 'MockReferenceDataApiService' is from 'test/mocks/mock_reference_data_api_service.dart'.
  Try correcting the name to the name of an existing method, or defining a method named 'ReferenceDataResponse'.
        returnValue: ReferenceDataResponse<ReferenceDataItem>(
                     ^^^^^^^^^^^^^^^^^^^^^
  test/mocks/mock_reference_data_api_service.dart:87:42: Error: 'ReferenceDataItem' isn't a type.
        returnValue: ReferenceDataResponse<ReferenceDataItem>(
                                           ^^^^^^^^^^^^^^^^^
  test/mocks/mock_reference_data_api_service.dart:87:20: Error: The method 'ReferenceDataResponse' isn't defined for the type 'MockReferenceDataApiService'.
   - 'MockReferenceDataApiService' is from 'test/mocks/mock_reference_data_api_service.dart'.
  Try correcting the name to the name of an existing method, or defining a method named 'ReferenceDataResponse'.
        returnValue: ReferenceDataResponse<ReferenceDataItem>(
                     ^^^^^^^^^^^^^^^^^^^^^
  test/mocks/mock_reference_data_api_service.dart:98:42: Error: 'ReferenceDataItem' isn't a type.
        returnValue: ReferenceDataResponse<ReferenceDataItem>(
                                           ^^^^^^^^^^^^^^^^^
  test/mocks/mock_reference_data_api_service.dart:98:20: Error: The method 'ReferenceDataResponse' isn't defined for the type 'MockReferenceDataApiService'.
   - 'MockReferenceDataApiService' is from 'test/mocks/mock_reference_data_api_service.dart'.
  Try correcting the name to the name of an existing method, or defining a method named 'ReferenceDataResponse'.
        returnValue: ReferenceDataResponse<ReferenceDataItem>(
                     ^^^^^^^^^^^^^^^^^^^^^
  test/mocks/mock_reference_data_api_service.dart:109:42: Error: 'ReferenceDataItem' isn't a type.
        returnValue: ReferenceDataResponse<ReferenceDataItem>(
                                           ^^^^^^^^^^^^^^^^^
  test/mocks/mock_reference_data_api_service.dart:109:20: Error: The method 'ReferenceDataResponse' isn't defined for the type 'MockReferenceDataApiService'.
   - 'MockReferenceDataApiService' is from 'test/mocks/mock_reference_data_api_service.dart'.
  Try correcting the name to the name of an existing method, or defining a method named 'ReferenceDataResponse'.
        returnValue: ReferenceDataResponse<ReferenceDataItem>(
                     ^^^^^^^^^^^^^^^^^^^^^
  test/mocks/mock_auth_api_service.dart:7:30: Error: 'AuthRequest' isn't a type.
    Future<AuthResponse> login(AuthRequest request) async {
                               ^^^^^^^^^^^
  test/mocks/mock_auth_api_service.dart:10:20: Error: The method 'AuthResponse' isn't defined for the type 'MockAuthApiService'.
   - 'MockAuthApiService' is from 'test/mocks/mock_auth_api_service.dart'.
  Try correcting the name to the name of an existing method, or defining a method named 'AuthResponse'.
        returnValue: AuthResponse(
                     ^^^^^^^^^^^^
  test/mocks/mock_auth_api_service.dart:13:15: Error: The method 'AuthResult' isn't defined for the type 'MockAuthApiService'.
   - 'MockAuthApiService' is from 'test/mocks/mock_auth_api_service.dart'.
  Try correcting the name to the name of an existing method, or defining a method named 'AuthResult'.
          data: AuthResult(
                ^^^^^^^^^^
  test/mocks/mock_auth_api_service.dart:23:37: Error: 'RegisterRequest' isn't a type.
    Future<RegisterResponse> register(RegisterRequest request) async {
                                      ^^^^^^^^^^^^^^^
  test/mocks/mock_auth_api_service.dart:26:20: Error: The method 'RegisterResponse' isn't defined for the type 'MockAuthApiService'.
   - 'MockAuthApiService' is from 'test/mocks/mock_auth_api_service.dart'.
  Try correcting the name to the name of an existing method, or defining a method named 'RegisterResponse'.
        returnValue: RegisterResponse(
                     ^^^^^^^^^^^^^^^^
  test/mocks/mock_auth_api_service.dart:29:15: Error: The method 'RegisterResponseData' isn't defined for the type 'MockAuthApiService'.
   - 'MockAuthApiService' is from 'test/mocks/mock_auth_api_service.dart'.
  Try correcting the name to the name of an existing method, or defining a method named 'RegisterResponseData'.
          data: RegisterResponseData(
                ^^^^^^^^^^^^^^^^^^^^
  test/mocks/mock_auth_api_service.dart:39:43: Error: 'VerifyEmailRequest' isn't a type.
    Future<VerifyEmailResponse> verifyEmail(VerifyEmailRequest request) async {
                                            ^^^^^^^^^^^^^^^^^^
  test/mocks/mock_auth_api_service.dart:42:20: Error: The method 'VerifyEmailResponse' isn't defined for the type 'MockAuthApiService'.
   - 'MockAuthApiService' is from 'test/mocks/mock_auth_api_service.dart'.
  Try correcting the name to the name of an existing method, or defining a method named 'VerifyEmailResponse'.
        returnValue: VerifyEmailResponse(
                     ^^^^^^^^^^^^^^^^^^^
  test/mocks/mock_auth_api_service.dart:45:15: Error: The method 'VerifyEmailResponseData' isn't defined for the type 'MockAuthApiService'.
   - 'MockAuthApiService' is from 'test/mocks/mock_auth_api_service.dart'.
  Try correcting the name to the name of an existing method, or defining a method named 'VerifyEmailResponseData'.
          data: VerifyEmailResponseData(
                ^^^^^^^^^^^^^^^^^^^^^^^
  test/mocks/mock_auth_api_service.dart:55:53: Error: 'VerificationRequest' isn't a type.
    Future<VerificationResponse> sendVerificationCode(VerificationRequest request) async {
                                                      ^^^^^^^^^^^^^^^^^^^
  test/mocks/mock_auth_api_service.dart:58:20: Error: The method 'VerificationResponse' isn't defined for the type 'MockAuthApiService'.
   - 'MockAuthApiService' is from 'test/mocks/mock_auth_api_service.dart'.
  Try correcting the name to the name of an existing method, or defining a method named 'VerificationResponse'.
        returnValue: VerificationResponse(
                     ^^^^^^^^^^^^^^^^^^^^
  test/mocks/mock_auth_api_service.dart:61:15: Error: The method 'VerificationData' isn't defined for the type 'MockAuthApiService'.
   - 'MockAuthApiService' is from 'test/mocks/mock_auth_api_service.dart'.
  Try correcting the name to the name of an existing method, or defining a method named 'VerificationData'.
          data: VerificationData(
                ^^^^^^^^^^^^^^^^
  test/mocks/mock_auth_api_service.dart:71:51: Error: 'ProfileCompletionRequest' isn't a type.
    Future<CompleteProfileResponse> completeProfile(ProfileCompletionRequest request) async {
                                                    ^^^^^^^^^^^^^^^^^^^^^^^^
  test/mocks/mock_auth_api_service.dart:74:20: Error: The method 'CompleteProfileResponse' isn't defined for the type 'MockAuthApiService'.
   - 'MockAuthApiService' is from 'test/mocks/mock_auth_api_service.dart'.
  Try correcting the name to the name of an existing method, or defining a method named 'CompleteProfileResponse'.
        returnValue: CompleteProfileResponse(
                     ^^^^^^^^^^^^^^^^^^^^^^^
  test/mocks/mock_auth_api_service.dart:77:15: Error: The method 'CompleteProfileResponseData' isn't defined for the type 'MockAuthApiService'.
   - 'MockAuthApiService' is from 'test/mocks/mock_auth_api_service.dart'.
  Try correcting the name to the name of an existing method, or defining a method named 'CompleteProfileResponseData'.
          data: CompleteProfileResponseData(
                ^^^^^^^^^^^^^^^^^^^^^^^^^^^
  test/mocks/mock_auth_api_service.dart:86:49: Error: 'CheckUserStateRequest' isn't a type.
    Future<CheckUserStateResponse> checkUserState(CheckUserStateRequest request) async {
                                                  ^^^^^^^^^^^^^^^^^^^^^
  test/mocks/mock_auth_api_service.dart:89:20: Error: The method 'CheckUserStateResponse' isn't defined for the type 'MockAuthApiService'.
   - 'MockAuthApiService' is from 'test/mocks/mock_auth_api_service.dart'.
  Try correcting the name to the name of an existing method, or defining a method named 'CheckUserStateResponse'.
        returnValue: CheckUserStateResponse(
                     ^^^^^^^^^^^^^^^^^^^^^^
  test/mocks/mock_auth_api_service.dart:91:15: Error: The method 'CheckUserStateResponseData' isn't defined for the type 'MockAuthApiService'.
   - 'MockAuthApiService' is from 'test/mocks/mock_auth_api_service.dart'.
  Try correcting the name to the name of an existing method, or defining a method named 'CheckUserStateResponseData'.
          data: CheckUserStateResponseData(
                ^^^^^^^^^^^^^^^^^^^^^^^^^^
  .
00:00 +0 -24: loading E:/1 - laravel/1 - LGBTinder/LGBTinder-flutter/test/api/api_integration_test.dart [E]
  Error: The Dart compiler exited unexpectedly.
  package:flutter_tools/src/base/common.dart 34:3  throwToolExit
  package:flutter_tools/src/compile.dart 910:11    DefaultResidentCompiler._compile.<fn>
  dart:async/zone.dart 1538:47                     _rootRunUnary
  dart:async/zone.dart 1429:19                     _CustomZone.runUnary
  dart:async/future_impl.dart 948:45               Future._propagateToListeners.handleValueCallback
  dart:async/future_impl.dart 977:13               Future._propagateToListeners
  dart:async/future_impl.dart 862:9                Future._propagateToListeners
  dart:async/future_impl.dart 720:5                Future._completeWithValue
  dart:async/future_impl.dart 804:7                Future._asyncCompleteWithValue.<fn>
  dart:async/zone.dart 1525:13                     _rootRun
  dart:async/zone.dart 1422:19                     _CustomZone.run
  dart:async/zone.dart 1321:7                      _CustomZone.runGuarded
  dart:async/zone.dart 1362:23                     _CustomZone.bindCallbackGuarded.<fn>
  dart:async/schedule_microtask.dart 40:35         _microtaskLoop
  dart:async/schedule_microtask.dart 49:5          _startMicrotaskLoop
  dart:isolate-patch/isolate_patch.dart 127:13     _runPendingImmediateCallback
  dart:isolate-patch/isolate_patch.dart 194:5      _RawReceivePort._handleMessage
  
Error: Couldn't resolve the package 'lgbtinder' in 'package:lgbtinder/pages/profile_page.dart'.
Error: Couldn't resolve the package 'lgbtinder' in 'package:lgbtinder/pages/profile_edit_page.dart'.
Error: Couldn't resolve the package 'lgbtinder' in 'package:lgbtinder/providers/profile_state_provider.dart'.
Error: Couldn't resolve the package 'lgbtinder' in 'package:lgbtinder/services/api_services/profile_api_service.dart'.
Error: Couldn't resolve the package 'lgbtinder' in 'package:lgbtinder/models/api_models/user_models.dart'.
test/ui/profile_screens_test.dart:5:8: Error: Not found: 'package:lgbtinder/pages/profile_page.dart'
import 'package:lgbtinder/pages/profile_page.dart';
       ^
test/ui/profile_screens_test.dart:6:8: Error: Not found: 'package:lgbtinder/pages/profile_edit_page.dart'
import 'package:lgbtinder/pages/profile_edit_page.dart';
       ^
test/ui/profile_screens_test.dart:7:8: Error: Not found: 'package:lgbtinder/providers/profile_state_provider.dart'
import 'package:lgbtinder/providers/profile_state_provider.dart';
       ^
test/ui/profile_screens_test.dart:8:8: Error: Not found: 
'package:lgbtinder/services/api_services/profile_api_service.dart'
import 'package:lgbtinder/services/api_services/profile_api_service.dart';
       ^
test/ui/profile_screens_test.dart:9:8: Error: Not found: 'package:lgbtinder/models/api_models/user_models.dart'
import 'package:lgbtinder/models/api_models/user_models.dart';
       ^
Error: Couldn't resolve the package 'lgbtinder' in 'package:lgbtinder/providers/app_state_provider.dart'.
test/ui/ui_test_utils.dart:6:8: Error: Not found: 'package:lgbtinder/providers/profile_state_provider.dart'
import 'package:lgbtinder/providers/profile_state_provider.dart';
       ^
Error: Couldn't resolve the package 'lgbtinder' in 'package:lgbtinder/providers/matching_state_provider.dart'.
Error: Couldn't resolve the package 'lgbtinder' in 'package:lgbtinder/providers/chat_state_provider.dart'.
test/ui/ui_test_utils.dart:9:8: Error: Not found: 'package:lgbtinder/models/api_models/user_models.dart'
import 'package:lgbtinder/models/api_models/user_models.dart';
       ^
Error: Couldn't resolve the package 'lgbtinder' in 'package:lgbtinder/models/api_models/chat_models.dart'.
Error: Couldn't resolve the package 'lgbtinder' in 'package:lgbtinder/models/api_models/reference_data_models.dart'.
Error: Couldn't resolve the package 'lgbtinder' in 'package:lgbtinder/models/user_state_models.dart'.
test/mocks/mock_profile_api_service.dart:2:8: Error: Not found: 
'package:lgbtinder/services/api_services/profile_api_service.dart'
import 'package:lgbtinder/services/api_services/profile_api_service.dart';
       ^
Error: Couldn't resolve the package 'lgbtinder' in 'package:lgbtinder/models/api_models/profile_models.dart'.
test/ui/ui_test_utils.dart:5:8: Error: Not found: 'package:lgbtinder/providers/app_state_provider.dart'
import 'package:lgbtinder/providers/app_state_provider.dart';
       ^
test/ui/ui_test_utils.dart:7:8: Error: Not found: 'package:lgbtinder/providers/matching_state_provider.dart'
import 'package:lgbtinder/providers/matching_state_provider.dart';
       ^
test/ui/ui_test_utils.dart:8:8: Error: Not found: 'package:lgbtinder/providers/chat_state_provider.dart'
import 'package:lgbtinder/providers/chat_state_provider.dart';
       ^
test/ui/ui_test_utils.dart:10:8: Error: Not found: 'package:lgbtinder/models/api_models/chat_models.dart'
import 'package:lgbtinder/models/api_models/chat_models.dart';
       ^
test/ui/ui_test_utils.dart:11:8: Error: Not found: 'package:lgbtinder/models/api_models/reference_data_models.dart'
import 'package:lgbtinder/models/api_models/reference_data_models.dart';
       ^
test/ui/ui_test_utils.dart:12:8: Error: Not found: 'package:lgbtinder/models/user_state_models.dart'
import 'package:lgbtinder/models/user_state_models.dart';
       ^
test/mocks/mock_profile_api_service.dart:3:8: Error: Not found: 
'package:lgbtinder/models/api_models/profile_models.dart'
import 'package:lgbtinder/models/api_models/profile_models.dart';
       ^
test/ui/ui_test_utils.dart:24:10: Error: Type 'User' not found.
  static User get mockUser => User(
         ^^^^
test/ui/ui_test_utils.dart:52:10: Error: Type 'User' not found.
  static User get mockUser2 => User(
         ^^^^
test/ui/ui_test_utils.dart:80:15: Error: Type 'User' not found.
  static List<User> get mockUsers => [mockUser, mockUser2];
              ^^^^
test/ui/ui_test_utils.dart:85:10: Error: Type 'MessageData' not found.
  static MessageData get mockMessage1 => MessageData(
         ^^^^^^^^^^^
test/ui/ui_test_utils.dart:95:10: Error: Type 'MessageData' not found.
  static MessageData get mockMessage2 => MessageData(
         ^^^^^^^^^^^
test/ui/ui_test_utils.dart:105:15: Error: Type 'MessageData' not found.
  static List<MessageData> get mockMessages => [mockMessage1, mockMessage2];
              ^^^^^^^^^^^
test/ui/ui_test_utils.dart:110:15: Error: Type 'Country' not found.
  static List<Country> get mockCountries => [
              ^^^^^^^
test/ui/ui_test_utils.dart:116:15: Error: Type 'City' not found.
  static List<City> get mockCities => [
              ^^^^
test/ui/ui_test_utils.dart:122:15: Error: Type 'ReferenceDataItem' not found.
  static List<ReferenceDataItem> get mockGenders => [
              ^^^^^^^^^^^^^^^^^
test/ui/ui_test_utils.dart:128:15: Error: Type 'ReferenceDataItem' not found.
  static List<ReferenceDataItem> get mockInterests => [
              ^^^^^^^^^^^^^^^^^
test/ui/ui_test_utils.dart:135:15: Error: Type 'ReferenceDataItem' not found.
  static List<ReferenceDataItem> get mockPreferredGenders => [
              ^^^^^^^^^^^^^^^^^
test/ui/ui_test_utils.dart:145:5: Error: Type 'AppStateProvider' not found.
    AppStateProvider? appStateProvider,
    ^^^^^^^^^^^^^^^^
test/ui/ui_test_utils.dart:146:5: Error: Type 'ProfileStateProvider' not found.
    ProfileStateProvider? profileStateProvider,
    ^^^^^^^^^^^^^^^^^^^^
test/ui/ui_test_utils.dart:147:5: Error: Type 'MatchingStateProvider' not found.
    MatchingStateProvider? matchingStateProvider,
    ^^^^^^^^^^^^^^^^^^^^^
test/ui/ui_test_utils.dart:148:5: Error: Type 'ChatStateProvider' not found.
    ChatStateProvider? chatStateProvider,
    ^^^^^^^^^^^^^^^^^
test/ui/ui_test_utils.dart:178:41: Error: Type 'AppStateProvider' not found.
  static void setupMockAppStateProvider(AppStateProvider mockProvider) {
                                        ^^^^^^^^^^^^^^^^
test/ui/ui_test_utils.dart:192:45: Error: Type 'ProfileStateProvider' not found.
  static void setupMockProfileStateProvider(ProfileStateProvider mockProvider) {
                                            ^^^^^^^^^^^^^^^^^^^^
test/ui/ui_test_utils.dart:198:46: Error: Type 'MatchingStateProvider' not found.
  static void setupMockMatchingStateProvider(MatchingStateProvider mockProvider) {
                                             ^^^^^^^^^^^^^^^^^^^^^
test/ui/ui_test_utils.dart:205:42: Error: Type 'ChatStateProvider' not found.
  static void setupMockChatStateProvider(ChatStateProvider mockProvider) {
                                         ^^^^^^^^^^^^^^^^^
test/mocks/mock_profile_api_service.dart:5:53: Error: Type 'ProfileApiService' not found.
class MockProfileApiService extends Mock implements ProfileApiService {
                                                    ^^^^^^^^^^^^^^^^^
test/mocks/mock_profile_api_service.dart:7:10: Error: Type 'ProfileUpdateResponse' not found.
  Future<ProfileUpdateResponse> updateProfile(ProfileUpdateRequest request) async {
         ^^^^^^^^^^^^^^^^^^^^^
test/mocks/mock_profile_api_service.dart:7:47: Error: Type 'ProfileUpdateRequest' not found.
  Future<ProfileUpdateResponse> updateProfile(ProfileUpdateRequest request) async {
                                              ^^^^^^^^^^^^^^^^^^^^
test/mocks/mock_profile_api_service.dart:22:10: Error: Type 'ProfilePictureUploadResponse' not found.
  Future<ProfilePictureUploadResponse> uploadProfilePicture(ProfilePictureUploadRequest request) async {
         ^^^^^^^^^^^^^^^^^^^^^^^^^^^^
test/mocks/mock_profile_api_service.dart:22:61: Error: Type 'ProfilePictureUploadRequest' not found.
  Future<ProfilePictureUploadResponse> uploadProfilePicture(ProfilePictureUploadRequest request) async {
                                                            ^^^^^^^^^^^^^^^^^^^^^^^^^^^
test/ui/profile_screens_test.dart:14:39: Error: Undefined name 'ProfileApiService'.
@GenerateMocks([ProfileStateProvider, ProfileApiService])
                                      ^^^^^^^^^^^^^^^^^
test/ui/profile_screens_test.dart:14:17: Error: Undefined name 'ProfileStateProvider'.
@GenerateMocks([ProfileStateProvider, ProfileApiService])
                ^^^^^^^^^^^^^^^^^^^^
/C:/Users/Abolfazl/AppData/Local/Temp/flutter_tools.3bbc4712/flutter_test_listener.8496440/listener.dart:21:21: Error: 
Undefined name 'main'.
  await Future(test.main);
                    ^^^^
test/ui/profile_screens_test.dart:17:10: Error: 'MockProfileStateProvider' isn't a type.
    late MockProfileStateProvider mockProfileStateProvider;
         ^^^^^^^^^^^^^^^^^^^^^^^^
test/ui/profile_screens_test.dart:20:34: Error: Method not found: 'MockProfileStateProvider'.
      mockProfileStateProvider = MockProfileStateProvider();
                                 ^^^^^^^^^^^^^^^^^^^^^^^^
test/ui/profile_screens_test.dart:29:26: Error: Couldn't find constructor 'ProfilePage'.
            child: const ProfilePage(),
                         ^^^^^^^^^^^
test/ui/profile_screens_test.dart:53:26: Error: Couldn't find constructor 'ProfilePage'.
            child: const ProfilePage(),
                         ^^^^^^^^^^^
test/ui/profile_screens_test.dart:68:26: Error: Couldn't find constructor 'ProfilePage'.
            child: const ProfilePage(),
                         ^^^^^^^^^^^
test/ui/profile_screens_test.dart:81:26: Error: Couldn't find constructor 'ProfilePage'.
            child: const ProfilePage(),
                         ^^^^^^^^^^^
test/ui/profile_screens_test.dart:96:26: Error: Couldn't find constructor 'ProfilePage'.
            child: const ProfilePage(),
                         ^^^^^^^^^^^
test/ui/profile_screens_test.dart:108:26: Error: Couldn't find constructor 'ProfilePage'.
            child: const ProfilePage(),
                         ^^^^^^^^^^^
test/ui/profile_screens_test.dart:124:26: Error: Couldn't find constructor 'ProfileEditPage'.
            child: const ProfileEditPage(),
                         ^^^^^^^^^^^^^^^
test/ui/profile_screens_test.dart:143:26: Error: Couldn't find constructor 'ProfileEditPage'.
            child: const ProfileEditPage(),
                         ^^^^^^^^^^^^^^^
test/ui/profile_screens_test.dart:162:26: Error: Couldn't find constructor 'ProfileEditPage'.
            child: const ProfileEditPage(),
                         ^^^^^^^^^^^^^^^
test/ui/profile_screens_test.dart:184:26: Error: Couldn't find constructor 'ProfileEditPage'.
            child: const ProfileEditPage(),
                         ^^^^^^^^^^^^^^^
test/ui/profile_screens_test.dart:205:26: Error: Couldn't find constructor 'ProfileEditPage'.
            child: const ProfileEditPage(),
                         ^^^^^^^^^^^^^^^
test/ui/profile_screens_test.dart:221:26: Error: Couldn't find constructor 'ProfileEditPage'.
            child: const ProfileEditPage(),
                         ^^^^^^^^^^^^^^^
test/ui/profile_screens_test.dart:238:26: Error: Couldn't find constructor 'ProfileEditPage'.
            child: const ProfileEditPage(),
                         ^^^^^^^^^^^^^^^
test/ui/profile_screens_test.dart:253:26: Error: Couldn't find constructor 'ProfileEditPage'.
            child: const ProfileEditPage(),
                         ^^^^^^^^^^^^^^^
test/ui/profile_screens_test.dart:270:26: Error: Couldn't find constructor 'ProfileEditPage'.
            child: const ProfileEditPage(),
                         ^^^^^^^^^^^^^^^
test/ui/profile_screens_test.dart:287:26: Error: Couldn't find constructor 'ProfileEditPage'.
            child: const ProfileEditPage(),
                         ^^^^^^^^^^^^^^^
test/ui/profile_screens_test.dart:295:28: Error: Undefined name 'ProfileEditPage'.
        expect(find.byType(ProfileEditPage), findsNothing);
                           ^^^^^^^^^^^^^^^
test/ui/profile_screens_test.dart:302:26: Error: Couldn't find constructor 'ProfileEditPage'.
            child: const ProfileEditPage(),
                         ^^^^^^^^^^^^^^^
test/ui/profile_screens_test.dart:324:26: Error: Couldn't find constructor 'ProfileEditPage'.
            child: const ProfileEditPage(),
                         ^^^^^^^^^^^^^^^
test/ui/profile_screens_test.dart:340:26: Error: Couldn't find constructor 'ProfileEditPage'.
            child: const ProfileEditPage(),
                         ^^^^^^^^^^^^^^^
test/ui/profile_screens_test.dart:359:26: Error: Couldn't find constructor 'ProfileEditPage'.
            child: const ProfileEditPage(),
                         ^^^^^^^^^^^^^^^
test/ui/ui_test_utils.dart:24:31: Error: Method not found: 'User'.
  static User get mockUser => User(
                              ^^^^
test/ui/ui_test_utils.dart:52:32: Error: Method not found: 'User'.
  static User get mockUser2 => User(
                               ^^^^
test/ui/ui_test_utils.dart:90:18: Error: Undefined name 'MessageType'.
    messageType: MessageType.text,
                 ^^^^^^^^^^^
test/ui/ui_test_utils.dart:85:42: Error: Method not found: 'MessageData'.
  static MessageData get mockMessage1 => MessageData(
                                         ^^^^^^^^^^^
test/ui/ui_test_utils.dart:100:18: Error: Undefined name 'MessageType'.
    messageType: MessageType.text,
                 ^^^^^^^^^^^
test/ui/ui_test_utils.dart:95:42: Error: Method not found: 'MessageData'.
  static MessageData get mockMessage2 => MessageData(
                                         ^^^^^^^^^^^
test/ui/ui_test_utils.dart:111:5: Error: Method not found: 'Country'.
    Country(id: 1, name: 'United States', code: 'US'),
    ^^^^^^^
test/ui/ui_test_utils.dart:112:5: Error: Method not found: 'Country'.
    Country(id: 2, name: 'Canada', code: 'CA'),
    ^^^^^^^
test/ui/ui_test_utils.dart:113:5: Error: Method not found: 'Country'.
    Country(id: 3, name: 'United Kingdom', code: 'GB'),
    ^^^^^^^
test/ui/ui_test_utils.dart:117:5: Error: Method not found: 'City'.
    City(id: 1, name: 'New York', countryId: 1),
    ^^^^
test/ui/ui_test_utils.dart:118:5: Error: Method not found: 'City'.
    City(id: 2, name: 'Los Angeles', countryId: 1),
    ^^^^
test/ui/ui_test_utils.dart:119:5: Error: Method not found: 'City'.
    City(id: 3, name: 'Toronto', countryId: 2),
    ^^^^
test/ui/ui_test_utils.dart:123:5: Error: Method not found: 'ReferenceDataItem'.
    ReferenceDataItem(id: 1, name: 'Male'),
    ^^^^^^^^^^^^^^^^^
test/ui/ui_test_utils.dart:124:5: Error: Method not found: 'ReferenceDataItem'.
    ReferenceDataItem(id: 2, name: 'Female'),
    ^^^^^^^^^^^^^^^^^
test/ui/ui_test_utils.dart:125:5: Error: Method not found: 'ReferenceDataItem'.
    ReferenceDataItem(id: 3, name: 'Non-binary'),
    ^^^^^^^^^^^^^^^^^
test/ui/ui_test_utils.dart:129:5: Error: Method not found: 'ReferenceDataItem'.
    ReferenceDataItem(id: 1, name: 'Music'),
    ^^^^^^^^^^^^^^^^^
test/ui/ui_test_utils.dart:130:5: Error: Method not found: 'ReferenceDataItem'.
    ReferenceDataItem(id: 2, name: 'Sports'),
    ^^^^^^^^^^^^^^^^^
test/ui/ui_test_utils.dart:131:5: Error: Method not found: 'ReferenceDataItem'.
    ReferenceDataItem(id: 3, name: 'Travel'),
    ^^^^^^^^^^^^^^^^^
test/ui/ui_test_utils.dart:132:5: Error: Method not found: 'ReferenceDataItem'.
    ReferenceDataItem(id: 4, name: 'Photography'),
    ^^^^^^^^^^^^^^^^^
test/ui/ui_test_utils.dart:136:5: Error: Method not found: 'ReferenceDataItem'.
    ReferenceDataItem(id: 1, name: 'Female'),
    ^^^^^^^^^^^^^^^^^
test/ui/ui_test_utils.dart:137:5: Error: Method not found: 'ReferenceDataItem'.
    ReferenceDataItem(id: 2, name: 'Non-binary'),
    ^^^^^^^^^^^^^^^^^
test/ui/ui_test_utils.dart:145:5: Error: 'AppStateProvider' isn't a type.
    AppStateProvider? appStateProvider,
    ^^^^^^^^^^^^^^^^
test/ui/ui_test_utils.dart:146:5: Error: 'ProfileStateProvider' isn't a type.
    ProfileStateProvider? profileStateProvider,
    ^^^^^^^^^^^^^^^^^^^^
test/ui/ui_test_utils.dart:147:5: Error: 'MatchingStateProvider' isn't a type.
    MatchingStateProvider? matchingStateProvider,
    ^^^^^^^^^^^^^^^^^^^^^
test/ui/ui_test_utils.dart:148:5: Error: 'ChatStateProvider' isn't a type.
    ChatStateProvider? chatStateProvider,
    ^^^^^^^^^^^^^^^^^
test/ui/ui_test_utils.dart:153:44: Error: 'AppStateProvider' isn't a type.
      providers.add(ChangeNotifierProvider<AppStateProvider>.value(value: appStateProvider));
                                           ^^^^^^^^^^^^^^^^
test/ui/ui_test_utils.dart:157:44: Error: 'ProfileStateProvider' isn't a type.
      providers.add(ChangeNotifierProvider<ProfileStateProvider>.value(value: profileStateProvider));
                                           ^^^^^^^^^^^^^^^^^^^^
test/ui/ui_test_utils.dart:161:44: Error: 'MatchingStateProvider' isn't a type.
      providers.add(ChangeNotifierProvider<MatchingStateProvider>.value(value: matchingStateProvider));
                                           ^^^^^^^^^^^^^^^^^^^^^
test/ui/ui_test_utils.dart:165:44: Error: 'ChatStateProvider' isn't a type.
      providers.add(ChangeNotifierProvider<ChatStateProvider>.value(value: chatStateProvider));
                                           ^^^^^^^^^^^^^^^^^
test/ui/ui_test_utils.dart:178:41: Error: 'AppStateProvider' isn't a type.
  static void setupMockAppStateProvider(AppStateProvider mockProvider) {
                                        ^^^^^^^^^^^^^^^^
test/ui/ui_test_utils.dart:187:60: Error: The getter 'countryId' isn't defined for the type 'Object?'.
 - 'Object' is from 'dart:core'.
Try correcting the name to the name of an existing getter, or defining a getter or field named 'countryId'.
      1: MockReferenceData.mockCities.where((city) => city.countryId == 1).toList(),
                                                           ^^^^^^^^^
test/ui/ui_test_utils.dart:188:60: Error: The getter 'countryId' isn't defined for the type 'Object?'.
 - 'Object' is from 'dart:core'.
Try correcting the name to the name of an existing getter, or defining a getter or field named 'countryId'.
      2: MockReferenceData.mockCities.where((city) => city.countryId == 2).toList(),
                                                           ^^^^^^^^^
test/ui/ui_test_utils.dart:192:45: Error: 'ProfileStateProvider' isn't a type.
  static void setupMockProfileStateProvider(ProfileStateProvider mockProvider) {
                                            ^^^^^^^^^^^^^^^^^^^^
test/ui/ui_test_utils.dart:198:46: Error: 'MatchingStateProvider' isn't a type.
  static void setupMockMatchingStateProvider(MatchingStateProvider mockProvider) {
                                             ^^^^^^^^^^^^^^^^^^^^^
test/ui/ui_test_utils.dart:205:42: Error: 'ChatStateProvider' isn't a type.
  static void setupMockChatStateProvider(ChatStateProvider mockProvider) {
                                         ^^^^^^^^^^^^^^^^^
test/ui/ui_test_utils.dart:241:26: Error: 'DatePicker' isn't a type.
    while (tester.widget<DatePicker>(find.byType(DatePicker)).initialDate.year != date.year) {
                         ^^^^^^^^^^
test/ui/ui_test_utils.dart:241:50: Error: Undefined name 'DatePicker'.
    while (tester.widget<DatePicker>(find.byType(DatePicker)).initialDate.year != date.year) {
                                                 ^^^^^^^^^^
test/ui/ui_test_utils.dart:242:25: Error: 'DatePicker' isn't a type.
      if (tester.widget<DatePicker>(find.byType(DatePicker)).initialDate.year < date.year) {
                        ^^^^^^^^^^
test/ui/ui_test_utils.dart:242:49: Error: Undefined name 'DatePicker'.
      if (tester.widget<DatePicker>(find.byType(DatePicker)).initialDate.year < date.year) {
                                                ^^^^^^^^^^
test/ui/ui_test_utils.dart:251:26: Error: 'DatePicker' isn't a type.
    while (tester.widget<DatePicker>(find.byType(DatePicker)).initialDate.month != date.month) {
                         ^^^^^^^^^^
test/ui/ui_test_utils.dart:251:50: Error: Undefined name 'DatePicker'.
    while (tester.widget<DatePicker>(find.byType(DatePicker)).initialDate.month != date.month) {
                                                 ^^^^^^^^^^
test/ui/ui_test_utils.dart:252:25: Error: 'DatePicker' isn't a type.
      if (tester.widget<DatePicker>(find.byType(DatePicker)).initialDate.month < date.month) {
                        ^^^^^^^^^^
test/ui/ui_test_utils.dart:252:49: Error: Undefined name 'DatePicker'.
      if (tester.widget<DatePicker>(find.byType(DatePicker)).initialDate.month < date.month) {
                                                ^^^^^^^^^^
test/ui/ui_test_utils.dart:284:11: Error: Method not found: 'TimeoutException'.
    throw TimeoutException('Widget not found within timeout', timeout);
          ^^^^^^^^^^^^^^^^
test/mocks/mock_profile_api_service.dart:7:47: Error: 'ProfileUpdateRequest' isn't a type.
  Future<ProfileUpdateResponse> updateProfile(ProfileUpdateRequest request) async {
                                              ^^^^^^^^^^^^^^^^^^^^
test/mocks/mock_profile_api_service.dart:10:20: Error: The method 'ProfileUpdateResponse' isn't defined for the type 
'MockProfileApiService'.
 - 'MockProfileApiService' is from 'test/mocks/mock_profile_api_service.dart'.
Try correcting the name to the name of an existing method, or defining a method named 'ProfileUpdateResponse'.
      returnValue: ProfileUpdateResponse(
                   ^^^^^^^^^^^^^^^^^^^^^
test/mocks/mock_profile_api_service.dart:13:15: Error: The method 'ProfileUpdateResponseData' isn't defined for the 
type 'MockProfileApiService'.
 - 'MockProfileApiService' is from 'test/mocks/mock_profile_api_service.dart'.
Try correcting the name to the name of an existing method, or defining a method named 'ProfileUpdateResponseData'.
        data: ProfileUpdateResponseData(
              ^^^^^^^^^^^^^^^^^^^^^^^^^
test/mocks/mock_profile_api_service.dart:22:61: Error: 'ProfilePictureUploadRequest' isn't a type.
  Future<ProfilePictureUploadResponse> uploadProfilePicture(ProfilePictureUploadRequest request) async {
                                                            ^^^^^^^^^^^^^^^^^^^^^^^^^^^
test/mocks/mock_profile_api_service.dart:25:20: Error: The method 'ProfilePictureUploadResponse' isn't defined for the 
type 'MockProfileApiService'.
 - 'MockProfileApiService' is from 'test/mocks/mock_profile_api_service.dart'.
Try correcting the name to the name of an existing method, or defining a method named 'ProfilePictureUploadResponse'.
      returnValue: ProfilePictureUploadResponse(
                   ^^^^^^^^^^^^^^^^^^^^^^^^^^^^
test/mocks/mock_profile_api_service.dart:28:15: Error: The method 'ProfilePictureUploadResponseData' isn't defined for 
the type 'MockProfileApiService'.
 - 'MockProfileApiService' is from 'test/mocks/mock_profile_api_service.dart'.
Try correcting the name to the name of an existing method, or defining a method named 
'ProfilePictureUploadResponseData'.
        data: ProfilePictureUploadResponseData(
              ^^^^^^^^^^^^^^^^^^^^^^^^^^^^^^^^
00:00 +0 -25: loading E:/1 - laravel/1 - LGBTinder/LGBTinder-flutter/test/ui/profile_screens_test.dart [E]
  Failed to load "E:/1 - laravel/1 - LGBTinder/LGBTinder-flutter/test/ui/profile_screens_test.dart":
  Compilation failed for testPath=E:/1 - laravel/1 - LGBTinder/LGBTinder-flutter/test/ui/profile_screens_test.dart: Error: Couldn't resolve the package 'lgbtinder' in 'package:lgbtinder/pages/profile_page.dart'.
  Error: Couldn't resolve the package 'lgbtinder' in 'package:lgbtinder/pages/profile_edit_page.dart'.
  Error: Couldn't resolve the package 'lgbtinder' in 'package:lgbtinder/providers/profile_state_provider.dart'.
  Error: Couldn't resolve the package 'lgbtinder' in 'package:lgbtinder/services/api_services/profile_api_service.dart'.
  Error: Couldn't resolve the package 'lgbtinder' in 'package:lgbtinder/models/api_models/user_models.dart'.
  test/ui/profile_screens_test.dart:5:8: Error: Not found: 'package:lgbtinder/pages/profile_page.dart'
  import 'package:lgbtinder/pages/profile_page.dart';
         ^
  test/ui/profile_screens_test.dart:6:8: Error: Not found: 'package:lgbtinder/pages/profile_edit_page.dart'
  import 'package:lgbtinder/pages/profile_edit_page.dart';
         ^
  test/ui/profile_screens_test.dart:7:8: Error: Not found: 'package:lgbtinder/providers/profile_state_provider.dart'
  import 'package:lgbtinder/providers/profile_state_provider.dart';
         ^
  test/ui/profile_screens_test.dart:8:8: Error: Not found: 'package:lgbtinder/services/api_services/profile_api_service.dart'
  import 'package:lgbtinder/services/api_services/profile_api_service.dart';
         ^
  test/ui/profile_screens_test.dart:9:8: Error: Not found: 'package:lgbtinder/models/api_models/user_models.dart'
  import 'package:lgbtinder/models/api_models/user_models.dart';
         ^
  Error: Couldn't resolve the package 'lgbtinder' in 'package:lgbtinder/providers/app_state_provider.dart'.
  test/ui/ui_test_utils.dart:6:8: Error: Not found: 'package:lgbtinder/providers/profile_state_provider.dart'
  import 'package:lgbtinder/providers/profile_state_provider.dart';
         ^
  Error: Couldn't resolve the package 'lgbtinder' in 'package:lgbtinder/providers/matching_state_provider.dart'.
  Error: Couldn't resolve the package 'lgbtinder' in 'package:lgbtinder/providers/chat_state_provider.dart'.
  test/ui/ui_test_utils.dart:9:8: Error: Not found: 'package:lgbtinder/models/api_models/user_models.dart'
  import 'package:lgbtinder/models/api_models/user_models.dart';
         ^
  Error: Couldn't resolve the package 'lgbtinder' in 'package:lgbtinder/models/api_models/chat_models.dart'.
  Error: Couldn't resolve the package 'lgbtinder' in 'package:lgbtinder/models/api_models/reference_data_models.dart'.
  Error: Couldn't resolve the package 'lgbtinder' in 'package:lgbtinder/models/user_state_models.dart'.
  test/mocks/mock_profile_api_service.dart:2:8: Error: Not found: 'package:lgbtinder/services/api_services/profile_api_service.dart'
  import 'package:lgbtinder/services/api_services/profile_api_service.dart';
         ^
  Error: Couldn't resolve the package 'lgbtinder' in 'package:lgbtinder/models/api_models/profile_models.dart'.
  test/ui/ui_test_utils.dart:5:8: Error: Not found: 'package:lgbtinder/providers/app_state_provider.dart'
  import 'package:lgbtinder/providers/app_state_provider.dart';
         ^
  test/ui/ui_test_utils.dart:7:8: Error: Not found: 'package:lgbtinder/providers/matching_state_provider.dart'
  import 'package:lgbtinder/providers/matching_state_provider.dart';
         ^
  test/ui/ui_test_utils.dart:8:8: Error: Not found: 'package:lgbtinder/providers/chat_state_provider.dart'
  import 'package:lgbtinder/providers/chat_state_provider.dart';
         ^
  test/ui/ui_test_utils.dart:10:8: Error: Not found: 'package:lgbtinder/models/api_models/chat_models.dart'
  import 'package:lgbtinder/models/api_models/chat_models.dart';
         ^
  test/ui/ui_test_utils.dart:11:8: Error: Not found: 'package:lgbtinder/models/api_models/reference_data_models.dart'
  import 'package:lgbtinder/models/api_models/reference_data_models.dart';
         ^
  test/ui/ui_test_utils.dart:12:8: Error: Not found: 'package:lgbtinder/models/user_state_models.dart'
  import 'package:lgbtinder/models/user_state_models.dart';
         ^
  test/mocks/mock_profile_api_service.dart:3:8: Error: Not found: 'package:lgbtinder/models/api_models/profile_models.dart'
  import 'package:lgbtinder/models/api_models/profile_models.dart';
         ^
  test/ui/ui_test_utils.dart:24:10: Error: Type 'User' not found.
    static User get mockUser => User(
           ^^^^
  test/ui/ui_test_utils.dart:52:10: Error: Type 'User' not found.
    static User get mockUser2 => User(
           ^^^^
  test/ui/ui_test_utils.dart:80:15: Error: Type 'User' not found.
    static List<User> get mockUsers => [mockUser, mockUser2];
                ^^^^
  test/ui/ui_test_utils.dart:85:10: Error: Type 'MessageData' not found.
    static MessageData get mockMessage1 => MessageData(
           ^^^^^^^^^^^
  test/ui/ui_test_utils.dart:95:10: Error: Type 'MessageData' not found.
    static MessageData get mockMessage2 => MessageData(
           ^^^^^^^^^^^
  test/ui/ui_test_utils.dart:105:15: Error: Type 'MessageData' not found.
    static List<MessageData> get mockMessages => [mockMessage1, mockMessage2];
                ^^^^^^^^^^^
  test/ui/ui_test_utils.dart:110:15: Error: Type 'Country' not found.
    static List<Country> get mockCountries => [
                ^^^^^^^
  test/ui/ui_test_utils.dart:116:15: Error: Type 'City' not found.
    static List<City> get mockCities => [
                ^^^^
  test/ui/ui_test_utils.dart:122:15: Error: Type 'ReferenceDataItem' not found.
    static List<ReferenceDataItem> get mockGenders => [
                ^^^^^^^^^^^^^^^^^
  test/ui/ui_test_utils.dart:128:15: Error: Type 'ReferenceDataItem' not found.
    static List<ReferenceDataItem> get mockInterests => [
                ^^^^^^^^^^^^^^^^^
  test/ui/ui_test_utils.dart:135:15: Error: Type 'ReferenceDataItem' not found.
    static List<ReferenceDataItem> get mockPreferredGenders => [
                ^^^^^^^^^^^^^^^^^
  test/ui/ui_test_utils.dart:145:5: Error: Type 'AppStateProvider' not found.
      AppStateProvider? appStateProvider,
      ^^^^^^^^^^^^^^^^
  test/ui/ui_test_utils.dart:146:5: Error: Type 'ProfileStateProvider' not found.
      ProfileStateProvider? profileStateProvider,
      ^^^^^^^^^^^^^^^^^^^^
  test/ui/ui_test_utils.dart:147:5: Error: Type 'MatchingStateProvider' not found.
      MatchingStateProvider? matchingStateProvider,
      ^^^^^^^^^^^^^^^^^^^^^
  test/ui/ui_test_utils.dart:148:5: Error: Type 'ChatStateProvider' not found.
      ChatStateProvider? chatStateProvider,
      ^^^^^^^^^^^^^^^^^
  test/ui/ui_test_utils.dart:178:41: Error: Type 'AppStateProvider' not found.
    static void setupMockAppStateProvider(AppStateProvider mockProvider) {
                                          ^^^^^^^^^^^^^^^^
  test/ui/ui_test_utils.dart:192:45: Error: Type 'ProfileStateProvider' not found.
    static void setupMockProfileStateProvider(ProfileStateProvider mockProvider) {
                                              ^^^^^^^^^^^^^^^^^^^^
  test/ui/ui_test_utils.dart:198:46: Error: Type 'MatchingStateProvider' not found.
    static void setupMockMatchingStateProvider(MatchingStateProvider mockProvider) {
                                               ^^^^^^^^^^^^^^^^^^^^^
  test/ui/ui_test_utils.dart:205:42: Error: Type 'ChatStateProvider' not found.
    static void setupMockChatStateProvider(ChatStateProvider mockProvider) {
                                           ^^^^^^^^^^^^^^^^^
  test/mocks/mock_profile_api_service.dart:5:53: Error: Type 'ProfileApiService' not found.
  class MockProfileApiService extends Mock implements ProfileApiService {
                                                      ^^^^^^^^^^^^^^^^^
  test/mocks/mock_profile_api_service.dart:7:10: Error: Type 'ProfileUpdateResponse' not found.
    Future<ProfileUpdateResponse> updateProfile(ProfileUpdateRequest request) async {
           ^^^^^^^^^^^^^^^^^^^^^
  test/mocks/mock_profile_api_service.dart:7:47: Error: Type 'ProfileUpdateRequest' not found.
    Future<ProfileUpdateResponse> updateProfile(ProfileUpdateRequest request) async {
                                                ^^^^^^^^^^^^^^^^^^^^
  test/mocks/mock_profile_api_service.dart:22:10: Error: Type 'ProfilePictureUploadResponse' not found.
    Future<ProfilePictureUploadResponse> uploadProfilePicture(ProfilePictureUploadRequest request) async {
           ^^^^^^^^^^^^^^^^^^^^^^^^^^^^
  test/mocks/mock_profile_api_service.dart:22:61: Error: Type 'ProfilePictureUploadRequest' not found.
    Future<ProfilePictureUploadResponse> uploadProfilePicture(ProfilePictureUploadRequest request) async {
                                                              ^^^^^^^^^^^^^^^^^^^^^^^^^^^
  test/ui/profile_screens_test.dart:14:39: Error: Undefined name 'ProfileApiService'.
  @GenerateMocks([ProfileStateProvider, ProfileApiService])
                                        ^^^^^^^^^^^^^^^^^
  test/ui/profile_screens_test.dart:14:17: Error: Undefined name 'ProfileStateProvider'.
  @GenerateMocks([ProfileStateProvider, ProfileApiService])
                  ^^^^^^^^^^^^^^^^^^^^
  /C:/Users/Abolfazl/AppData/Local/Temp/flutter_tools.3bbc4712/flutter_test_listener.8496440/listener.dart:21:21: Error: Undefined name 'main'.
    await Future(test.main);
                      ^^^^
  test/ui/profile_screens_test.dart:17:10: Error: 'MockProfileStateProvider' isn't a type.
      late MockProfileStateProvider mockProfileStateProvider;
           ^^^^^^^^^^^^^^^^^^^^^^^^
  test/ui/profile_screens_test.dart:20:34: Error: Method not found: 'MockProfileStateProvider'.
        mockProfileStateProvider = MockProfileStateProvider();
                                   ^^^^^^^^^^^^^^^^^^^^^^^^
  test/ui/profile_screens_test.dart:29:26: Error: Couldn't find constructor 'ProfilePage'.
              child: const ProfilePage(),
                           ^^^^^^^^^^^
  test/ui/profile_screens_test.dart:53:26: Error: Couldn't find constructor 'ProfilePage'.
              child: const ProfilePage(),
                           ^^^^^^^^^^^
  test/ui/profile_screens_test.dart:68:26: Error: Couldn't find constructor 'ProfilePage'.
              child: const ProfilePage(),
                           ^^^^^^^^^^^
  test/ui/profile_screens_test.dart:81:26: Error: Couldn't find constructor 'ProfilePage'.
              child: const ProfilePage(),
                           ^^^^^^^^^^^
  test/ui/profile_screens_test.dart:96:26: Error: Couldn't find constructor 'ProfilePage'.
              child: const ProfilePage(),
                           ^^^^^^^^^^^
  test/ui/profile_screens_test.dart:108:26: Error: Couldn't find constructor 'ProfilePage'.
              child: const ProfilePage(),
                           ^^^^^^^^^^^
  test/ui/profile_screens_test.dart:124:26: Error: Couldn't find constructor 'ProfileEditPage'.
              child: const ProfileEditPage(),
                           ^^^^^^^^^^^^^^^
  test/ui/profile_screens_test.dart:143:26: Error: Couldn't find constructor 'ProfileEditPage'.
              child: const ProfileEditPage(),
                           ^^^^^^^^^^^^^^^
  test/ui/profile_screens_test.dart:162:26: Error: Couldn't find constructor 'ProfileEditPage'.
              child: const ProfileEditPage(),
                           ^^^^^^^^^^^^^^^
  test/ui/profile_screens_test.dart:184:26: Error: Couldn't find constructor 'ProfileEditPage'.
              child: const ProfileEditPage(),
                           ^^^^^^^^^^^^^^^
  test/ui/profile_screens_test.dart:205:26: Error: Couldn't find constructor 'ProfileEditPage'.
              child: const ProfileEditPage(),
                           ^^^^^^^^^^^^^^^
  test/ui/profile_screens_test.dart:221:26: Error: Couldn't find constructor 'ProfileEditPage'.
              child: const ProfileEditPage(),
                           ^^^^^^^^^^^^^^^
  test/ui/profile_screens_test.dart:238:26: Error: Couldn't find constructor 'ProfileEditPage'.
              child: const ProfileEditPage(),
                           ^^^^^^^^^^^^^^^
  test/ui/profile_screens_test.dart:253:26: Error: Couldn't find constructor 'ProfileEditPage'.
              child: const ProfileEditPage(),
                           ^^^^^^^^^^^^^^^
  test/ui/profile_screens_test.dart:270:26: Error: Couldn't find constructor 'ProfileEditPage'.
              child: const ProfileEditPage(),
                           ^^^^^^^^^^^^^^^
  test/ui/profile_screens_test.dart:287:26: Error: Couldn't find constructor 'ProfileEditPage'.
              child: const ProfileEditPage(),
                           ^^^^^^^^^^^^^^^
  test/ui/profile_screens_test.dart:295:28: Error: Undefined name 'ProfileEditPage'.
          expect(find.byType(ProfileEditPage), findsNothing);
                             ^^^^^^^^^^^^^^^
  test/ui/profile_screens_test.dart:302:26: Error: Couldn't find constructor 'ProfileEditPage'.
              child: const ProfileEditPage(),
                           ^^^^^^^^^^^^^^^
  test/ui/profile_screens_test.dart:324:26: Error: Couldn't find constructor 'ProfileEditPage'.
              child: const ProfileEditPage(),
                           ^^^^^^^^^^^^^^^
  test/ui/profile_screens_test.dart:340:26: Error: Couldn't find constructor 'ProfileEditPage'.
              child: const ProfileEditPage(),
                           ^^^^^^^^^^^^^^^
  test/ui/profile_screens_test.dart:359:26: Error: Couldn't find constructor 'ProfileEditPage'.
              child: const ProfileEditPage(),
                           ^^^^^^^^^^^^^^^
  test/ui/ui_test_utils.dart:24:31: Error: Method not found: 'User'.
    static User get mockUser => User(
                                ^^^^
  test/ui/ui_test_utils.dart:52:32: Error: Method not found: 'User'.
    static User get mockUser2 => User(
                                 ^^^^
  test/ui/ui_test_utils.dart:90:18: Error: Undefined name 'MessageType'.
      messageType: MessageType.text,
                   ^^^^^^^^^^^
  test/ui/ui_test_utils.dart:85:42: Error: Method not found: 'MessageData'.
    static MessageData get mockMessage1 => MessageData(
                                           ^^^^^^^^^^^
  test/ui/ui_test_utils.dart:100:18: Error: Undefined name 'MessageType'.
      messageType: MessageType.text,
                   ^^^^^^^^^^^
  test/ui/ui_test_utils.dart:95:42: Error: Method not found: 'MessageData'.
    static MessageData get mockMessage2 => MessageData(
                                           ^^^^^^^^^^^
  test/ui/ui_test_utils.dart:111:5: Error: Method not found: 'Country'.
      Country(id: 1, name: 'United States', code: 'US'),
      ^^^^^^^
  test/ui/ui_test_utils.dart:112:5: Error: Method not found: 'Country'.
      Country(id: 2, name: 'Canada', code: 'CA'),
      ^^^^^^^
  test/ui/ui_test_utils.dart:113:5: Error: Method not found: 'Country'.
      Country(id: 3, name: 'United Kingdom', code: 'GB'),
      ^^^^^^^
  test/ui/ui_test_utils.dart:117:5: Error: Method not found: 'City'.
      City(id: 1, name: 'New York', countryId: 1),
      ^^^^
  test/ui/ui_test_utils.dart:118:5: Error: Method not found: 'City'.
      City(id: 2, name: 'Los Angeles', countryId: 1),
      ^^^^
  test/ui/ui_test_utils.dart:119:5: Error: Method not found: 'City'.
      City(id: 3, name: 'Toronto', countryId: 2),
      ^^^^
  test/ui/ui_test_utils.dart:123:5: Error: Method not found: 'ReferenceDataItem'.
      ReferenceDataItem(id: 1, name: 'Male'),
      ^^^^^^^^^^^^^^^^^
  test/ui/ui_test_utils.dart:124:5: Error: Method not found: 'ReferenceDataItem'.
      ReferenceDataItem(id: 2, name: 'Female'),
      ^^^^^^^^^^^^^^^^^
  test/ui/ui_test_utils.dart:125:5: Error: Method not found: 'ReferenceDataItem'.
      ReferenceDataItem(id: 3, name: 'Non-binary'),
      ^^^^^^^^^^^^^^^^^
  test/ui/ui_test_utils.dart:129:5: Error: Method not found: 'ReferenceDataItem'.
      ReferenceDataItem(id: 1, name: 'Music'),
      ^^^^^^^^^^^^^^^^^
  test/ui/ui_test_utils.dart:130:5: Error: Method not found: 'ReferenceDataItem'.
      ReferenceDataItem(id: 2, name: 'Sports'),
      ^^^^^^^^^^^^^^^^^
  test/ui/ui_test_utils.dart:131:5: Error: Method not found: 'ReferenceDataItem'.
      ReferenceDataItem(id: 3, name: 'Travel'),
      ^^^^^^^^^^^^^^^^^
  test/ui/ui_test_utils.dart:132:5: Error: Method not found: 'ReferenceDataItem'.
      ReferenceDataItem(id: 4, name: 'Photography'),
      ^^^^^^^^^^^^^^^^^
  test/ui/ui_test_utils.dart:136:5: Error: Method not found: 'ReferenceDataItem'.
      ReferenceDataItem(id: 1, name: 'Female'),
      ^^^^^^^^^^^^^^^^^
  test/ui/ui_test_utils.dart:137:5: Error: Method not found: 'ReferenceDataItem'.
      ReferenceDataItem(id: 2, name: 'Non-binary'),
      ^^^^^^^^^^^^^^^^^
  test/ui/ui_test_utils.dart:145:5: Error: 'AppStateProvider' isn't a type.
      AppStateProvider? appStateProvider,
      ^^^^^^^^^^^^^^^^
  test/ui/ui_test_utils.dart:146:5: Error: 'ProfileStateProvider' isn't a type.
      ProfileStateProvider? profileStateProvider,
      ^^^^^^^^^^^^^^^^^^^^
  test/ui/ui_test_utils.dart:147:5: Error: 'MatchingStateProvider' isn't a type.
      MatchingStateProvider? matchingStateProvider,
      ^^^^^^^^^^^^^^^^^^^^^
  test/ui/ui_test_utils.dart:148:5: Error: 'ChatStateProvider' isn't a type.
      ChatStateProvider? chatStateProvider,
      ^^^^^^^^^^^^^^^^^
  test/ui/ui_test_utils.dart:153:44: Error: 'AppStateProvider' isn't a type.
        providers.add(ChangeNotifierProvider<AppStateProvider>.value(value: appStateProvider));
                                             ^^^^^^^^^^^^^^^^
  test/ui/ui_test_utils.dart:157:44: Error: 'ProfileStateProvider' isn't a type.
        providers.add(ChangeNotifierProvider<ProfileStateProvider>.value(value: profileStateProvider));
                                             ^^^^^^^^^^^^^^^^^^^^
  test/ui/ui_test_utils.dart:161:44: Error: 'MatchingStateProvider' isn't a type.
        providers.add(ChangeNotifierProvider<MatchingStateProvider>.value(value: matchingStateProvider));
                                             ^^^^^^^^^^^^^^^^^^^^^
  test/ui/ui_test_utils.dart:165:44: Error: 'ChatStateProvider' isn't a type.
        providers.add(ChangeNotifierProvider<ChatStateProvider>.value(value: chatStateProvider));
                                             ^^^^^^^^^^^^^^^^^
  test/ui/ui_test_utils.dart:178:41: Error: 'AppStateProvider' isn't a type.
    static void setupMockAppStateProvider(AppStateProvider mockProvider) {
                                          ^^^^^^^^^^^^^^^^
  test/ui/ui_test_utils.dart:187:60: Error: The getter 'countryId' isn't defined for the type 'Object?'.
   - 'Object' is from 'dart:core'.
  Try correcting the name to the name of an existing getter, or defining a getter or field named 'countryId'.
        1: MockReferenceData.mockCities.where((city) => city.countryId == 1).toList(),
                                                             ^^^^^^^^^
  test/ui/ui_test_utils.dart:188:60: Error: The getter 'countryId' isn't defined for the type 'Object?'.
   - 'Object' is from 'dart:core'.
  Try correcting the name to the name of an existing getter, or defining a getter or field named 'countryId'.
        2: MockReferenceData.mockCities.where((city) => city.countryId == 2).toList(),
                                                             ^^^^^^^^^
  test/ui/ui_test_utils.dart:192:45: Error: 'ProfileStateProvider' isn't a type.
    static void setupMockProfileStateProvider(ProfileStateProvider mockProvider) {
                                              ^^^^^^^^^^^^^^^^^^^^
  test/ui/ui_test_utils.dart:198:46: Error: 'MatchingStateProvider' isn't a type.
    static void setupMockMatchingStateProvider(MatchingStateProvider mockProvider) {
                                               ^^^^^^^^^^^^^^^^^^^^^
  test/ui/ui_test_utils.dart:205:42: Error: 'ChatStateProvider' isn't a type.
    static void setupMockChatStateProvider(ChatStateProvider mockProvider) {
                                           ^^^^^^^^^^^^^^^^^
  test/ui/ui_test_utils.dart:241:26: Error: 'DatePicker' isn't a type.
      while (tester.widget<DatePicker>(find.byType(DatePicker)).initialDate.year != date.year) {
                           ^^^^^^^^^^
  test/ui/ui_test_utils.dart:241:50: Error: Undefined name 'DatePicker'.
      while (tester.widget<DatePicker>(find.byType(DatePicker)).initialDate.year != date.year) {
                                                   ^^^^^^^^^^
  test/ui/ui_test_utils.dart:242:25: Error: 'DatePicker' isn't a type.
        if (tester.widget<DatePicker>(find.byType(DatePicker)).initialDate.year < date.year) {
                          ^^^^^^^^^^
  test/ui/ui_test_utils.dart:242:49: Error: Undefined name 'DatePicker'.
        if (tester.widget<DatePicker>(find.byType(DatePicker)).initialDate.year < date.year) {
                                                  ^^^^^^^^^^
  test/ui/ui_test_utils.dart:251:26: Error: 'DatePicker' isn't a type.
      while (tester.widget<DatePicker>(find.byType(DatePicker)).initialDate.month != date.month) {
                           ^^^^^^^^^^
  test/ui/ui_test_utils.dart:251:50: Error: Undefined name 'DatePicker'.
      while (tester.widget<DatePicker>(find.byType(DatePicker)).initialDate.month != date.month) {
                                                   ^^^^^^^^^^
  test/ui/ui_test_utils.dart:252:25: Error: 'DatePicker' isn't a type.
        if (tester.widget<DatePicker>(find.byType(DatePicker)).initialDate.month < date.month) {
                          ^^^^^^^^^^
  test/ui/ui_test_utils.dart:252:49: Error: Undefined name 'DatePicker'.
        if (tester.widget<DatePicker>(find.byType(DatePicker)).initialDate.month < date.month) {
                                                  ^^^^^^^^^^
  test/ui/ui_test_utils.dart:284:11: Error: Method not found: 'TimeoutException'.
      throw TimeoutException('Widget not found within timeout', timeout);
            ^^^^^^^^^^^^^^^^
  test/mocks/mock_profile_api_service.dart:7:47: Error: 'ProfileUpdateRequest' isn't a type.
    Future<ProfileUpdateResponse> updateProfile(ProfileUpdateRequest request) async {
                                                ^^^^^^^^^^^^^^^^^^^^
  test/mocks/mock_profile_api_service.dart:10:20: Error: The method 'ProfileUpdateResponse' isn't defined for the type 'MockProfileApiService'.
   - 'MockProfileApiService' is from 'test/mocks/mock_profile_api_service.dart'.
  Try correcting the name to the name of an existing method, or defining a method named 'ProfileUpdateResponse'.
        returnValue: ProfileUpdateResponse(
                     ^^^^^^^^^^^^^^^^^^^^^
  test/mocks/mock_profile_api_service.dart:13:15: Error: The method 'ProfileUpdateResponseData' isn't defined for the type 'MockProfileApiService'.
   - 'MockProfileApiService' is from 'test/mocks/mock_profile_api_service.dart'.
  Try correcting the name to the name of an existing method, or defining a method named 'ProfileUpdateResponseData'.
          data: ProfileUpdateResponseData(
                ^^^^^^^^^^^^^^^^^^^^^^^^^
  test/mocks/mock_profile_api_service.dart:22:61: Error: 'ProfilePictureUploadRequest' isn't a type.
    Future<ProfilePictureUploadResponse> uploadProfilePicture(ProfilePictureUploadRequest request) async {
                                                              ^^^^^^^^^^^^^^^^^^^^^^^^^^^
  test/mocks/mock_profile_api_service.dart:25:20: Error: The method 'ProfilePictureUploadResponse' isn't defined for the type 'MockProfileApiService'.
   - 'MockProfileApiService' is from 'test/mocks/mock_profile_api_service.dart'.
  Try correcting the name to the name of an existing method, or defining a method named 'ProfilePictureUploadResponse'.
        returnValue: ProfilePictureUploadResponse(
                     ^^^^^^^^^^^^^^^^^^^^^^^^^^^^
  test/mocks/mock_profile_api_service.dart:28:15: Error: The method 'ProfilePictureUploadResponseData' isn't defined for the type 'MockProfileApiService'.
   - 'MockProfileApiService' is from 'test/mocks/mock_profile_api_service.dart'.
  Try correcting the name to the name of an existing method, or defining a method named 'ProfilePictureUploadResponseData'.
          data: ProfilePictureUploadResponseData(
                ^^^^^^^^^^^^^^^^^^^^^^^^^^^^^^^^
  .
00:00 +0 -25: loading E:/1 - laravel/1 - LGBTinder/LGBTinder-flutter/test/api/api_integration_test.dart [E]
  Error: The Dart compiler exited unexpectedly.
  package:flutter_tools/src/base/common.dart 34:3  throwToolExit
  package:flutter_tools/src/compile.dart 910:11    DefaultResidentCompiler._compile.<fn>
  dart:async/zone.dart 1538:47                     _rootRunUnary
  dart:async/zone.dart 1429:19                     _CustomZone.runUnary
  dart:async/future_impl.dart 948:45               Future._propagateToListeners.handleValueCallback
  dart:async/future_impl.dart 977:13               Future._propagateToListeners
  dart:async/future_impl.dart 862:9                Future._propagateToListeners
  dart:async/future_impl.dart 720:5                Future._completeWithValue
  dart:async/future_impl.dart 804:7                Future._asyncCompleteWithValue.<fn>
  dart:async/zone.dart 1525:13                     _rootRun
  dart:async/zone.dart 1422:19                     _CustomZone.run
  dart:async/zone.dart 1321:7                      _CustomZone.runGuarded
  dart:async/zone.dart 1362:23                     _CustomZone.bindCallbackGuarded.<fn>
  dart:async/schedule_microtask.dart 40:35         _microtaskLoop
  dart:async/schedule_microtask.dart 49:5          _startMicrotaskLoop
  dart:isolate-patch/isolate_patch.dart 127:13     _runPendingImmediateCallback
  dart:isolate-patch/isolate_patch.dart 194:5      _RawReceivePort._handleMessage
  
lib/screens/payment_screen.dart:27:8: Error: Type 'PaymentMethod' not found.
  List<PaymentMethod> _paymentMethods = [];
       ^^^^^^^^^^^^^
lib/screens/payment_screen.dart:28:3: Error: Type 'PaymentMethod' not found.
  PaymentMethod? _selectedPaymentMethod;
  ^^^^^^^^^^^^^
lib/screens/payment_screen.dart:230:34: Error: Type 'PaymentMethod' not found.
  Widget _buildPaymentMethodCard(PaymentMethod method) {
                                 ^^^^^^^^^^^^^
lib/components/gradients/lgbt_gradient_system.dart:33:17: Error: Member not found: 'transBlue'.
      AppColors.transBlue,
                ^^^^^^^^^
lib/components/gradients/lgbt_gradient_system.dart:29:17: Error: Member not found: 'transBlue'.
      AppColors.transBlue,
                ^^^^^^^^^
lib/main.dart:172:59: Error: No named parameter with the name 'otherUser'.
              '/video-call': (context) => VideoCallScreen(otherUser: User.fromJson({})),
                                                          ^^^^^^^^^
lib/screens/video_call_screen.dart:23:9: Context: Found this candidate, but the arguments don't match.
  const VideoCallScreen({
        ^^^^^^^^^^^^^^^
lib/main.dart:173:59: Error: No named parameter with the name 'otherUser'.
              '/voice-call': (context) => VoiceCallScreen(otherUser: User.fromJson({})),
                                                          ^^^^^^^^^
lib/screens/voice_call_screen.dart:22:9: Context: Found this candidate, but the arguments don't match.
  const VoiceCallScreen({
        ^^^^^^^^^^^^^^^
lib/screens/auth/auth_wrapper.dart:133:50: Error: Method invocation is not a constant expression.
                style: AppTypography.titleMedium.copyWith(
                                                 ^^^^^^^^
lib/screens/auth/auth_wrapper.dart:187:50: Error: Method invocation is not a constant expression.
                style: AppTypography.titleMedium.copyWith(
                                                 ^^^^^^^^
lib/pages/profile_wizard_page.dart:1076:55: Error: Method invocation is not a constant expression.
                      style: AppTypography.bodyMedium.copyWith(color: Colors.white70),
                                                      ^^^^^^^^
lib/pages/profile_wizard_page.dart:1099:55: Error: Method invocation is not a constant expression.
                      style: AppTypography.bodyMedium.copyWith(color: Colors.white70),
                                                      ^^^^^^^^
lib/pages/profile_wizard_page.dart:1130:55: Error: Method invocation is not a constant expression.
                      style: AppTypography.bodyMedium.copyWith(color: Colors.white70),
                                                      ^^^^^^^^
lib/pages/profile_wizard_page.dart:1148:55: Error: Method invocation is not a constant expression.
                      style: AppTypography.bodyMedium.copyWith(color: Colors.white70),
                                                      ^^^^^^^^
lib/pages/profile_wizard_page.dart:1595:50: Error: Method invocation is not a constant expression.
                  style: AppTypography.bodySmall.copyWith(
                                                 ^^^^^^^^
lib/pages/profile_wizard_page.dart:1956:45: Error: Method invocation is not a constant expression.
                style: AppTypography.button.copyWith(color: Colors.white70),
                                            ^^^^^^^^
lib/pages/discovery_page.dart:58:45: Error: Member not found: 'CacheService.getData'.
    final savedFilters = await CacheService.getData('discovery_filters');
                                            ^^^^^^^
lib/screens/payment_screen.dart:27:8: Error: 'PaymentMethod' isn't a type.
  List<PaymentMethod> _paymentMethods = [];
       ^^^^^^^^^^^^^
lib/screens/payment_screen.dart:28:3: Error: 'PaymentMethod' isn't a type.
  PaymentMethod? _selectedPaymentMethod;
  ^^^^^^^^^^^^^
lib/screens/payment_screen.dart:56:50: Error: Member not found: 'StripePaymentService.getPaymentMethods'.
      final methods = await StripePaymentService.getPaymentMethods(
                                                 ^^^^^^^^^^^^^^^^^
lib/screens/payment_screen.dart:62:51: Error: The getter 'PaymentMethod' isn't defined for the type 
'_PaymentScreenState'.
 - '_PaymentScreenState' is from 'package:lgbtinderfinal/screens/payment_screen.dart' 
('lib/screens/payment_screen.dart').
Try correcting the name to the name of an existing getter, or defining a getter or field named 'PaymentMethod'.
        _paymentMethods = methods.map((method) => PaymentMethod.fromJson(method)).toList();
                                                  ^^^^^^^^^^^^^
lib/screens/payment_screen.dart:65:32: Error: The getter 'isDefault' isn't defined for the type 'Object?'.
 - 'Object' is from 'dart:core'.
Try correcting the name to the name of an existing getter, or defining a getter or field named 'isDefault'.
            (method) => method.isDefault,
                               ^^^^^^^^^
lib/screens/payment_screen.dart:230:34: Error: 'PaymentMethod' isn't a type.
  Widget _buildPaymentMethodCard(PaymentMethod method) {
                                 ^^^^^^^^^^^^^
lib/screens/payment_screen.dart:306:21: Error: 'PaymentMethod' isn't a type.
              Radio<PaymentMethod>(
                    ^^^^^^^^^^^^^
lib/screens/payment_screen.dart:450:56: Error: Member not found: 'StripePaymentService.createPaymentIntent'.
      final paymentIntent = await StripePaymentService.createPaymentIntent(
                                                       ^^^^^^^^^^^^^^^^^^^
lib/screens/payment_screen.dart:457:55: Error: Member not found: 'StripePaymentService.confirmPayment'.
      final confirmation = await StripePaymentService.confirmPayment(
                                                      ^^^^^^^^^^^^^^
lib/screens/accessibility_settings_screen.dart:375:49: Error: The operator '*' isn't defined for the type 'TextStyle'.
 - 'TextStyle' is from 'package:flutter/src/painting/text_style.dart' 
('/C:/flutter/packages/flutter/lib/src/painting/text_style.dart').
Try correcting the operator to an existing operator, or defining a '*' operator.
              fontSize: AppTypography.bodyLarge * _textScaleFactor,
                                                ^
lib/screens/profile_edit_screen.dart:148:41: Error: Method invocation is not a constant expression.
        style: AppTypography.titleLarge.copyWith(
                                        ^^^^^^^^
lib/screens/profile_edit_screen.dart:168:49: Error: Method invocation is not a constant expression.
                    style: AppTypography.button.copyWith(
                                                ^^^^^^^^
lib/screens/profile_edit_screen.dart:381:46: Error: Method invocation is not a constant expression.
            style: AppTypography.titleMedium.copyWith(
                                             ^^^^^^^^
lib/screens/profile_edit_screen.dart:388:45: Error: Method invocation is not a constant expression.
            style: AppTypography.bodyMedium.copyWith(
                                            ^^^^^^^^
lib/screens/profile_edit_screen.dart:456:46: Error: Method invocation is not a constant expression.
            style: AppTypography.titleMedium.copyWith(
                                             ^^^^^^^^
lib/screens/profile_edit_screen.dart:463:45: Error: Method invocation is not a constant expression.
            style: AppTypography.bodyMedium.copyWith(
                                            ^^^^^^^^
lib/screens/profile_edit_screen.dart:498:45: Error: Method invocation is not a constant expression.
            style: AppTypography.bodyMedium.copyWith(
                                            ^^^^^^^^
lib/screens/privacy_settings_screen.dart:250:41: Error: Method invocation is not a constant expression.
        style: AppTypography.titleLarge.copyWith(
                                        ^^^^^^^^
lib/screens/privacy_settings_screen.dart:261:43: Error: Method invocation is not a constant expression.
              style: AppTypography.button.copyWith(
                                          ^^^^^^^^
lib/screens/privacy_settings_screen.dart:487:46: Error: Method invocation is not a constant expression.
            style: AppTypography.titleMedium.copyWith(color: AppColors.textPrimaryDark),
                                             ^^^^^^^^
lib/screens/privacy_settings_screen.dart:510:46: Error: Method invocation is not a constant expression.
            style: AppTypography.titleMedium.copyWith(color: AppColors.textPrimaryDark),
                                             ^^^^^^^^
lib/screens/privacy_settings_screen.dart:564:46: Error: Method invocation is not a constant expression.
            style: AppTypography.titleMedium.copyWith(color: AppColors.feedbackError),
                                             ^^^^^^^^
lib/screens/privacy_settings_screen.dart:568:45: Error: Method invocation is not a constant expression.
            style: AppTypography.bodyMedium.copyWith(color: AppColors.textSecondaryDark),
                                            ^^^^^^^^
lib/screens/privacy_settings_screen.dart:725:44: Error: Method invocation is not a constant expression.
          style: AppTypography.titleMedium.copyWith(color: AppColors.textPrimaryDark),
                                           ^^^^^^^^
lib/screens/privacy_settings_screen.dart:736:43: Error: Method invocation is not a constant expression.
              style: AppTypography.button.copyWith(color: AppColors.primaryLight),
                                          ^^^^^^^^
lib/screens/privacy_settings_screen.dart:751:44: Error: Method invocation is not a constant expression.
          style: AppTypography.titleMedium.copyWith(color: AppColors.textPrimaryDark),
                                           ^^^^^^^^
lib/screens/privacy_settings_screen.dart:762:43: Error: Method invocation is not a constant expression.
              style: AppTypography.button.copyWith(color: AppColors.primaryLight),
                                          ^^^^^^^^
lib/screens/privacy_settings_screen.dart:777:44: Error: Method invocation is not a constant expression.
          style: AppTypography.titleMedium.copyWith(color: AppColors.feedbackError),
                                           ^^^^^^^^
lib/screens/privacy_settings_screen.dart:781:43: Error: Method invocation is not a constant expression.
          style: AppTypography.bodyMedium.copyWith(color: AppColors.textSecondaryDark),
                                          ^^^^^^^^
lib/screens/privacy_settings_screen.dart:788:47: Error: Method invocation is not a constant expression.
              style: AppTypography.bodyMedium.copyWith(color: AppColors.textSecondaryDark),
                                              ^^^^^^^^
lib/screens/privacy_settings_screen.dart:798:48: Error: Method invocation is not a constant expression.
              style: AppTypography.titleMedium.copyWith(color: AppColors.feedbackError),
                                               ^^^^^^^^
lib/screens/profile/advanced_profile_customization_screen.dart:180:43: Error: Method invocation is not a constant 
expression.
          style: AppTypography.titleLarge.copyWith(
                                          ^^^^^^^^
lib/screens/profile/advanced_profile_customization_screen.dart:1067:44: Error: Method invocation is not a constant 
expression.
          style: AppTypography.titleMedium.copyWith(color: AppColors.textPrimaryDark),
                                           ^^^^^^^^
lib/screens/profile/advanced_profile_customization_screen.dart:1071:43: Error: Method invocation is not a constant 
expression.
          style: AppTypography.bodyMedium.copyWith(color: AppColors.textSecondaryDark),
                                          ^^^^^^^^
lib/screens/profile/advanced_profile_customization_screen.dart:1078:43: Error: Method invocation is not a constant 
expression.
              style: AppTypography.button.copyWith(color: AppColors.textSecondaryDark),
                                          ^^^^^^^^
lib/screens/profile/advanced_profile_customization_screen.dart:1088:43: Error: Method invocation is not a constant 
expression.
              style: AppTypography.button.copyWith(color: AppColors.feedbackError),
                                          ^^^^^^^^
lib/screens/profile/advanced_profile_customization_screen.dart:1124:44: Error: Method invocation is not a constant 
expression.
          style: AppTypography.titleMedium.copyWith(color: AppColors.textPrimaryDark),
                                           ^^^^^^^^
lib/screens/profile/advanced_profile_customization_screen.dart:1128:43: Error: Method invocation is not a constant 
expression.
          style: AppTypography.bodyMedium.copyWith(color: AppColors.textSecondaryDark),
                                          ^^^^^^^^
lib/screens/profile/advanced_profile_customization_screen.dart:1135:43: Error: Method invocation is not a constant 
expression.
              style: AppTypography.button.copyWith(color: AppColors.primaryLight),
                                          ^^^^^^^^
lib/screens/profile/profile_completion_incentives_screen.dart:144:43: Error: Method invocation is not a constant 
expression.
          style: AppTypography.titleLarge.copyWith(
                                          ^^^^^^^^
lib/screens/profile/profile_completion_incentives_screen.dart:664:44: Error: Method invocation is not a constant 
expression.
          style: AppTypography.titleMedium.copyWith(color: AppColors.textPrimaryDark),
                                           ^^^^^^^^
lib/screens/profile/profile_completion_incentives_screen.dart:740:43: Error: Method invocation is not a constant 
expression.
              style: AppTypography.button.copyWith(color: AppColors.primaryLight),
                                          ^^^^^^^^
lib/screens/profile/profile_completion_incentives_screen.dart:814:43: Error: Method invocation is not a constant 
expression.
              style: AppTypography.button.copyWith(color: AppColors.primaryLight),
                                          ^^^^^^^^
lib/screens/profile/profile_completion_incentives_screen.dart:875:43: Error: Method invocation is not a constant 
expression.
              style: AppTypography.button.copyWith(color: AppColors.primaryLight),
                                          ^^^^^^^^
lib/screens/profile/profile_verification_screen.dart:131:43: Error: Method invocation is not a constant expression.
          style: AppTypography.titleLarge.copyWith(
                                          ^^^^^^^^
lib/screens/profile/profile_verification_screen.dart:555:44: Error: Method invocation is not a constant expression.
          style: AppTypography.titleMedium.copyWith(color: AppColors.textPrimaryDark),
                                           ^^^^^^^^
lib/screens/profile/profile_verification_screen.dart:586:43: Error: Method invocation is not a constant expression.
              style: AppTypography.button.copyWith(color: AppColors.primaryLight),
                                          ^^^^^^^^
lib/screens/profile/profile_verification_screen.dart:601:44: Error: Method invocation is not a constant expression.
          style: AppTypography.titleMedium.copyWith(color: AppColors.textPrimaryDark),
                                           ^^^^^^^^
lib/screens/profile/profile_verification_screen.dart:635:43: Error: Method invocation is not a constant expression.
              style: AppTypography.button.copyWith(color: AppColors.primaryLight),
                                          ^^^^^^^^
lib/screens/profile/profile_verification_screen.dart:686:43: Error: Method invocation is not a constant expression.
              style: AppTypography.button.copyWith(color: AppColors.primaryLight),
                                          ^^^^^^^^
lib/screens/profile/profile_verification_screen.dart:939:44: Error: Method invocation is not a constant expression.
          style: AppTypography.titleMedium.copyWith(color: AppColors.textPrimaryDark),
                                           ^^^^^^^^
lib/screens/profile/profile_verification_screen.dart:943:43: Error: Method invocation is not a constant expression.
          style: AppTypography.bodyMedium.copyWith(color: AppColors.textSecondaryDark),
                                          ^^^^^^^^
lib/screens/profile/profile_verification_screen.dart:950:47: Error: Method invocation is not a constant expression.
              style: AppTypography.bodyMedium.copyWith(color: AppColors.textSecondaryDark),
                                              ^^^^^^^^
lib/screens/profile/profile_verification_screen.dart:967:43: Error: Method invocation is not a constant expression.
              style: AppTypography.button.copyWith(color: AppColors.feedbackError),
                                          ^^^^^^^^
lib/screens/profile/profile_analytics_screen.dart:134:43: Error: Method invocation is not a constant expression.
          style: AppTypography.titleLarge.copyWith(
                                          ^^^^^^^^
lib/screens/profile/profile_analytics_screen.dart:819:44: Error: Method invocation is not a constant expression.
          style: AppTypography.titleMedium.copyWith(color: AppColors.textPrimaryDark),
                                           ^^^^^^^^
lib/screens/profile/profile_analytics_screen.dart:823:43: Error: Method invocation is not a constant expression.
          style: AppTypography.bodyMedium.copyWith(color: AppColors.textSecondaryDark),
                                          ^^^^^^^^
lib/screens/profile/profile_analytics_screen.dart:830:43: Error: Method invocation is not a constant expression.
              style: AppTypography.button.copyWith(color: AppColors.textSecondaryDark),
                                          ^^^^^^^^
lib/screens/profile/profile_analytics_screen.dart:847:43: Error: Method invocation is not a constant expression.
              style: AppTypography.button.copyWith(color: AppColors.feedbackError),
                                          ^^^^^^^^
lib/screens/profile/profile_analytics_screen.dart:873:44: Error: Method invocation is not a constant expression.
          style: AppTypography.titleMedium.copyWith(color: AppColors.textPrimaryDark),
                                           ^^^^^^^^
lib/screens/profile/profile_analytics_screen.dart:909:43: Error: Method invocation is not a constant expression.
              style: AppTypography.button.copyWith(color: AppColors.primaryLight),
                                          ^^^^^^^^
lib/screens/profile/profile_analytics_screen.dart:924:44: Error: Method invocation is not a constant expression.
          style: AppTypography.titleMedium.copyWith(color: AppColors.textPrimaryDark),
                                           ^^^^^^^^
lib/screens/profile/profile_analytics_screen.dart:960:43: Error: Method invocation is not a constant expression.
              style: AppTypography.button.copyWith(color: AppColors.primaryLight),
                                          ^^^^^^^^
lib/screens/profile/profile_analytics_screen.dart:1013:43: Error: Method invocation is not a constant expression.
              style: AppTypography.button.copyWith(color: AppColors.primaryLight),
                                          ^^^^^^^^
lib/screens/profile/profile_sharing_screen.dart:140:43: Error: Method invocation is not a constant expression.
          style: AppTypography.titleLarge.copyWith(
                                          ^^^^^^^^
lib/screens/profile/profile_sharing_screen.dart:693:44: Error: Method invocation is not a constant expression.
          style: AppTypography.titleMedium.copyWith(color: AppColors.textPrimaryDark),
                                           ^^^^^^^^
lib/screens/profile/profile_sharing_screen.dart:697:43: Error: Method invocation is not a constant expression.
          style: AppTypography.bodyMedium.copyWith(color: AppColors.textSecondaryDark),
                                          ^^^^^^^^
lib/screens/profile/profile_sharing_screen.dart:704:47: Error: Method invocation is not a constant expression.
              style: AppTypography.bodyMedium.copyWith(color: AppColors.textSecondaryDark),
                                              ^^^^^^^^
lib/screens/profile/profile_sharing_screen.dart:722:43: Error: Method invocation is not a constant expression.
              style: AppTypography.button.copyWith(color: AppColors.feedbackError),
                                          ^^^^^^^^
lib/screens/profile/profile_sharing_screen.dart:737:44: Error: Method invocation is not a constant expression.
          style: AppTypography.titleMedium.copyWith(color: AppColors.textPrimaryDark),
                                           ^^^^^^^^
lib/screens/profile/profile_sharing_screen.dart:770:43: Error: Method invocation is not a constant expression.
              style: AppTypography.button.copyWith(color: AppColors.primaryLight),
                                          ^^^^^^^^
lib/screens/profile/profile_sharing_screen.dart:825:43: Error: Method invocation is not a constant expression.
              style: AppTypography.button.copyWith(color: AppColors.primaryLight),
                                          ^^^^^^^^
lib/screens/profile/profile_sharing_screen.dart:840:44: Error: Method invocation is not a constant expression.
          style: AppTypography.titleMedium.copyWith(color: AppColors.textPrimaryDark),
                                           ^^^^^^^^
lib/screens/profile/profile_sharing_screen.dart:876:43: Error: Method invocation is not a constant expression.
              style: AppTypography.button.copyWith(color: AppColors.primaryLight),
                                          ^^^^^^^^
lib/screens/profile/profile_backup_screen.dart:131:43: Error: Method invocation is not a constant expression.
          style: AppTypography.titleLarge.copyWith(
                                          ^^^^^^^^
lib/screens/profile/profile_backup_screen.dart:526:48: Error: Method invocation is not a constant expression.
              style: AppTypography.titleMedium.copyWith(color: AppColors.textPrimaryDark),
                                               ^^^^^^^^
lib/screens/profile/profile_backup_screen.dart:530:47: Error: Method invocation is not a constant expression.
              style: AppTypography.bodyMedium.copyWith(color: AppColors.textSecondaryDark),
                                              ^^^^^^^^
lib/screens/profile/profile_backup_screen.dart:539:48: Error: Method invocation is not a constant expression.
              style: AppTypography.titleMedium.copyWith(color: AppColors.textPrimaryDark),
                                               ^^^^^^^^
lib/screens/profile/profile_backup_screen.dart:543:47: Error: Method invocation is not a constant expression.
              style: AppTypography.bodyMedium.copyWith(color: AppColors.textSecondaryDark),
                                              ^^^^^^^^
lib/screens/profile/profile_backup_screen.dart:579:48: Error: Method invocation is not a constant expression.
              style: AppTypography.titleMedium.copyWith(color: AppColors.textPrimaryDark),
                                               ^^^^^^^^
lib/screens/profile/profile_backup_screen.dart:583:47: Error: Method invocation is not a constant expression.
              style: AppTypography.bodyMedium.copyWith(color: AppColors.textSecondaryDark),
                                              ^^^^^^^^
lib/screens/profile/profile_backup_screen.dart:595:54: Error: Method invocation is not a constant expression.
                labelStyle: AppTypography.bodyMedium.copyWith(color: AppColors.textSecondaryDark),
                                                     ^^^^^^^^
lib/screens/profile/profile_backup_screen.dart:636:48: Error: Method invocation is not a constant expression.
              style: AppTypography.titleMedium.copyWith(color: AppColors.textPrimaryDark),
                                               ^^^^^^^^
lib/screens/profile/profile_backup_screen.dart:640:47: Error: Method invocation is not a constant expression.
              style: AppTypography.bodyMedium.copyWith(color: AppColors.textSecondaryDark),
                                              ^^^^^^^^
lib/screens/profile/profile_backup_screen.dart:649:48: Error: Method invocation is not a constant expression.
              style: AppTypography.titleMedium.copyWith(color: AppColors.textPrimaryDark),
                                               ^^^^^^^^
lib/screens/profile/profile_backup_screen.dart:653:47: Error: Method invocation is not a constant expression.
              style: AppTypography.bodyMedium.copyWith(color: AppColors.textSecondaryDark),
                                              ^^^^^^^^
lib/screens/profile/profile_backup_screen.dart:662:48: Error: Method invocation is not a constant expression.
              style: AppTypography.titleMedium.copyWith(color: AppColors.textPrimaryDark),
                                               ^^^^^^^^
lib/screens/profile/profile_backup_screen.dart:666:47: Error: Method invocation is not a constant expression.
              style: AppTypography.bodyMedium.copyWith(color: AppColors.textSecondaryDark),
                                              ^^^^^^^^
lib/screens/profile/profile_backup_screen.dart:675:48: Error: Method invocation is not a constant expression.
              style: AppTypography.titleMedium.copyWith(color: AppColors.textPrimaryDark),
                                               ^^^^^^^^
lib/screens/profile/profile_backup_screen.dart:679:47: Error: Method invocation is not a constant expression.
              style: AppTypography.bodyMedium.copyWith(color: AppColors.textSecondaryDark),
                                              ^^^^^^^^
lib/screens/profile/profile_backup_screen.dart:715:48: Error: Method invocation is not a constant expression.
              style: AppTypography.titleMedium.copyWith(color: AppColors.textPrimaryDark),
                                               ^^^^^^^^
lib/screens/profile/profile_backup_screen.dart:719:47: Error: Method invocation is not a constant expression.
              style: AppTypography.bodyMedium.copyWith(color: AppColors.textSecondaryDark),
                                              ^^^^^^^^
lib/screens/profile/profile_backup_screen.dart:878:44: Error: Method invocation is not a constant expression.
          style: AppTypography.titleMedium.copyWith(color: AppColors.textPrimaryDark),
                                           ^^^^^^^^
lib/screens/profile/profile_backup_screen.dart:889:47: Error: Method invocation is not a constant expression.
              style: AppTypography.bodyMedium.copyWith(color: AppColors.textSecondaryDark),
                                              ^^^^^^^^
lib/screens/profile/profile_backup_screen.dart:927:43: Error: Method invocation is not a constant expression.
              style: AppTypography.button.copyWith(color: AppColors.primaryLight),
                                          ^^^^^^^^
lib/screens/profile/profile_backup_screen.dart:944:44: Error: Method invocation is not a constant expression.
          style: AppTypography.titleMedium.copyWith(color: AppColors.textPrimaryDark),
                                           ^^^^^^^^
lib/screens/profile/profile_backup_screen.dart:955:47: Error: Method invocation is not a constant expression.
              style: AppTypography.bodyMedium.copyWith(color: AppColors.textSecondaryDark),
                                              ^^^^^^^^
lib/screens/profile/profile_backup_screen.dart:982:43: Error: Method invocation is not a constant expression.
              style: AppTypography.button.copyWith(color: AppColors.feedbackError),
                                          ^^^^^^^^
lib/screens/profile/profile_backup_screen.dart:1007:44: Error: Method invocation is not a constant expression.
          style: AppTypography.titleMedium.copyWith(color: AppColors.textPrimaryDark),
                                           ^^^^^^^^
lib/screens/profile/profile_backup_screen.dart:1011:43: Error: Method invocation is not a constant expression.
          style: AppTypography.bodyMedium.copyWith(color: AppColors.textSecondaryDark),
                                          ^^^^^^^^
lib/screens/profile/profile_backup_screen.dart:1018:47: Error: Method invocation is not a constant expression.
              style: AppTypography.bodyMedium.copyWith(color: AppColors.textSecondaryDark),
                                              ^^^^^^^^
lib/screens/profile/profile_backup_screen.dart:1035:43: Error: Method invocation is not a constant expression.
              style: AppTypography.button.copyWith(color: AppColors.feedbackError),
                                          ^^^^^^^^
lib/screens/profile/profile_backup_screen.dart:1078:44: Error: Method invocation is not a constant expression.
          style: AppTypography.titleMedium.copyWith(color: AppColors.textPrimaryDark),
                                           ^^^^^^^^
lib/screens/profile/profile_backup_screen.dart:1082:43: Error: Method invocation is not a constant expression.
          style: AppTypography.bodyMedium.copyWith(color: AppColors.textSecondaryDark),
                                          ^^^^^^^^
lib/screens/profile/profile_backup_screen.dart:1089:43: Error: Method invocation is not a constant expression.
              style: AppTypography.button.copyWith(color: AppColors.primaryLight),
                                          ^^^^^^^^
lib/screens/profile/profile_templates_screen.dart:157:43: Error: Method invocation is not a constant expression.
          style: AppTypography.titleLarge.copyWith(
                                          ^^^^^^^^
lib/screens/profile/profile_templates_screen.dart:667:44: Error: Method invocation is not a constant expression.
          style: AppTypography.titleMedium.copyWith(color: AppColors.textPrimaryDark),
                                           ^^^^^^^^
lib/screens/profile/profile_templates_screen.dart:678:43: Error: Method invocation is not a constant expression.
              style: AppTypography.button.copyWith(color: AppColors.textSecondaryDark),
                                          ^^^^^^^^
lib/screens/profile/profile_templates_screen.dart:707:43: Error: Method invocation is not a constant expression.
              style: AppTypography.button.copyWith(color: AppColors.primaryLight),
                                          ^^^^^^^^
lib/screens/profile/profile_export_screen.dart:138:43: Error: Method invocation is not a constant expression.
          style: AppTypography.titleLarge.copyWith(
                                          ^^^^^^^^
lib/screens/profile/profile_export_screen.dart:770:44: Error: Method invocation is not a constant expression.
          style: AppTypography.titleMedium.copyWith(color: AppColors.textPrimaryDark),
                                           ^^^^^^^^
lib/screens/profile/profile_export_screen.dart:781:43: Error: Method invocation is not a constant expression.
              style: AppTypography.button.copyWith(color: AppColors.textSecondaryDark),
                                          ^^^^^^^^
lib/screens/profile/profile_export_screen.dart:810:43: Error: Method invocation is not a constant expression.
              style: AppTypography.button.copyWith(color: AppColors.feedbackError),
                                          ^^^^^^^^
lib/screens/profile/profile_export_screen.dart:835:44: Error: Method invocation is not a constant expression.
          style: AppTypography.titleMedium.copyWith(color: AppColors.textPrimaryDark),
                                           ^^^^^^^^
lib/screens/profile/profile_export_screen.dart:839:43: Error: Method invocation is not a constant expression.
          style: AppTypography.bodyMedium.copyWith(color: AppColors.textSecondaryDark),
                                          ^^^^^^^^
lib/screens/profile/profile_export_screen.dart:846:43: Error: Method invocation is not a constant expression.
              style: AppTypography.button.copyWith(color: AppColors.textSecondaryDark),
                                          ^^^^^^^^
lib/screens/profile/profile_export_screen.dart:864:43: Error: Method invocation is not a constant expression.
              style: AppTypography.button.copyWith(color: AppColors.feedbackError),
                                          ^^^^^^^^
lib/screens/add_payment_method_screen.dart:519:56: Error: Member not found: 'StripePaymentService.createPaymentMethod'.
      final paymentMethod = await StripePaymentService.createPaymentMethod(
                                                       ^^^^^^^^^^^^^^^^^^^
lib/screens/add_payment_method_screen.dart:525:34: Error: Member not found: 'StripePaymentService.attachPaymentMethod'.
      await StripePaymentService.attachPaymentMethod(
                                 ^^^^^^^^^^^^^^^^^^^
lib/screens/settings/account_management_screen.dart:115:28: Error: The method 'logout' isn't defined for the type 
'AuthService'.
 - 'AuthService' is from 'package:lgbtinderfinal/services/auth_service.dart' ('lib/services/auth_service.dart').
Try correcting the name to the name of an existing method, or defining a method named 'logout'.
        await _authService.logout();
                           ^^^^^^
lib/screens/settings/account_management_screen.dart:149:28: Error: The method 'logout' isn't defined for the type 
'AuthService'.
 - 'AuthService' is from 'package:lgbtinderfinal/services/auth_service.dart' ('lib/services/auth_service.dart').
Try correcting the name to the name of an existing method, or defining a method named 'logout'.
        await _authService.logout();
                           ^^^^^^
lib/screens/settings/comprehensive_settings_screen.dart:65:26: Error: The method 'logout' isn't defined for the type 
'AuthService'.
 - 'AuthService' is from 'package:lgbtinderfinal/services/auth_service.dart' ('lib/services/auth_service.dart').
Try correcting the name to the name of an existing method, or defining a method named 'logout'.
      await _authService.logout();
                         ^^^^^^
lib/pages/feed_page.dart:241:57: Error: Method invocation is not a constant expression.
                        style: AppTypography.bodyMedium.copyWith(color: Colors.white70),
                                                        ^^^^^^^^
lib/pages/profile_page.dart:246:47: Error: Method invocation is not a constant expression.
                  style: AppTypography.button.copyWith(color: Colors.white),
                                              ^^^^^^^^
lib/pages/profile_page.dart:253:47: Error: Method invocation is not a constant expression.
                  style: AppTypography.button.copyWith(
                                              ^^^^^^^^
lib/pages/profile_page.dart:363:50: Error: Method invocation is not a constant expression.
                style: AppTypography.titleMedium.copyWith(
                                                 ^^^^^^^^
lib/pages/profile_page.dart:664:43: Error: Method invocation is not a constant expression.
              style: AppTypography.button.copyWith(
                                          ^^^^^^^^
lib/pages/profile_page.dart:746:43: Error: Method invocation is not a constant expression.
              style: AppTypography.button.copyWith(
                                          ^^^^^^^^
lib/screens/discovery/profile_detail_screen.dart:247:33: Error: Member not found: 
'LoadingWidgets.buildCircularProgress'.
          child: LoadingWidgets.buildCircularProgress(),
                                ^^^^^^^^^^^^^^^^^^^^^
lib/screens/discovery/profile_detail_screen.dart:511:57: Error: The argument type 'List<Interest>' can't be assigned 
to the parameter type 'List<String>'.
 - 'List' is from 'dart:core'.
 - 'Interest' is from 'package:lgbtinderfinal/models/reference_data.dart' ('lib/models/reference_data.dart').
                  _buildChipSection('Interests', _user!.interests),
                                                        ^
lib/screens/discovery/profile_detail_screen.dart:517:57: Error: The argument type 'List<Language>' can't be assigned 
to the parameter type 'List<String>'.
 - 'List' is from 'dart:core'.
 - 'Language' is from 'package:lgbtinderfinal/models/reference_data.dart' ('lib/models/reference_data.dart').
                  _buildChipSection('Languages', _user!.languages),
                                                        ^
lib/screens/discovery/profile_detail_screen.dart:591:54: Error: The argument type 'List<String>' can't be assigned to 
the parameter type 'String'.
 - 'List' is from 'dart:core'.
      info.add(MapEntry('Education', _user!.education!));
                                                     ^
lib/components/splash/optimized_splash_page.dart:405:60: Error: Method invocation is not a constant expression.
                            style: AppTypography.bodySmall.copyWith(
                                                           ^^^^^^^^
lib/components/splash/optimized_splash_page.dart:420:50: Error: Method invocation is not a constant expression.
                  style: AppTypography.bodySmall.copyWith(
                                                 ^^^^^^^^
lib/components/splash/simple_splash_page.dart:89:50: Error: Method invocation is not a constant expression.
                style: AppTypography.titleMedium.copyWith(
                                                 ^^^^^^^^
lib/components/splash/simple_splash_page.dart:98:49: Error: Method invocation is not a constant expression.
                style: AppTypography.bodyMedium.copyWith(
                                                ^^^^^^^^
lib/components/splash/simple_splash_page.dart:109:50: Error: Method invocation is not a constant expression.
                  style: AppTypography.bodySmall.copyWith(
                                                 ^^^^^^^^
lib/components/profile/photo_gallery.dart:151:50: Error: Method invocation is not a constant expression.
                  style: AppTypography.bodySmall.copyWith(
                                                 ^^^^^^^^
lib/components/profile/safety_verification_section.dart:242:48: Error: Method invocation is not a constant expression.
                style: AppTypography.bodySmall.copyWith(
                                               ^^^^^^^^
lib/components/modals/responsive_modal.dart:305:46: Error: Method invocation is not a constant expression.
          style: AppTypography.headlineSmall.copyWith(
                                             ^^^^^^^^
lib/providers/matching_state_provider.dart:211:28: Error: Member not found: 'CacheService.setData'.
        await CacheService.setData(
                           ^^^^^^^
lib/providers/matching_state_provider.dart:218:47: Error: Member not found: 'CacheService.getData'.
        final cachedData = await CacheService.getData('discovery_profiles');
                                              ^^^^^^^
lib/services/match_sharing_service.dart:295:28: Error: Member not found: 'Share.shareWithResult'.
        return await Share.shareWithResult(
                           ^^^^^^^^^^^^^^^
lib/screens/discovery/filter_screen.dart:38:24: Error: Member not found: 'CacheService.setData'.
    await CacheService.setData(
                       ^^^^^^^
lib/screens/discovery/search_screen.dart:46:40: Error: Member not found: 'CacheService.getData'.
    final history = await CacheService.getData('search_history');
                                       ^^^^^^^
lib/screens/discovery/search_screen.dart:69:24: Error: Member not found: 'CacheService.setData'.
    await CacheService.setData(
                       ^^^^^^^
lib/screens/discovery/search_screen.dart:79:24: Error: Member not found: 'CacheService.removeData'.
    await CacheService.removeData('search_history');
                       ^^^^^^^^^^
lib/screens/discovery/search_screen.dart:295:37: Error: Member not found: 'SkeletonLoaderService.createSkeletonCircle'.
              SkeletonLoaderService.createSkeletonCircle(size: 50),
                                    ^^^^^^^^^^^^^^^^^^^^
lib/screens/discovery/search_screen.dart:301:43: Error: Member not found: 'SkeletonLoaderService.createSkeletonLine'.
                    SkeletonLoaderService.createSkeletonLine(width: 150),
                                          ^^^^^^^^^^^^^^^^^^
lib/screens/discovery/search_screen.dart:303:43: Error: Member not found: 'SkeletonLoaderService.createSkeletonLine'.
                    SkeletonLoaderService.createSkeletonLine(width: 100),
                                          ^^^^^^^^^^^^^^^^^^
lib/screens/discovery/likes_received_screen.dart:119:37: Error: Member not found: 
'SkeletonLoaderService.createSkeletonCircle'.
              SkeletonLoaderService.createSkeletonCircle(size: 80),
                                    ^^^^^^^^^^^^^^^^^^^^
lib/screens/discovery/likes_received_screen.dart:125:43: Error: Member not found: 
'SkeletonLoaderService.createSkeletonLine'.
                    SkeletonLoaderService.createSkeletonLine(width: 150),
                                          ^^^^^^^^^^^^^^^^^^
lib/screens/discovery/likes_received_screen.dart:127:43: Error: Member not found: 
'SkeletonLoaderService.createSkeletonLine'.
                    SkeletonLoaderService.createSkeletonLine(width: 100),
                                          ^^^^^^^^^^^^^^^^^^
lib/screens/discovery/likes_received_screen.dart:129:43: Error: Member not found: 
'SkeletonLoaderService.createSkeletonLine'.
                    SkeletonLoaderService.createSkeletonLine(width: 200),
                                          ^^^^^^^^^^^^^^^^^^
lib/components/images/profile_image_editor.dart:249:46: Error: Method invocation is not a constant expression.
            style: AppTypography.titleMedium.copyWith(
                                             ^^^^^^^^
lib/components/images/profile_image_editor.dart:332:48: Error: Method invocation is not a constant expression.
              style: AppTypography.titleMedium.copyWith(
                                               ^^^^^^^^
lib/components/images/profile_image_editor.dart:494:44: Error: Method invocation is not a constant expression.
          style: AppTypography.titleMedium.copyWith(color: AppColors.textPrimaryDark),
                                           ^^^^^^^^
lib/components/images/profile_image_editor.dart:505:43: Error: Method invocation is not a constant expression.
              style: AppTypography.button.copyWith(color: AppColors.primaryLight),
                                          ^^^^^^^^
lib/services/api_services/two_factor_api_service.dart:25:40: Error: The method 'getToken' isn't defined for the type 
'AuthService'.
 - 'AuthService' is from 'package:lgbtinderfinal/services/auth_service.dart' ('lib/services/auth_service.dart').
Try correcting the name to the name of an existing method, or defining a method named 'getToken'.
      final token = await _authService.getToken();
                                       ^^^^^^^^
lib/services/api_services/two_factor_api_service.dart:53:40: Error: The method 'getToken' isn't defined for the type 
'AuthService'.
 - 'AuthService' is from 'package:lgbtinderfinal/services/auth_service.dart' ('lib/services/auth_service.dart').
Try correcting the name to the name of an existing method, or defining a method named 'getToken'.
      final token = await _authService.getToken();
                                       ^^^^^^^^
lib/services/api_services/two_factor_api_service.dart:84:40: Error: The method 'getToken' isn't defined for the type 
'AuthService'.
 - 'AuthService' is from 'package:lgbtinderfinal/services/auth_service.dart' ('lib/services/auth_service.dart').
Try correcting the name to the name of an existing method, or defining a method named 'getToken'.
      final token = await _authService.getToken();
                                       ^^^^^^^^
lib/services/api_services/two_factor_api_service.dart:117:40: Error: The method 'getToken' isn't defined for the type 
'AuthService'.
 - 'AuthService' is from 'package:lgbtinderfinal/services/auth_service.dart' ('lib/services/auth_service.dart').
Try correcting the name to the name of an existing method, or defining a method named 'getToken'.
      final token = await _authService.getToken();
                                       ^^^^^^^^
lib/services/api_services/two_factor_api_service.dart:147:40: Error: The method 'getToken' isn't defined for the type 
'AuthService'.
 - 'AuthService' is from 'package:lgbtinderfinal/services/auth_service.dart' ('lib/services/auth_service.dart').
Try correcting the name to the name of an existing method, or defining a method named 'getToken'.
      final token = await _authService.getToken();
                                       ^^^^^^^^
lib/services/api_services/two_factor_api_service.dart:175:40: Error: The method 'getToken' isn't defined for the type 
'AuthService'.
 - 'AuthService' is from 'package:lgbtinderfinal/services/auth_service.dart' ('lib/services/auth_service.dart').
Try correcting the name to the name of an existing method, or defining a method named 'getToken'.
      final token = await _authService.getToken();
                                       ^^^^^^^^
lib/services/api_services/device_session_api_service.dart:23:40: Error: The method 'getToken' isn't defined for the 
type 'AuthService'.
 - 'AuthService' is from 'package:lgbtinderfinal/services/auth_service.dart' ('lib/services/auth_service.dart').
Try correcting the name to the name of an existing method, or defining a method named 'getToken'.
      final token = await _authService.getToken();
                                       ^^^^^^^^
lib/services/api_services/device_session_api_service.dart:54:40: Error: The method 'getToken' isn't defined for the 
type 'AuthService'.
 - 'AuthService' is from 'package:lgbtinderfinal/services/auth_service.dart' ('lib/services/auth_service.dart').
Try correcting the name to the name of an existing method, or defining a method named 'getToken'.
      final token = await _authService.getToken();
                                       ^^^^^^^^
lib/services/api_services/device_session_api_service.dart:80:40: Error: The method 'getToken' isn't defined for the 
type 'AuthService'.
 - 'AuthService' is from 'package:lgbtinderfinal/services/auth_service.dart' ('lib/services/auth_service.dart').
Try correcting the name to the name of an existing method, or defining a method named 'getToken'.
      final token = await _authService.getToken();
                                       ^^^^^^^^
lib/services/api_services/emergency_contact_api_service.dart:27:40: Error: The method 'getToken' isn't defined for the 
type 'AuthService'.
 - 'AuthService' is from 'package:lgbtinderfinal/services/auth_service.dart' ('lib/services/auth_service.dart').
Try correcting the name to the name of an existing method, or defining a method named 'getToken'.
      final token = await _authService.getToken();
                                       ^^^^^^^^
lib/services/api_services/emergency_contact_api_service.dart:63:40: Error: The method 'getToken' isn't defined for the 
type 'AuthService'.
 - 'AuthService' is from 'package:lgbtinderfinal/services/auth_service.dart' ('lib/services/auth_service.dart').
Try correcting the name to the name of an existing method, or defining a method named 'getToken'.
      final token = await _authService.getToken();
                                       ^^^^^^^^
lib/services/api_services/emergency_contact_api_service.dart:104:40: Error: The method 'getToken' isn't defined for 
the type 'AuthService'.
 - 'AuthService' is from 'package:lgbtinderfinal/services/auth_service.dart' ('lib/services/auth_service.dart').
Try correcting the name to the name of an existing method, or defining a method named 'getToken'.
      final token = await _authService.getToken();
                                       ^^^^^^^^
lib/services/api_services/emergency_contact_api_service.dart:141:40: Error: The method 'getToken' isn't defined for 
the type 'AuthService'.
 - 'AuthService' is from 'package:lgbtinderfinal/services/auth_service.dart' ('lib/services/auth_service.dart').
Try correcting the name to the name of an existing method, or defining a method named 'getToken'.
      final token = await _authService.getToken();
                                       ^^^^^^^^
lib/services/api_services/emergency_contact_api_service.dart:168:40: Error: The method 'getToken' isn't defined for 
the type 'AuthService'.
 - 'AuthService' is from 'package:lgbtinderfinal/services/auth_service.dart' ('lib/services/auth_service.dart').
Try correcting the name to the name of an existing method, or defining a method named 'getToken'.
      final token = await _authService.getToken();
                                       ^^^^^^^^
lib/services/api_services/emergency_contact_api_service.dart:198:40: Error: The method 'getToken' isn't defined for 
the type 'AuthService'.
 - 'AuthService' is from 'package:lgbtinderfinal/services/auth_service.dart' ('lib/services/auth_service.dart').
Try correcting the name to the name of an existing method, or defining a method named 'getToken'.
      final token = await _authService.getToken();
                                       ^^^^^^^^
lib/services/api_services/emergency_contact_api_service.dart:234:40: Error: The method 'getToken' isn't defined for 
the type 'AuthService'.
 - 'AuthService' is from 'package:lgbtinderfinal/services/auth_service.dart' ('lib/services/auth_service.dart').
Try correcting the name to the name of an existing method, or defining a method named 'getToken'.
      final token = await _authService.getToken();
                                       ^^^^^^^^
lib/services/api_services/account_management_api_service.dart:26:40: Error: The method 'getToken' isn't defined for 
the type 'AuthService'.
 - 'AuthService' is from 'package:lgbtinderfinal/services/auth_service.dart' ('lib/services/auth_service.dart').
Try correcting the name to the name of an existing method, or defining a method named 'getToken'.
      final token = await _authService.getToken();
                                       ^^^^^^^^
lib/services/api_services/account_management_api_service.dart:59:40: Error: The method 'getToken' isn't defined for 
the type 'AuthService'.
 - 'AuthService' is from 'package:lgbtinderfinal/services/auth_service.dart' ('lib/services/auth_service.dart').
Try correcting the name to the name of an existing method, or defining a method named 'getToken'.
      final token = await _authService.getToken();
                                       ^^^^^^^^
lib/services/api_services/account_management_api_service.dart:92:40: Error: The method 'getToken' isn't defined for 
the type 'AuthService'.
 - 'AuthService' is from 'package:lgbtinderfinal/services/auth_service.dart' ('lib/services/auth_service.dart').
Try correcting the name to the name of an existing method, or defining a method named 'getToken'.
      final token = await _authService.getToken();
                                       ^^^^^^^^
lib/services/api_services/account_management_api_service.dart:125:40: Error: The method 'getToken' isn't defined for 
the type 'AuthService'.
 - 'AuthService' is from 'package:lgbtinderfinal/services/auth_service.dart' ('lib/services/auth_service.dart').
Try correcting the name to the name of an existing method, or defining a method named 'getToken'.
      final token = await _authService.getToken();
                                       ^^^^^^^^
lib/components/chat/chat_list_loading.dart:24:35: Error: The method 'createSkeletonAvatar' isn't defined for the type 
'SkeletonLoaderService'.
 - 'SkeletonLoaderService' is from 'package:lgbtinderfinal/services/skeleton_loader_service.dart' 
('lib/services/skeleton_loader_service.dart').
Try correcting the name to the name of an existing method, or defining a method named 'createSkeletonAvatar'.
          SkeletonLoaderService().createSkeletonAvatar(size: 48),
                                  ^^^^^^^^^^^^^^^^^^^^
lib/components/chat/chat_list_loading.dart:34:41: Error: The method 'createSkeletonText' isn't defined for the type 
'SkeletonLoaderService'.
 - 'SkeletonLoaderService' is from 'package:lgbtinderfinal/services/skeleton_loader_service.dart' 
('lib/services/skeleton_loader_service.dart').
Try correcting the name to the name of an existing method, or defining a method named 'createSkeletonText'.
                SkeletonLoaderService().createSkeletonText(
                                        ^^^^^^^^^^^^^^^^^^
lib/components/chat/chat_list_loading.dart:45:54: Error: The method 'createSkeletonText' isn't defined for the type 
'SkeletonLoaderService'.
 - 'SkeletonLoaderService' is from 'package:lgbtinderfinal/services/skeleton_loader_service.dart' 
('lib/services/skeleton_loader_service.dart').
Try correcting the name to the name of an existing method, or defining a method named 'createSkeletonText'.
                      child: SkeletonLoaderService().createSkeletonText(
                                                     ^^^^^^^^^^^^^^^^^^
lib/components/chat/chat_list_loading.dart:54:45: Error: The method 'createSkeletonText' isn't defined for the type 
'SkeletonLoaderService'.
 - 'SkeletonLoaderService' is from 'package:lgbtinderfinal/services/skeleton_loader_service.dart' 
('lib/services/skeleton_loader_service.dart').
Try correcting the name to the name of an existing method, or defining a method named 'createSkeletonText'.
                    SkeletonLoaderService().createSkeletonText(
                                            ^^^^^^^^^^^^^^^^^^
00:00 +0 -26: loading E:/1 - laravel/1 - LGBTinder/LGBTinder-flutter/test/widget_test.dart [E]
  Failed to load "E:/1 - laravel/1 - LGBTinder/LGBTinder-flutter/test/widget_test.dart":
  Compilation failed for testPath=E:/1 - laravel/1 - LGBTinder/LGBTinder-flutter/test/widget_test.dart: lib/screens/payment_screen.dart:27:8: Error: Type 'PaymentMethod' not found.
    List<PaymentMethod> _paymentMethods = [];
         ^^^^^^^^^^^^^
  lib/screens/payment_screen.dart:28:3: Error: Type 'PaymentMethod' not found.
    PaymentMethod? _selectedPaymentMethod;
    ^^^^^^^^^^^^^
  lib/screens/payment_screen.dart:230:34: Error: Type 'PaymentMethod' not found.
    Widget _buildPaymentMethodCard(PaymentMethod method) {
                                   ^^^^^^^^^^^^^
  lib/components/gradients/lgbt_gradient_system.dart:33:17: Error: Member not found: 'transBlue'.
        AppColors.transBlue,
                  ^^^^^^^^^
  lib/components/gradients/lgbt_gradient_system.dart:29:17: Error: Member not found: 'transBlue'.
        AppColors.transBlue,
                  ^^^^^^^^^
  lib/main.dart:172:59: Error: No named parameter with the name 'otherUser'.
                '/video-call': (context) => VideoCallScreen(otherUser: User.fromJson({})),
                                                            ^^^^^^^^^
  lib/screens/video_call_screen.dart:23:9: Context: Found this candidate, but the arguments don't match.
    const VideoCallScreen({
          ^^^^^^^^^^^^^^^
  lib/main.dart:173:59: Error: No named parameter with the name 'otherUser'.
                '/voice-call': (context) => VoiceCallScreen(otherUser: User.fromJson({})),
                                                            ^^^^^^^^^
  lib/screens/voice_call_screen.dart:22:9: Context: Found this candidate, but the arguments don't match.
    const VoiceCallScreen({
          ^^^^^^^^^^^^^^^
  lib/screens/auth/auth_wrapper.dart:133:50: Error: Method invocation is not a constant expression.
                  style: AppTypography.titleMedium.copyWith(
                                                   ^^^^^^^^
  lib/screens/auth/auth_wrapper.dart:187:50: Error: Method invocation is not a constant expression.
                  style: AppTypography.titleMedium.copyWith(
                                                   ^^^^^^^^
  lib/pages/profile_wizard_page.dart:1076:55: Error: Method invocation is not a constant expression.
                        style: AppTypography.bodyMedium.copyWith(color: Colors.white70),
                                                        ^^^^^^^^
  lib/pages/profile_wizard_page.dart:1099:55: Error: Method invocation is not a constant expression.
                        style: AppTypography.bodyMedium.copyWith(color: Colors.white70),
                                                        ^^^^^^^^
  lib/pages/profile_wizard_page.dart:1130:55: Error: Method invocation is not a constant expression.
                        style: AppTypography.bodyMedium.copyWith(color: Colors.white70),
                                                        ^^^^^^^^
  lib/pages/profile_wizard_page.dart:1148:55: Error: Method invocation is not a constant expression.
                        style: AppTypography.bodyMedium.copyWith(color: Colors.white70),
                                                        ^^^^^^^^
  lib/pages/profile_wizard_page.dart:1595:50: Error: Method invocation is not a constant expression.
                    style: AppTypography.bodySmall.copyWith(
                                                   ^^^^^^^^
  lib/pages/profile_wizard_page.dart:1956:45: Error: Method invocation is not a constant expression.
                  style: AppTypography.button.copyWith(color: Colors.white70),
                                              ^^^^^^^^
  lib/pages/discovery_page.dart:58:45: Error: Member not found: 'CacheService.getData'.
      final savedFilters = await CacheService.getData('discovery_filters');
                                              ^^^^^^^
  lib/screens/payment_screen.dart:27:8: Error: 'PaymentMethod' isn't a type.
    List<PaymentMethod> _paymentMethods = [];
         ^^^^^^^^^^^^^
  lib/screens/payment_screen.dart:28:3: Error: 'PaymentMethod' isn't a type.
    PaymentMethod? _selectedPaymentMethod;
    ^^^^^^^^^^^^^
  lib/screens/payment_screen.dart:56:50: Error: Member not found: 'StripePaymentService.getPaymentMethods'.
        final methods = await StripePaymentService.getPaymentMethods(
                                                   ^^^^^^^^^^^^^^^^^
  lib/screens/payment_screen.dart:62:51: Error: The getter 'PaymentMethod' isn't defined for the type '_PaymentScreenState'.
   - '_PaymentScreenState' is from 'package:lgbtinderfinal/screens/payment_screen.dart' ('lib/screens/payment_screen.dart').
  Try correcting the name to the name of an existing getter, or defining a getter or field named 'PaymentMethod'.
          _paymentMethods = methods.map((method) => PaymentMethod.fromJson(method)).toList();
                                                    ^^^^^^^^^^^^^
  lib/screens/payment_screen.dart:65:32: Error: The getter 'isDefault' isn't defined for the type 'Object?'.
   - 'Object' is from 'dart:core'.
  Try correcting the name to the name of an existing getter, or defining a getter or field named 'isDefault'.
              (method) => method.isDefault,
                                 ^^^^^^^^^
  lib/screens/payment_screen.dart:230:34: Error: 'PaymentMethod' isn't a type.
    Widget _buildPaymentMethodCard(PaymentMethod method) {
                                   ^^^^^^^^^^^^^
  lib/screens/payment_screen.dart:306:21: Error: 'PaymentMethod' isn't a type.
                Radio<PaymentMethod>(
                      ^^^^^^^^^^^^^
  lib/screens/payment_screen.dart:450:56: Error: Member not found: 'StripePaymentService.createPaymentIntent'.
        final paymentIntent = await StripePaymentService.createPaymentIntent(
                                                         ^^^^^^^^^^^^^^^^^^^
  lib/screens/payment_screen.dart:457:55: Error: Member not found: 'StripePaymentService.confirmPayment'.
        final confirmation = await StripePaymentService.confirmPayment(
                                                        ^^^^^^^^^^^^^^
  lib/screens/accessibility_settings_screen.dart:375:49: Error: The operator '*' isn't defined for the type 'TextStyle'.
   - 'TextStyle' is from 'package:flutter/src/painting/text_style.dart' ('/C:/flutter/packages/flutter/lib/src/painting/text_style.dart').
  Try correcting the operator to an existing operator, or defining a '*' operator.
                fontSize: AppTypography.bodyLarge * _textScaleFactor,
                                                  ^
  lib/screens/profile_edit_screen.dart:148:41: Error: Method invocation is not a constant expression.
          style: AppTypography.titleLarge.copyWith(
                                          ^^^^^^^^
  lib/screens/profile_edit_screen.dart:168:49: Error: Method invocation is not a constant expression.
                      style: AppTypography.button.copyWith(
                                                  ^^^^^^^^
  lib/screens/profile_edit_screen.dart:381:46: Error: Method invocation is not a constant expression.
              style: AppTypography.titleMedium.copyWith(
                                               ^^^^^^^^
  lib/screens/profile_edit_screen.dart:388:45: Error: Method invocation is not a constant expression.
              style: AppTypography.bodyMedium.copyWith(
                                              ^^^^^^^^
  lib/screens/profile_edit_screen.dart:456:46: Error: Method invocation is not a constant expression.
              style: AppTypography.titleMedium.copyWith(
                                               ^^^^^^^^
  lib/screens/profile_edit_screen.dart:463:45: Error: Method invocation is not a constant expression.
              style: AppTypography.bodyMedium.copyWith(
                                              ^^^^^^^^
  lib/screens/profile_edit_screen.dart:498:45: Error: Method invocation is not a constant expression.
              style: AppTypography.bodyMedium.copyWith(
                                              ^^^^^^^^
  lib/screens/privacy_settings_screen.dart:250:41: Error: Method invocation is not a constant expression.
          style: AppTypography.titleLarge.copyWith(
                                          ^^^^^^^^
  lib/screens/privacy_settings_screen.dart:261:43: Error: Method invocation is not a constant expression.
                style: AppTypography.button.copyWith(
                                            ^^^^^^^^
  lib/screens/privacy_settings_screen.dart:487:46: Error: Method invocation is not a constant expression.
              style: AppTypography.titleMedium.copyWith(color: AppColors.textPrimaryDark),
                                               ^^^^^^^^
  lib/screens/privacy_settings_screen.dart:510:46: Error: Method invocation is not a constant expression.
              style: AppTypography.titleMedium.copyWith(color: AppColors.textPrimaryDark),
                                               ^^^^^^^^
  lib/screens/privacy_settings_screen.dart:564:46: Error: Method invocation is not a constant expression.
              style: AppTypography.titleMedium.copyWith(color: AppColors.feedbackError),
                                               ^^^^^^^^
  lib/screens/privacy_settings_screen.dart:568:45: Error: Method invocation is not a constant expression.
              style: AppTypography.bodyMedium.copyWith(color: AppColors.textSecondaryDark),
                                              ^^^^^^^^
  lib/screens/privacy_settings_screen.dart:725:44: Error: Method invocation is not a constant expression.
            style: AppTypography.titleMedium.copyWith(color: AppColors.textPrimaryDark),
                                             ^^^^^^^^
  lib/screens/privacy_settings_screen.dart:736:43: Error: Method invocation is not a constant expression.
                style: AppTypography.button.copyWith(color: AppColors.primaryLight),
                                            ^^^^^^^^
  lib/screens/privacy_settings_screen.dart:751:44: Error: Method invocation is not a constant expression.
            style: AppTypography.titleMedium.copyWith(color: AppColors.textPrimaryDark),
                                             ^^^^^^^^
  lib/screens/privacy_settings_screen.dart:762:43: Error: Method invocation is not a constant expression.
                style: AppTypography.button.copyWith(color: AppColors.primaryLight),
                                            ^^^^^^^^
  lib/screens/privacy_settings_screen.dart:777:44: Error: Method invocation is not a constant expression.
            style: AppTypography.titleMedium.copyWith(color: AppColors.feedbackError),
                                             ^^^^^^^^
  lib/screens/privacy_settings_screen.dart:781:43: Error: Method invocation is not a constant expression.
            style: AppTypography.bodyMedium.copyWith(color: AppColors.textSecondaryDark),
                                            ^^^^^^^^
  lib/screens/privacy_settings_screen.dart:788:47: Error: Method invocation is not a constant expression.
                style: AppTypography.bodyMedium.copyWith(color: AppColors.textSecondaryDark),
                                                ^^^^^^^^
  lib/screens/privacy_settings_screen.dart:798:48: Error: Method invocation is not a constant expression.
                style: AppTypography.titleMedium.copyWith(color: AppColors.feedbackError),
                                                 ^^^^^^^^
  lib/screens/profile/advanced_profile_customization_screen.dart:180:43: Error: Method invocation is not a constant expression.
            style: AppTypography.titleLarge.copyWith(
                                            ^^^^^^^^
  lib/screens/profile/advanced_profile_customization_screen.dart:1067:44: Error: Method invocation is not a constant expression.
            style: AppTypography.titleMedium.copyWith(color: AppColors.textPrimaryDark),
                                             ^^^^^^^^
  lib/screens/profile/advanced_profile_customization_screen.dart:1071:43: Error: Method invocation is not a constant expression.
            style: AppTypography.bodyMedium.copyWith(color: AppColors.textSecondaryDark),
                                            ^^^^^^^^
  lib/screens/profile/advanced_profile_customization_screen.dart:1078:43: Error: Method invocation is not a constant expression.
                style: AppTypography.button.copyWith(color: AppColors.textSecondaryDark),
                                            ^^^^^^^^
  lib/screens/profile/advanced_profile_customization_screen.dart:1088:43: Error: Method invocation is not a constant expression.
                style: AppTypography.button.copyWith(color: AppColors.feedbackError),
                                            ^^^^^^^^
  lib/screens/profile/advanced_profile_customization_screen.dart:1124:44: Error: Method invocation is not a constant expression.
            style: AppTypography.titleMedium.copyWith(color: AppColors.textPrimaryDark),
                                             ^^^^^^^^
  lib/screens/profile/advanced_profile_customization_screen.dart:1128:43: Error: Method invocation is not a constant expression.
            style: AppTypography.bodyMedium.copyWith(color: AppColors.textSecondaryDark),
                                            ^^^^^^^^
  lib/screens/profile/advanced_profile_customization_screen.dart:1135:43: Error: Method invocation is not a constant expression.
                style: AppTypography.button.copyWith(color: AppColors.primaryLight),
                                            ^^^^^^^^
  lib/screens/profile/profile_completion_incentives_screen.dart:144:43: Error: Method invocation is not a constant expression.
            style: AppTypography.titleLarge.copyWith(
                                            ^^^^^^^^
  lib/screens/profile/profile_completion_incentives_screen.dart:664:44: Error: Method invocation is not a constant expression.
            style: AppTypography.titleMedium.copyWith(color: AppColors.textPrimaryDark),
                                             ^^^^^^^^
  lib/screens/profile/profile_completion_incentives_screen.dart:740:43: Error: Method invocation is not a constant expression.
                style: AppTypography.button.copyWith(color: AppColors.primaryLight),
                                            ^^^^^^^^
  lib/screens/profile/profile_completion_incentives_screen.dart:814:43: Error: Method invocation is not a constant expression.
                style: AppTypography.button.copyWith(color: AppColors.primaryLight),
                                            ^^^^^^^^
  lib/screens/profile/profile_completion_incentives_screen.dart:875:43: Error: Method invocation is not a constant expression.
                style: AppTypography.button.copyWith(color: AppColors.primaryLight),
                                            ^^^^^^^^
  lib/screens/profile/profile_verification_screen.dart:131:43: Error: Method invocation is not a constant expression.
            style: AppTypography.titleLarge.copyWith(
                                            ^^^^^^^^
  lib/screens/profile/profile_verification_screen.dart:555:44: Error: Method invocation is not a constant expression.
            style: AppTypography.titleMedium.copyWith(color: AppColors.textPrimaryDark),
                                             ^^^^^^^^
  lib/screens/profile/profile_verification_screen.dart:586:43: Error: Method invocation is not a constant expression.
                style: AppTypography.button.copyWith(color: AppColors.primaryLight),
                                            ^^^^^^^^
  lib/screens/profile/profile_verification_screen.dart:601:44: Error: Method invocation is not a constant expression.
            style: AppTypography.titleMedium.copyWith(color: AppColors.textPrimaryDark),
                                             ^^^^^^^^
  lib/screens/profile/profile_verification_screen.dart:635:43: Error: Method invocation is not a constant expression.
                style: AppTypography.button.copyWith(color: AppColors.primaryLight),
                                            ^^^^^^^^
  lib/screens/profile/profile_verification_screen.dart:686:43: Error: Method invocation is not a constant expression.
                style: AppTypography.button.copyWith(color: AppColors.primaryLight),
                                            ^^^^^^^^
  lib/screens/profile/profile_verification_screen.dart:939:44: Error: Method invocation is not a constant expression.
            style: AppTypography.titleMedium.copyWith(color: AppColors.textPrimaryDark),
                                             ^^^^^^^^
  lib/screens/profile/profile_verification_screen.dart:943:43: Error: Method invocation is not a constant expression.
            style: AppTypography.bodyMedium.copyWith(color: AppColors.textSecondaryDark),
                                            ^^^^^^^^
  lib/screens/profile/profile_verification_screen.dart:950:47: Error: Method invocation is not a constant expression.
                style: AppTypography.bodyMedium.copyWith(color: AppColors.textSecondaryDark),
                                                ^^^^^^^^
  lib/screens/profile/profile_verification_screen.dart:967:43: Error: Method invocation is not a constant expression.
                style: AppTypography.button.copyWith(color: AppColors.feedbackError),
                                            ^^^^^^^^
  lib/screens/profile/profile_analytics_screen.dart:134:43: Error: Method invocation is not a constant expression.
            style: AppTypography.titleLarge.copyWith(
                                            ^^^^^^^^
  lib/screens/profile/profile_analytics_screen.dart:819:44: Error: Method invocation is not a constant expression.
            style: AppTypography.titleMedium.copyWith(color: AppColors.textPrimaryDark),
                                             ^^^^^^^^
  lib/screens/profile/profile_analytics_screen.dart:823:43: Error: Method invocation is not a constant expression.
            style: AppTypography.bodyMedium.copyWith(color: AppColors.textSecondaryDark),
                                            ^^^^^^^^
  lib/screens/profile/profile_analytics_screen.dart:830:43: Error: Method invocation is not a constant expression.
                style: AppTypography.button.copyWith(color: AppColors.textSecondaryDark),
                                            ^^^^^^^^
  lib/screens/profile/profile_analytics_screen.dart:847:43: Error: Method invocation is not a constant expression.
                style: AppTypography.button.copyWith(color: AppColors.feedbackError),
                                            ^^^^^^^^
  lib/screens/profile/profile_analytics_screen.dart:873:44: Error: Method invocation is not a constant expression.
            style: AppTypography.titleMedium.copyWith(color: AppColors.textPrimaryDark),
                                             ^^^^^^^^
  lib/screens/profile/profile_analytics_screen.dart:909:43: Error: Method invocation is not a constant expression.
                style: AppTypography.button.copyWith(color: AppColors.primaryLight),
                                            ^^^^^^^^
  lib/screens/profile/profile_analytics_screen.dart:924:44: Error: Method invocation is not a constant expression.
            style: AppTypography.titleMedium.copyWith(color: AppColors.textPrimaryDark),
                                             ^^^^^^^^
  lib/screens/profile/profile_analytics_screen.dart:960:43: Error: Method invocation is not a constant expression.
                style: AppTypography.button.copyWith(color: AppColors.primaryLight),
                                            ^^^^^^^^
  lib/screens/profile/profile_analytics_screen.dart:1013:43: Error: Method invocation is not a constant expression.
                style: AppTypography.button.copyWith(color: AppColors.primaryLight),
                                            ^^^^^^^^
  lib/screens/profile/profile_sharing_screen.dart:140:43: Error: Method invocation is not a constant expression.
            style: AppTypography.titleLarge.copyWith(
                                            ^^^^^^^^
  lib/screens/profile/profile_sharing_screen.dart:693:44: Error: Method invocation is not a constant expression.
            style: AppTypography.titleMedium.copyWith(color: AppColors.textPrimaryDark),
                                             ^^^^^^^^
  lib/screens/profile/profile_sharing_screen.dart:697:43: Error: Method invocation is not a constant expression.
            style: AppTypography.bodyMedium.copyWith(color: AppColors.textSecondaryDark),
                                            ^^^^^^^^
  lib/screens/profile/profile_sharing_screen.dart:704:47: Error: Method invocation is not a constant expression.
                style: AppTypography.bodyMedium.copyWith(color: AppColors.textSecondaryDark),
                                                ^^^^^^^^
  lib/screens/profile/profile_sharing_screen.dart:722:43: Error: Method invocation is not a constant expression.
                style: AppTypography.button.copyWith(color: AppColors.feedbackError),
                                            ^^^^^^^^
  lib/screens/profile/profile_sharing_screen.dart:737:44: Error: Method invocation is not a constant expression.
            style: AppTypography.titleMedium.copyWith(color: AppColors.textPrimaryDark),
                                             ^^^^^^^^
  lib/screens/profile/profile_sharing_screen.dart:770:43: Error: Method invocation is not a constant expression.
                style: AppTypography.button.copyWith(color: AppColors.primaryLight),
                                            ^^^^^^^^
  lib/screens/profile/profile_sharing_screen.dart:825:43: Error: Method invocation is not a constant expression.
                style: AppTypography.button.copyWith(color: AppColors.primaryLight),
                                            ^^^^^^^^
  lib/screens/profile/profile_sharing_screen.dart:840:44: Error: Method invocation is not a constant expression.
            style: AppTypography.titleMedium.copyWith(color: AppColors.textPrimaryDark),
                                             ^^^^^^^^
  lib/screens/profile/profile_sharing_screen.dart:876:43: Error: Method invocation is not a constant expression.
                style: AppTypography.button.copyWith(color: AppColors.primaryLight),
                                            ^^^^^^^^
  lib/screens/profile/profile_backup_screen.dart:131:43: Error: Method invocation is not a constant expression.
            style: AppTypography.titleLarge.copyWith(
                                            ^^^^^^^^
  lib/screens/profile/profile_backup_screen.dart:526:48: Error: Method invocation is not a constant expression.
                style: AppTypography.titleMedium.copyWith(color: AppColors.textPrimaryDark),
                                                 ^^^^^^^^
  lib/screens/profile/profile_backup_screen.dart:530:47: Error: Method invocation is not a constant expression.
                style: AppTypography.bodyMedium.copyWith(color: AppColors.textSecondaryDark),
                                                ^^^^^^^^
  lib/screens/profile/profile_backup_screen.dart:539:48: Error: Method invocation is not a constant expression.
                style: AppTypography.titleMedium.copyWith(color: AppColors.textPrimaryDark),
                                                 ^^^^^^^^
  lib/screens/profile/profile_backup_screen.dart:543:47: Error: Method invocation is not a constant expression.
                style: AppTypography.bodyMedium.copyWith(color: AppColors.textSecondaryDark),
                                                ^^^^^^^^
  lib/screens/profile/profile_backup_screen.dart:579:48: Error: Method invocation is not a constant expression.
                style: AppTypography.titleMedium.copyWith(color: AppColors.textPrimaryDark),
                                                 ^^^^^^^^
  lib/screens/profile/profile_backup_screen.dart:583:47: Error: Method invocation is not a constant expression.
                style: AppTypography.bodyMedium.copyWith(color: AppColors.textSecondaryDark),
                                                ^^^^^^^^
  lib/screens/profile/profile_backup_screen.dart:595:54: Error: Method invocation is not a constant expression.
                  labelStyle: AppTypography.bodyMedium.copyWith(color: AppColors.textSecondaryDark),
                                                       ^^^^^^^^
  lib/screens/profile/profile_backup_screen.dart:636:48: Error: Method invocation is not a constant expression.
                style: AppTypography.titleMedium.copyWith(color: AppColors.textPrimaryDark),
                                                 ^^^^^^^^
  lib/screens/profile/profile_backup_screen.dart:640:47: Error: Method invocation is not a constant expression.
                style: AppTypography.bodyMedium.copyWith(color: AppColors.textSecondaryDark),
                                                ^^^^^^^^
  lib/screens/profile/profile_backup_screen.dart:649:48: Error: Method invocation is not a constant expression.
                style: AppTypography.titleMedium.copyWith(color: AppColors.textPrimaryDark),
                                                 ^^^^^^^^
  lib/screens/profile/profile_backup_screen.dart:653:47: Error: Method invocation is not a constant expression.
                style: AppTypography.bodyMedium.copyWith(color: AppColors.textSecondaryDark),
                                                ^^^^^^^^
  lib/screens/profile/profile_backup_screen.dart:662:48: Error: Method invocation is not a constant expression.
                style: AppTypography.titleMedium.copyWith(color: AppColors.textPrimaryDark),
                                                 ^^^^^^^^
  lib/screens/profile/profile_backup_screen.dart:666:47: Error: Method invocation is not a constant expression.
                style: AppTypography.bodyMedium.copyWith(color: AppColors.textSecondaryDark),
                                                ^^^^^^^^
  lib/screens/profile/profile_backup_screen.dart:675:48: Error: Method invocation is not a constant expression.
                style: AppTypography.titleMedium.copyWith(color: AppColors.textPrimaryDark),
                                                 ^^^^^^^^
  lib/screens/profile/profile_backup_screen.dart:679:47: Error: Method invocation is not a constant expression.
                style: AppTypography.bodyMedium.copyWith(color: AppColors.textSecondaryDark),
                                                ^^^^^^^^
  lib/screens/profile/profile_backup_screen.dart:715:48: Error: Method invocation is not a constant expression.
                style: AppTypography.titleMedium.copyWith(color: AppColors.textPrimaryDark),
                                                 ^^^^^^^^
  lib/screens/profile/profile_backup_screen.dart:719:47: Error: Method invocation is not a constant expression.
                style: AppTypography.bodyMedium.copyWith(color: AppColors.textSecondaryDark),
                                                ^^^^^^^^
  lib/screens/profile/profile_backup_screen.dart:878:44: Error: Method invocation is not a constant expression.
            style: AppTypography.titleMedium.copyWith(color: AppColors.textPrimaryDark),
                                             ^^^^^^^^
  lib/screens/profile/profile_backup_screen.dart:889:47: Error: Method invocation is not a constant expression.
                style: AppTypography.bodyMedium.copyWith(color: AppColors.textSecondaryDark),
                                                ^^^^^^^^
  lib/screens/profile/profile_backup_screen.dart:927:43: Error: Method invocation is not a constant expression.
                style: AppTypography.button.copyWith(color: AppColors.primaryLight),
                                            ^^^^^^^^
  lib/screens/profile/profile_backup_screen.dart:944:44: Error: Method invocation is not a constant expression.
            style: AppTypography.titleMedium.copyWith(color: AppColors.textPrimaryDark),
                                             ^^^^^^^^
  lib/screens/profile/profile_backup_screen.dart:955:47: Error: Method invocation is not a constant expression.
                style: AppTypography.bodyMedium.copyWith(color: AppColors.textSecondaryDark),
                                                ^^^^^^^^
  lib/screens/profile/profile_backup_screen.dart:982:43: Error: Method invocation is not a constant expression.
                style: AppTypography.button.copyWith(color: AppColors.feedbackError),
                                            ^^^^^^^^
  lib/screens/profile/profile_backup_screen.dart:1007:44: Error: Method invocation is not a constant expression.
            style: AppTypography.titleMedium.copyWith(color: AppColors.textPrimaryDark),
                                             ^^^^^^^^
  lib/screens/profile/profile_backup_screen.dart:1011:43: Error: Method invocation is not a constant expression.
            style: AppTypography.bodyMedium.copyWith(color: AppColors.textSecondaryDark),
                                            ^^^^^^^^
  lib/screens/profile/profile_backup_screen.dart:1018:47: Error: Method invocation is not a constant expression.
                style: AppTypography.bodyMedium.copyWith(color: AppColors.textSecondaryDark),
                                                ^^^^^^^^
  lib/screens/profile/profile_backup_screen.dart:1035:43: Error: Method invocation is not a constant expression.
                style: AppTypography.button.copyWith(color: AppColors.feedbackError),
                                            ^^^^^^^^
  lib/screens/profile/profile_backup_screen.dart:1078:44: Error: Method invocation is not a constant expression.
            style: AppTypography.titleMedium.copyWith(color: AppColors.textPrimaryDark),
                                             ^^^^^^^^
  lib/screens/profile/profile_backup_screen.dart:1082:43: Error: Method invocation is not a constant expression.
            style: AppTypography.bodyMedium.copyWith(color: AppColors.textSecondaryDark),
                                            ^^^^^^^^
  lib/screens/profile/profile_backup_screen.dart:1089:43: Error: Method invocation is not a constant expression.
                style: AppTypography.button.copyWith(color: AppColors.primaryLight),
                                            ^^^^^^^^
  lib/screens/profile/profile_templates_screen.dart:157:43: Error: Method invocation is not a constant expression.
            style: AppTypography.titleLarge.copyWith(
                                            ^^^^^^^^
  lib/screens/profile/profile_templates_screen.dart:667:44: Error: Method invocation is not a constant expression.
            style: AppTypography.titleMedium.copyWith(color: AppColors.textPrimaryDark),
                                             ^^^^^^^^
  lib/screens/profile/profile_templates_screen.dart:678:43: Error: Method invocation is not a constant expression.
                style: AppTypography.button.copyWith(color: AppColors.textSecondaryDark),
                                            ^^^^^^^^
  lib/screens/profile/profile_templates_screen.dart:707:43: Error: Method invocation is not a constant expression.
                style: AppTypography.button.copyWith(color: AppColors.primaryLight),
                                            ^^^^^^^^
  lib/screens/profile/profile_export_screen.dart:138:43: Error: Method invocation is not a constant expression.
            style: AppTypography.titleLarge.copyWith(
                                            ^^^^^^^^
  lib/screens/profile/profile_export_screen.dart:770:44: Error: Method invocation is not a constant expression.
            style: AppTypography.titleMedium.copyWith(color: AppColors.textPrimaryDark),
                                             ^^^^^^^^
  lib/screens/profile/profile_export_screen.dart:781:43: Error: Method invocation is not a constant expression.
                style: AppTypography.button.copyWith(color: AppColors.textSecondaryDark),
                                            ^^^^^^^^
  lib/screens/profile/profile_export_screen.dart:810:43: Error: Method invocation is not a constant expression.
                style: AppTypography.button.copyWith(color: AppColors.feedbackError),
                                            ^^^^^^^^
  lib/screens/profile/profile_export_screen.dart:835:44: Error: Method invocation is not a constant expression.
            style: AppTypography.titleMedium.copyWith(color: AppColors.textPrimaryDark),
                                             ^^^^^^^^
  lib/screens/profile/profile_export_screen.dart:839:43: Error: Method invocation is not a constant expression.
            style: AppTypography.bodyMedium.copyWith(color: AppColors.textSecondaryDark),
                                            ^^^^^^^^
  lib/screens/profile/profile_export_screen.dart:846:43: Error: Method invocation is not a constant expression.
                style: AppTypography.button.copyWith(color: AppColors.textSecondaryDark),
                                            ^^^^^^^^
  lib/screens/profile/profile_export_screen.dart:864:43: Error: Method invocation is not a constant expression.
                style: AppTypography.button.copyWith(color: AppColors.feedbackError),
                                            ^^^^^^^^
  lib/screens/add_payment_method_screen.dart:519:56: Error: Member not found: 'StripePaymentService.createPaymentMethod'.
        final paymentMethod = await StripePaymentService.createPaymentMethod(
                                                         ^^^^^^^^^^^^^^^^^^^
  lib/screens/add_payment_method_screen.dart:525:34: Error: Member not found: 'StripePaymentService.attachPaymentMethod'.
        await StripePaymentService.attachPaymentMethod(
                                   ^^^^^^^^^^^^^^^^^^^
  lib/screens/settings/account_management_screen.dart:115:28: Error: The method 'logout' isn't defined for the type 'AuthService'.
   - 'AuthService' is from 'package:lgbtinderfinal/services/auth_service.dart' ('lib/services/auth_service.dart').
  Try correcting the name to the name of an existing method, or defining a method named 'logout'.
          await _authService.logout();
                             ^^^^^^
  lib/screens/settings/account_management_screen.dart:149:28: Error: The method 'logout' isn't defined for the type 'AuthService'.
   - 'AuthService' is from 'package:lgbtinderfinal/services/auth_service.dart' ('lib/services/auth_service.dart').
  Try correcting the name to the name of an existing method, or defining a method named 'logout'.
          await _authService.logout();
                             ^^^^^^
  lib/screens/settings/comprehensive_settings_screen.dart:65:26: Error: The method 'logout' isn't defined for the type 'AuthService'.
   - 'AuthService' is from 'package:lgbtinderfinal/services/auth_service.dart' ('lib/services/auth_service.dart').
  Try correcting the name to the name of an existing method, or defining a method named 'logout'.
        await _authService.logout();
                           ^^^^^^
  lib/pages/feed_page.dart:241:57: Error: Method invocation is not a constant expression.
                          style: AppTypography.bodyMedium.copyWith(color: Colors.white70),
                                                          ^^^^^^^^
  lib/pages/profile_page.dart:246:47: Error: Method invocation is not a constant expression.
                    style: AppTypography.button.copyWith(color: Colors.white),
                                                ^^^^^^^^
  lib/pages/profile_page.dart:253:47: Error: Method invocation is not a constant expression.
                    style: AppTypography.button.copyWith(
                                                ^^^^^^^^
  lib/pages/profile_page.dart:363:50: Error: Method invocation is not a constant expression.
                  style: AppTypography.titleMedium.copyWith(
                                                   ^^^^^^^^
  lib/pages/profile_page.dart:664:43: Error: Method invocation is not a constant expression.
                style: AppTypography.button.copyWith(
                                            ^^^^^^^^
  lib/pages/profile_page.dart:746:43: Error: Method invocation is not a constant expression.
                style: AppTypography.button.copyWith(
                                            ^^^^^^^^
  lib/screens/discovery/profile_detail_screen.dart:247:33: Error: Member not found: 'LoadingWidgets.buildCircularProgress'.
            child: LoadingWidgets.buildCircularProgress(),
                                  ^^^^^^^^^^^^^^^^^^^^^
  lib/screens/discovery/profile_detail_screen.dart:511:57: Error: The argument type 'List<Interest>' can't be assigned to the parameter type 'List<String>'.
   - 'List' is from 'dart:core'.
   - 'Interest' is from 'package:lgbtinderfinal/models/reference_data.dart' ('lib/models/reference_data.dart').
                    _buildChipSection('Interests', _user!.interests),
                                                          ^
  lib/screens/discovery/profile_detail_screen.dart:517:57: Error: The argument type 'List<Language>' can't be assigned to the parameter type 'List<String>'.
   - 'List' is from 'dart:core'.
   - 'Language' is from 'package:lgbtinderfinal/models/reference_data.dart' ('lib/models/reference_data.dart').
                    _buildChipSection('Languages', _user!.languages),
                                                          ^
  lib/screens/discovery/profile_detail_screen.dart:591:54: Error: The argument type 'List<String>' can't be assigned to the parameter type 'String'.
   - 'List' is from 'dart:core'.
        info.add(MapEntry('Education', _user!.education!));
                                                       ^
  lib/components/splash/optimized_splash_page.dart:405:60: Error: Method invocation is not a constant expression.
                              style: AppTypography.bodySmall.copyWith(
                                                             ^^^^^^^^
  lib/components/splash/optimized_splash_page.dart:420:50: Error: Method invocation is not a constant expression.
                    style: AppTypography.bodySmall.copyWith(
                                                   ^^^^^^^^
  lib/components/splash/simple_splash_page.dart:89:50: Error: Method invocation is not a constant expression.
                  style: AppTypography.titleMedium.copyWith(
                                                   ^^^^^^^^
  lib/components/splash/simple_splash_page.dart:98:49: Error: Method invocation is not a constant expression.
                  style: AppTypography.bodyMedium.copyWith(
                                                  ^^^^^^^^
  lib/components/splash/simple_splash_page.dart:109:50: Error: Method invocation is not a constant expression.
                    style: AppTypography.bodySmall.copyWith(
                                                   ^^^^^^^^
  lib/components/profile/photo_gallery.dart:151:50: Error: Method invocation is not a constant expression.
                    style: AppTypography.bodySmall.copyWith(
                                                   ^^^^^^^^
  lib/components/profile/safety_verification_section.dart:242:48: Error: Method invocation is not a constant expression.
                  style: AppTypography.bodySmall.copyWith(
                                                 ^^^^^^^^
  lib/components/modals/responsive_modal.dart:305:46: Error: Method invocation is not a constant expression.
            style: AppTypography.headlineSmall.copyWith(
                                               ^^^^^^^^
  lib/providers/matching_state_provider.dart:211:28: Error: Member not found: 'CacheService.setData'.
          await CacheService.setData(
                             ^^^^^^^
  lib/providers/matching_state_provider.dart:218:47: Error: Member not found: 'CacheService.getData'.
          final cachedData = await CacheService.getData('discovery_profiles');
                                                ^^^^^^^
  lib/services/match_sharing_service.dart:295:28: Error: Member not found: 'Share.shareWithResult'.
          return await Share.shareWithResult(
                             ^^^^^^^^^^^^^^^
  lib/screens/discovery/filter_screen.dart:38:24: Error: Member not found: 'CacheService.setData'.
      await CacheService.setData(
                         ^^^^^^^
  lib/screens/discovery/search_screen.dart:46:40: Error: Member not found: 'CacheService.getData'.
      final history = await CacheService.getData('search_history');
                                         ^^^^^^^
  lib/screens/discovery/search_screen.dart:69:24: Error: Member not found: 'CacheService.setData'.
      await CacheService.setData(
                         ^^^^^^^
  lib/screens/discovery/search_screen.dart:79:24: Error: Member not found: 'CacheService.removeData'.
      await CacheService.removeData('search_history');
                         ^^^^^^^^^^
  lib/screens/discovery/search_screen.dart:295:37: Error: Member not found: 'SkeletonLoaderService.createSkeletonCircle'.
                SkeletonLoaderService.createSkeletonCircle(size: 50),
                                      ^^^^^^^^^^^^^^^^^^^^
  lib/screens/discovery/search_screen.dart:301:43: Error: Member not found: 'SkeletonLoaderService.createSkeletonLine'.
                      SkeletonLoaderService.createSkeletonLine(width: 150),
                                            ^^^^^^^^^^^^^^^^^^
  lib/screens/discovery/search_screen.dart:303:43: Error: Member not found: 'SkeletonLoaderService.createSkeletonLine'.
                      SkeletonLoaderService.createSkeletonLine(width: 100),
                                            ^^^^^^^^^^^^^^^^^^
  lib/screens/discovery/likes_received_screen.dart:119:37: Error: Member not found: 'SkeletonLoaderService.createSkeletonCircle'.
                SkeletonLoaderService.createSkeletonCircle(size: 80),
                                      ^^^^^^^^^^^^^^^^^^^^
  lib/screens/discovery/likes_received_screen.dart:125:43: Error: Member not found: 'SkeletonLoaderService.createSkeletonLine'.
                      SkeletonLoaderService.createSkeletonLine(width: 150),
                                            ^^^^^^^^^^^^^^^^^^
  lib/screens/discovery/likes_received_screen.dart:127:43: Error: Member not found: 'SkeletonLoaderService.createSkeletonLine'.
                      SkeletonLoaderService.createSkeletonLine(width: 100),
                                            ^^^^^^^^^^^^^^^^^^
  lib/screens/discovery/likes_received_screen.dart:129:43: Error: Member not found: 'SkeletonLoaderService.createSkeletonLine'.
                      SkeletonLoaderService.createSkeletonLine(width: 200),
                                            ^^^^^^^^^^^^^^^^^^
  lib/components/images/profile_image_editor.dart:249:46: Error: Method invocation is not a constant expression.
              style: AppTypography.titleMedium.copyWith(
                                               ^^^^^^^^
  lib/components/images/profile_image_editor.dart:332:48: Error: Method invocation is not a constant expression.
                style: AppTypography.titleMedium.copyWith(
                                                 ^^^^^^^^
  lib/components/images/profile_image_editor.dart:494:44: Error: Method invocation is not a constant expression.
            style: AppTypography.titleMedium.copyWith(color: AppColors.textPrimaryDark),
                                             ^^^^^^^^
  lib/components/images/profile_image_editor.dart:505:43: Error: Method invocation is not a constant expression.
                style: AppTypography.button.copyWith(color: AppColors.primaryLight),
                                            ^^^^^^^^
  lib/services/api_services/two_factor_api_service.dart:25:40: Error: The method 'getToken' isn't defined for the type 'AuthService'.
   - 'AuthService' is from 'package:lgbtinderfinal/services/auth_service.dart' ('lib/services/auth_service.dart').
  Try correcting the name to the name of an existing method, or defining a method named 'getToken'.
        final token = await _authService.getToken();
                                         ^^^^^^^^
  lib/services/api_services/two_factor_api_service.dart:53:40: Error: The method 'getToken' isn't defined for the type 'AuthService'.
   - 'AuthService' is from 'package:lgbtinderfinal/services/auth_service.dart' ('lib/services/auth_service.dart').
  Try correcting the name to the name of an existing method, or defining a method named 'getToken'.
        final token = await _authService.getToken();
                                         ^^^^^^^^
  lib/services/api_services/two_factor_api_service.dart:84:40: Error: The method 'getToken' isn't defined for the type 'AuthService'.
   - 'AuthService' is from 'package:lgbtinderfinal/services/auth_service.dart' ('lib/services/auth_service.dart').
  Try correcting the name to the name of an existing method, or defining a method named 'getToken'.
        final token = await _authService.getToken();
                                         ^^^^^^^^
  lib/services/api_services/two_factor_api_service.dart:117:40: Error: The method 'getToken' isn't defined for the type 'AuthService'.
   - 'AuthService' is from 'package:lgbtinderfinal/services/auth_service.dart' ('lib/services/auth_service.dart').
  Try correcting the name to the name of an existing method, or defining a method named 'getToken'.
        final token = await _authService.getToken();
                                         ^^^^^^^^
  lib/services/api_services/two_factor_api_service.dart:147:40: Error: The method 'getToken' isn't defined for the type 'AuthService'.
   - 'AuthService' is from 'package:lgbtinderfinal/services/auth_service.dart' ('lib/services/auth_service.dart').
  Try correcting the name to the name of an existing method, or defining a method named 'getToken'.
        final token = await _authService.getToken();
                                         ^^^^^^^^
  lib/services/api_services/two_factor_api_service.dart:175:40: Error: The method 'getToken' isn't defined for the type 'AuthService'.
   - 'AuthService' is from 'package:lgbtinderfinal/services/auth_service.dart' ('lib/services/auth_service.dart').
  Try correcting the name to the name of an existing method, or defining a method named 'getToken'.
        final token = await _authService.getToken();
                                         ^^^^^^^^
  lib/services/api_services/device_session_api_service.dart:23:40: Error: The method 'getToken' isn't defined for the type 'AuthService'.
   - 'AuthService' is from 'package:lgbtinderfinal/services/auth_service.dart' ('lib/services/auth_service.dart').
  Try correcting the name to the name of an existing method, or defining a method named 'getToken'.
        final token = await _authService.getToken();
                                         ^^^^^^^^
  lib/services/api_services/device_session_api_service.dart:54:40: Error: The method 'getToken' isn't defined for the type 'AuthService'.
   - 'AuthService' is from 'package:lgbtinderfinal/services/auth_service.dart' ('lib/services/auth_service.dart').
  Try correcting the name to the name of an existing method, or defining a method named 'getToken'.
        final token = await _authService.getToken();
                                         ^^^^^^^^
  lib/services/api_services/device_session_api_service.dart:80:40: Error: The method 'getToken' isn't defined for the type 'AuthService'.
   - 'AuthService' is from 'package:lgbtinderfinal/services/auth_service.dart' ('lib/services/auth_service.dart').
  Try correcting the name to the name of an existing method, or defining a method named 'getToken'.
        final token = await _authService.getToken();
                                         ^^^^^^^^
  lib/services/api_services/emergency_contact_api_service.dart:27:40: Error: The method 'getToken' isn't defined for the type 'AuthService'.
   - 'AuthService' is from 'package:lgbtinderfinal/services/auth_service.dart' ('lib/services/auth_service.dart').
  Try correcting the name to the name of an existing method, or defining a method named 'getToken'.
        final token = await _authService.getToken();
                                         ^^^^^^^^
  lib/services/api_services/emergency_contact_api_service.dart:63:40: Error: The method 'getToken' isn't defined for the type 'AuthService'.
   - 'AuthService' is from 'package:lgbtinderfinal/services/auth_service.dart' ('lib/services/auth_service.dart').
  Try correcting the name to the name of an existing method, or defining a method named 'getToken'.
        final token = await _authService.getToken();
                                         ^^^^^^^^
  lib/services/api_services/emergency_contact_api_service.dart:104:40: Error: The method 'getToken' isn't defined for the type 'AuthService'.
   - 'AuthService' is from 'package:lgbtinderfinal/services/auth_service.dart' ('lib/services/auth_service.dart').
  Try correcting the name to the name of an existing method, or defining a method named 'getToken'.
        final token = await _authService.getToken();
                                         ^^^^^^^^
  lib/services/api_services/emergency_contact_api_service.dart:141:40: Error: The method 'getToken' isn't defined for the type 'AuthService'.
   - 'AuthService' is from 'package:lgbtinderfinal/services/auth_service.dart' ('lib/services/auth_service.dart').
  Try correcting the name to the name of an existing method, or defining a method named 'getToken'.
        final token = await _authService.getToken();
                                         ^^^^^^^^
  lib/services/api_services/emergency_contact_api_service.dart:168:40: Error: The method 'getToken' isn't defined for the type 'AuthService'.
   - 'AuthService' is from 'package:lgbtinderfinal/services/auth_service.dart' ('lib/services/auth_service.dart').
  Try correcting the name to the name of an existing method, or defining a method named 'getToken'.
        final token = await _authService.getToken();
                                         ^^^^^^^^
  lib/services/api_services/emergency_contact_api_service.dart:198:40: Error: The method 'getToken' isn't defined for the type 'AuthService'.
   - 'AuthService' is from 'package:lgbtinderfinal/services/auth_service.dart' ('lib/services/auth_service.dart').
  Try correcting the name to the name of an existing method, or defining a method named 'getToken'.
        final token = await _authService.getToken();
                                         ^^^^^^^^
  lib/services/api_services/emergency_contact_api_service.dart:234:40: Error: The method 'getToken' isn't defined for the type 'AuthService'.
   - 'AuthService' is from 'package:lgbtinderfinal/services/auth_service.dart' ('lib/services/auth_service.dart').
  Try correcting the name to the name of an existing method, or defining a method named 'getToken'.
        final token = await _authService.getToken();
                                         ^^^^^^^^
  lib/services/api_services/account_management_api_service.dart:26:40: Error: The method 'getToken' isn't defined for the type 'AuthService'.
   - 'AuthService' is from 'package:lgbtinderfinal/services/auth_service.dart' ('lib/services/auth_service.dart').
  Try correcting the name to the name of an existing method, or defining a method named 'getToken'.
        final token = await _authService.getToken();
                                         ^^^^^^^^
  lib/services/api_services/account_management_api_service.dart:59:40: Error: The method 'getToken' isn't defined for the type 'AuthService'.
   - 'AuthService' is from 'package:lgbtinderfinal/services/auth_service.dart' ('lib/services/auth_service.dart').
  Try correcting the name to the name of an existing method, or defining a method named 'getToken'.
        final token = await _authService.getToken();
                                         ^^^^^^^^
  lib/services/api_services/account_management_api_service.dart:92:40: Error: The method 'getToken' isn't defined for the type 'AuthService'.
   - 'AuthService' is from 'package:lgbtinderfinal/services/auth_service.dart' ('lib/services/auth_service.dart').
  Try correcting the name to the name of an existing method, or defining a method named 'getToken'.
        final token = await _authService.getToken();
                                         ^^^^^^^^
  lib/services/api_services/account_management_api_service.dart:125:40: Error: The method 'getToken' isn't defined for the type 'AuthService'.
   - 'AuthService' is from 'package:lgbtinderfinal/services/auth_service.dart' ('lib/services/auth_service.dart').
  Try correcting the name to the name of an existing method, or defining a method named 'getToken'.
        final token = await _authService.getToken();
                                         ^^^^^^^^
  lib/components/chat/chat_list_loading.dart:24:35: Error: The method 'createSkeletonAvatar' isn't defined for the type 'SkeletonLoaderService'.
   - 'SkeletonLoaderService' is from 'package:lgbtinderfinal/services/skeleton_loader_service.dart' ('lib/services/skeleton_loader_service.dart').
  Try correcting the name to the name of an existing method, or defining a method named 'createSkeletonAvatar'.
            SkeletonLoaderService().createSkeletonAvatar(size: 48),
                                    ^^^^^^^^^^^^^^^^^^^^
  lib/components/chat/chat_list_loading.dart:34:41: Error: The method 'createSkeletonText' isn't defined for the type 'SkeletonLoaderService'.
   - 'SkeletonLoaderService' is from 'package:lgbtinderfinal/services/skeleton_loader_service.dart' ('lib/services/skeleton_loader_service.dart').
  Try correcting the name to the name of an existing method, or defining a method named 'createSkeletonText'.
                  SkeletonLoaderService().createSkeletonText(
                                          ^^^^^^^^^^^^^^^^^^
  lib/components/chat/chat_list_loading.dart:45:54: Error: The method 'createSkeletonText' isn't defined for the type 'SkeletonLoaderService'.
   - 'SkeletonLoaderService' is from 'package:lgbtinderfinal/services/skeleton_loader_service.dart' ('lib/services/skeleton_loader_service.dart').
  Try correcting the name to the name of an existing method, or defining a method named 'createSkeletonText'.
                        child: SkeletonLoaderService().createSkeletonText(
                                                       ^^^^^^^^^^^^^^^^^^
  lib/components/chat/chat_list_loading.dart:54:45: Error: The method 'createSkeletonText' isn't defined for the type 'SkeletonLoaderService'.
   - 'SkeletonLoaderService' is from 'package:lgbtinderfinal/services/skeleton_loader_service.dart' ('lib/services/skeleton_loader_service.dart').
  Try correcting the name to the name of an existing method, or defining a method named 'createSkeletonText'.
                      SkeletonLoaderService().createSkeletonText(
                                              ^^^^^^^^^^^^^^^^^^
  .
00:00 +0 -26: Some tests failed.
